02-09 23:45:52.427 E/r.afooddelivery(24806): hiddenapi: Accessing hidden method Lcom/android/org/conscrypt/AbstractConscryptSocket;->setHostname(Ljava/lang/String;)V (runtime_flags=0, domain=core-platform, api=max-target-q) from Lcom/squareup/okhttp/internal/d; (domain=app) using reflection: denied
02-09 23:45:52.427 E/r.afooddelivery(24806): hiddenapi: Accessing hidden method Lcom/android/org/conscrypt/OpenSSLSocketImpl;->setAlpnProtocols([B)V (runtime_flags=CorePlatformApi, domain=core-platform, api=max-target-q,core-platform-api) from Lcom/squareup/okhttp/internal/d; (domain=app) using reflection: denied
02-09 23:45:52.427 E/r.afooddelivery(24806): hiddenapi: Accessing hidden method Lcom/android/org/conscrypt/AbstractConscryptSocket;->setAlpnProtocols([B)V (runtime_flags=0, domain=core-platform, api=max-target-q) from Lcom/squareup/okhttp/internal/d; (domain=app) using reflection: denied
02-09 23:45:52.459 W/QC2V4l2Decoder( 1710): [v4lhvcD_231] Allocating output buffer timedout, 2901ms elapsed since last input buffer queued (threshold 1000ms)
02-09 23:45:52.610 W/QC2V4l2Decoder( 1710): [v4lhvcD_231] Allocating output buffer timedout, 3052ms elapsed since last input buffer queued (threshold 1000ms)
02-09 23:45:52.684 E/r.afooddelivery(24806): hiddenapi: Accessing hidden method Lcom/android/org/conscrypt/OpenSSLSocketImpl;->getAlpnSelectedProtocol()[B (runtime_flags=CorePlatformApi, domain=core-platform, api=max-target-q,core-platform-api) from Lcom/squareup/okhttp/internal/d; (domain=app) using reflection: denied
02-09 23:45:52.684 E/r.afooddelivery(24806): hiddenapi: Accessing hidden method Lcom/android/org/conscrypt/AbstractConscryptSocket;->getAlpnSelectedProtocol()[B (runtime_flags=0, domain=core-platform, api=max-target-q) from Lcom/squareup/okhttp/internal/d; (domain=app) using reflection: denied
02-09 23:45:52.760 W/QC2V4l2Decoder( 1710): [v4lhvcD_231] Allocating output buffer timedout, 3203ms elapsed since last input buffer queued (threshold 1000ms)
02-09 23:45:52.781 E/BTAudioA2dpSehAIDL(16699): system/audio_hal_interface/seh_aidl/a2dp/a2dp_encoding_aidl.cc:884 is_stream_started_by_hal: false
02-09 23:45:52.859 W/SDM     ( 1687): HWDeviceDRM::GetSupportedBitClkRate: Requested rate not supported: 1362080000
02-09 23:45:52.866 W/SDM     ( 1687): HWDeviceDRM::GetSupportedBitClkRate: Requested rate not supported: 1362080000
02-09 23:45:52.911 W/QC2V4l2Decoder( 1710): [v4lhvcD_231] Allocating output buffer timedout, 3353ms elapsed since last input buffer queued (threshold 1000ms)
02-09 23:45:52.925 E/SecVibrator-HAL-AIDL-EXT( 1739): V_5_0: performPrebakedHapticPattern 1 : 10000 : 0
02-09 23:45:52.925 E/SecVibrator-HAL-AIDL-CORE( 1739): HW_API: [setForceFeedbackAmplitude]amplitude: 10000
02-09 23:45:52.930 E/SecVibrator-HAL-AIDL-CORE( 1739): HW_API: [uploadForceFeedbackeffect]ioctl success ,uploaded effect with ID: 0
02-09 23:45:52.930 E/SecVibrator-HAL-AIDL-CORE( 1739): HW_API: do_on for timeoutMs: 1000
02-09 23:45:52.930 E/SecVibrator-HAL-AIDL-CORE( 1739): HW_API: [triggerForceFeedbackVibration]on: 1
02-09 23:45:53.045 E/SecVibrator-HAL-AIDL-CORE( 1739): V_2_0: Vibrator off
02-09 23:45:53.045 E/SecVibrator-HAL-AIDL-CORE( 1739): HW_API: do_off
02-09 23:45:53.045 E/SecVibrator-HAL-AIDL-CORE( 1739): HW_API: [triggerForceFeedbackVibration]on: 0
02-09 23:45:53.062 W/QC2V4l2Decoder( 1710): [v4lhvcD_231] Allocating output buffer timedout, 3504ms elapsed since last input buffer queued (threshold 1000ms)
02-09 23:45:53.213 W/QC2V4l2Decoder( 1710): [v4lhvcD_231] Allocating output buffer timedout, 3655ms elapsed since last input buffer queued (threshold 1000ms)
02-09 23:45:53.270 W/SDM     ( 1687): HWDeviceDRM::GetSupportedBitClkRate: Requested rate not supported: 1362080000
02-09 23:45:53.279 W/SDM     ( 1687): HWDeviceDRM::GetSupportedBitClkRate: Requested rate not supported: 1362080000
02-09 23:45:53.332 W/qdgralloc( 6709): getInterlacedFlag: getMetaData returned 3, defaulting to interlaced_flag = 0
02-09 23:45:53.363 W/QC2V4l2Decoder( 1710): [v4lhvcD_231] Allocating output buffer timedout, 3806ms elapsed since last input buffer queued (threshold 1000ms)
02-09 23:45:53.418 E/HeatmapThread( 1776): ECT Thread time in milliseconds: 1770669953
02-09 23:45:53.426 E/HeatmapThread( 1776): !@ CAM New BSOH: 100
02-09 23:45:53.427 E/HeatmapThread( 1776): !@ CAM is Working
02-09 23:45:53.514 W/QC2V4l2Decoder( 1710): [v4lhvcD_231] Allocating output buffer timedout, 3956ms elapsed since last input buffer queued (threshold 1000ms)
02-09 23:45:53.665 W/QC2V4l2Decoder( 1710): [v4lhvcD_231] Allocating output buffer timedout, 4107ms elapsed since last input buffer queued (threshold 1000ms)
02-09 23:45:53.815 W/QC2V4l2Decoder( 1710): [v4lhvcD_231] Allocating output buffer timedout, 4258ms elapsed since last input buffer queued (threshold 1000ms)
02-09 23:45:53.856 E/BatteryDump( 1714): !@new_battery_dump : 4170,-4,1000,1800,84,375,359,461,375,0,393,461,0,Not-charging,NO_CHARGING,Normal,Good,PDIC,0,Normal,0,0,9300,0x8000,0x11010000,0x0,0,0,0000,0000,00000000,0,0,0,0,329,4176,8354,990,0,
02-09 23:45:53.967 W/QC2V4l2Decoder( 1710): [v4lhvcD_231] Allocating output buffer timedout, 4409ms elapsed since last input buffer queued (threshold 1000ms)
02-09 23:45:54.120 W/QC2V4l2Decoder( 1710): [v4lhvcD_231] Allocating output buffer timedout, 4562ms elapsed since last input buffer queued (threshold 1000ms)
02-09 23:45:54.227 W/FillRequestEventLogger( 2640): Couldn't find packageName: org.futo.inputmethod.latin
02-09 23:45:54.240 E/r.afooddelivery(24806): hiddenapi: Accessing hidden method Lcom/android/org/conscrypt/ConscryptEngineSocket;->setUseSessionTickets(Z)V (runtime_flags=CorePlatformApi, domain=core-platform, api=max-target-q,core-platform-api) from Lcom/squareup/okhttp/internal/d; (domain=app) using reflection: denied
02-09 23:45:54.240 E/r.afooddelivery(24806): hiddenapi: Accessing hidden method Lcom/android/org/conscrypt/OpenSSLSocketImpl;->setUseSessionTickets(Z)V (runtime_flags=CorePlatformApi, domain=core-platform, api=max-target-q,core-platform-api) from Lcom/squareup/okhttp/internal/d; (domain=app) using reflection: denied
02-09 23:45:54.240 E/r.afooddelivery(24806): hiddenapi: Accessing hidden method Lcom/android/org/conscrypt/AbstractConscryptSocket;->setUseSessionTickets(Z)V (runtime_flags=0, domain=core-platform, api=max-target-q) from Lcom/squareup/okhttp/internal/d; (domain=app) using reflection: denied
02-09 23:45:54.240 E/r.afooddelivery(24806): hiddenapi: Accessing hidden method Lcom/android/org/conscrypt/ConscryptEngineSocket;->setHostname(Ljava/lang/String;)V (runtime_flags=CorePlatformApi, domain=core-platform, api=max-target-q,core-platform-api) from Lcom/squareup/okhttp/internal/d; (domain=app) using reflection: denied
02-09 23:45:54.240 E/r.afooddelivery(24806): hiddenapi: Accessing hidden method Lcom/android/org/conscrypt/OpenSSLSocketImpl;->setHostname(Ljava/lang/String;)V (runtime_flags=CorePlatformApi, domain=core-platform, api=max-target-q,core-platform-api) from Lcom/squareup/okhttp/internal/d; (domain=app) using reflection: denied
02-09 23:45:54.240 E/r.afooddelivery(24806): hiddenapi: Accessing hidden method Lcom/android/org/conscrypt/AbstractConscryptSocket;->setHostname(Ljava/lang/String;)V (runtime_flags=0, domain=core-platform, api=max-target-q) from Lcom/squareup/okhttp/internal/d; (domain=app) using reflection: denied
02-09 23:45:54.240 E/r.afooddelivery(24806): hiddenapi: Accessing hidden method Lcom/android/org/conscrypt/OpenSSLSocketImpl;->setAlpnProtocols([B)V (runtime_flags=CorePlatformApi, domain=core-platform, api=max-target-q,core-platform-api) from Lcom/squareup/okhttp/internal/d; (domain=app) using reflection: denied
02-09 23:45:54.240 E/r.afooddelivery(24806): hiddenapi: Accessing hidden method Lcom/android/org/conscrypt/AbstractConscryptSocket;->setAlpnProtocols([B)V (runtime_flags=0, domain=core-platform, api=max-target-q) from Lcom/squareup/okhttp/internal/d; (domain=app) using reflection: denied
02-09 23:45:54.243 W/LocationManagerService( 2640): onFreezeStateChanged, uid[10357]=false
02-09 23:45:54.270 W/QC2V4l2Decoder( 1710): [v4lhvcD_231] Allocating output buffer timedout, 4712ms elapsed since last input buffer queued (threshold 1000ms)
02-09 23:45:54.271 W/C2BqBuffer( 1710): last successful dequeue was 5731069 us ago, 0 consecutive failures
02-09 23:45:54.389 E/ActivityThread(14409): Failed to find provider info for org.voxmatrix.app.AutofillThirdPartyModeContentProvider
02-09 23:45:54.418 E/HeatmapThread( 1776): ECT Thread time in milliseconds: 1770669954
02-09 23:45:54.422 E/HeatmapThread( 1776): !@ CAM New BSOH: 100
02-09 23:45:54.422 E/HeatmapThread( 1776): !@ CAM is Working
02-09 23:45:54.423 W/QC2V4l2Decoder( 1710): [v4lhvcD_231] Allocating output buffer timedout, 4865ms elapsed since last input buffer queued (threshold 1000ms)
02-09 23:45:54.424 W/WindowManager( 2640): Requires INTERNAL_SYSTEM_WINDOW permission if assign type to input. New type will be 0.
02-09 23:45:54.435 W/WindowManager( 2640): Requires INTERNAL_SYSTEM_WINDOW permission if assign type to input. New type will be 0.
02-09 23:45:54.439 W/libc    ( 5106): Access denied finding property "vendor.display.enable_optimal_refresh_rate"
02-09 23:45:54.440 W/libc    ( 5106): Access denied finding property "vendor.display.enable_optimal_refresh_rate"
02-09 23:45:54.444 W/qdgralloc( 5106): getInterlacedFlag: getMetaData returned 3, defaulting to interlaced_flag = 0
02-09 23:45:54.446 W/libc    ( 5106): Access denied finding property "vendor.display.enable_optimal_refresh_rate"
02-09 23:45:54.447 W/libc    ( 5106): Access denied finding property "vendor.display.enable_optimal_refresh_rate"
02-09 23:45:54.451 W/qdgralloc( 5106): getInterlacedFlag: getMetaData returned 3, defaulting to interlaced_flag = 0
02-09 23:45:54.469 W/libc    ( 6709): Access denied finding property "vendor.display.enable_optimal_refresh_rate"
02-09 23:45:54.472 W/libc    ( 6709): Access denied finding property "vendor.display.enable_optimal_refresh_rate"
02-09 23:45:54.474 W/libc    ( 6709): Access denied finding property "vendor.display.enable_optimal_refresh_rate"
02-09 23:45:54.476 W/libc    ( 6709): Access denied finding property "vendor.display.enable_optimal_refresh_rate"
02-09 23:45:54.558 E/r.afooddelivery(24806): hiddenapi: Accessing hidden method Lcom/android/org/conscrypt/OpenSSLSocketImpl;->getAlpnSelectedProtocol()[B (runtime_flags=CorePlatformApi, domain=core-platform, api=max-target-q,core-platform-api) from Lcom/squareup/okhttp/internal/d; (domain=app) using reflection: denied
02-09 23:45:54.558 E/r.afooddelivery(24806): hiddenapi: Accessing hidden method Lcom/android/org/conscrypt/AbstractConscryptSocket;->getAlpnSelectedProtocol()[B (runtime_flags=0, domain=core-platform, api=max-target-q) from Lcom/squareup/okhttp/internal/d; (domain=app) using reflection: denied
02-09 23:45:54.574 W/QC2V4l2Decoder( 1710): [v4lhvcD_231] Allocating output buffer timedout, 5016ms elapsed since last input buffer queued (threshold 1000ms)
02-09 23:45:54.631 W/System  (24806): Attempt to load writable file: /data/user/0/com.sankuai.sailor.afooddelivery/app_so_lib/300050204_64/libc++_shared.so. This will throw on a future Android version
02-09 23:45:54.640 W/System  (24806): Attempt to load writable file: /data/user/0/com.sankuai.sailor.afooddelivery/app_so_lib/300050204_64/libv8.mt.so. This will throw on a future Android version
02-09 23:45:54.648 W/System  (24806): Attempt to load writable file: /data/user/0/com.sankuai.sailor.afooddelivery/app_so_lib/300050204_64/libmtv8.so. This will throw on a future Android version
02-09 23:45:54.650 W/System  (24806): Attempt to load writable file: /data/user/0/com.sankuai.sailor.afooddelivery/app_so_lib/300050204_64/libjse.so. This will throw on a future Android version
02-09 23:45:54.653 W/System  (24806): Attempt to load writable file: /data/user/0/com.sankuai.sailor.afooddelivery/app_so_lib/300050204_64/libjse.so. This will throw on a future Android version
02-09 23:45:54.725 W/QC2V4l2Decoder( 1710): [v4lhvcD_231] Allocating output buffer timedout, 5167ms elapsed since last input buffer queued (threshold 1000ms)
02-09 23:45:54.847 E/SecVibrator-HAL-AIDL-EXT( 1739): V_5_0: performPrebakedHapticPattern 1 : 10000 : 0
02-09 23:45:54.847 E/SecVibrator-HAL-AIDL-CORE( 1739): HW_API: [setForceFeedbackAmplitude]amplitude: 10000
02-09 23:45:54.855 E/SecVibrator-HAL-AIDL-CORE( 1739): HW_API: [uploadForceFeedbackeffect]ioctl success ,uploaded effect with ID: 0
02-09 23:45:54.855 E/SecVibrator-HAL-AIDL-CORE( 1739): HW_API: do_on for timeoutMs: 1000
02-09 23:45:54.855 E/SecVibrator-HAL-AIDL-CORE( 1739): HW_API: [triggerForceFeedbackVibration]on: 1
02-09 23:45:54.876 W/QC2V4l2Decoder( 1710): [v4lhvcD_231] Allocating output buffer timedout, 5318ms elapsed since last input buffer queued (threshold 1000ms)
02-09 23:45:54.897 W/PresentationStatsEventLogger( 2640): Bad view state for: -1, state: ViewState: [id=1073741824:i821332029@813000541, datasetId:InlineSuggestion-PinnedIcon, state:2012, currentValue:android.view.autofill.AutofillValue@75, virtualBounds:Rect(284, 1006 - 886, 1069)]
02-09 23:45:54.964 E/SecVibrator-HAL-AIDL-CORE( 1739): V_2_0: Vibrator off
02-09 23:45:54.964 E/SecVibrator-HAL-AIDL-CORE( 1739): HW_API: do_off
02-09 23:45:54.964 E/SecVibrator-HAL-AIDL-CORE( 1739): HW_API: [triggerForceFeedbackVibration]on: 0
02-09 23:45:54.965 E/SecVibrator-HAL-AIDL-EXT( 1739): V_5_0: performPrebakedHapticPattern 1 : 10000 : 0
02-09 23:45:54.965 E/SecVibrator-HAL-AIDL-CORE( 1739): HW_API: [setForceFeedbackAmplitude]amplitude: 10000
02-09 23:45:54.971 E/SecVibrator-HAL-AIDL-CORE( 1739): HW_API: [uploadForceFeedbackeffect]ioctl success ,uploaded effect with ID: 0
02-09 23:45:54.971 E/SecVibrator-HAL-AIDL-CORE( 1739): HW_API: do_on for timeoutMs: 1000
02-09 23:45:54.971 E/SecVibrator-HAL-AIDL-CORE( 1739): HW_API: [triggerForceFeedbackVibration]on: 1
02-09 23:45:55.027 W/QC2V4l2Decoder( 1710): [v4lhvcD_231] Allocating output buffer timedout, 5470ms elapsed since last input buffer queued (threshold 1000ms)
02-09 23:45:55.039 W/PresentationStatsEventLogger( 2640): Bad view state for: -1, state: ViewState: [id=1073741824:i821332029@813000541, datasetId:InlineSuggestion-PinnedIcon, state:201a, currentValue:android.view.autofill.AutofillValue@e72, virtualBounds:Rect(284, 1006 - 886, 1069)]
02-09 23:45:55.087 E/SecVibrator-HAL-AIDL-CORE( 1739): V_2_0: Vibrator off
02-09 23:45:55.087 E/SecVibrator-HAL-AIDL-CORE( 1739): HW_API: do_off
02-09 23:45:55.087 E/SecVibrator-HAL-AIDL-CORE( 1739): HW_API: [triggerForceFeedbackVibration]on: 0
02-09 23:45:55.114 W/WindowManager( 2640): Failed looking up window session=Session{20ff3d1 5106:u0a10303} callers=com.android.server.wm.Session.remove:10 android.view.IWindowSession$Stub.onTransact:804 com.android.server.wm.Session.onTransact:1 
02-09 23:45:55.135 E/SecVibrator-HAL-AIDL-EXT( 1739): V_5_0: performPrebakedHapticPattern 1 : 10000 : 0
02-09 23:45:55.135 E/SecVibrator-HAL-AIDL-CORE( 1739): HW_API: [setForceFeedbackAmplitude]amplitude: 10000
02-09 23:45:55.139 E/SecVibrator-HAL-AIDL-CORE( 1739): HW_API: [uploadForceFeedbackeffect]ioctl success ,uploaded effect with ID: 0
02-09 23:45:55.139 E/SecVibrator-HAL-AIDL-CORE( 1739): HW_API: do_on for timeoutMs: 1000
02-09 23:45:55.139 E/SecVibrator-HAL-AIDL-CORE( 1739): HW_API: [triggerForceFeedbackVibration]on: 1
02-09 23:45:55.178 W/QC2V4l2Decoder( 1710): [v4lhvcD_231] Allocating output buffer timedout, 5620ms elapsed since last input buffer queued (threshold 1000ms)
02-09 23:45:55.222 W/PresentationStatsEventLogger( 2640): Bad view state for: -1, state: ViewState: [id=1073741824:i821332029@813000541, datasetId:InlineSuggestion-PinnedIcon, state:201a, currentValue:android.view.autofill.AutofillValue@1c023, virtualBounds:Rect(284, 1006 - 886, 1069)]
02-09 23:45:55.230 E/SecVibrator-HAL-AIDL-CORE( 1739): V_2_0: Vibrator off
02-09 23:45:55.230 E/SecVibrator-HAL-AIDL-CORE( 1739): HW_API: do_off
02-09 23:45:55.230 E/SecVibrator-HAL-AIDL-CORE( 1739): HW_API: [triggerForceFeedbackVibration]on: 0
02-09 23:45:55.232 E/SecVibrator-HAL-AIDL-EXT( 1739): V_5_0: performPrebakedHapticPattern 1 : 10000 : 0
02-09 23:45:55.233 E/SecVibrator-HAL-AIDL-CORE( 1739): HW_API: [setForceFeedbackAmplitude]amplitude: 10000
02-09 23:45:55.238 E/SecVibrator-HAL-AIDL-CORE( 1739): HW_API: [uploadForceFeedbackeffect]ioctl success ,uploaded effect with ID: 0
02-09 23:45:55.238 E/SecVibrator-HAL-AIDL-CORE( 1739): HW_API: do_on for timeoutMs: 1000
02-09 23:45:55.238 E/SecVibrator-HAL-AIDL-CORE( 1739): HW_API: [triggerForceFeedbackVibration]on: 1
02-09 23:45:55.289 W/PresentationStatsEventLogger( 2640): Bad view state for: -1, state: ViewState: [id=1073741824:i821332029@813000541, datasetId:InlineSuggestion-PinnedIcon, state:201a, currentValue:android.view.autofill.AutofillValue@364493, virtualBounds:Rect(284, 1006 - 886, 1069)]
02-09 23:45:55.328 W/QC2V4l2Decoder( 1710): [v4lhvcD_231] Allocating output buffer timedout, 5771ms elapsed since last input buffer queued (threshold 1000ms)
02-09 23:45:55.353 E/SecVibrator-HAL-AIDL-CORE( 1739): V_2_0: Vibrator off
02-09 23:45:55.353 E/SecVibrator-HAL-AIDL-CORE( 1739): HW_API: do_off
02-09 23:45:55.353 E/SecVibrator-HAL-AIDL-CORE( 1739): HW_API: [triggerForceFeedbackVibration]on: 0
02-09 23:45:55.418 E/HeatmapThread( 1776): ECT Thread time in milliseconds: 1770669955
02-09 23:45:55.424 E/HeatmapThread( 1776): !@ CAM New BSOH: 100
02-09 23:45:55.424 E/HeatmapThread( 1776): !@ CAM is Working
02-09 23:45:55.427 E/SemWifiLinkQualityMonitor( 2640): Too old or invalid TMI: currentTime=1770669955427 lastDateWindow=1770658852000
02-09 23:45:55.430 E/InsController( 2640): Error in onOutageCountUpdate: android.net.VpnTransportInfo cannot be cast to android.net.wifi.WifiInfo
02-09 23:45:55.479 W/QC2V4l2Decoder( 1710): [v4lhvcD_231] Allocating output buffer timedout, 5921ms elapsed since last input buffer queued (threshold 1000ms)
02-09 23:45:55.553 E/SecVibrator-HAL-AIDL-EXT( 1739): V_5_0: performPrebakedHapticPattern 1 : 10000 : 0
02-09 23:45:55.554 E/SecVibrator-HAL-AIDL-CORE( 1739): HW_API: [setForceFeedbackAmplitude]amplitude: 10000
02-09 23:45:55.555 E/SecVibrator-HAL-AIDL-CORE( 1739): HW_API: [uploadForceFeedbackeffect]ioctl success ,uploaded effect with ID: 0
02-09 23:45:55.555 E/SecVibrator-HAL-AIDL-CORE( 1739): HW_API: do_on for timeoutMs: 1000
02-09 23:45:55.556 E/SecVibrator-HAL-AIDL-CORE( 1739): HW_API: [triggerForceFeedbackVibration]on: 1
02-09 23:45:55.630 W/QC2V4l2Decoder( 1710): [v4lhvcD_231] Allocating output buffer timedout, 6072ms elapsed since last input buffer queued (threshold 1000ms)
02-09 23:45:55.674 E/SecVibrator-HAL-AIDL-CORE( 1739): V_2_0: Vibrator off
02-09 23:45:55.674 E/SecVibrator-HAL-AIDL-CORE( 1739): HW_API: do_off
02-09 23:45:55.674 E/SecVibrator-HAL-AIDL-CORE( 1739): HW_API: [triggerForceFeedbackVibration]on: 0
02-09 23:45:55.781 W/QC2V4l2Decoder( 1710): [v4lhvcD_231] Allocating output buffer timedout, 6223ms elapsed since last input buffer queued (threshold 1000ms)
02-09 23:45:55.922 E/SecVibrator-HAL-AIDL-EXT( 1739): V_5_0: performPrebakedHapticPattern 1 : 10000 : 0
02-09 23:45:55.923 E/SecVibrator-HAL-AIDL-CORE( 1739): HW_API: [setForceFeedbackAmplitude]amplitude: 10000
02-09 23:45:55.926 E/SecVibrator-HAL-AIDL-CORE( 1739): HW_API: [uploadForceFeedbackeffect]ioctl success ,uploaded effect with ID: 0
02-09 23:45:55.926 E/SecVibrator-HAL-AIDL-CORE( 1739): HW_API: do_on for timeoutMs: 1000
02-09 23:45:55.926 E/SecVibrator-HAL-AIDL-CORE( 1739): HW_API: [triggerForceFeedbackVibration]on: 1
02-09 23:45:55.932 W/QC2V4l2Decoder( 1710): [v4lhvcD_231] Allocating output buffer timedout, 6374ms elapsed since last input buffer queued (threshold 1000ms)
02-09 23:45:55.970 W/PresentationStatsEventLogger( 2640): Bad view state for: -1, state: ViewState: [id=1073741824:i821332029@813000541, datasetId:InlineSuggestion-PinnedIcon, state:201a, currentValue:android.view.autofill.AutofillValue@6924de1, virtualBounds:Rect(284, 1006 - 886, 1069)]
02-09 23:45:56.043 E/SecVibrator-HAL-AIDL-CORE( 1739): V_2_0: Vibrator off
02-09 23:45:56.043 E/SecVibrator-HAL-AIDL-CORE( 1739): HW_API: do_off
02-09 23:45:56.043 E/SecVibrator-HAL-AIDL-CORE( 1739): HW_API: [triggerForceFeedbackVibration]on: 0
02-09 23:45:56.076 E/r.afooddelivery(24806): hiddenapi: Accessing hidden method Lcom/android/org/conscrypt/ConscryptEngineSocket;->setUseSessionTickets(Z)V (runtime_flags=CorePlatformApi, domain=core-platform, api=max-target-q,core-platform-api) from Lcom/squareup/okhttp/internal/d; (domain=app) using reflection: denied
02-09 23:45:56.076 E/r.afooddelivery(24806): hiddenapi: Accessing hidden method Lcom/android/org/conscrypt/OpenSSLSocketImpl;->setUseSessionTickets(Z)V (runtime_flags=CorePlatformApi, domain=core-platform, api=max-target-q,core-platform-api) from Lcom/squareup/okhttp/internal/d; (domain=app) using reflection: denied
02-09 23:45:56.076 E/r.afooddelivery(24806): hiddenapi: Accessing hidden method Lcom/android/org/conscrypt/AbstractConscryptSocket;->setUseSessionTickets(Z)V (runtime_flags=0, domain=core-platform, api=max-target-q) from Lcom/squareup/okhttp/internal/d; (domain=app) using reflection: denied
02-09 23:45:56.076 E/r.afooddelivery(24806): hiddenapi: Accessing hidden method Lcom/android/org/conscrypt/ConscryptEngineSocket;->setHostname(Ljava/lang/String;)V (runtime_flags=CorePlatformApi, domain=core-platform, api=max-target-q,core-platform-api) from Lcom/squareup/okhttp/internal/d; (domain=app) using reflection: denied
02-09 23:45:56.076 E/r.afooddelivery(24806): hiddenapi: Accessing hidden method Lcom/android/org/conscrypt/OpenSSLSocketImpl;->setHostname(Ljava/lang/String;)V (runtime_flags=CorePlatformApi, domain=core-platform, api=max-target-q,core-platform-api) from Lcom/squareup/okhttp/internal/d; (domain=app) using reflection: denied
02-09 23:45:56.076 E/r.afooddelivery(24806): hiddenapi: Accessing hidden method Lcom/android/org/conscrypt/AbstractConscryptSocket;->setHostname(Ljava/lang/String;)V (runtime_flags=0, domain=core-platform, api=max-target-q) from Lcom/squareup/okhttp/internal/d; (domain=app) using reflection: denied
02-09 23:45:56.076 E/r.afooddelivery(24806): hiddenapi: Accessing hidden method Lcom/android/org/conscrypt/OpenSSLSocketImpl;->setAlpnProtocols([B)V (runtime_flags=CorePlatformApi, domain=core-platform, api=max-target-q,core-platform-api) from Lcom/squareup/okhttp/internal/d; (domain=app) using reflection: denied
02-09 23:45:56.076 E/r.afooddelivery(24806): hiddenapi: Accessing hidden method Lcom/android/org/conscrypt/AbstractConscryptSocket;->setAlpnProtocols([B)V (runtime_flags=0, domain=core-platform, api=max-target-q) from Lcom/squareup/okhttp/internal/d; (domain=app) using reflection: denied
02-09 23:45:56.083 W/QC2V4l2Decoder( 1710): [v4lhvcD_231] Allocating output buffer timedout, 6526ms elapsed since last input buffer queued (threshold 1000ms)
02-09 23:45:56.178 E/HwcComposer( 1804): getLuts failed Status(-129, EX_TRANSACTION_FAILED): 'UNKNOWN_TRANSACTION: '
02-09 23:45:56.234 W/QC2V4l2Decoder( 1710): [v4lhvcD_231] Allocating output buffer timedout, 6676ms elapsed since last input buffer queued (threshold 1000ms)
02-09 23:45:56.368 E/r.afooddelivery(24806): hiddenapi: Accessing hidden method Lcom/android/org/conscrypt/OpenSSLSocketImpl;->getAlpnSelectedProtocol()[B (runtime_flags=CorePlatformApi, domain=core-platform, api=max-target-q,core-platform-api) from Lcom/squareup/okhttp/internal/d; (domain=app) using reflection: denied
02-09 23:45:56.368 E/r.afooddelivery(24806): hiddenapi: Accessing hidden method Lcom/android/org/conscrypt/AbstractConscryptSocket;->getAlpnSelectedProtocol()[B (runtime_flags=0, domain=core-platform, api=max-target-q) from Lcom/squareup/okhttp/internal/d; (domain=app) using reflection: denied
02-09 23:45:56.375 E/r.afooddelivery(24806): hiddenapi: Accessing hidden method Lcom/android/org/conscrypt/ConscryptEngineSocket;->setUseSessionTickets(Z)V (runtime_flags=CorePlatformApi, domain=core-platform, api=max-target-q,core-platform-api) from Lcom/squareup/okhttp/internal/d; (domain=app) using reflection: denied
02-09 23:45:56.375 E/r.afooddelivery(24806): hiddenapi: Accessing hidden method Lcom/android/org/conscrypt/OpenSSLSocketImpl;->setUseSessionTickets(Z)V (runtime_flags=CorePlatformApi, domain=core-platform, api=max-target-q,core-platform-api) from Lcom/squareup/okhttp/internal/d; (domain=app) using reflection: denied
02-09 23:45:56.375 E/r.afooddelivery(24806): hiddenapi: Accessing hidden method Lcom/android/org/conscrypt/AbstractConscryptSocket;->setUseSessionTickets(Z)V (runtime_flags=0, domain=core-platform, api=max-target-q) from Lcom/squareup/okhttp/internal/d; (domain=app) using reflection: denied
02-09 23:45:56.376 E/r.afooddelivery(24806): hiddenapi: Accessing hidden method Lcom/android/org/conscrypt/ConscryptEngineSocket;->setHostname(Ljava/lang/String;)V (runtime_flags=CorePlatformApi, domain=core-platform, api=max-target-q,core-platform-api) from Lcom/squareup/okhttp/internal/d; (domain=app) using reflection: denied
02-09 23:45:56.376 E/r.afooddelivery(24806): hiddenapi: Accessing hidden method Lcom/android/org/conscrypt/OpenSSLSocketImpl;->setHostname(Ljava/lang/String;)V (runtime_flags=CorePlatformApi, domain=core-platform, api=max-target-q,core-platform-api) from Lcom/squareup/okhttp/internal/d; (domain=app) using reflection: denied
02-09 23:45:56.376 E/r.afooddelivery(24806): hiddenapi: Accessing hidden method Lcom/android/org/conscrypt/AbstractConscryptSocket;->setHostname(Ljava/lang/String;)V (runtime_flags=0, domain=core-platform, api=max-target-q) from Lcom/squareup/okhttp/internal/d; (domain=app) using reflection: denied
02-09 23:45:56.376 E/r.afooddelivery(24806): hiddenapi: Accessing hidden method Lcom/android/org/conscrypt/OpenSSLSocketImpl;->setAlpnProtocols([B)V (runtime_flags=CorePlatformApi, domain=core-platform, api=max-target-q,core-platform-api) from Lcom/squareup/okhttp/internal/d; (domain=app) using reflection: denied
02-09 23:45:56.376 E/r.afooddelivery(24806): hiddenapi: Accessing hidden method Lcom/android/org/conscrypt/AbstractConscryptSocket;->setAlpnProtocols([B)V (runtime_flags=0, domain=core-platform, api=max-target-q) from Lcom/squareup/okhttp/internal/d; (domain=app) using reflection: denied
02-09 23:45:56.385 W/QC2V4l2Decoder( 1710): [v4lhvcD_231] Allocating output buffer timedout, 6827ms elapsed since last input buffer queued (threshold 1000ms)
02-09 23:45:56.418 E/HeatmapThread( 1776): ECT Thread time in milliseconds: 1770669956
02-09 23:45:56.422 E/HeatmapThread( 1776): !@ CAM New BSOH: 100
02-09 23:45:56.422 E/HeatmapThread( 1776): !@ CAM is Working
02-09 23:45:56.535 W/QC2V4l2Decoder( 1710): [v4lhvcD_231] Allocating output buffer timedout, 6977ms elapsed since last input buffer queued (threshold 1000ms)
02-09 23:45:56.613 E/r.afooddelivery(24806): hiddenapi: Accessing hidden method Lcom/android/org/conscrypt/OpenSSLSocketImpl;->getAlpnSelectedProtocol()[B (runtime_flags=CorePlatformApi, domain=core-platform, api=max-target-q,core-platform-api) from Lcom/squareup/okhttp/internal/d; (domain=app) using reflection: denied
02-09 23:45:56.613 E/r.afooddelivery(24806): hiddenapi: Accessing hidden method Lcom/android/org/conscrypt/AbstractConscryptSocket;->getAlpnSelectedProtocol()[B (runtime_flags=0, domain=core-platform, api=max-target-q) from Lcom/squareup/okhttp/internal/d; (domain=app) using reflection: denied
02-09 23:45:56.679 W/bt_btm_pm(16699): system/stack/acl/btm_pm.cc:729 btm_pm_proc_mode_change: Power mode switched from immediate:pending[5] to immediate:sniff[2]
02-09 23:45:56.686 W/QC2V4l2Decoder( 1710): [v4lhvcD_231] Allocating output buffer timedout, 7128ms elapsed since last input buffer queued (threshold 1000ms)
02-09 23:45:56.729 W/FillRequestEventLogger( 2640): Couldn't find packageName: org.futo.inputmethod.latin
02-09 23:45:56.772 W/System  ( 6709): A resource failed to call release. 
02-09 23:45:56.772 W/System  ( 6709): A resource failed to call release. 
02-09 23:45:56.772 W/System  ( 6709): A resource failed to call release. 
02-09 23:45:56.772 E/ActivityThread(14409): Failed to find provider info for org.voxmatrix.app.AutofillThirdPartyModeContentProvider
02-09 23:45:56.782 W/WindowManager( 2640): Requires INTERNAL_SYSTEM_WINDOW permission if assign type to input. New type will be 0.
02-09 23:45:56.790 W/WindowManager( 2640): Requires INTERNAL_SYSTEM_WINDOW permission if assign type to input. New type will be 0.
02-09 23:45:56.792 W/libc    ( 5106): Access denied finding property "vendor.display.enable_optimal_refresh_rate"
02-09 23:45:56.793 W/libc    ( 5106): Access denied finding property "vendor.display.enable_optimal_refresh_rate"
02-09 23:45:56.795 W/qdgralloc( 5106): getInterlacedFlag: getMetaData returned 3, defaulting to interlaced_flag = 0
02-09 23:45:56.798 W/libc    ( 5106): Access denied finding property "vendor.display.enable_optimal_refresh_rate"
02-09 23:45:56.799 W/libc    ( 5106): Access denied finding property "vendor.display.enable_optimal_refresh_rate"
02-09 23:45:56.802 W/qdgralloc( 5106): getInterlacedFlag: getMetaData returned 3, defaulting to interlaced_flag = 0
02-09 23:45:56.806 W/libc    ( 6709): Access denied finding property "vendor.display.enable_optimal_refresh_rate"
02-09 23:45:56.808 W/libc    ( 6709): Access denied finding property "vendor.display.enable_optimal_refresh_rate"
02-09 23:45:56.832 W/libc    ( 6709): Access denied finding property "vendor.display.enable_optimal_refresh_rate"
02-09 23:45:56.835 W/libc    ( 6709): Access denied finding property "vendor.display.enable_optimal_refresh_rate"
02-09 23:45:56.836 W/QC2V4l2Decoder( 1710): [v4lhvcD_231] Allocating output buffer timedout, 7278ms elapsed since last input buffer queued (threshold 1000ms)
02-09 23:45:56.987 W/QC2V4l2Decoder( 1710): [v4lhvcD_231] Allocating output buffer timedout, 7429ms elapsed since last input buffer queued (threshold 1000ms)
02-09 23:45:57.137 W/QC2V4l2Decoder( 1710): [v4lhvcD_231] Allocating output buffer timedout, 7579ms elapsed since last input buffer queued (threshold 1000ms)
02-09 23:45:57.289 W/QC2V4l2Decoder( 1710): [v4lhvcD_231] Allocating output buffer timedout, 7731ms elapsed since last input buffer queued (threshold 1000ms)
02-09 23:45:57.328 W/bluetooth(16699): system/gd/hci/le_scanning_manager.cc:716 scan: address_manager_registered_
02-09 23:45:57.328 W/bluetooth(16699): system/gd/hci/le_scanning_manager.cc:768 stop_scan: stop_scan
02-09 23:45:57.328 W/bt_shim_scanner(16699): system/main/shim/le_scanning_manager.cc:365 SetScanParameters: Set scan params scan_int_1m : 275.625, scan_win_1m : 30, Duty : 10.88% | scan_int_coded : 0, scan_win_coded : 0, Duty : nan%
02-09 23:45:57.330 W/bluetooth(16699): system/gd/hci/le_scanning_manager.cc:732 start_scan: start_scan
02-09 23:45:57.330 W/bluetooth(16699): system/gd/hci/le_scanning_manager.cc:735 start_scan: Register address manager
02-09 23:45:57.376 E/SecVibrator-HAL-AIDL-EXT( 1739): V_5_0: performPrebakedHapticPattern 1 : 10000 : 0
02-09 23:45:57.377 E/SecVibrator-HAL-AIDL-CORE( 1739): HW_API: [setForceFeedbackAmplitude]amplitude: 10000
02-09 23:45:57.380 E/SecVibrator-HAL-AIDL-CORE( 1739): HW_API: [uploadForceFeedbackeffect]ioctl success ,uploaded effect with ID: 0
02-09 23:45:57.380 E/SecVibrator-HAL-AIDL-CORE( 1739): HW_API: do_on for timeoutMs: 1000
02-09 23:45:57.381 E/SecVibrator-HAL-AIDL-CORE( 1739): HW_API: [triggerForceFeedbackVibration]on: 1
02-09 23:45:57.418 E/HeatmapThread( 1776): ECT Thread time in milliseconds: 1770669957
02-09 23:45:57.424 E/HeatmapThread( 1776): !@ CAM New BSOH: 100
02-09 23:45:57.424 E/HeatmapThread( 1776): !@ CAM is Working
02-09 23:45:57.441 W/QC2V4l2Decoder( 1710): [v4lhvcD_231] Allocating output buffer timedout, 7883ms elapsed since last input buffer queued (threshold 1000ms)
02-09 23:45:57.497 E/SecVibrator-HAL-AIDL-CORE( 1739): V_2_0: Vibrator off
02-09 23:45:57.497 E/SecVibrator-HAL-AIDL-CORE( 1739): HW_API: do_off
02-09 23:45:57.497 E/SecVibrator-HAL-AIDL-CORE( 1739): HW_API: [triggerForceFeedbackVibration]on: 0
02-09 23:45:57.516 E/SecVibrator-HAL-AIDL-EXT( 1739): V_5_0: performPrebakedHapticPattern 1 : 10000 : 0
02-09 23:45:57.516 E/SecVibrator-HAL-AIDL-CORE( 1739): HW_API: [setForceFeedbackAmplitude]amplitude: 10000
02-09 23:45:57.522 E/SecVibrator-HAL-AIDL-CORE( 1739): HW_API: [uploadForceFeedbackeffect]ioctl success ,uploaded effect with ID: 0
02-09 23:45:57.522 E/SecVibrator-HAL-AIDL-CORE( 1739): HW_API: do_on for timeoutMs: 1000
02-09 23:45:57.522 E/SecVibrator-HAL-AIDL-CORE( 1739): HW_API: [triggerForceFeedbackVibration]on: 1
02-09 23:45:57.591 W/QC2V4l2Decoder( 1710): [v4lhvcD_231] Allocating output buffer timedout, 8034ms elapsed since last input buffer queued (threshold 1000ms)
02-09 23:45:57.623 W/WindowManager( 2640): Failed looking up window session=Session{20ff3d1 5106:u0a10303} callers=com.android.server.wm.Session.remove:10 android.view.IWindowSession$Stub.onTransact:804 com.android.server.wm.Session.onTransact:1 
02-09 23:45:57.635 E/SecVibrator-HAL-AIDL-CORE( 1739): V_2_0: Vibrator off
02-09 23:45:57.635 E/SecVibrator-HAL-AIDL-CORE( 1739): HW_API: do_off
02-09 23:45:57.635 E/SecVibrator-HAL-AIDL-CORE( 1739): HW_API: [triggerForceFeedbackVibration]on: 0
02-09 23:45:57.705 E/SecVibrator-HAL-AIDL-EXT( 1739): V_5_0: performPrebakedHapticPattern 1 : 10000 : 0
02-09 23:45:57.705 E/SecVibrator-HAL-AIDL-CORE( 1739): HW_API: [setForceFeedbackAmplitude]amplitude: 10000
02-09 23:45:57.709 E/SecVibrator-HAL-AIDL-CORE( 1739): HW_API: [uploadForceFeedbackeffect]ioctl success ,uploaded effect with ID: 0
02-09 23:45:57.710 E/SecVibrator-HAL-AIDL-CORE( 1739): HW_API: do_on for timeoutMs: 1000
02-09 23:45:57.710 E/SecVibrator-HAL-AIDL-CORE( 1739): HW_API: [triggerForceFeedbackVibration]on: 1
02-09 23:45:57.742 W/QC2V4l2Decoder( 1710): [v4lhvcD_231] Allocating output buffer timedout, 8184ms elapsed since last input buffer queued (threshold 1000ms)
02-09 23:45:57.808 W/bluetooth(16699): system/gd/hci/le_scanning_manager.cc:716 scan: address_manager_registered_
02-09 23:45:57.808 W/bluetooth(16699): system/gd/hci/le_scanning_manager.cc:768 stop_scan: stop_scan
02-09 23:45:57.808 W/bt_shim_scanner(16699): system/main/shim/le_scanning_manager.cc:365 SetScanParameters: Set scan params scan_int_1m : 1860.625, scan_win_1m : 202.5, Duty : 10.88% | scan_int_coded : 0, scan_win_coded : 0, Duty : nan%
02-09 23:45:57.809 W/bluetooth(16699): system/gd/hci/le_scanning_manager.cc:732 start_scan: start_scan
02-09 23:45:57.809 W/bluetooth(16699): system/gd/hci/le_scanning_manager.cc:735 start_scan: Register address manager
02-09 23:45:57.819 E/SecVibrator-HAL-AIDL-CORE( 1739): V_2_0: Vibrator off
02-09 23:45:57.820 E/SecVibrator-HAL-AIDL-CORE( 1739): HW_API: do_off
02-09 23:45:57.820 E/SecVibrator-HAL-AIDL-CORE( 1739): HW_API: [triggerForceFeedbackVibration]on: 0
02-09 23:45:57.823 W/DeviceStorageMonitorService( 2640): updateBroadcasts(/data) oldLevel:0, newLevel:0, seq:1
02-09 23:45:57.824 W/DeviceStorageMonitorService( 2640): updateBroadcasts_filenode(/data) fn_oldLevel:0, fn_newLevel:0, seq:1
02-09 23:45:57.825 E/SecVibrator-HAL-AIDL-EXT( 1739): V_5_0: performPrebakedHapticPattern 1 : 10000 : 0
02-09 23:45:57.825 E/SecVibrator-HAL-AIDL-CORE( 1739): HW_API: [setForceFeedbackAmplitude]amplitude: 10000
02-09 23:45:57.827 E/SecVibrator-HAL-AIDL-CORE( 1739): HW_API: [uploadForceFeedbackeffect]ioctl success ,uploaded effect with ID: 0
02-09 23:45:57.828 E/SecVibrator-HAL-AIDL-CORE( 1739): HW_API: do_on for timeoutMs: 1000
02-09 23:45:57.829 E/SecVibrator-HAL-AIDL-CORE( 1739): HW_API: [triggerForceFeedbackVibration]on: 1
02-09 23:45:57.833 E/r.afooddelivery(24806): hiddenapi: Accessing hidden method Lcom/android/org/conscrypt/ConscryptEngineSocket;->setUseSessionTickets(Z)V (runtime_flags=CorePlatformApi, domain=core-platform, api=max-target-q,core-platform-api) from Lcom/squareup/okhttp/internal/d; (domain=app) using reflection: denied
02-09 23:45:57.834 E/r.afooddelivery(24806): hiddenapi: Accessing hidden method Lcom/android/org/conscrypt/OpenSSLSocketImpl;->setUseSessionTickets(Z)V (runtime_flags=CorePlatformApi, domain=core-platform, api=max-target-q,core-platform-api) from Lcom/squareup/okhttp/internal/d; (domain=app) using reflection: denied
02-09 23:45:57.834 E/r.afooddelivery(24806): hiddenapi: Accessing hidden method Lcom/android/org/conscrypt/AbstractConscryptSocket;->setUseSessionTickets(Z)V (runtime_flags=0, domain=core-platform, api=max-target-q) from Lcom/squareup/okhttp/internal/d; (domain=app) using reflection: denied
02-09 23:45:57.834 E/r.afooddelivery(24806): hiddenapi: Accessing hidden method Lcom/android/org/conscrypt/ConscryptEngineSocket;->setHostname(Ljava/lang/String;)V (runtime_flags=CorePlatformApi, domain=core-platform, api=max-target-q,core-platform-api) from Lcom/squareup/okhttp/internal/d; (domain=app) using reflection: denied
02-09 23:45:57.834 E/r.afooddelivery(24806): hiddenapi: Accessing hidden method Lcom/android/org/conscrypt/OpenSSLSocketImpl;->setHostname(Ljava/lang/String;)V (runtime_flags=CorePlatformApi, domain=core-platform, api=max-target-q,core-platform-api) from Lcom/squareup/okhttp/internal/d; (domain=app) using reflection: denied
02-09 23:45:57.834 E/r.afooddelivery(24806): hiddenapi: Accessing hidden method Lcom/android/org/conscrypt/AbstractConscryptSocket;->setHostname(Ljava/lang/String;)V (runtime_flags=0, domain=core-platform, api=max-target-q) from Lcom/squareup/okhttp/internal/d; (domain=app) using reflection: denied
02-09 23:45:57.834 E/r.afooddelivery(24806): hiddenapi: Accessing hidden method Lcom/android/org/conscrypt/OpenSSLSocketImpl;->setAlpnProtocols([B)V (runtime_flags=CorePlatformApi, domain=core-platform, api=max-target-q,core-platform-api) from Lcom/squareup/okhttp/internal/d; (domain=app) using reflection: denied
02-09 23:45:57.834 E/r.afooddelivery(24806): hiddenapi: Accessing hidden method Lcom/android/org/conscrypt/AbstractConscryptSocket;->setAlpnProtocols([B)V (runtime_flags=0, domain=core-platform, api=max-target-q) from Lcom/squareup/okhttp/internal/d; (domain=app) using reflection: denied
02-09 23:45:57.893 W/QC2V4l2Decoder( 1710): [v4lhvcD_231] Allocating output buffer timedout, 8335ms elapsed since last input buffer queued (threshold 1000ms)
02-09 23:45:57.944 E/SecVibrator-HAL-AIDL-CORE( 1739): V_2_0: Vibrator off
02-09 23:45:57.944 E/SecVibrator-HAL-AIDL-CORE( 1739): HW_API: do_off
02-09 23:45:57.944 E/SecVibrator-HAL-AIDL-CORE( 1739): HW_API: [triggerForceFeedbackVibration]on: 0
02-09 23:45:58.032 E/r.afooddelivery(24806): hiddenapi: Accessing hidden method Lcom/android/org/conscrypt/OpenSSLSocketImpl;->getAlpnSelectedProtocol()[B (runtime_flags=CorePlatformApi, domain=core-platform, api=max-target-q,core-platform-api) from Lcom/squareup/okhttp/internal/d; (domain=app) using reflection: denied
02-09 23:45:58.032 E/r.afooddelivery(24806): hiddenapi: Accessing hidden method Lcom/android/org/conscrypt/AbstractConscryptSocket;->getAlpnSelectedProtocol()[B (runtime_flags=0, domain=core-platform, api=max-target-q) from Lcom/squareup/okhttp/internal/d; (domain=app) using reflection: denied
02-09 23:45:58.044 W/QC2V4l2Decoder( 1710): [v4lhvcD_231] Allocating output buffer timedout, 8486ms elapsed since last input buffer queued (threshold 1000ms)
02-09 23:45:58.079 E/SecVibrator-HAL-AIDL-EXT( 1739): V_5_0: performPrebakedHapticPattern 1 : 10000 : 0
02-09 23:45:58.080 E/SecVibrator-HAL-AIDL-CORE( 1739): HW_API: [setForceFeedbackAmplitude]amplitude: 10000
02-09 23:45:58.084 E/SecVibrator-HAL-AIDL-CORE( 1739): HW_API: [uploadForceFeedbackeffect]ioctl success ,uploaded effect with ID: 0
02-09 23:45:58.084 E/SecVibrator-HAL-AIDL-CORE( 1739): HW_API: do_on for timeoutMs: 1000
02-09 23:45:58.085 E/SecVibrator-HAL-AIDL-CORE( 1739): HW_API: [triggerForceFeedbackVibration]on: 1
02-09 23:45:58.194 W/QC2V4l2Decoder( 1710): [v4lhvcD_231] Allocating output buffer timedout, 8637ms elapsed since last input buffer queued (threshold 1000ms)
02-09 23:45:58.199 E/SecVibrator-HAL-AIDL-CORE( 1739): V_2_0: Vibrator off
02-09 23:45:58.200 E/SecVibrator-HAL-AIDL-CORE( 1739): HW_API: do_off
02-09 23:45:58.200 E/SecVibrator-HAL-AIDL-CORE( 1739): HW_API: [triggerForceFeedbackVibration]on: 0
02-09 23:45:58.346 W/QC2V4l2Decoder( 1710): [v4lhvcD_231] Allocating output buffer timedout, 8788ms elapsed since last input buffer queued (threshold 1000ms)
02-09 23:45:58.418 E/HeatmapThread( 1776): ECT Thread time in milliseconds: 1770669958
02-09 23:45:58.422 E/HeatmapThread( 1776): !@ CAM New BSOH: 100
02-09 23:45:58.422 E/HeatmapThread( 1776): !@ CAM is Working
02-09 23:45:58.444 E/SemWifiLinkQualityMonitor( 2640): Too old or invalid TMI: currentTime=1770669958443 lastDateWindow=1770658852000
02-09 23:45:58.447 E/InsController( 2640): Error in onOutageCountUpdate: android.net.VpnTransportInfo cannot be cast to android.net.wifi.WifiInfo
02-09 23:45:58.448 W/ContextImpl( 2640): Calling a method in the system process without a qualified user: android.app.ContextImpl.bindService:2167 com.samsung.android.server.wifi.SemWifiIntelligentConnectionManager.iwh_predict_action:8 com.samsung.android.server.wifi.SemWifiIntelligentConnectionManager.-$$Nest$miwh_predict_action:1 com.samsung.android.server.wifi.SemWifiIntelligentConnectionManager$IntelligentConnectionManagerHandler.handleMessage:762 android.os.Handler.dispatchMessage:110 
02-09 23:45:58.497 W/QC2V4l2Decoder( 1710): [v4lhvcD_231] Allocating output buffer timedout, 8939ms elapsed since last input buffer queued (threshold 1000ms)
02-09 23:45:58.508 E/e:iwhInfService(25829): Not starting debugger since process cannot load the jdwp agent.
02-09 23:45:58.627 W/libc    (25829): Access denied finding property "ro.mediatek.platform"
02-09 23:45:58.646 W/ContextImpl( 2640): Calling a method in the system process without a qualified user: android.app.ContextImpl.stopService:2080 com.samsung.android.server.wifi.SemWifiIntelligentConnectionManager$IntelligentConnectionManagerHandler.handleMessage:247 android.os.Handler.dispatchMessage:110 android.os.Looper.loopOnce:273 android.os.Looper.loop:363 
02-09 23:45:58.647 W/QC2V4l2Decoder( 1710): [v4lhvcD_231] Allocating output buffer timedout, 9090ms elapsed since last input buffer queued (threshold 1000ms)
02-09 23:45:58.798 W/QC2V4l2Decoder( 1710): [v4lhvcD_231] Allocating output buffer timedout, 9240ms elapsed since last input buffer queued (threshold 1000ms)
02-09 23:45:58.948 W/QC2V4l2Decoder( 1710): [v4lhvcD_231] Allocating output buffer timedout, 9391ms elapsed since last input buffer queued (threshold 1000ms)
02-09 23:45:59.099 W/QC2V4l2Decoder( 1710): [v4lhvcD_231] Allocating output buffer timedout, 9541ms elapsed since last input buffer queued (threshold 1000ms)
02-09 23:45:59.112 W/HoneySpace.RecentsAnimationState( 4611): canStartSystemGesture, return true by !isHomeDisabled
02-09 23:45:59.176 E/SecVibrator-HAL-AIDL-EXT( 1739): V_5_0: performPrebakedHapticPattern 1 : 8000 : 0
02-09 23:45:59.176 E/SecVibrator-HAL-AIDL-CORE( 1739): HW_API: [setForceFeedbackAmplitude]amplitude: 8000
02-09 23:45:59.180 W/WindowOnBackDispatcher(25247): sendCancelIfRunning: isInProgress=false callback=ImeCallback=ImeOnBackInvokedCallback@38850292 Callback=android.window.IOnBackInvokedCallback$Stub$Proxy@2011c88
02-09 23:45:59.183 E/SecVibrator-HAL-AIDL-CORE( 1739): HW_API: [uploadForceFeedbackeffect]ioctl success ,uploaded effect with ID: 0
02-09 23:45:59.184 E/SecVibrator-HAL-AIDL-CORE( 1739): HW_API: do_on for timeoutMs: 1000
02-09 23:45:59.184 E/SecVibrator-HAL-AIDL-CORE( 1739): HW_API: [triggerForceFeedbackVibration]on: 1
02-09 23:45:59.250 W/QC2V4l2Decoder( 1710): [v4lhvcD_231] Allocating output buffer timedout, 9692ms elapsed since last input buffer queued (threshold 1000ms)
02-09 23:45:59.295 E/SecVibrator-HAL-AIDL-CORE( 1739): V_2_0: Vibrator off
02-09 23:45:59.296 E/SecVibrator-HAL-AIDL-CORE( 1739): HW_API: do_off
02-09 23:45:59.296 E/SecVibrator-HAL-AIDL-CORE( 1739): HW_API: [triggerForceFeedbackVibration]on: 0
02-09 23:45:59.400 W/QC2V4l2Decoder( 1710): [v4lhvcD_231] Allocating output buffer timedout, 9842ms elapsed since last input buffer queued (threshold 1000ms)
02-09 23:45:59.401 W/C2BqBuffer( 1710): last successful dequeue was 10860983 us ago, 0 consecutive failures
02-09 23:45:59.418 E/HeatmapThread( 1776): ECT Thread time in milliseconds: 1770669959
02-09 23:45:59.423 E/HeatmapThread( 1776): !@ CAM New BSOH: 100
02-09 23:45:59.423 E/HeatmapThread( 1776): !@ CAM is Working
02-09 23:45:59.510 E/r.afooddelivery(24806): hiddenapi: Accessing hidden method Lcom/android/org/conscrypt/ConscryptEngineSocket;->setUseSessionTickets(Z)V (runtime_flags=CorePlatformApi, domain=core-platform, api=max-target-q,core-platform-api) from Lcom/squareup/okhttp/internal/d; (domain=app) using reflection: denied
02-09 23:45:59.510 E/r.afooddelivery(24806): hiddenapi: Accessing hidden method Lcom/android/org/conscrypt/OpenSSLSocketImpl;->setUseSessionTickets(Z)V (runtime_flags=CorePlatformApi, domain=core-platform, api=max-target-q,core-platform-api) from Lcom/squareup/okhttp/internal/d; (domain=app) using reflection: denied
02-09 23:45:59.510 E/r.afooddelivery(24806): hiddenapi: Accessing hidden method Lcom/android/org/conscrypt/AbstractConscryptSocket;->setUseSessionTickets(Z)V (runtime_flags=0, domain=core-platform, api=max-target-q) from Lcom/squareup/okhttp/internal/d; (domain=app) using reflection: denied
02-09 23:45:59.510 E/r.afooddelivery(24806): hiddenapi: Accessing hidden method Lcom/android/org/conscrypt/ConscryptEngineSocket;->setHostname(Ljava/lang/String;)V (runtime_flags=CorePlatformApi, domain=core-platform, api=max-target-q,core-platform-api) from Lcom/squareup/okhttp/internal/d; (domain=app) using reflection: denied
02-09 23:45:59.510 E/r.afooddelivery(24806): hiddenapi: Accessing hidden method Lcom/android/org/conscrypt/OpenSSLSocketImpl;->setHostname(Ljava/lang/String;)V (runtime_flags=CorePlatformApi, domain=core-platform, api=max-target-q,core-platform-api) from Lcom/squareup/okhttp/internal/d; (domain=app) using reflection: denied
02-09 23:45:59.510 E/r.afooddelivery(24806): hiddenapi: Accessing hidden method Lcom/android/org/conscrypt/AbstractConscryptSocket;->setHostname(Ljava/lang/String;)V (runtime_flags=0, domain=core-platform, api=max-target-q) from Lcom/squareup/okhttp/internal/d; (domain=app) using reflection: denied
02-09 23:45:59.510 E/r.afooddelivery(24806): hiddenapi: Accessing hidden method Lcom/android/org/conscrypt/OpenSSLSocketImpl;->setAlpnProtocols([B)V (runtime_flags=CorePlatformApi, domain=core-platform, api=max-target-q,core-platform-api) from Lcom/squareup/okhttp/internal/d; (domain=app) using reflection: denied
02-09 23:45:59.510 E/r.afooddelivery(24806): hiddenapi: Accessing hidden method Lcom/android/org/conscrypt/AbstractConscryptSocket;->setAlpnProtocols([B)V (runtime_flags=0, domain=core-platform, api=max-target-q) from Lcom/squareup/okhttp/internal/d; (domain=app) using reflection: denied
02-09 23:45:59.525 E/BluetoothRemoteDevices(16699): getSecMetadata : return SUPPORTED_FEATURES
02-09 23:45:59.525 E/A2dpService(16699): isSupportLowLatencyMode: DataPacket is too short.
02-09 23:45:59.535 E/SurfaceFlinger( 1804): alpha changed 1.000 -> 0.000 - Surface(name=26e1d8 InputMethod)/@0x460d433 - animation-leash of insets_animation#9473
02-09 23:45:59.551 W/QC2V4l2Decoder( 1710): [v4lhvcD_231] Allocating output buffer timedout, 9993ms elapsed since last input buffer queued (threshold 1000ms)
02-09 23:45:59.702 W/QC2V4l2Decoder( 1710): [v4lhvcD_231] Allocating output buffer timedout, 10144ms elapsed since last input buffer queued (threshold 1000ms)
02-09 23:45:59.753 E/r.afooddelivery(24806): hiddenapi: Accessing hidden method Lcom/android/org/conscrypt/OpenSSLSocketImpl;->getAlpnSelectedProtocol()[B (runtime_flags=CorePlatformApi, domain=core-platform, api=max-target-q,core-platform-api) from Lcom/squareup/okhttp/internal/d; (domain=app) using reflection: denied
02-09 23:45:59.753 E/r.afooddelivery(24806): hiddenapi: Accessing hidden method Lcom/android/org/conscrypt/AbstractConscryptSocket;->getAlpnSelectedProtocol()[B (runtime_flags=0, domain=core-platform, api=max-target-q) from Lcom/squareup/okhttp/internal/d; (domain=app) using reflection: denied
02-09 23:45:59.853 W/QC2V4l2Decoder( 1710): [v4lhvcD_231] Allocating output buffer timedout, 10295ms elapsed since last input buffer queued (threshold 1000ms)
02-09 23:46:00.004 W/QC2V4l2Decoder( 1710): [v4lhvcD_231] Allocating output buffer timedout, 10446ms elapsed since last input buffer queued (threshold 1000ms)
02-09 23:46:00.011 W/RefactorFlag( 3998): New code path expects SceneContainerFlag to be enabled.
02-09 23:46:00.047 E/WindowManager( 2640): win=Window{26e1d8 u0 InputMethod} destroySurfaces: appStopped=true cleanupOnResume=false win.mWindowRemovalAllowed=false win.mRemoveOnExit=false win.mViewVisibility=8 caller=com.android.server.wm.WindowManagerService.tryStartExitingAnimation:134 com.android.server.wm.WindowManagerService.relayoutWindow:1138 com.android.server.wm.Session.relayout:27 android.view.IWindowSession$Stub.onTransact:829 com.android.server.wm.Session.onTransact:1 android.os.Binder.execTransactInternal:1457 android.os.Binder.execTransact:1401 
02-09 23:46:00.059 E/SurfaceFlinger( 1804): alpha changed 1.000 -> 0.000 - Surface(name=26e1d8 InputMethod)/@0x460d433 - animation-leash of insets_animation#9503
02-09 23:46:00.155 W/QC2V4l2Decoder( 1710): [v4lhvcD_231] Allocating output buffer timedout, 10597ms elapsed since last input buffer queued (threshold 1000ms)
02-09 23:46:00.306 W/QC2V4l2Decoder( 1710): [v4lhvcD_231] Allocating output buffer timedout, 10748ms elapsed since last input buffer queued (threshold 1000ms)
02-09 23:46:00.418 E/HeatmapThread( 1776): ECT Thread time in milliseconds: 1770669960
02-09 23:46:00.424 E/HeatmapThread( 1776): !@ CAM New BSOH: 100
02-09 23:46:00.424 E/HeatmapThread( 1776): !@ CAM is Working
