02-09 23:47:14.974 W/ParceledListSlice( 2640): Element #263 is 19496 bytes.
02-09 23:47:14.974 W/ParceledListSlice( 2640): Element #264 is 19564 bytes.
02-09 23:47:14.981 W/ParceledListSlice( 2640): Element #362 is 17464 bytes.
02-09 23:47:14.987 W/ParceledListSlice( 2640): Element #454 is 19816 bytes.
02-09 23:47:14.987 W/ParceledListSlice( 2640): Element #455 is 19848 bytes.
02-09 23:47:14.988 W/ParceledListSlice( 2640): Element #456 is 20260 bytes.
02-09 23:47:14.988 W/ParceledListSlice( 2640): Element #457 is 19332 bytes.
02-09 23:47:14.994 W/ParceledListSlice( 2640): Element #530 is 36108 bytes.
02-09 23:47:15.001 W/ParceledListSlice( 2640): Element #607 is 30092 bytes.
02-09 23:47:15.001 W/ParceledListSlice( 2640): Element #608 is 26072 bytes.
02-09 23:47:15.122 W/QC2V4l2Decoder( 1710): [v4lhvcD_231] Allocating output buffer timedout, 85564ms elapsed since last input buffer queued (threshold 1000ms)
02-09 23:47:15.273 W/QC2V4l2Decoder( 1710): [v4lhvcD_231] Allocating output buffer timedout, 85715ms elapsed since last input buffer queued (threshold 1000ms)
02-09 23:47:15.293 E/BatteryDump( 1714): !@new_battery_dump : 4175,-22,1125,1800,84,369,358,420,369,0,390,420,0,Not-charging,NO_CHARGING,Normal,Good,PDIC,0,Normal,0,0,9300,0x8000,0x11010000,0x0,0,0,0000,0000,00000000,0,0,0,0,329,4176,8354,990,0,
02-09 23:47:15.418 E/HeatmapThread( 1776): ECT Thread time in milliseconds: 1770670035
02-09 23:47:15.420 E/HeatmapThread( 1776): !@ CAM New BSOH: 100
02-09 23:47:15.420 E/HeatmapThread( 1776): !@ CAM is Working
02-09 23:47:15.423 W/QC2V4l2Decoder( 1710): [v4lhvcD_231] Allocating output buffer timedout, 85865ms elapsed since last input buffer queued (threshold 1000ms)
02-09 23:47:15.472 W/BtGatt.AdvertiseManager(16699): stopAdvertisingSet() - Enter the mNativeInterface
02-09 23:47:15.473 W/bluetooth(16699): system/gd/hci/le_advertising_manager.cc:443 remove_advertiser: advertiser_id =0
02-09 23:47:15.473 E/BtGatt.AdvertiseManager(16699): [GSIM LOG]: gsimLogHandler, msg: MESSAGE_ADV_SET_STOP, appName: com.google.android.gms, id: 0, isLegacy: true
02-09 23:47:15.475 E/RemoteDesktopService( 2640): Permission Denied pid=16643 mUid=-1 uid=10378 command=1598968902
02-09 23:47:15.573 W/QC2V4l2Decoder( 1710): [v4lhvcD_231] Allocating output buffer timedout, 86016ms elapsed since last input buffer queued (threshold 1000ms)
02-09 23:47:15.612 W/Settings(16643): Setting mode_ringer has moved from android.provider.Settings.System to android.provider.Settings.Global, returning read-only value.
02-09 23:47:15.613 W/Settings(16643): Setting wifi_on has moved from android.provider.Settings.Secure to android.provider.Settings.Global.
02-09 23:47:15.613 W/Settings(16643): Setting bluetooth_on has moved from android.provider.Settings.Secure to android.provider.Settings.Global.
02-09 23:47:15.613 W/Settings(16643): Setting auto_time has moved from android.provider.Settings.System to android.provider.Settings.Global, returning read-only value.
02-09 23:47:15.614 W/Settings(16643): Setting auto_time_zone has moved from android.provider.Settings.System to android.provider.Settings.Global, returning read-only value.
02-09 23:47:15.614 W/Settings(16643): Setting stay_on_while_plugged_in has moved from android.provider.Settings.System to android.provider.Settings.Global, returning read-only value.
02-09 23:47:15.614 W/Settings(16643): Setting development_settings_enabled has moved from android.provider.Settings.Secure to android.provider.Settings.Global.
02-09 23:47:15.614 W/Settings(16643): Setting adb_enabled has moved from android.provider.Settings.Secure to android.provider.Settings.Global.
02-09 23:47:15.614 W/Settings(16643): Setting device_provisioned has moved from android.provider.Settings.Secure to android.provider.Settings.Global.
02-09 23:47:15.622 W/libc    (16643): Access denied finding property "persist.vendor.sys.fp.uid"
02-09 23:47:15.627 W/libc    (16643): Access denied finding property "ro.oem_unlock_supported"
02-09 23:47:15.627 W/libc    (16643): Access denied finding property "wifi.interface"
02-09 23:47:15.627 W/libc    (16643): Access denied finding property "vendor.camera.sensor.frontMain.fuseID"
02-09 23:47:15.627 W/libc    (16643): Access denied finding property "vendor.camera.sensor.rearMain.fuseID"
02-09 23:47:15.627 W/libc    (16643): Access denied finding property "vendor.camera.sensor.rearTele4x.fuseID"
02-09 23:47:15.627 W/libc    (16643): Access denied finding property "vendor.camera.sensor.rearUltra.fuseID"
02-09 23:47:15.627 W/libc    (16643): Access denied finding property "persist.sys.boot.reason.history"
02-09 23:47:15.628 W/libc    (16643): Access denied finding property "vendor.serialno"
02-09 23:47:15.628 W/libc    (16643): Access denied finding property "ro.vendor.boot.serialno"
02-09 23:47:15.628 W/libc    (16643): Access denied finding property "ro.vendor.vold.serialno"
02-09 23:47:15.628 W/libc    (16643): Access denied finding property "vendor.vold.serialno"
02-09 23:47:15.628 W/libc    (16643): Access denied finding property "ro.debuggable"
02-09 23:47:15.628 W/libc    (16643): Access denied finding property "ro.secure"
02-09 23:47:15.629 W/libc    (16643): Access denied finding property "ro.serialno"
02-09 23:47:15.629 W/libc    (16643): Access denied finding property "persist.vendor.sys.fp.uid"
02-09 23:47:15.724 W/QC2V4l2Decoder( 1710): [v4lhvcD_231] Allocating output buffer timedout, 86166ms elapsed since last input buffer queued (threshold 1000ms)
02-09 23:47:15.874 W/QC2V4l2Decoder( 1710): [v4lhvcD_231] Allocating output buffer timedout, 86316ms elapsed since last input buffer queued (threshold 1000ms)
02-09 23:47:15.941 W/Settings(16643): Setting adb_enabled has moved from android.provider.Settings.Secure to android.provider.Settings.Global.
02-09 23:47:15.995 W/libc    (16643): Access denied finding property "wifi.interface"
02-09 23:47:15.996 W/libc    (16643): Access denied finding property "ro.serialno"
02-09 23:47:16.024 W/QC2V4l2Decoder( 1710): [v4lhvcD_231] Allocating output buffer timedout, 86467ms elapsed since last input buffer queued (threshold 1000ms)
02-09 23:47:16.175 W/QC2V4l2Decoder( 1710): [v4lhvcD_231] Allocating output buffer timedout, 86617ms elapsed since last input buffer queued (threshold 1000ms)
02-09 23:47:16.295 W/System  (16643): A resource failed to call AbstractCursor.close. 
02-09 23:47:16.296 W/System  (16643): A resource failed to call CursorWrapperInner.close. 
02-09 23:47:16.296 W/System  (16643): A resource failed to call AbstractCursor.close. 
02-09 23:47:16.296 W/System  (16643): A resource failed to call CursorWrapperInner.close. 
02-09 23:47:16.296 W/System  (16643): A resource failed to call AbstractCursor.close. 
02-09 23:47:16.296 W/System  (16643): A resource failed to call CursorWrapperInner.close. 
02-09 23:47:16.296 W/System  (16643): A resource failed to call AbstractCursor.close. 
02-09 23:47:16.296 W/System  (16643): A resource failed to call CursorWrapperInner.close. 
02-09 23:47:16.296 W/System  (16643): A resource failed to call AbstractCursor.close. 
02-09 23:47:16.296 W/System  (16643): A resource failed to call CursorWrapperInner.close. 
02-09 23:47:16.296 W/System  (16643): A resource failed to call AbstractCursor.close. 
02-09 23:47:16.296 W/System  (16643): A resource failed to call CursorWrapperInner.close. 
02-09 23:47:16.296 W/System  (16643): A resource failed to call AbstractCursor.close. 
02-09 23:47:16.296 W/System  (16643): A resource failed to call CursorWrapperInner.close. 
02-09 23:47:16.296 W/System  (16643): A resource failed to call AbstractCursor.close. 
02-09 23:47:16.296 W/System  (16643): A resource failed to call CursorWrapperInner.close. 
02-09 23:47:16.296 W/System  (16643): A resource failed to call AbstractCursor.close. 
02-09 23:47:16.297 W/System  (16643): A resource failed to call CursorWrapperInner.close. 
02-09 23:47:16.297 W/System  (16643): A resource failed to call AbstractCursor.close. 
02-09 23:47:16.297 W/System  (16643): A resource failed to call CursorWrapperInner.close. 
02-09 23:47:16.297 W/System  (16643): A resource failed to call AbstractCursor.close. 
02-09 23:47:16.297 W/System  (16643): A resource failed to call CursorWrapperInner.close. 
02-09 23:47:16.297 W/System  (16643): A resource failed to call AbstractCursor.close. 
02-09 23:47:16.297 W/System  (16643): A resource failed to call CursorWrapperInner.close. 
02-09 23:47:16.297 W/System  (16643): A resource failed to call AbstractCursor.close. 
02-09 23:47:16.297 W/System  (16643): A resource failed to call CursorWrapperInner.close. 
02-09 23:47:16.297 W/System  (16643): A resource failed to call AbstractCursor.close. 
02-09 23:47:16.297 W/System  (16643): A resource failed to call CursorWrapperInner.close. 
02-09 23:47:16.297 W/System  (16643): A resource failed to call AbstractCursor.close. 
02-09 23:47:16.298 W/System  (16643): A resource failed to call CursorWrapperInner.close. 
02-09 23:47:16.298 W/System  (16643): A resource failed to call AbstractCursor.close. 
02-09 23:47:16.298 W/System  (16643): A resource failed to call CursorWrapperInner.close. 
02-09 23:47:16.298 W/System  (16643): A resource failed to call AbstractCursor.close. 
02-09 23:47:16.298 W/System  (16643): A resource failed to call CursorWrapperInner.close. 
02-09 23:47:16.298 W/System  (16643): A resource failed to call AbstractCursor.close. 
02-09 23:47:16.298 W/System  (16643): A resource failed to call CursorWrapperInner.close. 
02-09 23:47:16.298 W/System  (16643): A resource failed to call AbstractCursor.close. 
02-09 23:47:16.298 W/System  (16643): A resource failed to call CursorWrapperInner.close. 
02-09 23:47:16.298 W/System  (16643): A resource failed to call AbstractCursor.close. 
02-09 23:47:16.298 W/System  (16643): A resource failed to call CursorWrapperInner.close. 
02-09 23:47:16.298 W/System  (16643): A resource failed to call AbstractCursor.close. 
02-09 23:47:16.298 W/System  (16643): A resource failed to call CursorWrapperInner.close. 
02-09 23:47:16.298 W/System  (16643): A resource failed to call AbstractCursor.close. 
02-09 23:47:16.298 W/System  (16643): A resource failed to call CursorWrapperInner.close. 
02-09 23:47:16.298 W/System  (16643): A resource failed to call AbstractCursor.close. 
02-09 23:47:16.298 W/System  (16643): A resource failed to call CursorWrapperInner.close. 
02-09 23:47:16.298 W/System  (16643): A resource failed to call AbstractCursor.close. 
02-09 23:47:16.298 W/System  (16643): A resource failed to call CursorWrapperInner.close. 
02-09 23:47:16.299 W/System  (16643): A resource failed to call AbstractCursor.close. 
02-09 23:47:16.299 W/System  (16643): A resource failed to call CursorWrapperInner.close. 
02-09 23:47:16.299 W/System  (16643): A resource failed to call AbstractCursor.close. 
02-09 23:47:16.299 W/System  (16643): A resource failed to call CursorWrapperInner.close. 
02-09 23:47:16.299 W/System  (16643): A resource failed to call AbstractCursor.close. 
02-09 23:47:16.299 W/System  (16643): A resource failed to call CursorWrapperInner.close. 
02-09 23:47:16.299 W/System  (16643): A resource failed to call AbstractCursor.close. 
02-09 23:47:16.299 W/System  (16643): A resource failed to call CursorWrapperInner.close. 
02-09 23:47:16.299 W/System  (16643): A resource failed to call AbstractCursor.close. 
02-09 23:47:16.299 W/System  (16643): A resource failed to call CursorWrapperInner.close. 
02-09 23:47:16.299 W/System  (16643): A resource failed to call AbstractCursor.close. 
02-09 23:47:16.299 W/System  (16643): A resource failed to call CursorWrapperInner.close. 
02-09 23:47:16.299 W/System  (16643): A resource failed to call AbstractCursor.close. 
02-09 23:47:16.299 W/System  (16643): A resource failed to call CursorWrapperInner.close. 
02-09 23:47:16.299 W/System  (16643): A resource failed to call AbstractCursor.close. 
02-09 23:47:16.299 W/System  (16643): A resource failed to call CursorWrapperInner.close. 
02-09 23:47:16.325 W/QC2V4l2Decoder( 1710): [v4lhvcD_231] Allocating output buffer timedout, 86767ms elapsed since last input buffer queued (threshold 1000ms)
02-09 23:47:16.325 W/C2BqBuffer( 1710): last successful dequeue was 87785676 us ago, 0 consecutive failures
02-09 23:47:16.418 E/HeatmapThread( 1776): ECT Thread time in milliseconds: 1770670036
02-09 23:47:16.424 E/HeatmapThread( 1776): !@ CAM New BSOH: 100
02-09 23:47:16.424 E/HeatmapThread( 1776): !@ CAM is Working
02-09 23:47:16.475 W/QC2V4l2Decoder( 1710): [v4lhvcD_231] Allocating output buffer timedout, 86918ms elapsed since last input buffer queued (threshold 1000ms)
02-09 23:47:16.626 W/QC2V4l2Decoder( 1710): [v4lhvcD_231] Allocating output buffer timedout, 87068ms elapsed since last input buffer queued (threshold 1000ms)
02-09 23:47:16.776 W/QC2V4l2Decoder( 1710): [v4lhvcD_231] Allocating output buffer timedout, 87219ms elapsed since last input buffer queued (threshold 1000ms)
02-09 23:47:16.927 W/QC2V4l2Decoder( 1710): [v4lhvcD_231] Allocating output buffer timedout, 87369ms elapsed since last input buffer queued (threshold 1000ms)
02-09 23:47:17.077 W/QC2V4l2Decoder( 1710): [v4lhvcD_231] Allocating output buffer timedout, 87520ms elapsed since last input buffer queued (threshold 1000ms)
02-09 23:47:17.228 W/QC2V4l2Decoder( 1710): [v4lhvcD_231] Allocating output buffer timedout, 87670ms elapsed since last input buffer queued (threshold 1000ms)
02-09 23:47:17.378 W/QC2V4l2Decoder( 1710): [v4lhvcD_231] Allocating output buffer timedout, 87820ms elapsed since last input buffer queued (threshold 1000ms)
02-09 23:47:17.420 E/HeatmapThread( 1776): ECT Thread time in milliseconds: 1770670037
02-09 23:47:17.425 E/HeatmapThread( 1776): !@ CAM New BSOH: 100
02-09 23:47:17.425 E/HeatmapThread( 1776): !@ CAM is Working
02-09 23:47:17.529 W/QC2V4l2Decoder( 1710): [v4lhvcD_231] Allocating output buffer timedout, 87971ms elapsed since last input buffer queued (threshold 1000ms)
02-09 23:47:17.679 W/QC2V4l2Decoder( 1710): [v4lhvcD_231] Allocating output buffer timedout, 88121ms elapsed since last input buffer queued (threshold 1000ms)
02-09 23:47:17.829 W/QC2V4l2Decoder( 1710): [v4lhvcD_231] Allocating output buffer timedout, 88272ms elapsed since last input buffer queued (threshold 1000ms)
02-09 23:47:17.903 E/FromGoneTransitionInteractor( 3998): Ignoring startTransition: This interactor asked to transition from GONE -> LOCKSCREEN, but we last transitioned to DOZING, not GONE. This should never happen - check currentTransitionInfoInternal or use filterRelevantKeyguardState before starting transitions.
02-09 23:47:17.905 W/BLASTSyncEngine( 2640): setSyncMethod, id=810, method=0, caller=com.android.server.wm.TransitionController.moveToCollecting:91 com.android.server.wm.TransitionController.createTransition:46 com.android.server.wm.TransitionController.requestTransitionIfNeeded:48 
02-09 23:47:17.937 W/keymint_tee( 1277): [WRN]ret OK PARAMS: A32, UAT2, PP1, BM32, PD1, AT15, CN1, KS256, CD2026.02.09,23:47:17.933, 
02-09 23:47:17.947 W/keymint_tee( 1277): [WRN]ret OK PARAMS: A32, UAT2, PP1, BM32, PD1, AT15, CN1, KS256, CD2026.02.09,23:47:17.945, 
02-09 23:47:17.954 E/engmode_client_list( 3998): Cannot find client
02-09 23:47:17.954 E/engmode_client_aidl( 3998): Client error
02-09 23:47:17.962 W/View    ( 3998): requestLayout() improperly called by com.android.systemui.qs.SecQSGradationDrawableView{d3df331 V.E...... ......ID 0,0-1080,332 #7f0a0a16 app:id/qs_gradation_view} during layout: running second layout pass
02-09 23:47:17.962 W/View    ( 3998): requestLayout() improperly called by android.widget.FrameLayout{c5faa16 V.E...... ......I. 0,0-1080,2340 #2} during layout: running second layout pass
02-09 23:47:17.962 W/View    ( 3998): requestLayout() improperly called by android.widget.FrameLayout{d924f97 V.E...... ......ID 0,152-1080,2298 #7f0a0a14 app:id/qs_frame} during layout: running second layout pass
02-09 23:47:17.968 E/engmode_world( 1532): Unknown token(00/00/00)
02-09 23:47:17.970 W/KeyguardSecurityViewFlipper( 3998): onMeasure: widthSpec MeasureSpec: EXACTLY 1080 should be AT_MOST
02-09 23:47:17.970 W/KeyguardSecurityViewFlipper( 3998): onMeasure: heightSpec MeasureSpec: EXACTLY 2205 should be AT_MOST
02-09 23:47:17.971 E/engmode_aidl_service( 1278): error to server(0xd0060012)
02-09 23:47:17.980 W/KeyguardSecurityViewFlipper( 3998): onMeasure: widthSpec MeasureSpec: EXACTLY 1080 should be AT_MOST
02-09 23:47:17.980 W/KeyguardSecurityViewFlipper( 3998): onMeasure: heightSpec MeasureSpec: EXACTLY 2205 should be AT_MOST
02-09 23:47:17.980 W/KeyguardSecurityViewFlipper( 3998): onMeasure: widthSpec MeasureSpec: EXACTLY 1080 should be AT_MOST
02-09 23:47:17.980 W/KeyguardSecurityViewFlipper( 3998): onMeasure: heightSpec MeasureSpec: EXACTLY 2205 should be AT_MOST
02-09 23:47:17.980 W/QC2V4l2Decoder( 1710): [v4lhvcD_231] Allocating output buffer timedout, 88422ms elapsed since last input buffer queued (threshold 1000ms)
02-09 23:47:17.981 W/Settings( 3998): Setting accessibility_reduce_transparency has moved from android.provider.Settings.System to android.provider.Settings.Global, returning read-only global URI.
02-09 23:47:17.981 W/Settings( 3998): Setting accessibility_reduce_transparency has moved from android.provider.Settings.System to android.provider.Settings.Global, returning read-only global URI.
02-09 23:47:17.982 W/Settings( 3998): Setting accessibility_reduce_transparency has moved from android.provider.Settings.System to android.provider.Settings.Global, returning read-only global URI.
02-09 23:47:17.983 W/RippleDrawable( 3998): Thread doesn't have a looper. Skipping animation.
02-09 23:47:17.984 W/RippleDrawable( 3998): Thread doesn't have a looper. Skipping animation.
02-09 23:47:17.984 W/Settings( 3998): Setting accessibility_reduce_transparency has moved from android.provider.Settings.System to android.provider.Settings.Global, returning read-only global URI.
02-09 23:47:17.984 W/RippleDrawable( 3998): Thread doesn't have a looper. Skipping animation.
02-09 23:47:17.984 W/RippleDrawable( 3998): Thread doesn't have a looper. Skipping animation.
02-09 23:47:17.984 W/Settings( 3998): Setting accessibility_reduce_transparency has moved from android.provider.Settings.System to android.provider.Settings.Global, returning read-only global URI.
02-09 23:47:17.985 W/RippleDrawable( 3998): Thread doesn't have a looper. Skipping animation.
02-09 23:47:17.986 W/Settings( 3998): Setting accessibility_reduce_transparency has moved from android.provider.Settings.System to android.provider.Settings.Global, returning read-only global URI.
02-09 23:47:17.986 W/Settings( 3998): Setting accessibility_reduce_transparency has moved from android.provider.Settings.System to android.provider.Settings.Global, returning read-only global URI.
02-09 23:47:17.991 W/Settings( 3998): Setting accessibility_reduce_transparency has moved from android.provider.Settings.System to android.provider.Settings.Global, returning read-only global URI.
02-09 23:47:17.997 W/RippleDrawable( 3998): Thread doesn't have a looper. Skipping animation.
02-09 23:47:17.998 W/RippleDrawable( 3998): Thread doesn't have a looper. Skipping animation.
02-09 23:47:17.999 W/Settings( 3998): Setting accessibility_reduce_transparency has moved from android.provider.Settings.System to android.provider.Settings.Global, returning read-only global URI.
02-09 23:47:17.999 W/RippleDrawable( 3998): Thread doesn't have a looper. Skipping animation.
02-09 23:47:17.999 E/engmode_world( 1532): Unknown token(00/00/00)
02-09 23:47:17.999 W/Settings( 3998): Setting accessibility_reduce_transparency has moved from android.provider.Settings.System to android.provider.Settings.Global, returning read-only global URI.
02-09 23:47:18.000 E/engmode_aidl_service( 1278): error to server(0xd0060012)
02-09 23:47:18.000 W/Settings( 3998): Setting accessibility_reduce_transparency has moved from android.provider.Settings.System to android.provider.Settings.Global, returning read-only global URI.
02-09 23:47:18.002 E/SystemUITextView( 3998): set Background Drawable!!
02-09 23:47:18.002 W/AlarmManager( 2640): Unrecognized alarm listener com.android.server.locksettings.LockSettingsStrongAuth$NonStrongBiometricIdleTimeoutAlarmListener@50287fe
02-09 23:47:18.003 W/Settings( 3998): Setting accessibility_reduce_transparency has moved from android.provider.Settings.System to android.provider.Settings.Global, returning read-only global URI.
02-09 23:47:18.003 W/Settings( 3998): Setting accessibility_reduce_transparency has moved from android.provider.Settings.System to android.provider.Settings.Global, returning read-only global URI.
02-09 23:47:18.003 W/Settings( 3998): Setting accessibility_reduce_transparency has moved from android.provider.Settings.System to android.provider.Settings.Global, returning read-only global URI.
02-09 23:47:18.003 W/Settings( 3998): Setting accessibility_reduce_transparency has moved from android.provider.Settings.System to android.provider.Settings.Global, returning read-only global URI.
02-09 23:47:18.003 W/Settings( 3998): Setting accessibility_reduce_transparency has moved from android.provider.Settings.System to android.provider.Settings.Global, returning read-only global URI.
02-09 23:47:18.003 W/Settings( 3998): Setting accessibility_reduce_transparency has moved from android.provider.Settings.System to android.provider.Settings.Global, returning read-only global URI.
02-09 23:47:18.003 W/Settings( 3998): Setting accessibility_reduce_transparency has moved from android.provider.Settings.System to android.provider.Settings.Global, returning read-only global URI.
02-09 23:47:18.003 W/Settings( 3998): Setting accessibility_reduce_transparency has moved from android.provider.Settings.System to android.provider.Settings.Global, returning read-only global URI.
02-09 23:47:18.003 W/Settings( 3998): Setting accessibility_reduce_transparency has moved from android.provider.Settings.System to android.provider.Settings.Global, returning read-only global URI.
02-09 23:47:18.003 W/Settings( 3998): Setting accessibility_reduce_transparency has moved from android.provider.Settings.System to android.provider.Settings.Global, returning read-only global URI.
02-09 23:47:18.003 W/Settings( 3998): Setting airplane_mode_on has moved from android.provider.Settings.System to android.provider.Settings.Global, returning read-only global URI.
02-09 23:47:18.008 W/Settings( 3998): Setting accessibility_reduce_transparency has moved from android.provider.Settings.System to android.provider.Settings.Global, returning read-only global URI.
02-09 23:47:18.009 W/Settings( 3998): Setting accessibility_reduce_transparency has moved from android.provider.Settings.System to android.provider.Settings.Global, returning read-only global URI.
02-09 23:47:18.009 W/Settings( 3998): Setting accessibility_reduce_transparency has moved from android.provider.Settings.System to android.provider.Settings.Global, returning read-only global URI.
02-09 23:47:18.010 W/Settings( 3998): Setting accessibility_reduce_transparency has moved from android.provider.Settings.System to android.provider.Settings.Global, returning read-only global URI.
02-09 23:47:18.010 W/Settings( 3998): Setting accessibility_reduce_transparency has moved from android.provider.Settings.System to android.provider.Settings.Global, returning read-only global URI.
02-09 23:47:18.011 W/Settings( 3998): Setting accessibility_reduce_transparency has moved from android.provider.Settings.System to android.provider.Settings.Global, returning read-only global URI.
02-09 23:47:18.011 W/Settings( 3998): Setting accessibility_reduce_transparency has moved from android.provider.Settings.System to android.provider.Settings.Global, returning read-only global URI.
02-09 23:47:18.011 W/Settings( 3998): Setting accessibility_reduce_transparency has moved from android.provider.Settings.System to android.provider.Settings.Global, returning read-only global URI.
02-09 23:47:18.012 W/Settings( 3998): Setting accessibility_reduce_transparency has moved from android.provider.Settings.System to android.provider.Settings.Global, returning read-only global URI.
02-09 23:47:18.012 W/Settings( 3998): Setting accessibility_reduce_transparency has moved from android.provider.Settings.System to android.provider.Settings.Global, returning read-only global URI.
02-09 23:47:18.013 W/Settings( 3998): Setting accessibility_reduce_transparency has moved from android.provider.Settings.System to android.provider.Settings.Global, returning read-only global URI.
02-09 23:47:18.013 W/Settings( 3998): Setting accessibility_reduce_transparency has moved from android.provider.Settings.System to android.provider.Settings.Global, returning read-only global URI.
02-09 23:47:18.013 W/Settings( 3998): Setting accessibility_reduce_transparency has moved from android.provider.Settings.System to android.provider.Settings.Global, returning read-only global URI.
02-09 23:47:18.014 W/Settings( 3998): Setting accessibility_reduce_transparency has moved from android.provider.Settings.System to android.provider.Settings.Global, returning read-only global URI.
02-09 23:47:18.014 W/Settings( 3998): Setting accessibility_reduce_transparency has moved from android.provider.Settings.System to android.provider.Settings.Global, returning read-only global URI.
02-09 23:47:18.015 W/Settings( 3998): Setting accessibility_reduce_transparency has moved from android.provider.Settings.System to android.provider.Settings.Global, returning read-only global URI.
02-09 23:47:18.015 W/Settings( 3998): Setting accessibility_reduce_transparency has moved from android.provider.Settings.System to android.provider.Settings.Global, returning read-only global URI.
02-09 23:47:18.015 W/Settings( 3998): Setting accessibility_reduce_transparency has moved from android.provider.Settings.System to android.provider.Settings.Global, returning read-only global URI.
02-09 23:47:18.016 W/Settings( 3998): Setting accessibility_reduce_transparency has moved from android.provider.Settings.System to android.provider.Settings.Global, returning read-only global URI.
02-09 23:47:18.016 W/Settings( 3998): Setting accessibility_reduce_transparency has moved from android.provider.Settings.System to android.provider.Settings.Global, returning read-only global URI.
02-09 23:47:18.017 W/KeyguardSecurityViewFlipper( 3998): onMeasure: widthSpec MeasureSpec: EXACTLY 1080 should be AT_MOST
02-09 23:47:18.017 W/KeyguardSecurityViewFlipper( 3998): onMeasure: heightSpec MeasureSpec: EXACTLY 2205 should be AT_MOST
02-09 23:47:18.019 W/KeyguardSecurityViewFlipper( 3998): onMeasure: widthSpec MeasureSpec: EXACTLY 1080 should be AT_MOST
02-09 23:47:18.019 W/KeyguardSecurityViewFlipper( 3998): onMeasure: heightSpec MeasureSpec: EXACTLY 2205 should be AT_MOST
02-09 23:47:18.021 W/Settings( 3998): Setting accessibility_reduce_transparency has moved from android.provider.Settings.System to android.provider.Settings.Global, returning read-only global URI.
02-09 23:47:18.021 W/Settings( 3998): Setting accessibility_reduce_transparency has moved from android.provider.Settings.System to android.provider.Settings.Global, returning read-only global URI.
02-09 23:47:18.022 W/Settings( 3998): Setting accessibility_reduce_transparency has moved from android.provider.Settings.System to android.provider.Settings.Global, returning read-only global URI.
02-09 23:47:18.022 W/Settings( 3998): Setting accessibility_reduce_transparency has moved from android.provider.Settings.System to android.provider.Settings.Global, returning read-only global URI.
02-09 23:47:18.023 W/Settings( 3998): Setting accessibility_reduce_transparency has moved from android.provider.Settings.System to android.provider.Settings.Global, returning read-only global URI.
02-09 23:47:18.023 W/Settings( 3998): Setting accessibility_reduce_transparency has moved from android.provider.Settings.System to android.provider.Settings.Global, returning read-only global URI.
02-09 23:47:18.024 W/Settings( 3998): Setting accessibility_reduce_transparency has moved from android.provider.Settings.System to android.provider.Settings.Global, returning read-only global URI.
02-09 23:47:18.024 W/Settings( 3998): Setting accessibility_reduce_transparency has moved from android.provider.Settings.System to android.provider.Settings.Global, returning read-only global URI.
02-09 23:47:18.024 W/Settings( 3998): Setting accessibility_reduce_transparency has moved from android.provider.Settings.System to android.provider.Settings.Global, returning read-only global URI.
02-09 23:47:18.025 W/Settings( 3998): Setting accessibility_reduce_transparency has moved from android.provider.Settings.System to android.provider.Settings.Global, returning read-only global URI.
02-09 23:47:18.025 W/Settings( 3998): Setting accessibility_reduce_transparency has moved from android.provider.Settings.System to android.provider.Settings.Global, returning read-only global URI.
02-09 23:47:18.026 W/Settings( 3998): Setting accessibility_reduce_transparency has moved from android.provider.Settings.System to android.provider.Settings.Global, returning read-only global URI.
02-09 23:47:18.026 W/Settings( 3998): Setting accessibility_reduce_transparency has moved from android.provider.Settings.System to android.provider.Settings.Global, returning read-only global URI.
02-09 23:47:18.026 W/Settings( 3998): Setting accessibility_reduce_transparency has moved from android.provider.Settings.System to android.provider.Settings.Global, returning read-only global URI.
02-09 23:47:18.027 W/Settings( 3998): Setting accessibility_reduce_transparency has moved from android.provider.Settings.System to android.provider.Settings.Global, returning read-only global URI.
02-09 23:47:18.027 W/Settings( 3998): Setting accessibility_reduce_transparency has moved from android.provider.Settings.System to android.provider.Settings.Global, returning read-only global URI.
02-09 23:47:18.028 W/Settings( 3998): Setting accessibility_reduce_transparency has moved from android.provider.Settings.System to android.provider.Settings.Global, returning read-only global URI.
02-09 23:47:18.028 W/Settings( 3998): Setting accessibility_reduce_transparency has moved from android.provider.Settings.System to android.provider.Settings.Global, returning read-only global URI.
02-09 23:47:18.029 W/Settings( 3998): Setting accessibility_reduce_transparency has moved from android.provider.Settings.System to android.provider.Settings.Global, returning read-only global URI.
02-09 23:47:18.029 W/Settings( 3998): Setting accessibility_reduce_transparency has moved from android.provider.Settings.System to android.provider.Settings.Global, returning read-only global URI.
02-09 23:47:18.034 W/KeyguardSecurityViewFlipper( 3998): onMeasure: widthSpec MeasureSpec: EXACTLY 1080 should be AT_MOST
02-09 23:47:18.034 W/KeyguardSecurityViewFlipper( 3998): onMeasure: heightSpec MeasureSpec: EXACTLY 2205 should be AT_MOST
02-09 23:47:18.034 W/KeyguardSecurityViewFlipper( 3998): onMeasure: widthSpec MeasureSpec: EXACTLY 1080 should be AT_MOST
02-09 23:47:18.034 W/KeyguardSecurityViewFlipper( 3998): onMeasure: heightSpec MeasureSpec: EXACTLY 2205 should be AT_MOST
02-09 23:47:18.116 W/JobInfo ( 1888): Job 'com.alibaba.intl.android.apps.poseidon/com.taobao.accs.internal.AccsJobService#2050' has a deadline with functional constraints and an extremely short time window of 0 ms (delay=80000, deadline=80000). The functional constraints are not likely to be satisfied when the job runs.
02-09 23:47:18.118 W/JobInfo ( 2640): Job 'com.alibaba.intl.android.apps.poseidon/com.taobao.accs.internal.AccsJobService#2050' has a deadline with functional constraints and an extremely short time window of 0 ms (delay=80000, deadline=80000). The functional constraints are not likely to be satisfied when the job runs.
02-09 23:47:18.119 W/JobInfo ( 2640): Job 'com.alibaba.intl.android.apps.poseidon/com.taobao.accs.internal.AccsJobService#2050' has a deadline with functional constraints and an extremely short time window of 0 ms (delay=80000, deadline=80000). The functional constraints are not likely to be satisfied when the job runs.
02-09 23:47:18.130 W/QC2V4l2Decoder( 1710): [v4lhvcD_231] Allocating output buffer timedout, 88573ms elapsed since last input buffer queued (threshold 1000ms)
02-09 23:47:18.281 W/QC2V4l2Decoder( 1710): [v4lhvcD_231] Allocating output buffer timedout, 88723ms elapsed since last input buffer queued (threshold 1000ms)
02-09 23:47:18.290 I/flutter (25247): [Matrix] [33mSyncloop failed: Client has not connection to the server[0m
02-09 23:47:18.397 W/JobInfo (14271): Job 'com.alibaba.aliexpresshd/com.taobao.accs.internal.AccsJobService#2050' has a deadline with functional constraints and an extremely short time window of 0 ms (delay=80000, deadline=80000). The functional constraints are not likely to be satisfied when the job runs.
02-09 23:47:18.398 W/JobInfo ( 2640): Job 'com.alibaba.aliexpresshd/com.taobao.accs.internal.AccsJobService#2050' has a deadline with functional constraints and an extremely short time window of 0 ms (delay=80000, deadline=80000). The functional constraints are not likely to be satisfied when the job runs.
02-09 23:47:18.399 W/JobInfo ( 2640): Job 'com.alibaba.aliexpresshd/com.taobao.accs.internal.AccsJobService#2050' has a deadline with functional constraints and an extremely short time window of 0 ms (delay=80000, deadline=80000). The functional constraints are not likely to be satisfied when the job runs.
02-09 23:47:18.419 E/HeatmapThread( 1776): ECT Thread time in milliseconds: 1770670038
02-09 23:47:18.424 E/HeatmapThread( 1776): !@ CAM New BSOH: 100
02-09 23:47:18.424 E/HeatmapThread( 1776): !@ CAM is Working
02-09 23:47:18.431 W/QC2V4l2Decoder( 1710): [v4lhvcD_231] Allocating output buffer timedout, 88873ms elapsed since last input buffer queued (threshold 1000ms)
02-09 23:47:18.581 W/QC2V4l2Decoder( 1710): [v4lhvcD_231] Allocating output buffer timedout, 89024ms elapsed since last input buffer queued (threshold 1000ms)
02-09 23:47:18.732 W/QC2V4l2Decoder( 1710): [v4lhvcD_231] Allocating output buffer timedout, 89174ms elapsed since last input buffer queued (threshold 1000ms)
02-09 23:47:18.883 W/QC2V4l2Decoder( 1710): [v4lhvcD_231] Allocating output buffer timedout, 89326ms elapsed since last input buffer queued (threshold 1000ms)
02-09 23:47:19.034 W/QC2V4l2Decoder( 1710): [v4lhvcD_231] Allocating output buffer timedout, 89476ms elapsed since last input buffer queued (threshold 1000ms)
02-09 23:47:19.184 W/QC2V4l2Decoder( 1710): [v4lhvcD_231] Allocating output buffer timedout, 89627ms elapsed since last input buffer queued (threshold 1000ms)
02-09 23:47:19.335 W/QC2V4l2Decoder( 1710): [v4lhvcD_231] Allocating output buffer timedout, 89777ms elapsed since last input buffer queued (threshold 1000ms)
02-09 23:47:19.418 E/HeatmapThread( 1776): ECT Thread time in milliseconds: 1770670039
02-09 23:47:19.423 E/HeatmapThread( 1776): !@ CAM New BSOH: 100
02-09 23:47:19.423 E/HeatmapThread( 1776): !@ CAM is Working
02-09 23:47:19.486 W/QC2V4l2Decoder( 1710): [v4lhvcD_231] Allocating output buffer timedout, 89928ms elapsed since last input buffer queued (threshold 1000ms)
02-09 23:47:19.636 W/QC2V4l2Decoder( 1710): [v4lhvcD_231] Allocating output buffer timedout, 90079ms elapsed since last input buffer queued (threshold 1000ms)
02-09 23:47:19.787 W/QC2V4l2Decoder( 1710): [v4lhvcD_231] Allocating output buffer timedout, 90229ms elapsed since last input buffer queued (threshold 1000ms)
02-09 23:47:19.937 W/QC2V4l2Decoder( 1710): [v4lhvcD_231] Allocating output buffer timedout, 90379ms elapsed since last input buffer queued (threshold 1000ms)
02-09 23:47:20.088 W/QC2V4l2Decoder( 1710): [v4lhvcD_231] Allocating output buffer timedout, 90530ms elapsed since last input buffer queued (threshold 1000ms)
02-09 23:47:20.238 W/QC2V4l2Decoder( 1710): [v4lhvcD_231] Allocating output buffer timedout, 90680ms elapsed since last input buffer queued (threshold 1000ms)
02-09 23:47:20.389 W/QC2V4l2Decoder( 1710): [v4lhvcD_231] Allocating output buffer timedout, 90831ms elapsed since last input buffer queued (threshold 1000ms)
02-09 23:47:20.418 E/HeatmapThread( 1776): ECT Thread time in milliseconds: 1770670040
02-09 23:47:20.423 E/HeatmapThread( 1776): !@ CAM New BSOH: 100
02-09 23:47:20.423 E/HeatmapThread( 1776): !@ CAM is Working
02-09 23:47:20.539 W/QC2V4l2Decoder( 1710): [v4lhvcD_231] Allocating output buffer timedout, 90981ms elapsed since last input buffer queued (threshold 1000ms)
02-09 23:47:20.689 W/QC2V4l2Decoder( 1710): [v4lhvcD_231] Allocating output buffer timedout, 91132ms elapsed since last input buffer queued (threshold 1000ms)
02-09 23:47:20.840 W/QC2V4l2Decoder( 1710): [v4lhvcD_231] Allocating output buffer timedout, 91282ms elapsed since last input buffer queued (threshold 1000ms)
02-09 23:47:20.990 W/QC2V4l2Decoder( 1710): [v4lhvcD_231] Allocating output buffer timedout, 91432ms elapsed since last input buffer queued (threshold 1000ms)
02-09 23:47:21.140 W/QC2V4l2Decoder( 1710): [v4lhvcD_231] Allocating output buffer timedout, 91583ms elapsed since last input buffer queued (threshold 1000ms)
02-09 23:47:21.275 E/u4native(10005): [InfoLevelMessage] [INFO:not_a_file.cc(0)] NetworkServiceThread heartbeat, pid/tid: 10005/11236, interval/index: 30s/38
02-09 23:47:21.291 W/QC2V4l2Decoder( 1710): [v4lhvcD_231] Allocating output buffer timedout, 91733ms elapsed since last input buffer queued (threshold 1000ms)
02-09 23:47:21.318 E/u4native(10005): [InfoLevelMessage] [INFO:not_a_file.cc(0)] BrowserIOThread heartbeat, pid/tid: 10005/11216, interval/index: 30s/38, ucCoreSoImplVersion: 5.18.9.0_250713225318
02-09 23:47:21.418 E/HeatmapThread( 1776): ECT Thread time in milliseconds: 1770670041
02-09 23:47:21.424 E/HeatmapThread( 1776): !@ CAM New BSOH: 100
02-09 23:47:21.424 E/HeatmapThread( 1776): !@ CAM is Working
02-09 23:47:21.441 W/QC2V4l2Decoder( 1710): [v4lhvcD_231] Allocating output buffer timedout, 91883ms elapsed since last input buffer queued (threshold 1000ms)
02-09 23:47:21.441 W/C2BqBuffer( 1710): last successful dequeue was 92901864 us ago, 0 consecutive failures
02-09 23:47:21.592 W/QC2V4l2Decoder( 1710): [v4lhvcD_231] Allocating output buffer timedout, 92034ms elapsed since last input buffer queued (threshold 1000ms)
02-09 23:47:21.742 W/QC2V4l2Decoder( 1710): [v4lhvcD_231] Allocating output buffer timedout, 92184ms elapsed since last input buffer queued (threshold 1000ms)
02-09 23:47:21.892 W/QC2V4l2Decoder( 1710): [v4lhvcD_231] Allocating output buffer timedout, 92335ms elapsed since last input buffer queued (threshold 1000ms)
02-09 23:47:22.043 W/QC2V4l2Decoder( 1710): [v4lhvcD_231] Allocating output buffer timedout, 92485ms elapsed since last input buffer queued (threshold 1000ms)
02-09 23:47:22.193 W/QC2V4l2Decoder( 1710): [v4lhvcD_231] Allocating output buffer timedout, 92635ms elapsed since last input buffer queued (threshold 1000ms)
02-09 23:47:22.344 W/QC2V4l2Decoder( 1710): [v4lhvcD_231] Allocating output buffer timedout, 92786ms elapsed since last input buffer queued (threshold 1000ms)
02-09 23:47:22.418 E/HeatmapThread( 1776): ECT Thread time in milliseconds: 1770670042
02-09 23:47:22.423 E/HeatmapThread( 1776): !@ CAM New BSOH: 100
02-09 23:47:22.423 E/HeatmapThread( 1776): !@ CAM is Working
02-09 23:47:22.494 W/QC2V4l2Decoder( 1710): [v4lhvcD_231] Allocating output buffer timedout, 92936ms elapsed since last input buffer queued (threshold 1000ms)
02-09 23:47:22.645 W/QC2V4l2Decoder( 1710): [v4lhvcD_231] Allocating output buffer timedout, 93087ms elapsed since last input buffer queued (threshold 1000ms)
02-09 23:47:22.796 W/QC2V4l2Decoder( 1710): [v4lhvcD_231] Allocating output buffer timedout, 93238ms elapsed since last input buffer queued (threshold 1000ms)
02-09 23:47:22.946 W/QC2V4l2Decoder( 1710): [v4lhvcD_231] Allocating output buffer timedout, 93389ms elapsed since last input buffer queued (threshold 1000ms)
02-09 23:47:23.046 W/Settings(10005): Setting adb_enabled has moved from android.provider.Settings.Secure to android.provider.Settings.Global.
02-09 23:47:23.097 W/QC2V4l2Decoder( 1710): [v4lhvcD_231] Allocating output buffer timedout, 93539ms elapsed since last input buffer queued (threshold 1000ms)
02-09 23:47:23.247 W/QC2V4l2Decoder( 1710): [v4lhvcD_231] Allocating output buffer timedout, 93689ms elapsed since last input buffer queued (threshold 1000ms)
02-09 23:47:23.397 W/QC2V4l2Decoder( 1710): [v4lhvcD_231] Allocating output buffer timedout, 93840ms elapsed since last input buffer queued (threshold 1000ms)
02-09 23:47:23.418 E/HeatmapThread( 1776): ECT Thread time in milliseconds: 1770670043
02-09 23:47:23.424 E/HeatmapThread( 1776): !@ CAM New BSOH: 100
02-09 23:47:23.425 E/HeatmapThread( 1776): !@ CAM is Working
02-09 23:47:23.548 W/QC2V4l2Decoder( 1710): [v4lhvcD_231] Allocating output buffer timedout, 93990ms elapsed since last input buffer queued (threshold 1000ms)
02-09 23:47:23.698 W/QC2V4l2Decoder( 1710): [v4lhvcD_231] Allocating output buffer timedout, 94140ms elapsed since last input buffer queued (threshold 1000ms)
02-09 23:47:23.849 W/QC2V4l2Decoder( 1710): [v4lhvcD_231] Allocating output buffer timedout, 94291ms elapsed since last input buffer queued (threshold 1000ms)
02-09 23:47:23.999 W/QC2V4l2Decoder( 1710): [v4lhvcD_231] Allocating output buffer timedout, 94442ms elapsed since last input buffer queued (threshold 1000ms)
02-09 23:47:24.152 W/QC2V4l2Decoder( 1710): [v4lhvcD_231] Allocating output buffer timedout, 94594ms elapsed since last input buffer queued (threshold 1000ms)
02-09 23:47:24.305 W/QC2V4l2Decoder( 1710): [v4lhvcD_231] Allocating output buffer timedout, 94747ms elapsed since last input buffer queued (threshold 1000ms)
02-09 23:47:24.418 E/HeatmapThread( 1776): ECT Thread time in milliseconds: 1770670044
02-09 23:47:24.422 E/HeatmapThread( 1776): !@ CAM New BSOH: 100
02-09 23:47:24.422 E/HeatmapThread( 1776): !@ CAM is Working
02-09 23:47:24.455 W/QC2V4l2Decoder( 1710): [v4lhvcD_231] Allocating output buffer timedout, 94897ms elapsed since last input buffer queued (threshold 1000ms)
02-09 23:47:24.605 W/QC2V4l2Decoder( 1710): [v4lhvcD_231] Allocating output buffer timedout, 95048ms elapsed since last input buffer queued (threshold 1000ms)
02-09 23:47:24.756 W/QC2V4l2Decoder( 1710): [v4lhvcD_231] Allocating output buffer timedout, 95198ms elapsed since last input buffer queued (threshold 1000ms)
02-09 23:47:24.909 W/QC2V4l2Decoder( 1710): [v4lhvcD_231] Allocating output buffer timedout, 95351ms elapsed since last input buffer queued (threshold 1000ms)
02-09 23:47:25.059 W/QC2V4l2Decoder( 1710): [v4lhvcD_231] Allocating output buffer timedout, 95501ms elapsed since last input buffer queued (threshold 1000ms)
02-09 23:47:25.209 W/QC2V4l2Decoder( 1710): [v4lhvcD_231] Allocating output buffer timedout, 95652ms elapsed since last input buffer queued (threshold 1000ms)
02-09 23:47:25.360 W/QC2V4l2Decoder( 1710): [v4lhvcD_231] Allocating output buffer timedout, 95802ms elapsed since last input buffer queued (threshold 1000ms)
02-09 23:47:25.418 E/HeatmapThread( 1776): ECT Thread time in milliseconds: 1770670045
02-09 23:47:25.425 E/HeatmapThread( 1776): !@ CAM New BSOH: 100
02-09 23:47:25.425 E/HeatmapThread( 1776): !@ CAM is Working
02-09 23:47:25.461 E/BatteryDump( 1714): !@new_battery_dump : 4175,5,1125,1800,84,367,356,394,367,0,388,394,0,Not-charging,NO_CHARGING,Normal,Good,PDIC,0,Normal,0,0,9300,0x8000,0x11010000,0x0,0,0,0000,0000,00000000,0,0,0,0,329,4176,8354,990,0,
02-09 23:47:25.511 W/QC2V4l2Decoder( 1710): [v4lhvcD_231] Allocating output buffer timedout, 95953ms elapsed since last input buffer queued (threshold 1000ms)
02-09 23:47:25.661 W/QC2V4l2Decoder( 1710): [v4lhvcD_231] Allocating output buffer timedout, 96104ms elapsed since last input buffer queued (threshold 1000ms)
02-09 23:47:25.814 W/QC2V4l2Decoder( 1710): [v4lhvcD_231] Allocating output buffer timedout, 96256ms elapsed since last input buffer queued (threshold 1000ms)
02-09 23:47:25.964 W/QC2V4l2Decoder( 1710): [v4lhvcD_231] Allocating output buffer timedout, 96407ms elapsed since last input buffer queued (threshold 1000ms)
02-09 23:47:26.115 W/QC2V4l2Decoder( 1710): [v4lhvcD_231] Allocating output buffer timedout, 96557ms elapsed since last input buffer queued (threshold 1000ms)
02-09 23:47:26.265 W/QC2V4l2Decoder( 1710): [v4lhvcD_231] Allocating output buffer timedout, 96707ms elapsed since last input buffer queued (threshold 1000ms)
02-09 23:47:26.415 W/QC2V4l2Decoder( 1710): [v4lhvcD_231] Allocating output buffer timedout, 96858ms elapsed since last input buffer queued (threshold 1000ms)
02-09 23:47:26.418 E/HeatmapThread( 1776): ECT Thread time in milliseconds: 1770670046
02-09 23:47:26.424 E/HeatmapThread( 1776): !@ CAM New BSOH: 100
02-09 23:47:26.424 E/HeatmapThread( 1776): !@ CAM is Working
02-09 23:47:26.566 W/QC2V4l2Decoder( 1710): [v4lhvcD_231] Allocating output buffer timedout, 97008ms elapsed since last input buffer queued (threshold 1000ms)
02-09 23:47:26.566 W/C2BqBuffer( 1710): last successful dequeue was 98026643 us ago, 0 consecutive failures
02-09 23:47:26.717 W/QC2V4l2Decoder( 1710): [v4lhvcD_231] Allocating output buffer timedout, 97159ms elapsed since last input buffer queued (threshold 1000ms)
02-09 23:47:26.867 W/QC2V4l2Decoder( 1710): [v4lhvcD_231] Allocating output buffer timedout, 97309ms elapsed since last input buffer queued (threshold 1000ms)
02-09 23:47:27.017 W/QC2V4l2Decoder( 1710): [v4lhvcD_231] Allocating output buffer timedout, 97460ms elapsed since last input buffer queued (threshold 1000ms)
02-09 23:47:27.168 W/QC2V4l2Decoder( 1710): [v4lhvcD_231] Allocating output buffer timedout, 97610ms elapsed since last input buffer queued (threshold 1000ms)
02-09 23:47:27.318 W/QC2V4l2Decoder( 1710): [v4lhvcD_231] Allocating output buffer timedout, 97761ms elapsed since last input buffer queued (threshold 1000ms)
02-09 23:47:27.418 E/HeatmapThread( 1776): ECT Thread time in milliseconds: 1770670047
02-09 23:47:27.423 E/HeatmapThread( 1776): !@ CAM New BSOH: 100
02-09 23:47:27.424 E/HeatmapThread( 1776): !@ CAM is Working
02-09 23:47:27.469 W/QC2V4l2Decoder( 1710): [v4lhvcD_231] Allocating output buffer timedout, 97911ms elapsed since last input buffer queued (threshold 1000ms)
02-09 23:47:27.619 W/QC2V4l2Decoder( 1710): [v4lhvcD_231] Allocating output buffer timedout, 98062ms elapsed since last input buffer queued (threshold 1000ms)
02-09 23:47:27.770 W/QC2V4l2Decoder( 1710): [v4lhvcD_231] Allocating output buffer timedout, 98212ms elapsed since last input buffer queued (threshold 1000ms)
02-09 23:47:27.921 W/QC2V4l2Decoder( 1710): [v4lhvcD_231] Allocating output buffer timedout, 98363ms elapsed since last input buffer queued (threshold 1000ms)
02-09 23:47:28.071 W/QC2V4l2Decoder( 1710): [v4lhvcD_231] Allocating output buffer timedout, 98514ms elapsed since last input buffer queued (threshold 1000ms)
02-09 23:47:28.222 W/QC2V4l2Decoder( 1710): [v4lhvcD_231] Allocating output buffer timedout, 98664ms elapsed since last input buffer queued (threshold 1000ms)
02-09 23:47:28.373 W/QC2V4l2Decoder( 1710): [v4lhvcD_231] Allocating output buffer timedout, 98815ms elapsed since last input buffer queued (threshold 1000ms)
02-09 23:47:28.418 E/HeatmapThread( 1776): ECT Thread time in milliseconds: 1770670048
02-09 23:47:28.425 E/HeatmapThread( 1776): !@ CAM New BSOH: 100
02-09 23:47:28.425 E/HeatmapThread( 1776): !@ CAM is Working
02-09 23:47:28.524 W/QC2V4l2Decoder( 1710): [v4lhvcD_231] Allocating output buffer timedout, 98966ms elapsed since last input buffer queued (threshold 1000ms)
02-09 23:47:28.674 W/QC2V4l2Decoder( 1710): [v4lhvcD_231] Allocating output buffer timedout, 99117ms elapsed since last input buffer queued (threshold 1000ms)
02-09 23:47:28.825 W/QC2V4l2Decoder( 1710): [v4lhvcD_231] Allocating output buffer timedout, 99268ms elapsed since last input buffer queued (threshold 1000ms)
02-09 23:47:28.976 W/QC2V4l2Decoder( 1710): [v4lhvcD_231] Allocating output buffer timedout, 99418ms elapsed since last input buffer queued (threshold 1000ms)
02-09 23:47:29.126 W/QC2V4l2Decoder( 1710): [v4lhvcD_231] Allocating output buffer timedout, 99568ms elapsed since last input buffer queued (threshold 1000ms)
02-09 23:47:29.276 W/QC2V4l2Decoder( 1710): [v4lhvcD_231] Allocating output buffer timedout, 99719ms elapsed since last input buffer queued (threshold 1000ms)
02-09 23:47:29.418 E/HeatmapThread( 1776): ECT Thread time in milliseconds: 1770670049
02-09 23:47:29.424 E/HeatmapThread( 1776): !@ CAM New BSOH: 100
02-09 23:47:29.424 E/HeatmapThread( 1776): !@ CAM is Working
02-09 23:47:29.427 W/QC2V4l2Decoder( 1710): [v4lhvcD_231] Allocating output buffer timedout, 99869ms elapsed since last input buffer queued (threshold 1000ms)
02-09 23:47:29.577 W/QC2V4l2Decoder( 1710): [v4lhvcD_231] Allocating output buffer timedout, 100019ms elapsed since last input buffer queued (threshold 1000ms)
02-09 23:47:29.728 W/QC2V4l2Decoder( 1710): [v4lhvcD_231] Allocating output buffer timedout, 100170ms elapsed since last input buffer queued (threshold 1000ms)
02-09 23:47:29.879 W/QC2V4l2Decoder( 1710): [v4lhvcD_231] Allocating output buffer timedout, 100321ms elapsed since last input buffer queued (threshold 1000ms)
02-09 23:47:30.029 W/QC2V4l2Decoder( 1710): [v4lhvcD_231] Allocating output buffer timedout, 100472ms elapsed since last input buffer queued (threshold 1000ms)
02-09 23:47:30.180 W/QC2V4l2Decoder( 1710): [v4lhvcD_231] Allocating output buffer timedout, 100622ms elapsed since last input buffer queued (threshold 1000ms)
02-09 23:47:30.331 W/QC2V4l2Decoder( 1710): [v4lhvcD_231] Allocating output buffer timedout, 100773ms elapsed since last input buffer queued (threshold 1000ms)
02-09 23:47:30.418 E/HeatmapThread( 1776): ECT Thread time in milliseconds: 1770670050
02-09 23:47:30.423 E/HeatmapThread( 1776): !@ CAM New BSOH: 100
