02-09 23:45:47.875 W/qdgralloc( 1804): getInterlacedFlag: getMetaData returned 3, defaulting to interlaced_flag = 0
02-09 23:45:47.895 W/WallpaperManagerService( 2640): getWallpaperIdForUser wallpaper = WallpaperData@31d30e4, id: 257, which: 7, file mod: 0, info: WallpaperInfo{com.samsung.android.wallpaper.live.layered.LayeredWallpaperService, settings: null}, engine(s): Proxy@b26be58, type = 7, userId = 0, uri= null, allowBackup= true, wallpaperComponent = ComponentInfo{com.samsung.android.wallpaper.live/com.samsung.android.wallpaper.live.layered.LayeredWallpaperService}, nextWallpaperComponent = ComponentInfo{com.samsung.android.wallpaper.live/com.samsung.android.wallpaper.live.layered.LayeredWallpaperService}
02-09 23:45:47.898 W/keymint_tee( 1277): [WRN]begin req PARAMS: A32, BM2, PD64, 
02-09 23:45:47.917 W/qdgralloc( 1804): getInterlacedFlag: getMetaData returned 3, defaulting to interlaced_flag = 0
02-09 23:45:47.917 E/MediaDrm(24806): Object Already unbinded 
02-09 23:45:47.918 E/MediaDrm(24806): Object Already unbinded 
02-09 23:45:47.958 W/qdgralloc( 1804): getInterlacedFlag: getMetaData returned 3, defaulting to interlaced_flag = 0
02-09 23:45:48.000 W/qdgralloc( 1804): getInterlacedFlag: getMetaData returned 3, defaulting to interlaced_flag = 0
02-09 23:45:48.039 W/Finsky  (21188): [2] STU: Failed to get storage stats for package 'com.google.android.appsearch' (1601: Error getting stats: android.content.pm.PackageManager.NameNotFoundException)
02-09 23:45:48.042 W/qdgralloc( 1804): getInterlacedFlag: getMetaData returned 3, defaulting to interlaced_flag = 0
02-09 23:45:48.052 W/Finsky  (21188): [2] STU: Failed to get storage stats for package 'com.google.android.art' (1601: Error getting stats: android.content.pm.PackageManager.NameNotFoundException)
02-09 23:45:48.083 W/qdgralloc( 1804): getInterlacedFlag: getMetaData returned 3, defaulting to interlaced_flag = 0
02-09 23:45:48.125 W/qdgralloc( 1804): getInterlacedFlag: getMetaData returned 3, defaulting to interlaced_flag = 0
02-09 23:45:48.166 W/qdgralloc( 1804): getInterlacedFlag: getMetaData returned 3, defaulting to interlaced_flag = 0
02-09 23:45:48.208 W/qdgralloc( 1804): getInterlacedFlag: getMetaData returned 3, defaulting to interlaced_flag = 0
02-09 23:45:48.253 W/Finsky  (21188): [2] STU: Failed to get storage stats for package 'com.android.bt' (1601: Error getting stats: android.content.pm.PackageManager.NameNotFoundException)
02-09 23:45:48.266 E/SurfaceFlinger( 1804): alpha changed 1.000 -> 0.000 - Surface(name=26e1d8 InputMethod)/@0x460d433 - animation-leash of insets_animation#9473
02-09 23:45:48.267 W/qdgralloc( 1804): getInterlacedFlag: getMetaData returned 3, defaulting to interlaced_flag = 0
02-09 23:45:48.307 W/Finsky  (21188): [2] STU: Failed to get storage stats for package 'com.google.android.mediaprovider' (1601: Error getting stats: android.content.pm.PackageManager.NameNotFoundException)
02-09 23:45:48.308 W/qdgralloc( 1804): getInterlacedFlag: getMetaData returned 3, defaulting to interlaced_flag = 0
02-09 23:45:48.331 W/Finsky  (21188): [2] STU: Failed to get storage stats for package 'com.android.virt' (1601: Error getting stats: android.content.pm.PackageManager.NameNotFoundException)
02-09 23:45:48.340 W/Finsky  (21188): [2] STU: Failed to get storage stats for package 'com.google.android.resolv' (1601: Error getting stats: android.content.pm.PackageManager.NameNotFoundException)
02-09 23:45:48.350 W/qdgralloc( 1804): getInterlacedFlag: getMetaData returned 3, defaulting to interlaced_flag = 0
02-09 23:45:48.370 W/Finsky  (21188): [2] STU: Failed to get storage stats for package 'com.google.android.configinfrastructure' (1601: Error getting stats: android.content.pm.PackageManager.NameNotFoundException)
02-09 23:45:48.370 W/Finsky  (21188): [2] STU: Failed to get storage stats for package 'com.google.android.media' (1601: Error getting stats: android.content.pm.PackageManager.NameNotFoundException)
02-09 23:45:48.391 W/qdgralloc( 1804): getInterlacedFlag: getMetaData returned 3, defaulting to interlaced_flag = 0
02-09 23:45:48.418 E/HeatmapThread( 1776): ECT Thread time in milliseconds: 1770669948
02-09 23:45:48.423 E/HeatmapThread( 1776): !@ CAM New BSOH: 100
02-09 23:45:48.423 E/HeatmapThread( 1776): !@ CAM is Working
02-09 23:45:48.428 W/Finsky  (21188): [2] STU: Failed to get storage stats for package 'com.android.vndk.v34' (1601: Error getting stats: android.content.pm.PackageManager.NameNotFoundException)
02-09 23:45:48.433 W/qdgralloc( 1804): getInterlacedFlag: getMetaData returned 3, defaulting to interlaced_flag = 0
02-09 23:45:48.475 W/qdgralloc( 1804): getInterlacedFlag: getMetaData returned 3, defaulting to interlaced_flag = 0
02-09 23:45:48.502 W/BLASTSyncEngine( 2640): setSyncMethod, id=808, method=0, caller=com.android.server.wm.TransitionController.moveToCollecting:91 com.android.server.wm.TransitionController.startCollectOrQueue:94 com.android.server.wm.WindowOrganizerController.startTransition:22 
02-09 23:45:48.507 E/SurfaceFlinger( 1804): alpha changed 0.007 -> 0.000 - Task=85#7180
02-09 23:45:48.507 E/SurfaceFlinger( 1804): alpha changed 0.000 -> 0.000 - Task=85#7180
02-09 23:45:48.515 W/ContextImpl( 6883): Calling a method in the system process without a qualified user: android.app.ContextImpl.startService:2068 android.content.ContextWrapper.startService:872 android.content.ContextWrapper.startService:872 com.sec.android.diagmonagent.sa.receiver.CFLogReceiver.onReceive:56 android.app.ActivityThread.handleReceiver:5663 
02-09 23:45:48.515 W/libc    ( 5965): Access denied finding property "vendor.display.enable_optimal_refresh_rate"
02-09 23:45:48.517 W/qdgralloc( 1804): getInterlacedFlag: getMetaData returned 3, defaulting to interlaced_flag = 0
02-09 23:45:48.519 W/QC2Interface( 1710): [hvcD_231] Few parameters failed to configure
02-09 23:45:48.519 W/ShellTaskOrganizer( 3998): clearForcedResizablePackagesIfNeeded
02-09 23:45:48.525 W/WindowManager( 2640): Failed looking up window session=Session{f8ee0de 3998:u0a10049} callers=com.android.server.wm.Session.remove:10 android.view.IWindowSession$Stub.onTransact:804 com.android.server.wm.Session.onTransact:1 
02-09 23:45:48.527 E/TransitionChain( 2640): Can't collect into a chain with no transition
02-09 23:45:48.532 E/SurfaceFlinger( 1804): alpha changed 0.000 -> 1.000 - Task=85#7180
02-09 23:45:48.550 E/SensorService( 2640): BigData:Pakage) 1 already disabled. 
02-09 23:45:48.557 E/Moneta::ExternalDataContentProvider(13386): insert - main switch is off
02-09 23:45:48.558 W/qdgralloc( 1804): getInterlacedFlag: getMetaData returned 3, defaulting to interlaced_flag = 0
02-09 23:45:48.562 W/BWU@AudioPlaybackControlManager(13064): Ph_ignore this changed [VF-T-L] 
02-09 23:45:48.572 E/MediaControlProfile(16699): onCurrentPlayerStateUpdated: base actions not supported, player actions= 36f, expected at least= 7f
02-09 23:45:48.574 W/avrcp   (16699): system/profile/avrcp/device.cc:1365 PlaybackPosNotificationResponse: Device not registered for update
02-09 23:45:48.575 W/MediaControlGattService(16699): Feature PLAYBACK_SPEED(BIT 8) support: true
02-09 23:45:48.575 W/MediaControlGattService(16699): Feature PLAYBACK_SPEED(BIT 8) support: true
02-09 23:45:48.575 W/MediaControlGattService(16699): Feature PLAYBACK_SPEED(BIT 8) support: true
02-09 23:45:48.575 W/MediaControlGattService(16699): Feature TRACK_POSITION(BIT 7) support: true
02-09 23:45:48.575 W/MediaControlGattService(16699): Feature TRACK_POSITION_NOTIFY support: true
02-09 23:45:48.575 W/MediaControlGattService(16699): Feature MEDIA_STATE(BIT 17) support: true
02-09 23:45:48.575 W/MediaControlGattService(16699): Feature MEDIA_STATE(BIT 17) support: true
02-09 23:45:48.576 E/BTAudioA2dpSehAIDL(16699): system/audio_hal_interface/seh_aidl/a2dp/a2dp_encoding_aidl.cc:884 is_stream_started_by_hal: true
02-09 23:45:48.579 W/MediaControlGattService(16699): Feature PLAYER_NAME(BIT 1) support: true
02-09 23:45:48.579 W/MediaControlGattService(16699): Feature PLAYER_NAME(BIT 1) support: true
02-09 23:45:48.579 W/MediaControlGattService(16699): Feature MEDIA_CONTROL_POINT_OPCODES_SUPPORTED(BIT 19) support: true
02-09 23:45:48.579 W/MediaControlGattService(16699): Feature MEDIA_STATE(BIT 17) support: true
02-09 23:45:48.579 W/MediaControlGattService(16699): Feature MEDIA_STATE(BIT 17) support: true
02-09 23:45:48.579 W/MediaControlGattService(16699): Feature MEDIA_STATE(BIT 17) support: true
02-09 23:45:48.579 W/MediaControlGattService(16699): Feature SEEKING_SPEED(BIT 9) support: true
02-09 23:45:48.579 W/MediaControlGattService(16699): Feature SEEKING_SPEED(BIT 9) support: true
02-09 23:45:48.579 W/MediaControlGattService(16699): Feature SEEKING_SPEED(BIT 9) support: true
02-09 23:45:48.585 E/WindowManager( 2640): win=Window{98d5d23 u0 org.jellyfin.mobile/org.jellyfin.mobile.MainActivity} destroySurfaces: appStopped=true cleanupOnResume=false win.mWindowRemovalAllowed=false win.mRemoveOnExit=false win.mViewVisibility=8 caller=com.android.server.wm.ActivityRecord.destroySurfaces:25 com.android.server.wm.ActivityRecord.activityStopped:192 com.android.server.wm.ActivityClientController.activityStopped:97 android.app.IActivityClientController$Stub.onTransact:740 com.android.server.wm.ActivityClientController.onTransact:1 android.os.Binder.execTransactInternal:1462 android.os.Binder.execTransact:1401 
02-09 23:45:48.597 W/RefactorFlag( 3998): New code path expects SceneContainerFlag to be enabled.
02-09 23:45:48.603 W/Finsky  (21188): [2] STU: Failed to get storage stats for package 'com.google.android.sdkext' (1601: Error getting stats: android.content.pm.PackageManager.NameNotFoundException)
02-09 23:45:48.619 E/NotificationService( 2640): isPkgBlocked = true
02-09 23:45:48.619 E/NotificationService( 2640): isRecordBlocked = false
02-09 23:45:48.619 E/NotificationService( 2640): isPkgBlocked = true
02-09 23:45:48.619 E/NotificationService( 2640): isRecordBlocked = false
02-09 23:45:48.635 W/Finsky  (21188): [2] STU: Failed to get storage stats for package 'com.samsung.android.biometrics.face' (1601: Error getting stats: android.content.pm.PackageManager.NameNotFoundException)
02-09 23:45:48.638 W/Finsky  (21188): [2] STU: Failed to get storage stats for package 'com.google.android.adservices' (1601: Error getting stats: android.content.pm.PackageManager.NameNotFoundException)
02-09 23:45:48.640 W/Notification4Water_NB( 7554): NotificationChecker.checkIgnoreCase-MediaStyle : org.jellyfin.mobile
02-09 23:45:48.640 W/Notification4Water_NB( 7554): NotificationBridgeCallback.onNotificationPosted-Ignored package : [0] org.jellyfin.mobile
02-09 23:45:48.682 W/Finsky  (21188): [2] STU: Failed to get storage stats for package 'com.google.android.tethering' (1601: Error getting stats: android.content.pm.PackageManager.NameNotFoundException)
02-09 23:45:48.761 W/bluetooth(16699): system/gd/hci/le_scanning_manager.cc:716 scan: address_manager_registered_
02-09 23:45:48.761 W/bluetooth(16699): system/gd/hci/le_scanning_manager.cc:768 stop_scan: stop_scan
02-09 23:45:48.761 W/bt_shim_scanner(16699): system/main/shim/le_scanning_manager.cc:365 SetScanParameters: Set scan params scan_int_1m : 1860.625, scan_win_1m : 202.5, Duty : 10.88% | scan_int_coded : 0, scan_win_coded : 0, Duty : nan%
02-09 23:45:48.762 W/bluetooth(16699): system/gd/hci/le_scanning_manager.cc:732 start_scan: start_scan
02-09 23:45:48.762 W/bluetooth(16699): system/gd/hci/le_scanning_manager.cc:735 start_scan: Register address manager
02-09 23:45:48.769 W/Finsky  (21188): [2] STU: Failed to get storage stats for package 'com.android.runtime' (1601: Error getting stats: android.content.pm.PackageManager.NameNotFoundException)
02-09 23:45:48.841 W/System  ( 3998): A resource failed to call release. 
02-09 23:45:48.841 W/System  ( 3998): A resource failed to call release. 
02-09 23:45:48.841 W/System  ( 3998): A resource failed to call release. 
02-09 23:45:48.841 W/System  ( 3998): A resource failed to call release. 
02-09 23:45:48.841 W/System  ( 3998): A resource failed to call release. 
02-09 23:45:48.843 W/System  ( 3998): A resource failed to call release. 
02-09 23:45:48.843 W/System  ( 3998): A resource failed to call release. 
02-09 23:45:48.843 W/System  ( 3998): A resource failed to call release. 
02-09 23:45:48.843 W/System  ( 3998): A resource failed to call release. 
02-09 23:45:48.844 W/System  ( 3998): A resource failed to call release. 
02-09 23:45:48.844 W/System  ( 3998): A resource failed to call release. 
02-09 23:45:48.844 W/System  ( 3998): A resource failed to call release. 
02-09 23:45:48.844 W/System  ( 3998): A resource failed to call release. 
02-09 23:45:48.847 W/System  ( 3998): A resource failed to call release. 
02-09 23:45:48.847 W/System  ( 3998): A resource failed to call release. 
02-09 23:45:48.847 W/System  ( 3998): A resource failed to call release. 
02-09 23:45:48.847 W/System  ( 3998): A resource failed to call release. 
02-09 23:45:48.847 W/System  ( 3998): A resource failed to call release. 
02-09 23:45:48.847 W/System  ( 3998): A resource failed to call release. 
02-09 23:45:48.847 W/System  ( 3998): A resource failed to call release. 
02-09 23:45:48.847 W/System  ( 3998): A resource failed to call release. 
02-09 23:45:48.847 W/System  ( 3998): A resource failed to call release. 
02-09 23:45:48.847 W/System  ( 3998): A resource failed to call release. 
02-09 23:45:48.847 W/System  ( 3998): A resource failed to call release. 
02-09 23:45:48.847 W/System  ( 3998): A resource failed to call release. 
02-09 23:45:48.849 W/System  ( 3998): A resource failed to call release. 
02-09 23:45:48.849 W/System  ( 3998): A resource failed to call release. 
02-09 23:45:48.849 W/System  ( 3998): A resource failed to call release. 
02-09 23:45:48.849 W/System  ( 3998): A resource failed to call release. 
02-09 23:45:48.849 W/System  ( 3998): A resource failed to call release. 
02-09 23:45:48.850 W/System  ( 3998): A resource failed to call release. 
02-09 23:45:48.850 W/System  ( 3998): A resource failed to call release. 
02-09 23:45:48.850 W/System  ( 3998): A resource failed to call release. 
02-09 23:45:48.850 W/System  ( 3998): A resource failed to call release. 
02-09 23:45:48.850 W/System  ( 3998): A resource failed to call release. 
02-09 23:45:48.850 W/System  ( 3998): A resource failed to call release. 
02-09 23:45:48.850 W/System  ( 3998): A resource failed to call release. 
02-09 23:45:48.850 W/System  ( 3998): A resource failed to call release. 
02-09 23:45:48.850 W/System  ( 3998): A resource failed to call release. 
02-09 23:45:48.850 W/System  ( 3998): A resource failed to call release. 
02-09 23:45:48.850 W/System  ( 3998): A resource failed to call release. 
02-09 23:45:48.851 W/System  ( 3998): A resource failed to call release. 
02-09 23:45:48.851 W/System  ( 3998): A resource failed to call release. 
02-09 23:45:48.851 W/System  ( 3998): A resource failed to call release. 
02-09 23:45:48.852 W/System  ( 3998): A resource failed to call release. 
02-09 23:45:48.873 W/RefactorFlag( 3998): New code path expects SceneContainerFlag to be enabled.
02-09 23:45:48.919 W/Finsky  (21188): [2] STU: Failed to get storage stats for package 'com.google.android.cellbroadcast' (1601: Error getting stats: android.content.pm.PackageManager.NameNotFoundException)
02-09 23:45:48.943 W/Finsky  (21188): [2] STU: Failed to get storage stats for package 'com.google.android.rkpd' (1601: Error getting stats: android.content.pm.PackageManager.NameNotFoundException)
02-09 23:45:49.020 W/Paint   ( 3998): The elegant text height cannot be turned off.
02-09 23:45:49.044 W/APM_AudioPolicyManager( 1772): setForceUse() usage 1, config 0 is already set
02-09 23:45:49.047 W/Finsky  (21188): [2] STU: Failed to get storage stats for package 'com.samsung.android.vital' (1601: Error getting stats: android.content.pm.PackageManager.NameNotFoundException)
02-09 23:45:49.085 W/Finsky  (21188): [2] STU: Failed to get storage stats for package 'com.android.compos' (1601: Error getting stats: android.content.pm.PackageManager.NameNotFoundException)
02-09 23:45:49.120 W/Finsky  (21188): [2] STU: Failed to get storage stats for package 'com.google.android.tzdata6' (1601: Error getting stats: android.content.pm.PackageManager.NameNotFoundException)
02-09 23:45:49.122 W/qdgralloc(25247): getInterlacedFlag: getMetaData returned 3, defaulting to interlaced_flag = 0
02-09 23:45:49.145 W/libc    ( 6709): Access denied finding property "vendor.display.enable_optimal_refresh_rate"
02-09 23:45:49.145 E/BluetoothRemoteDevices(16699): getSecMetadata : return SUPPORTED_FEATURES
02-09 23:45:49.145 E/A2dpService(16699): isSupportLowLatencyMode: DataPacket is too short.
02-09 23:45:49.146 W/libc    ( 6709): Access denied finding property "vendor.display.enable_optimal_refresh_rate"
02-09 23:45:49.149 W/qdgralloc( 6709): getInterlacedFlag: getMetaData returned 3, defaulting to interlaced_flag = 0
02-09 23:45:49.149 W/Finsky  (21188): [2] STU: Failed to get storage stats for package 'com.google.android.permission' (1601: Error getting stats: android.content.pm.PackageManager.NameNotFoundException)
02-09 23:45:49.165 E/TaskPersister( 2640): File error accessing recents directory (directory doesn't exist?).
02-09 23:45:49.165 E/TaskPersister( 2640): File error accessing recents directory (directory doesn't exist?).
02-09 23:45:49.165 E/TaskPersister( 2640): File error accessing recents directory (directory doesn't exist?).
02-09 23:45:49.183 W/InteractionJankMonitor(25247): Initializing without READ_DEVICE_CONFIG permission. enabled=false, interval=1, missedFrameThreshold=3, frameTimeThreshold=64, package=org.voxmatrix.app
02-09 23:45:49.190 E/SurfaceFlinger( 1804): alpha changed 0.000 -> 1.000 - Surface(name=26e1d8 InputMethod)/@0x460d433 - animation-leash of insets_animation#9473
02-09 23:45:49.191 W/qdgralloc(25247): getInterlacedFlag: getMetaData returned 3, defaulting to interlaced_flag = 0
02-09 23:45:49.227 W/qdgralloc( 6709): getInterlacedFlag: getMetaData returned 3, defaulting to interlaced_flag = 0
02-09 23:45:49.276 E/BTAudioA2dpSehAIDL(16699): system/audio_hal_interface/seh_aidl/a2dp/a2dp_encoding_aidl.cc:884 is_stream_started_by_hal: true
02-09 23:45:49.309 W/libc    (24806): Access denied finding property "ro.hardware.alter"
02-09 23:45:49.397 E/SemWifiLinkQualityMonitor( 2640): Too old or invalid TMI: currentTime=1770669949397 lastDateWindow=1770658852000
02-09 23:45:49.401 E/InsController( 2640): Error in onOutageCountUpdate: android.net.VpnTransportInfo cannot be cast to android.net.wifi.WifiInfo
02-09 23:45:49.411 W/Finsky  (21188): [2] STU: Failed to get storage stats for package 'com.samsung.android.biometrics.fingerprint' (1601: Error getting stats: android.content.pm.PackageManager.NameNotFoundException)
02-09 23:45:49.418 E/HeatmapThread( 1776): ECT Thread time in milliseconds: 1770669949
02-09 23:45:49.421 E/HeatmapThread( 1776): !@ CAM New BSOH: 100
02-09 23:45:49.421 E/HeatmapThread( 1776): !@ CAM is Working
02-09 23:45:49.443 W/QC2V4l2Decoder( 1710): [v4lhvcD_231] Allocating output buffer timedout, 1023ms elapsed since last input buffer queued (threshold 1000ms)
02-09 23:45:49.830 E/SecVibrator-HAL-AIDL-EXT( 1739): V_5_0: performPrebakedHapticPattern 1 : 10000 : 0
02-09 23:45:49.830 E/SecVibrator-HAL-AIDL-CORE( 1739): HW_API: [setForceFeedbackAmplitude]amplitude: 10000
02-09 23:45:49.831 W/bt_btm_pm(16699): system/stack/acl/btm_pm.cc:729 btm_pm_proc_mode_change: Power mode switched from immediate:pending[5] to immediate:active[0]
02-09 23:45:49.850 E/SecVibrator-HAL-AIDL-CORE( 1739): HW_API: [uploadForceFeedbackeffect]ioctl success ,uploaded effect with ID: 0
02-09 23:45:49.850 E/SecVibrator-HAL-AIDL-CORE( 1739): HW_API: do_on for timeoutMs: 1000
02-09 23:45:49.850 E/SecVibrator-HAL-AIDL-CORE( 1739): HW_API: [triggerForceFeedbackVibration]on: 1
02-09 23:45:49.921 W/Finsky  (21188): [2] STU: Failed to get storage stats for package 'com.google.android.media.swcodec' (1601: Error getting stats: android.content.pm.PackageManager.NameNotFoundException)
02-09 23:45:49.929 W/Finsky  (21188): [2] STU: Failed to get storage stats for package 'com.android.uprobestats' (1601: Error getting stats: android.content.pm.PackageManager.NameNotFoundException)
02-09 23:45:49.944 W/Finsky  (21188): [2] STU: Failed to get storage stats for package 'com.android.profiling' (1601: Error getting stats: android.content.pm.PackageManager.NameNotFoundException)
02-09 23:45:49.951 E/SecVibrator-HAL-AIDL-CORE( 1739): V_2_0: Vibrator off
02-09 23:45:49.951 E/SecVibrator-HAL-AIDL-CORE( 1739): HW_API: do_off
02-09 23:45:49.951 E/SecVibrator-HAL-AIDL-CORE( 1739): HW_API: [triggerForceFeedbackVibration]on: 0
02-09 23:45:50.232 E/SecVibrator-HAL-AIDL-EXT( 1739): V_5_0: performPrebakedHapticPattern 1 : 10000 : 0
02-09 23:45:50.233 E/SecVibrator-HAL-AIDL-CORE( 1739): HW_API: [setForceFeedbackAmplitude]amplitude: 10000
02-09 23:45:50.237 E/SecVibrator-HAL-AIDL-CORE( 1739): HW_API: [uploadForceFeedbackeffect]ioctl success ,uploaded effect with ID: 0
02-09 23:45:50.238 E/SecVibrator-HAL-AIDL-CORE( 1739): HW_API: do_on for timeoutMs: 1000
02-09 23:45:50.238 E/SecVibrator-HAL-AIDL-CORE( 1739): HW_API: [triggerForceFeedbackVibration]on: 1
02-09 23:45:50.281 E/SecVibrator-HAL-AIDL-CORE( 1739): V_2_0: Vibrator off
02-09 23:45:50.281 E/SecVibrator-HAL-AIDL-CORE( 1739): HW_API: do_off
02-09 23:45:50.281 E/SecVibrator-HAL-AIDL-CORE( 1739): HW_API: [triggerForceFeedbackVibration]on: 0
02-09 23:45:50.282 E/SecVibrator-HAL-AIDL-EXT( 1739): V_5_0: performPrebakedHapticPattern 1 : 10000 : 0
02-09 23:45:50.283 E/SecVibrator-HAL-AIDL-CORE( 1739): HW_API: [setForceFeedbackAmplitude]amplitude: 10000
02-09 23:45:50.290 E/SecVibrator-HAL-AIDL-CORE( 1739): HW_API: [uploadForceFeedbackeffect]ioctl success ,uploaded effect with ID: 0
02-09 23:45:50.290 E/SecVibrator-HAL-AIDL-CORE( 1739): HW_API: do_on for timeoutMs: 1000
02-09 23:45:50.290 E/SecVibrator-HAL-AIDL-CORE( 1739): HW_API: [triggerForceFeedbackVibration]on: 1
02-09 23:45:50.326 W/Finsky  (21188): [2] STU: Failed to get storage stats for package 'com.samsung.android.media.extractor' (1601: Error getting stats: android.content.pm.PackageManager.NameNotFoundException)
02-09 23:45:50.329 E/SecVibrator-HAL-AIDL-CORE( 1739): V_2_0: Vibrator off
02-09 23:45:50.329 E/SecVibrator-HAL-AIDL-CORE( 1739): HW_API: do_off
02-09 23:45:50.329 E/SecVibrator-HAL-AIDL-CORE( 1739): HW_API: [triggerForceFeedbackVibration]on: 0
02-09 23:45:50.332 E/SecVibrator-HAL-AIDL-EXT( 1739): V_5_0: performPrebakedHapticPattern 1 : 10000 : 0
02-09 23:45:50.333 E/SecVibrator-HAL-AIDL-CORE( 1739): HW_API: [setForceFeedbackAmplitude]amplitude: 10000
02-09 23:45:50.337 E/SecVibrator-HAL-AIDL-CORE( 1739): HW_API: [uploadForceFeedbackeffect]ioctl success ,uploaded effect with ID: 0
02-09 23:45:50.337 E/SecVibrator-HAL-AIDL-CORE( 1739): HW_API: do_on for timeoutMs: 1000
02-09 23:45:50.337 E/SecVibrator-HAL-AIDL-CORE( 1739): HW_API: [triggerForceFeedbackVibration]on: 1
02-09 23:45:50.379 E/SecVibrator-HAL-AIDL-CORE( 1739): V_2_0: Vibrator off
02-09 23:45:50.379 E/SecVibrator-HAL-AIDL-CORE( 1739): HW_API: do_off
02-09 23:45:50.379 E/SecVibrator-HAL-AIDL-CORE( 1739): HW_API: [triggerForceFeedbackVibration]on: 0
02-09 23:45:50.385 E/SecVibrator-HAL-AIDL-EXT( 1739): V_5_0: performPrebakedHapticPattern 1 : 10000 : 0
02-09 23:45:50.385 E/SecVibrator-HAL-AIDL-CORE( 1739): HW_API: [setForceFeedbackAmplitude]amplitude: 10000
02-09 23:45:50.393 E/SecVibrator-HAL-AIDL-CORE( 1739): HW_API: [uploadForceFeedbackeffect]ioctl success ,uploaded effect with ID: 0
02-09 23:45:50.393 E/SecVibrator-HAL-AIDL-CORE( 1739): HW_API: do_on for timeoutMs: 1000
02-09 23:45:50.393 E/SecVibrator-HAL-AIDL-CORE( 1739): HW_API: [triggerForceFeedbackVibration]on: 1
02-09 23:45:50.401 W/Finsky  (21188): [2] STU: Failed to get storage stats for package 'com.samsung.android.media.imagecodec.system' (1601: Error getting stats: android.content.pm.PackageManager.NameNotFoundException)
02-09 23:45:50.418 E/HeatmapThread( 1776): ECT Thread time in milliseconds: 1770669950
02-09 23:45:50.424 E/HeatmapThread( 1776): !@ CAM New BSOH: 100
02-09 23:45:50.424 E/HeatmapThread( 1776): !@ CAM is Working
02-09 23:45:50.429 E/SecVibrator-HAL-AIDL-CORE( 1739): V_2_0: Vibrator off
02-09 23:45:50.430 E/SecVibrator-HAL-AIDL-CORE( 1739): HW_API: do_off
02-09 23:45:50.430 E/SecVibrator-HAL-AIDL-CORE( 1739): HW_API: [triggerForceFeedbackVibration]on: 0
02-09 23:45:50.435 W/Finsky  (21188): [2] STU: Failed to get storage stats for package 'com.google.android.adbd' (1601: Error getting stats: android.content.pm.PackageManager.NameNotFoundException)
02-09 23:45:50.435 E/SecVibrator-HAL-AIDL-EXT( 1739): V_5_0: performPrebakedHapticPattern 1 : 10000 : 0
02-09 23:45:50.436 E/SecVibrator-HAL-AIDL-CORE( 1739): HW_API: [setForceFeedbackAmplitude]amplitude: 10000
02-09 23:45:50.442 E/SecVibrator-HAL-AIDL-CORE( 1739): HW_API: [uploadForceFeedbackeffect]ioctl success ,uploaded effect with ID: 0
02-09 23:45:50.442 E/SecVibrator-HAL-AIDL-CORE( 1739): HW_API: do_on for timeoutMs: 1000
02-09 23:45:50.443 E/SecVibrator-HAL-AIDL-CORE( 1739): HW_API: [triggerForceFeedbackVibration]on: 1
02-09 23:45:50.461 W/Finsky  (21188): [2] STU: Failed to get storage stats for package 'com.android.i18n' (1601: Error getting stats: android.content.pm.PackageManager.NameNotFoundException)
02-09 23:45:50.479 E/SecVibrator-HAL-AIDL-CORE( 1739): V_2_0: Vibrator off
02-09 23:45:50.479 E/SecVibrator-HAL-AIDL-CORE( 1739): HW_API: do_off
02-09 23:45:50.479 E/SecVibrator-HAL-AIDL-CORE( 1739): HW_API: [triggerForceFeedbackVibration]on: 0
02-09 23:45:50.481 E/SecVibrator-HAL-AIDL-EXT( 1739): V_5_0: performPrebakedHapticPattern 1 : 10000 : 0
02-09 23:45:50.482 E/SecVibrator-HAL-AIDL-CORE( 1739): HW_API: [setForceFeedbackAmplitude]amplitude: 10000
02-09 23:45:50.485 E/SecVibrator-HAL-AIDL-CORE( 1739): HW_API: [uploadForceFeedbackeffect]ioctl success ,uploaded effect with ID: 0
02-09 23:45:50.485 E/SecVibrator-HAL-AIDL-CORE( 1739): HW_API: do_on for timeoutMs: 1000
02-09 23:45:50.485 E/SecVibrator-HAL-AIDL-CORE( 1739): HW_API: [triggerForceFeedbackVibration]on: 1
02-09 23:45:50.501 W/Finsky  (21188): [2] STU: Failed to get storage stats for package 'com.samsung.android.spqr' (1601: Error getting stats: android.content.pm.PackageManager.NameNotFoundException)
02-09 23:45:50.502 W/Finsky  (21188): [2] STU: Failed to get storage stats for package 'com.google.android.conscrypt' (1601: Error getting stats: android.content.pm.PackageManager.NameNotFoundException)
02-09 23:45:50.529 E/SecVibrator-HAL-AIDL-CORE( 1739): V_2_0: Vibrator off
02-09 23:45:50.529 E/SecVibrator-HAL-AIDL-CORE( 1739): HW_API: do_off
02-09 23:45:50.529 E/SecVibrator-HAL-AIDL-CORE( 1739): HW_API: [triggerForceFeedbackVibration]on: 0
02-09 23:45:50.531 E/SecVibrator-HAL-AIDL-EXT( 1739): V_5_0: performPrebakedHapticPattern 1 : 10000 : 0
02-09 23:45:50.531 E/SecVibrator-HAL-AIDL-CORE( 1739): HW_API: [setForceFeedbackAmplitude]amplitude: 10000
02-09 23:45:50.536 E/SecVibrator-HAL-AIDL-CORE( 1739): HW_API: [uploadForceFeedbackeffect]ioctl success ,uploaded effect with ID: 0
02-09 23:45:50.536 E/SecVibrator-HAL-AIDL-CORE( 1739): HW_API: do_on for timeoutMs: 1000
02-09 23:45:50.536 E/SecVibrator-HAL-AIDL-CORE( 1739): HW_API: [triggerForceFeedbackVibration]on: 1
02-09 23:45:50.585 E/SecVibrator-HAL-AIDL-CORE( 1739): V_2_0: Vibrator off
02-09 23:45:50.585 E/SecVibrator-HAL-AIDL-CORE( 1739): HW_API: do_off
02-09 23:45:50.585 E/SecVibrator-HAL-AIDL-CORE( 1739): HW_API: [triggerForceFeedbackVibration]on: 0
02-09 23:45:50.592 E/SecVibrator-HAL-AIDL-EXT( 1739): V_5_0: performPrebakedHapticPattern 1 : 10000 : 0
02-09 23:45:50.592 E/SecVibrator-HAL-AIDL-CORE( 1739): HW_API: [setForceFeedbackAmplitude]amplitude: 10000
02-09 23:45:50.595 E/SecVibrator-HAL-AIDL-CORE( 1739): HW_API: [uploadForceFeedbackeffect]ioctl success ,uploaded effect with ID: 0
02-09 23:45:50.595 E/SecVibrator-HAL-AIDL-CORE( 1739): HW_API: do_on for timeoutMs: 1000
02-09 23:45:50.595 E/SecVibrator-HAL-AIDL-CORE( 1739): HW_API: [triggerForceFeedbackVibration]on: 1
02-09 23:45:50.632 E/SecVibrator-HAL-AIDL-CORE( 1739): V_2_0: Vibrator off
02-09 23:45:50.632 E/SecVibrator-HAL-AIDL-CORE( 1739): HW_API: do_off
02-09 23:45:50.633 E/SecVibrator-HAL-AIDL-CORE( 1739): HW_API: [triggerForceFeedbackVibration]on: 0
02-09 23:45:50.636 E/SecVibrator-HAL-AIDL-EXT( 1739): V_5_0: performPrebakedHapticPattern 1 : 10000 : 0
02-09 23:45:50.640 E/SecVibrator-HAL-AIDL-CORE( 1739): HW_API: [setForceFeedbackAmplitude]amplitude: 10000
02-09 23:45:50.645 E/SecVibrator-HAL-AIDL-CORE( 1739): HW_API: [uploadForceFeedbackeffect]ioctl success ,uploaded effect with ID: 0
02-09 23:45:50.645 E/SecVibrator-HAL-AIDL-CORE( 1739): HW_API: do_on for timeoutMs: 1000
02-09 23:45:50.645 E/SecVibrator-HAL-AIDL-CORE( 1739): HW_API: [triggerForceFeedbackVibration]on: 1
02-09 23:45:50.646 W/QC2V4l2Decoder( 1710): [v4lhvcD_231] Allocating output buffer timedout, 1089ms elapsed since last input buffer queued (threshold 1000ms)
02-09 23:45:50.678 W/Finsky  (21188): [2] STU: Failed to get storage stats for package 'com.google.android.neuralnetworks' (1601: Error getting stats: android.content.pm.PackageManager.NameNotFoundException)
02-09 23:45:50.682 E/SecVibrator-HAL-AIDL-CORE( 1739): V_2_0: Vibrator off
02-09 23:45:50.682 E/SecVibrator-HAL-AIDL-CORE( 1739): HW_API: do_off
02-09 23:45:50.682 E/SecVibrator-HAL-AIDL-CORE( 1739): HW_API: [triggerForceFeedbackVibration]on: 0
02-09 23:45:50.683 E/SecVibrator-HAL-AIDL-EXT( 1739): V_5_0: performPrebakedHapticPattern 1 : 10000 : 0
02-09 23:45:50.684 E/SecVibrator-HAL-AIDL-CORE( 1739): HW_API: [setForceFeedbackAmplitude]amplitude: 10000
02-09 23:45:50.686 E/SecVibrator-HAL-AIDL-CORE( 1739): HW_API: [uploadForceFeedbackeffect]ioctl success ,uploaded effect with ID: 0
02-09 23:45:50.686 E/SecVibrator-HAL-AIDL-CORE( 1739): HW_API: do_on for timeoutMs: 1000
02-09 23:45:50.686 E/SecVibrator-HAL-AIDL-CORE( 1739): HW_API: [triggerForceFeedbackVibration]on: 1
02-09 23:45:50.700 W/Finsky  (21188): [2] STU: Failed to get storage stats for package 'com.google.android.ipsec' (1601: Error getting stats: android.content.pm.PackageManager.NameNotFoundException)
02-09 23:45:50.734 W/Finsky  (21188): [2] STU: Failed to get storage stats for package 'com.android.devicelock' (1601: Error getting stats: android.content.pm.PackageManager.NameNotFoundException)
02-09 23:45:50.752 W/Finsky  (21188): [2] STU: Failed to get storage stats for package 'com.google.android.ondevicepersonalization' (1601: Error getting stats: android.content.pm.PackageManager.NameNotFoundException)
02-09 23:45:50.780 W/Finsky  (21188): [2] STU: Failed to get storage stats for package 'com.google.android.healthfitness' (1601: Error getting stats: android.content.pm.PackageManager.NameNotFoundException)
02-09 23:45:50.798 W/QC2V4l2Decoder( 1710): [v4lhvcD_231] Allocating output buffer timedout, 1241ms elapsed since last input buffer queued (threshold 1000ms)
02-09 23:45:50.803 E/SecVibrator-HAL-AIDL-CORE( 1739): V_2_0: Vibrator off
02-09 23:45:50.804 E/SecVibrator-HAL-AIDL-CORE( 1739): HW_API: do_off
02-09 23:45:50.805 E/SecVibrator-HAL-AIDL-CORE( 1739): HW_API: [triggerForceFeedbackVibration]on: 0
02-09 23:45:50.836 E/SecVibrator-HAL-AIDL-EXT( 1739): V_5_0: performPrebakedHapticPattern 1 : 10000 : 0
02-09 23:45:50.838 E/SecVibrator-HAL-AIDL-CORE( 1739): HW_API: [setForceFeedbackAmplitude]amplitude: 10000
02-09 23:45:50.842 E/SecVibrator-HAL-AIDL-CORE( 1739): HW_API: [uploadForceFeedbackeffect]ioctl success ,uploaded effect with ID: 0
02-09 23:45:50.842 E/SecVibrator-HAL-AIDL-CORE( 1739): HW_API: do_on for timeoutMs: 1000
02-09 23:45:50.842 E/SecVibrator-HAL-AIDL-CORE( 1739): HW_API: [triggerForceFeedbackVibration]on: 1
02-09 23:45:50.878 W/Finsky  (21188): [2] STU: Failed to get storage stats for package 'com.android.uwb' (1601: Error getting stats: android.content.pm.PackageManager.NameNotFoundException)
02-09 23:45:50.882 W/Finsky  (21188): [2] STU: Failed to get storage stats for package 'com.google.android.extservices' (1601: Error getting stats: android.content.pm.PackageManager.NameNotFoundException)
02-09 23:45:50.896 W/bt_btm_pm(16699): system/stack/acl/btm_pm.cc:729 btm_pm_proc_mode_change: Power mode switched from immediate:active[0] to immediate:sniff[2]
02-09 23:45:50.949 W/QC2V4l2Decoder( 1710): [v4lhvcD_231] Allocating output buffer timedout, 1391ms elapsed since last input buffer queued (threshold 1000ms)
02-09 23:45:50.958 E/SecVibrator-HAL-AIDL-CORE( 1739): V_2_0: Vibrator off
02-09 23:45:50.958 E/SecVibrator-HAL-AIDL-CORE( 1739): HW_API: do_off
02-09 23:45:50.958 E/SecVibrator-HAL-AIDL-CORE( 1739): HW_API: [triggerForceFeedbackVibration]on: 0
02-09 23:45:50.983 W/Finsky  (21188): [2] STU: Failed to get storage stats for package 'com.google.android.os.statsd' (1601: Error getting stats: android.content.pm.PackageManager.NameNotFoundException)
02-09 23:45:50.986 E/SecVibrator-HAL-AIDL-EXT( 1739): V_5_0: performPrebakedHapticPattern 1 : 10000 : 0
02-09 23:45:50.986 E/SecVibrator-HAL-AIDL-CORE( 1739): HW_API: [setForceFeedbackAmplitude]amplitude: 10000
02-09 23:45:50.990 W/qdgralloc( 6709): getInterlacedFlag: getMetaData returned 3, defaulting to interlaced_flag = 0
02-09 23:45:50.992 E/SecVibrator-HAL-AIDL-CORE( 1739): HW_API: [uploadForceFeedbackeffect]ioctl success ,uploaded effect with ID: 0
02-09 23:45:50.993 E/SecVibrator-HAL-AIDL-CORE( 1739): HW_API: do_on for timeoutMs: 1000
02-09 23:45:50.993 E/SecVibrator-HAL-AIDL-CORE( 1739): HW_API: [triggerForceFeedbackVibration]on: 1
02-09 23:45:51.012 W/Finsky  (21188): [2] STU: Failed to get storage stats for package 'com.samsung.android.authfw.ta' (1601: Error getting stats: android.content.pm.PackageManager.NameNotFoundException)
02-09 23:45:51.044 W/Finsky  (21188): [2] STU: Failed to get storage stats for package 'com.google.android.scheduling' (1601: Error getting stats: android.content.pm.PackageManager.NameNotFoundException)
02-09 23:45:51.055 W/Finsky  (21188): [2] STU: Failed to get storage stats for package 'com.samsung.android.lifeguard' (1601: Error getting stats: android.content.pm.PackageManager.NameNotFoundException)
02-09 23:45:51.100 W/QC2V4l2Decoder( 1710): [v4lhvcD_231] Allocating output buffer timedout, 1542ms elapsed since last input buffer queued (threshold 1000ms)
02-09 23:45:51.107 E/SecVibrator-HAL-AIDL-CORE( 1739): V_2_0: Vibrator off
02-09 23:45:51.107 E/SecVibrator-HAL-AIDL-CORE( 1739): HW_API: do_off
02-09 23:45:51.107 E/SecVibrator-HAL-AIDL-CORE( 1739): HW_API: [triggerForceFeedbackVibration]on: 0
02-09 23:45:51.200 W/Binder  ( 2640): Outgoing transactions from this process must be FLAG_ONEWAY
02-09 23:45:51.200 W/Binder  ( 2640): java.lang.Throwable
02-09 23:45:51.200 W/Binder  ( 2640): 	at android.os.BinderProxy.transact(BinderProxy.java:566)
02-09 23:45:51.200 W/Binder  ( 2640): 	at android.bluetooth.IBluetoothGatt$Stub$Proxy.getAdvertisingSetUids(IBluetoothGatt.java:1678)
02-09 23:45:51.200 W/Binder  ( 2640): 	at android.bluetooth.BluetoothAdapter.getAdvertisingSetUids(BluetoothAdapter.java:8476)
02-09 23:45:51.200 W/Binder  ( 2640): 	at android.bluetooth.BluetoothAdapter.getHWUsingApps(BluetoothAdapter.java:1342)
02-09 23:45:51.200 W/Binder  ( 2640): 	at com.android.server.am.mars.filter.filter.BlueToothConnectedFilter.updateBTUsingPackages(qb/105117711 790d9bfa6da06eeef6d0fde3c38341bab018595cfa7b0ac6fac4ea395378d8cb:22)
02-09 23:45:51.200 W/Binder  ( 2640): 	at com.android.server.am.FreecessController.freeze(qb/105117711 790d9bfa6da06eeef6d0fde3c38341bab018595cfa7b0ac6fac4ea395378d8cb:117)
02-09 23:45:51.200 W/Binder  ( 2640): 	at com.android.server.am.FreecessHandler$MainHandler.handleLcdOnFreeze(qb/105117711 790d9bfa6da06eeef6d0fde3c38341bab018595cfa7b0ac6fac4ea395378d8cb:55)
02-09 23:45:51.200 W/Binder  ( 2640): 	at com.android.server.am.FreecessHandler$MainHandler.handleMessage(qb/105117711 790d9bfa6da06eeef6d0fde3c38341bab018595cfa7b0ac6fac4ea395378d8cb:793)
02-09 23:45:51.200 W/Binder  ( 2640): 	at android.os.Handler.dispatchMessage(Handler.java:110)
02-09 23:45:51.200 W/Binder  ( 2640): 	at android.os.Looper.loopOnce(Looper.java:273)
02-09 23:45:51.200 W/Binder  ( 2640): 	at android.os.Looper.loop(Looper.java:363)
02-09 23:45:51.200 W/Binder  ( 2640): 	at android.os.HandlerThread.run(HandlerThread.java:85)
02-09 23:45:51.203 W/Binder  ( 2640): Outgoing transactions from this process must be FLAG_ONEWAY
02-09 23:45:51.203 W/Binder  ( 2640): java.lang.Throwable
02-09 23:45:51.203 W/Binder  ( 2640): 	at android.os.BinderProxy.transact(BinderProxy.java:566)
02-09 23:45:51.203 W/Binder  ( 2640): 	at android.bluetooth.IBluetoothScan$Stub$Proxy.getScannerUids(IBluetoothScan.java:666)
02-09 23:45:51.203 W/Binder  ( 2640): 	at android.bluetooth.BluetoothAdapter.getScannerUids(BluetoothAdapter.java:8522)
02-09 23:45:51.203 W/Binder  ( 2640): 	at android.bluetooth.BluetoothAdapter.getHWUsingApps(BluetoothAdapter.java:1349)
02-09 23:45:51.203 W/Binder  ( 2640): 	at com.android.server.am.mars.filter.filter.BlueToothConnectedFilter.updateBTUsingPackages(qb/105117711 790d9bfa6da06eeef6d0fde3c38341bab018595cfa7b0ac6fac4ea395378d8cb:22)
02-09 23:45:51.203 W/Binder  ( 2640): 	at com.android.server.am.FreecessController.freeze(qb/105117711 790d9bfa6da06eeef6d0fde3c38341bab018595cfa7b0ac6fac4ea395378d8cb:117)
02-09 23:45:51.203 W/Binder  ( 2640): 	at com.android.server.am.FreecessHandler$MainHandler.handleLcdOnFreeze(qb/105117711 790d9bfa6da06eeef6d0fde3c38341bab018595cfa7b0ac6fac4ea395378d8cb:55)
02-09 23:45:51.203 W/Binder  ( 2640): 	at com.android.server.am.FreecessHandler$MainHandler.handleMessage(qb/105117711 790d9bfa6da06eeef6d0fde3c38341bab018595cfa7b0ac6fac4ea395378d8cb:793)
02-09 23:45:51.203 W/Binder  ( 2640): 	at android.os.Handler.dispatchMessage(Handler.java:110)
02-09 23:45:51.203 W/Binder  ( 2640): 	at android.os.Looper.loopOnce(Looper.java:273)
02-09 23:45:51.203 W/Binder  ( 2640): 	at android.os.Looper.loop(Looper.java:363)
02-09 23:45:51.203 W/Binder  ( 2640): 	at android.os.HandlerThread.run(HandlerThread.java:85)
02-09 23:45:51.209 E/u4native(10005): [InfoLevelMessage] [INFO:not_a_file.cc(0)] NetworkServiceThread heartbeat, pid/tid: 10005/11236, interval/index: 30s/35
02-09 23:45:51.250 W/QC2V4l2Decoder( 1710): [v4lhvcD_231] Allocating output buffer timedout, 1692ms elapsed since last input buffer queued (threshold 1000ms)
02-09 23:45:51.254 E/u4native(10005): [InfoLevelMessage] [INFO:not_a_file.cc(0)] BrowserIOThread heartbeat, pid/tid: 10005/11216, interval/index: 30s/35, ucCoreSoImplVersion: 5.18.9.0_250713225318
02-09 23:45:51.401 W/QC2V4l2Decoder( 1710): [v4lhvcD_231] Allocating output buffer timedout, 1843ms elapsed since last input buffer queued (threshold 1000ms)
02-09 23:45:51.418 E/HeatmapThread( 1776): ECT Thread time in milliseconds: 1770669951
02-09 23:45:51.420 E/HeatmapThread( 1776): !@ CAM New BSOH: 100
02-09 23:45:51.420 E/HeatmapThread( 1776): !@ CAM is Working
02-09 23:45:51.552 W/QC2V4l2Decoder( 1710): [v4lhvcD_231] Allocating output buffer timedout, 1994ms elapsed since last input buffer queued (threshold 1000ms)
02-09 23:45:51.584 E/Routine@Core[4.9.04.13]: BuiltInConditionFactory( 4042): getConditionHandler: not supported condition tag=playing_audio
02-09 23:45:51.584 E/Routine@Core[4.9.04.13]: ResultCode.FailCustomCode( 4042): fromValidState: failed to parse. validState=0x1
02-09 23:45:51.587 W/bluetooth-a2dp(16699): system/btif/src/btif_a2dp_source.cc:1367 btif_a2dp_source_enqueue_callback: tx suspended, discarded frame
02-09 23:45:51.587 E/Routine@Core[4.9.04.13]: ResultCode.FailCustomCode( 4042): fromValidState: failed to parse. validState=0x1
02-09 23:45:51.587 E/Routine@Core[4.9.04.13]: BuiltInConditionFactory( 4042): getConditionHandler: not supported condition tag=playing_audio
02-09 23:45:51.588 E/Routine@Core[4.9.04.13]: ResultCode.FailCustomCode( 4042): fromValidState: failed to parse. validState=0x1
02-09 23:45:51.596 W/Routine@Core[4.9.04.13]: COORD/RoutineCommandHandlerImpl( 4042): needEndRunning: not handled status. routineState=READY
02-09 23:45:51.607 W/bluetooth(16699): system/gd/hci/acl_manager/round_robin_scheduler.cc:147 SetLinkPriority: SetLinkPriority hndl=0xe priority=false
02-09 23:45:51.613 W/bluetooth-a2dp-avdt(16699): system/stack/avdt/avdt_msg.cc:1198 avdt_msg_send: 0 CMD SUSPEND
02-09 23:45:51.613 W/bluetooth(16699): system/gd/hci/acl_manager/round_robin_scheduler.cc:242 buffer_packet: avdt_msg_send CMD SUSPEND
02-09 23:45:51.615 E/bt_btu_hcif(16699): system/stack/btu/btu_hcif.cc:1315 btu_hcif_hdl_command_complete: Command complete for opcode:0x811 should not be handled here
02-09 23:45:51.615 E/bt_btu_hcif(16699): system/stack/btu/btu_hcif.cc:1315 btu_hcif_hdl_command_complete: Command complete for opcode:0x80d should not be handled here
02-09 23:45:51.617 W/BTAudioClientSehAIDL(16699): system/audio_hal_interface/seh_aidl/a2dp/client_interface_aidl.cc:418 ReadAudioData: 2048/2332 no data 10 ms
02-09 23:45:51.617 W/bluetooth-a2dp(16699): system/btif/src/btif_a2dp_source.cc:1336 btif_a2dp_source_read_callback: UNDERFLOW: ONLY READ 284 BYTES OUT OF 2332
02-09 23:45:51.627 W/BTAudioClientSehAIDL(16699): system/audio_hal_interface/seh_aidl/a2dp/client_interface_aidl.cc:418 ReadAudioData: 2048/2048 no data 10 ms
02-09 23:45:51.627 W/bluetooth-a2dp(16699): system/btif/src/btif_a2dp_source.cc:1336 btif_a2dp_source_read_callback: UNDERFLOW: ONLY READ 0 BYTES OUT OF 2048
02-09 23:45:51.628 E/bluetooth(16699): system/common/repeating_timer.cc:149 RunTask: Periodic task execution took 21852 microseconds, longer than interval 10000 microseconds
02-09 23:45:51.639 W/BTAudioClientSehAIDL(16699): system/audio_hal_interface/seh_aidl/a2dp/client_interface_aidl.cc:418 ReadAudioData: 4096/4096 no data 10 ms
02-09 23:45:51.639 W/bluetooth-a2dp(16699): system/btif/src/btif_a2dp_source.cc:1336 btif_a2dp_source_read_callback: UNDERFLOW: ONLY READ 0 BYTES OUT OF 4096
02-09 23:45:51.639 W/bluetooth-a2dp(16699): system/stack/a2dp/a2dp_aac_encoder.cc:775 a2dp_aac_encode_frames: underflow 1
02-09 23:45:51.639 E/bluetooth(16699): system/common/repeating_timer.cc:149 RunTask: Periodic task execution took 11124 microseconds, longer than interval 10000 microseconds
02-09 23:45:51.650 W/BTAudioClientSehAIDL(16699): system/audio_hal_interface/seh_aidl/a2dp/client_interface_aidl.cc:418 ReadAudioData: 4096/4096 no data 10 ms
02-09 23:45:51.650 W/bluetooth-a2dp(16699): system/btif/src/btif_a2dp_source.cc:1336 btif_a2dp_source_read_callback: UNDERFLOW: ONLY READ 0 BYTES OUT OF 4096
02-09 23:45:51.650 E/bluetooth(16699): system/common/repeating_timer.cc:149 RunTask: Periodic task execution took 11093 microseconds, longer than interval 10000 microseconds
02-09 23:45:51.656 W/bluetooth-a2dp-avdt(16699): system/stack/avdt/avdt_msg.cc:1628 avdt_msg_ind: 0 RSP SUSPEND
02-09 23:45:51.661 W/BTAudioClientSehAIDL(16699): system/audio_hal_interface/seh_aidl/a2dp/client_interface_aidl.cc:418 ReadAudioData: 4096/4096 no data 10 ms
02-09 23:45:51.661 W/bluetooth-a2dp(16699): system/btif/src/btif_a2dp_source.cc:1336 btif_a2dp_source_read_callback: UNDERFLOW: ONLY READ 0 BYTES OUT OF 4096
02-09 23:45:51.661 E/bluetooth(16699): system/common/repeating_timer.cc:149 RunTask: Periodic task execution took 10751 microseconds, longer than interval 10000 microseconds
02-09 23:45:51.666 E/bt_btu_hcif(16699): system/stack/btu/btu_hcif.cc:1315 btu_hcif_hdl_command_complete: Command complete for opcode:0x811 should not be handled here
02-09 23:45:51.671 W/BTAudioClientSehAIDL(16699): system/audio_hal_interface/seh_aidl/a2dp/client_interface_aidl.cc:418 ReadAudioData: 4096/4096 no data 10 ms
02-09 23:45:51.671 W/bluetooth-a2dp(16699): system/btif/src/btif_a2dp_source.cc:1336 btif_a2dp_source_read_callback: UNDERFLOW: ONLY READ 0 BYTES OUT OF 4096
02-09 23:45:51.671 E/bluetooth(16699): system/common/repeating_timer.cc:149 RunTask: Periodic task execution took 10558 microseconds, longer than interval 10000 microseconds
02-09 23:45:51.682 W/BTAudioClientSehAIDL(16699): system/audio_hal_interface/seh_aidl/a2dp/client_interface_aidl.cc:418 ReadAudioData: 28672/28672 no data 10 ms
02-09 23:45:51.693 W/BTAudioClientSehAIDL(16699): system/audio_hal_interface/seh_aidl/a2dp/client_interface_aidl.cc:418 ReadAudioData: 4096/4096 no data 10 ms
02-09 23:45:51.693 W/bluetooth-a2dp(16699): system/btif/src/btif_a2dp_source.cc:1336 btif_a2dp_source_read_callback: UNDERFLOW: ONLY READ 0 BYTES OUT OF 4096
02-09 23:45:51.693 E/bluetooth(16699): system/common/repeating_timer.cc:149 RunTask: Periodic task execution took 21322 microseconds, longer than interval 10000 microseconds
02-09 23:45:51.704 W/QC2V4l2Decoder( 1710): [v4lhvcD_231] Allocating output buffer timedout, 2146ms elapsed since last input buffer queued (threshold 1000ms)
02-09 23:45:51.704 E/bt_btu_hcif(16699): system/stack/btu/btu_hcif.cc:1315 btu_hcif_hdl_command_complete: Command complete for opcode:0x80d should not be handled here
02-09 23:45:51.705 W/avrcp   (16699): system/profile/avrcp/device.cc:1349 PlaybackPosNotificationResponse: xx:xx:xx:xx:1c:d8 delta: 0
02-09 23:45:51.705 E/BTAudioA2dpSehAIDL(16699): system/audio_hal_interface/seh_aidl/a2dp/a2dp_encoding_aidl.cc:884 is_stream_started_by_hal: false
02-09 23:45:51.705 W/avrcp   (16699): system/profile/avrcp/device.cc:1315 PlaybackStatusNotificationResponse: Not sending notification due to no state update xx:xx:xx:xx:1c:d8
02-09 23:45:51.719 E/SecVibrator-HAL-AIDL-EXT( 1739): V_5_0: performPrebakedHapticPattern 1 : 10000 : 0
02-09 23:45:51.719 E/SecVibrator-HAL-AIDL-CORE( 1739): HW_API: [setForceFeedbackAmplitude]amplitude: 10000
02-09 23:45:51.723 E/SecVibrator-HAL-AIDL-CORE( 1739): HW_API: [uploadForceFeedbackeffect]ioctl success ,uploaded effect with ID: 0
02-09 23:45:51.723 E/SecVibrator-HAL-AIDL-CORE( 1739): HW_API: do_on for timeoutMs: 1000
02-09 23:45:51.723 E/SecVibrator-HAL-AIDL-CORE( 1739): HW_API: [triggerForceFeedbackVibration]on: 1
02-09 23:45:51.840 E/SecVibrator-HAL-AIDL-CORE( 1739): V_2_0: Vibrator off
02-09 23:45:51.840 E/SecVibrator-HAL-AIDL-CORE( 1739): HW_API: do_off
02-09 23:45:51.840 E/SecVibrator-HAL-AIDL-CORE( 1739): HW_API: [triggerForceFeedbackVibration]on: 0
02-09 23:45:51.856 W/QC2V4l2Decoder( 1710): [v4lhvcD_231] Allocating output buffer timedout, 2298ms elapsed since last input buffer queued (threshold 1000ms)
02-09 23:45:52.008 W/QC2V4l2Decoder( 1710): [v4lhvcD_231] Allocating output buffer timedout, 2450ms elapsed since last input buffer queued (threshold 1000ms)
02-09 23:45:52.154 W/SDM     ( 1687): HWDeviceDRM::GetSupportedBitClkRate: Requested rate not supported: 1362080000
02-09 23:45:52.158 W/QC2V4l2Decoder( 1710): [v4lhvcD_231] Allocating output buffer timedout, 2600ms elapsed since last input buffer queued (threshold 1000ms)
02-09 23:45:52.166 W/SDM     ( 1687): HWDeviceDRM::GetSupportedBitClkRate: Requested rate not supported: 1362080000
02-09 23:45:52.202 E/SecVibrator-HAL-AIDL-EXT( 1739): V_5_0: performPrebakedHapticPattern 1 : 10000 : 0
02-09 23:45:52.202 E/SecVibrator-HAL-AIDL-CORE( 1739): HW_API: [setForceFeedbackAmplitude]amplitude: 10000
02-09 23:45:52.208 E/SecVibrator-HAL-AIDL-CORE( 1739): HW_API: [uploadForceFeedbackeffect]ioctl success ,uploaded effect with ID: 0
02-09 23:45:52.208 E/SecVibrator-HAL-AIDL-CORE( 1739): HW_API: do_on for timeoutMs: 1000
02-09 23:45:52.209 E/SecVibrator-HAL-AIDL-CORE( 1739): HW_API: [triggerForceFeedbackVibration]on: 1
02-09 23:45:52.308 W/QC2V4l2Decoder( 1710): [v4lhvcD_231] Allocating output buffer timedout, 2751ms elapsed since last input buffer queued (threshold 1000ms)
02-09 23:45:52.322 E/SecVibrator-HAL-AIDL-CORE( 1739): V_2_0: Vibrator off
02-09 23:45:52.322 E/SecVibrator-HAL-AIDL-CORE( 1739): HW_API: do_off
02-09 23:45:52.322 E/SecVibrator-HAL-AIDL-CORE( 1739): HW_API: [triggerForceFeedbackVibration]on: 0
02-09 23:45:52.410 E/SemWifiLinkQualityMonitor( 2640): Too old or invalid TMI: currentTime=1770669952410 lastDateWindow=1770658852000
02-09 23:45:52.414 E/InsController( 2640): Error in onOutageCountUpdate: android.net.VpnTransportInfo cannot be cast to android.net.wifi.WifiInfo
02-09 23:45:52.418 E/HeatmapThread( 1776): ECT Thread time in milliseconds: 1770669952
02-09 23:45:52.422 E/HeatmapThread( 1776): !@ CAM New BSOH: 100
02-09 23:45:52.422 E/HeatmapThread( 1776): !@ CAM is Working
02-09 23:45:52.427 E/r.afooddelivery(24806): hiddenapi: Accessing hidden method Lcom/android/org/conscrypt/ConscryptEngineSocket;->setUseSessionTickets(Z)V (runtime_flags=CorePlatformApi, domain=core-platform, api=max-target-q,core-platform-api) from Lcom/squareup/okhttp/internal/d; (domain=app) using reflection: denied
02-09 23:45:52.427 E/r.afooddelivery(24806): hiddenapi: Accessing hidden method Lcom/android/org/conscrypt/OpenSSLSocketImpl;->setUseSessionTickets(Z)V (runtime_flags=CorePlatformApi, domain=core-platform, api=max-target-q,core-platform-api) from Lcom/squareup/okhttp/internal/d; (domain=app) using reflection: denied
02-09 23:45:52.427 E/r.afooddelivery(24806): hiddenapi: Accessing hidden method Lcom/android/org/conscrypt/AbstractConscryptSocket;->setUseSessionTickets(Z)V (runtime_flags=0, domain=core-platform, api=max-target-q) from Lcom/squareup/okhttp/internal/d; (domain=app) using reflection: denied
02-09 23:45:52.427 E/r.afooddelivery(24806): hiddenapi: Accessing hidden method Lcom/android/org/conscrypt/ConscryptEngineSocket;->setHostname(Ljava/lang/String;)V (runtime_flags=CorePlatformApi, domain=core-platform, api=max-target-q,core-platform-api) from Lcom/squareup/okhttp/internal/d; (domain=app) using reflection: denied
02-09 23:45:52.427 E/r.afooddelivery(24806): hiddenapi: Accessing hidden method Lcom/android/org/conscrypt/OpenSSLSocketImpl;->setHostname(Ljava/lang/String;)V (runtime_flags=CorePlatformApi, domain=core-platform, api=max-target-q,core-platform-api) from Lcom/squareup/okhttp/internal/d; (domain=app) using reflection: denied
