02-09 23:46:09.345 W/service (25914): Thread Pool max thread count is 0. Cannot cache binder as linkToDeath cannot be implemented. serviceName: mdm.remotedesktop
02-09 23:46:09.345 E/RemoteDesktopService( 2640): Permission Denied pid=25914 mUid=-1 uid=10350 command=1598968902
02-09 23:46:09.348 W/service (25914): Thread Pool max thread count is 0. Cannot cache binder as linkToDeath cannot be implemented. serviceName: media.aaudio
02-09 23:46:09.348 W/service (25914): Thread Pool max thread count is 0. Cannot cache binder as linkToDeath cannot be implemented. serviceName: media.audio_flinger
02-09 23:46:09.349 W/service (25914): Thread Pool max thread count is 0. Cannot cache binder as linkToDeath cannot be implemented. serviceName: media.audio_policy
02-09 23:46:09.349 W/service (25914): Thread Pool max thread count is 0. Cannot cache binder as linkToDeath cannot be implemented. serviceName: media.camera
02-09 23:46:09.350 W/service (25914): Thread Pool max thread count is 0. Cannot cache binder as linkToDeath cannot be implemented. serviceName: media.extractor
02-09 23:46:09.350 W/service (25914): Thread Pool max thread count is 0. Cannot cache binder as linkToDeath cannot be implemented. serviceName: media.metrics
02-09 23:46:09.351 W/service (25914): Thread Pool max thread count is 0. Cannot cache binder as linkToDeath cannot be implemented. serviceName: media.player
02-09 23:46:09.351 W/service (25914): Thread Pool max thread count is 0. Cannot cache binder as linkToDeath cannot be implemented. serviceName: media.resource_manager
02-09 23:46:09.351 W/service (25914): Thread Pool max thread count is 0. Cannot cache binder as linkToDeath cannot be implemented. serviceName: media.resource_observer
02-09 23:46:09.352 W/service (25914): Thread Pool max thread count is 0. Cannot cache binder as linkToDeath cannot be implemented. serviceName: media_communication
02-09 23:46:09.352 W/service (25914): Thread Pool max thread count is 0. Cannot cache binder as linkToDeath cannot be implemented. serviceName: media_metrics
02-09 23:46:09.352 W/service (25914): Thread Pool max thread count is 0. Cannot cache binder as linkToDeath cannot be implemented. serviceName: media_projection
02-09 23:46:09.353 W/service (25914): Thread Pool max thread count is 0. Cannot cache binder as linkToDeath cannot be implemented. serviceName: media_resource_monitor
02-09 23:46:09.353 W/service (25914): Thread Pool max thread count is 0. Cannot cache binder as linkToDeath cannot be implemented. serviceName: media_router
02-09 23:46:09.353 W/service (25914): Thread Pool max thread count is 0. Cannot cache binder as linkToDeath cannot be implemented. serviceName: media_session
02-09 23:46:09.354 W/service (25914): Thread Pool max thread count is 0. Cannot cache binder as linkToDeath cannot be implemented. serviceName: memtrack.proxy
02-09 23:46:09.354 W/service (25914): Thread Pool max thread count is 0. Cannot cache binder as linkToDeath cannot be implemented. serviceName: midi
02-09 23:46:09.354 W/service (25914): Thread Pool max thread count is 0. Cannot cache binder as linkToDeath cannot be implemented. serviceName: misc_policy
02-09 23:46:09.355 W/service (25914): Thread Pool max thread count is 0. Cannot cache binder as linkToDeath cannot be implemented. serviceName: mocca
02-09 23:46:09.356 W/service (25914): Thread Pool max thread count is 0. Cannot cache binder as linkToDeath cannot be implemented. serviceName: mount
02-09 23:46:09.356 W/service (25914): Thread Pool max thread count is 0. Cannot cache binder as linkToDeath cannot be implemented. serviceName: multi_user_manager_service
02-09 23:46:09.357 W/service (25914): Thread Pool max thread count is 0. Cannot cache binder as linkToDeath cannot be implemented. serviceName: mum_container_policy
02-09 23:46:09.357 W/service (25914): Thread Pool max thread count is 0. Cannot cache binder as linkToDeath cannot be implemented. serviceName: mum_container_rcp_policy
02-09 23:46:09.357 W/service (25914): Thread Pool max thread count is 0. Cannot cache binder as linkToDeath cannot be implemented. serviceName: nearby
02-09 23:46:09.358 W/service (25914): Thread Pool max thread count is 0. Cannot cache binder as linkToDeath cannot be implemented. serviceName: netpolicy
02-09 23:46:09.359 W/service (25914): Thread Pool max thread count is 0. Cannot cache binder as linkToDeath cannot be implemented. serviceName: netstats
02-09 23:46:09.359 W/service (25914): Thread Pool max thread count is 0. Cannot cache binder as linkToDeath cannot be implemented. serviceName: network_management
02-09 23:46:09.360 W/service (25914): Thread Pool max thread count is 0. Cannot cache binder as linkToDeath cannot be implemented. serviceName: nfc
02-09 23:46:09.361 W/service (25914): Thread Pool max thread count is 0. Cannot cache binder as linkToDeath cannot be implemented. serviceName: notification
02-09 23:46:09.361 W/QC2V4l2Decoder( 1710): [v4lhvcD_231] Allocating output buffer timedout, 19804ms elapsed since last input buffer queued (threshold 1000ms)
02-09 23:46:09.362 W/service (25914): Thread Pool max thread count is 0. Cannot cache binder as linkToDeath cannot be implemented. serviceName: on_device_intelligence
02-09 23:46:09.363 W/service (25914): Thread Pool max thread count is 0. Cannot cache binder as linkToDeath cannot be implemented. serviceName: pac_proxy
02-09 23:46:09.363 W/service (25914): Thread Pool max thread count is 0. Cannot cache binder as linkToDeath cannot be implemented. serviceName: package
02-09 23:46:09.363 W/service (25914): Thread Pool max thread count is 0. Cannot cache binder as linkToDeath cannot be implemented. serviceName: package_native
02-09 23:46:09.364 W/service (25914): Thread Pool max thread count is 0. Cannot cache binder as linkToDeath cannot be implemented. serviceName: password_policy
02-09 23:46:09.364 W/service (25914): Thread Pool max thread count is 0. Cannot cache binder as linkToDeath cannot be implemented. serviceName: people
02-09 23:46:09.364 W/service (25914): Thread Pool max thread count is 0. Cannot cache binder as linkToDeath cannot be implemented. serviceName: performance_hint
02-09 23:46:09.365 W/service (25914): Thread Pool max thread count is 0. Cannot cache binder as linkToDeath cannot be implemented. serviceName: perfsdkservice
02-09 23:46:09.365 W/service (25914): Thread Pool max thread count is 0. Cannot cache binder as linkToDeath cannot be implemented. serviceName: permission
02-09 23:46:09.365 W/service (25914): Thread Pool max thread count is 0. Cannot cache binder as linkToDeath cannot be implemented. serviceName: permission_checker
02-09 23:46:09.366 W/service (25914): Thread Pool max thread count is 0. Cannot cache binder as linkToDeath cannot be implemented. serviceName: permissionmgr
02-09 23:46:09.366 W/service (25914): Thread Pool max thread count is 0. Cannot cache binder as linkToDeath cannot be implemented. serviceName: persistent_data_block
02-09 23:46:09.366 W/service (25914): Thread Pool max thread count is 0. Cannot cache binder as linkToDeath cannot be implemented. serviceName: persona
02-09 23:46:09.367 W/service (25914): Thread Pool max thread count is 0. Cannot cache binder as linkToDeath cannot be implemented. serviceName: phone
02-09 23:46:09.367 W/service (25914): Thread Pool max thread count is 0. Cannot cache binder as linkToDeath cannot be implemented. serviceName: phone_restriction_policy
02-09 23:46:09.368 W/service (25914): Thread Pool max thread count is 0. Cannot cache binder as linkToDeath cannot be implemented. serviceName: platform_compat
02-09 23:46:09.368 W/service (25914): Thread Pool max thread count is 0. Cannot cache binder as linkToDeath cannot be implemented. serviceName: platform_compat_native
02-09 23:46:09.368 W/service (25914): Thread Pool max thread count is 0. Cannot cache binder as linkToDeath cannot be implemented. serviceName: power
02-09 23:46:09.369 W/service (25914): Thread Pool max thread count is 0. Cannot cache binder as linkToDeath cannot be implemented. serviceName: powerstats
02-09 23:46:09.369 W/service (25914): Thread Pool max thread count is 0. Cannot cache binder as linkToDeath cannot be implemented. serviceName: print
02-09 23:46:09.370 W/service (25914): Thread Pool max thread count is 0. Cannot cache binder as linkToDeath cannot be implemented. serviceName: procstats
02-09 23:46:09.370 W/service (25914): Thread Pool max thread count is 0. Cannot cache binder as linkToDeath cannot be implemented. serviceName: profilepolicy
02-09 23:46:09.370 W/service (25914): Thread Pool max thread count is 0. Cannot cache binder as linkToDeath cannot be implemented. serviceName: profiling_service
02-09 23:46:09.371 W/service (25914): Thread Pool max thread count is 0. Cannot cache binder as linkToDeath cannot be implemented. serviceName: ranging
02-09 23:46:09.372 W/service (25914): Thread Pool max thread count is 0. Cannot cache binder as linkToDeath cannot be implemented. serviceName: reboot_readiness
02-09 23:46:09.372 W/service (25914): Thread Pool max thread count is 0. Cannot cache binder as linkToDeath cannot be implemented. serviceName: remoteappmode
02-09 23:46:09.373 W/service (25914): Thread Pool max thread count is 0. Cannot cache binder as linkToDeath cannot be implemented. serviceName: remoteinjection
02-09 23:46:09.373 W/service (25914): Thread Pool max thread count is 0. Cannot cache binder as linkToDeath cannot be implemented. serviceName: restriction_policy
02-09 23:46:09.374 W/service (25914): Thread Pool max thread count is 0. Cannot cache binder as linkToDeath cannot be implemented. serviceName: restrictions
02-09 23:46:09.374 W/service (25914): Thread Pool max thread count is 0. Cannot cache binder as linkToDeath cannot be implemented. serviceName: roaming_policy
02-09 23:46:09.374 W/service (25914): Thread Pool max thread count is 0. Cannot cache binder as linkToDeath cannot be implemented. serviceName: role
02-09 23:46:09.375 W/service (25914): Thread Pool max thread count is 0. Cannot cache binder as linkToDeath cannot be implemented. serviceName: rollback
02-09 23:46:09.375 W/service (25914): Thread Pool max thread count is 0. Cannot cache binder as linkToDeath cannot be implemented. serviceName: safety_center
02-09 23:46:09.376 W/service (25914): Thread Pool max thread count is 0. Cannot cache binder as linkToDeath cannot be implemented. serviceName: samsung_telecom
02-09 23:46:09.377 W/service (25914): Thread Pool max thread count is 0. Cannot cache binder as linkToDeath cannot be implemented. serviceName: scontext
02-09 23:46:09.377 W/service (25914): Thread Pool max thread count is 0. Cannot cache binder as linkToDeath cannot be implemented. serviceName: sdhms
02-09 23:46:09.377 W/service (25914): Thread Pool max thread count is 0. Cannot cache binder as linkToDeath cannot be implemented. serviceName: sdk_sandbox
02-09 23:46:09.378 W/service (25914): Thread Pool max thread count is 0. Cannot cache binder as linkToDeath cannot be implemented. serviceName: search
02-09 23:46:09.378 W/service (25914): Thread Pool max thread count is 0. Cannot cache binder as linkToDeath cannot be implemented. serviceName: sec_key_att_app_id_provider
02-09 23:46:09.378 W/service (25914): Thread Pool max thread count is 0. Cannot cache binder as linkToDeath cannot be implemented. serviceName: sec_location
02-09 23:46:09.379 W/service (25914): Thread Pool max thread count is 0. Cannot cache binder as linkToDeath cannot be implemented. serviceName: secims
02-09 23:46:09.380 W/service (25914): Thread Pool max thread count is 0. Cannot cache binder as linkToDeath cannot be implemented. serviceName: security_policy
02-09 23:46:09.380 W/service (25914): Thread Pool max thread count is 0. Cannot cache binder as linkToDeath cannot be implemented. serviceName: security_state
02-09 23:46:09.380 W/service (25914): Thread Pool max thread count is 0. Cannot cache binder as linkToDeath cannot be implemented. serviceName: sem.telephony.registry
02-09 23:46:09.381 W/service (25914): Thread Pool max thread count is 0. Cannot cache binder as linkToDeath cannot be implemented. serviceName: semclipboard
02-09 23:46:09.382 W/service (25914): Thread Pool max thread count is 0. Cannot cache binder as linkToDeath cannot be implemented. serviceName: semprivilege
02-09 23:46:09.382 W/service (25914): Thread Pool max thread count is 0. Cannot cache binder as linkToDeath cannot be implemented. serviceName: semuwb_extras
02-09 23:46:09.382 W/service (25914): Thread Pool max thread count is 0. Cannot cache binder as linkToDeath cannot be implemented. serviceName: sensitive_content_protection_service
02-09 23:46:09.383 W/service (25914): Thread Pool max thread count is 0. Cannot cache binder as linkToDeath cannot be implemented. serviceName: sensor_privacy
02-09 23:46:09.383 W/service (25914): Thread Pool max thread count is 0. Cannot cache binder as linkToDeath cannot be implemented. serviceName: sensorservice
02-09 23:46:09.384 W/service (25914): Thread Pool max thread count is 0. Cannot cache binder as linkToDeath cannot be implemented. serviceName: servicediscovery
02-09 23:46:09.384 W/service (25914): Thread Pool max thread count is 0. Cannot cache binder as linkToDeath cannot be implemented. serviceName: settings
02-09 23:46:09.384 E/Parcel  (25914): Reading a NULL string not supported here.
02-09 23:46:09.385 W/service (25914): Thread Pool max thread count is 0. Cannot cache binder as linkToDeath cannot be implemented. serviceName: shortcut
02-09 23:46:09.385 W/service (25914): Thread Pool max thread count is 0. Cannot cache binder as linkToDeath cannot be implemented. serviceName: simphonebook
02-09 23:46:09.385 W/service (25914): Thread Pool max thread count is 0. Cannot cache binder as linkToDeath cannot be implemented. serviceName: slice
02-09 23:46:09.386 W/service (25914): Thread Pool max thread count is 0. Cannot cache binder as linkToDeath cannot be implemented. serviceName: soundtrigger
02-09 23:46:09.386 W/service (25914): Thread Pool max thread count is 0. Cannot cache binder as linkToDeath cannot be implemented. serviceName: speech_recognition
02-09 23:46:09.387 W/service (25914): Thread Pool max thread count is 0. Cannot cache binder as linkToDeath cannot be implemented. serviceName: spengestureservice
02-09 23:46:09.388 W/service (25914): Thread Pool max thread count is 0. Cannot cache binder as linkToDeath cannot be implemented. serviceName: statusbar
02-09 23:46:09.389 W/service (25914): Thread Pool max thread count is 0. Cannot cache binder as linkToDeath cannot be implemented. serviceName: storagestats
02-09 23:46:09.390 W/service (25914): Thread Pool max thread count is 0. Cannot cache binder as linkToDeath cannot be implemented. serviceName: supervision
02-09 23:46:09.391 W/service (25914): Thread Pool max thread count is 0. Cannot cache binder as linkToDeath cannot be implemented. serviceName: telecom
02-09 23:46:09.392 W/service (25914): Thread Pool max thread count is 0. Cannot cache binder as linkToDeath cannot be implemented. serviceName: telephony.registry
02-09 23:46:09.392 W/service (25914): Thread Pool max thread count is 0. Cannot cache binder as linkToDeath cannot be implemented. serviceName: telephony_ims
02-09 23:46:09.393 W/service (25914): Thread Pool max thread count is 0. Cannot cache binder as linkToDeath cannot be implemented. serviceName: tethering
02-09 23:46:09.393 W/service (25914): Thread Pool max thread count is 0. Cannot cache binder as linkToDeath cannot be implemented. serviceName: textclassification
02-09 23:46:09.394 W/service (25914): Thread Pool max thread count is 0. Cannot cache binder as linkToDeath cannot be implemented. serviceName: textservices
02-09 23:46:09.394 W/service (25914): Thread Pool max thread count is 0. Cannot cache binder as linkToDeath cannot be implemented. serviceName: texttospeech
02-09 23:46:09.394 W/service (25914): Thread Pool max thread count is 0. Cannot cache binder as linkToDeath cannot be implemented. serviceName: thermalservice
02-09 23:46:09.395 W/service (25914): Thread Pool max thread count is 0. Cannot cache binder as linkToDeath cannot be implemented. serviceName: threat_defense_service
02-09 23:46:09.395 W/service (25914): Thread Pool max thread count is 0. Cannot cache binder as linkToDeath cannot be implemented. serviceName: time_detector
02-09 23:46:09.395 W/service (25914): Thread Pool max thread count is 0. Cannot cache binder as linkToDeath cannot be implemented. serviceName: time_zone_detector
02-09 23:46:09.396 W/service (25914): Thread Pool max thread count is 0. Cannot cache binder as linkToDeath cannot be implemented. serviceName: translation
02-09 23:46:09.397 W/service (25914): Thread Pool max thread count is 0. Cannot cache binder as linkToDeath cannot be implemented. serviceName: trust
02-09 23:46:09.397 W/service (25914): Thread Pool max thread count is 0. Cannot cache binder as linkToDeath cannot be implemented. serviceName: uimode
02-09 23:46:09.398 W/service (25914): Thread Pool max thread count is 0. Cannot cache binder as linkToDeath cannot be implemented. serviceName: uri_grants
02-09 23:46:09.398 W/service (25914): Thread Pool max thread count is 0. Cannot cache binder as linkToDeath cannot be implemented. serviceName: usagestats
02-09 23:46:09.399 W/service (25914): Thread Pool max thread count is 0. Cannot cache binder as linkToDeath cannot be implemented. serviceName: usb
02-09 23:46:09.399 W/service (25914): Thread Pool max thread count is 0. Cannot cache binder as linkToDeath cannot be implemented. serviceName: user
02-09 23:46:09.399 W/service (25914): Thread Pool max thread count is 0. Cannot cache binder as linkToDeath cannot be implemented. serviceName: uwb
02-09 23:46:09.400 W/service (25914): Thread Pool max thread count is 0. Cannot cache binder as linkToDeath cannot be implemented. serviceName: vcn_management
02-09 23:46:09.400 W/service (25914): Thread Pool max thread count is 0. Cannot cache binder as linkToDeath cannot be implemented. serviceName: vendor.perfservice
02-09 23:46:09.408 W/service (25914): Thread Pool max thread count is 0. Cannot cache binder as linkToDeath cannot be implemented. serviceName: vendor.samsung.frameworks.codecsolution.ISehCodecSolution/default
02-09 23:46:09.418 E/HeatmapThread( 1776): ECT Thread time in milliseconds: 1770669969
02-09 23:46:09.421 E/HeatmapThread( 1776): !@ CAM New BSOH: 100
02-09 23:46:09.422 E/HeatmapThread( 1776): !@ CAM is Working
02-09 23:46:09.423 W/service (25914): Thread Pool max thread count is 0. Cannot cache binder as linkToDeath cannot be implemented. serviceName: vibrator_manager
02-09 23:46:09.424 W/service (25914): Thread Pool max thread count is 0. Cannot cache binder as linkToDeath cannot be implemented. serviceName: virtualdevice
02-09 23:46:09.424 W/service (25914): Thread Pool max thread count is 0. Cannot cache binder as linkToDeath cannot be implemented. serviceName: virtualdevice_native
02-09 23:46:09.424 W/service (25914): Thread Pool max thread count is 0. Cannot cache binder as linkToDeath cannot be implemented. serviceName: voiceinteraction
02-09 23:46:09.425 W/service (25914): Thread Pool max thread count is 0. Cannot cache binder as linkToDeath cannot be implemented. serviceName: vpn_management
02-09 23:46:09.425 W/service (25914): Thread Pool max thread count is 0. Cannot cache binder as linkToDeath cannot be implemented. serviceName: wallpaper
02-09 23:46:09.426 W/service (25914): Thread Pool max thread count is 0. Cannot cache binder as linkToDeath cannot be implemented. serviceName: wearable_sensing
02-09 23:46:09.426 W/service (25914): Thread Pool max thread count is 0. Cannot cache binder as linkToDeath cannot be implemented. serviceName: webviewupdate
02-09 23:46:09.427 W/service (25914): Thread Pool max thread count is 0. Cannot cache binder as linkToDeath cannot be implemented. serviceName: wifi
02-09 23:46:09.427 W/service (25914): Thread Pool max thread count is 0. Cannot cache binder as linkToDeath cannot be implemented. serviceName: wifi_policy
02-09 23:46:09.427 W/service (25914): Thread Pool max thread count is 0. Cannot cache binder as linkToDeath cannot be implemented. serviceName: wifiaware
02-09 23:46:09.428 W/service (25914): Thread Pool max thread count is 0. Cannot cache binder as linkToDeath cannot be implemented. serviceName: wifip2p
02-09 23:46:09.429 W/service (25914): Thread Pool max thread count is 0. Cannot cache binder as linkToDeath cannot be implemented. serviceName: wifirtt
02-09 23:46:09.429 W/service (25914): Thread Pool max thread count is 0. Cannot cache binder as linkToDeath cannot be implemented. serviceName: wifiscanner
02-09 23:46:09.512 W/QC2V4l2Decoder( 1710): [v4lhvcD_231] Allocating output buffer timedout, 19954ms elapsed since last input buffer queued (threshold 1000ms)
02-09 23:46:09.625 E/Watchdog( 2640): !@Sync: 642 heap(MB): 182 / 186 FD: 1475 [2026-02-09 23:46:09.625]
02-09 23:46:09.634 W/keymint_tee( 1277): [WRN]ret OK PARAMS: A3, UAT3, PP2, PP3, D4, D5, D6, KS256, AT300, CD2026.02.09,23:46:09.623, 
02-09 23:46:09.635 W/samsung_keystore_utils( 1275): logging data : SDAK="GAK":"com.sankuai.sailor.afooddelivery/sankuai_alias/EC_RKP/0/43274240"
02-09 23:46:09.640 W/samsung_keystore_utils( 1275): success to loggingBigData
02-09 23:46:09.664 W/QC2V4l2Decoder( 1710): [v4lhvcD_231] Allocating output buffer timedout, 20106ms elapsed since last input buffer queued (threshold 1000ms)
02-09 23:46:09.664 W/C2BqBuffer( 1710): last successful dequeue was 21124365 us ago, 0 consecutive failures
02-09 23:46:09.814 W/QC2V4l2Decoder( 1710): [v4lhvcD_231] Allocating output buffer timedout, 20256ms elapsed since last input buffer queued (threshold 1000ms)
02-09 23:46:09.965 W/QC2V4l2Decoder( 1710): [v4lhvcD_231] Allocating output buffer timedout, 20407ms elapsed since last input buffer queued (threshold 1000ms)
02-09 23:46:10.115 W/QC2V4l2Decoder( 1710): [v4lhvcD_231] Allocating output buffer timedout, 20557ms elapsed since last input buffer queued (threshold 1000ms)
02-09 23:46:10.266 W/QC2V4l2Decoder( 1710): [v4lhvcD_231] Allocating output buffer timedout, 20708ms elapsed since last input buffer queued (threshold 1000ms)
02-09 23:46:10.417 W/QC2V4l2Decoder( 1710): [v4lhvcD_231] Allocating output buffer timedout, 20859ms elapsed since last input buffer queued (threshold 1000ms)
02-09 23:46:10.418 E/HeatmapThread( 1776): ECT Thread time in milliseconds: 1770669970
02-09 23:46:10.424 E/HeatmapThread( 1776): !@ CAM New BSOH: 100
02-09 23:46:10.424 E/HeatmapThread( 1776): !@ CAM is Working
02-09 23:46:10.497 E/SemWifiLinkQualityMonitor( 2640): Too old or invalid TMI: currentTime=1770669970497 lastDateWindow=1770658852000
02-09 23:46:10.499 E/InsController( 2640): Error in onOutageCountUpdate: android.net.VpnTransportInfo cannot be cast to android.net.wifi.WifiInfo
02-09 23:46:10.567 W/QC2V4l2Decoder( 1710): [v4lhvcD_231] Allocating output buffer timedout, 21009ms elapsed since last input buffer queued (threshold 1000ms)
02-09 23:46:10.718 W/QC2V4l2Decoder( 1710): [v4lhvcD_231] Allocating output buffer timedout, 21160ms elapsed since last input buffer queued (threshold 1000ms)
02-09 23:46:10.869 W/QC2V4l2Decoder( 1710): [v4lhvcD_231] Allocating output buffer timedout, 21311ms elapsed since last input buffer queued (threshold 1000ms)
02-09 23:46:11.020 W/QC2V4l2Decoder( 1710): [v4lhvcD_231] Allocating output buffer timedout, 21462ms elapsed since last input buffer queued (threshold 1000ms)
02-09 23:46:11.171 W/QC2V4l2Decoder( 1710): [v4lhvcD_231] Allocating output buffer timedout, 21613ms elapsed since last input buffer queued (threshold 1000ms)
02-09 23:46:11.321 W/QC2V4l2Decoder( 1710): [v4lhvcD_231] Allocating output buffer timedout, 21763ms elapsed since last input buffer queued (threshold 1000ms)
02-09 23:46:11.418 E/HeatmapThread( 1776): ECT Thread time in milliseconds: 1770669971
02-09 23:46:11.422 E/HeatmapThread( 1776): !@ CAM New BSOH: 100
02-09 23:46:11.422 E/HeatmapThread( 1776): !@ CAM is Working
02-09 23:46:11.461 W/derbird.android( 9077): Reducing the number of considered missed Gc histogram windows from 273 to 100
02-09 23:46:11.471 W/QC2V4l2Decoder( 1710): [v4lhvcD_231] Allocating output buffer timedout, 21914ms elapsed since last input buffer queued (threshold 1000ms)
02-09 23:46:11.622 W/QC2V4l2Decoder( 1710): [v4lhvcD_231] Allocating output buffer timedout, 22064ms elapsed since last input buffer queued (threshold 1000ms)
02-09 23:46:11.773 W/QC2V4l2Decoder( 1710): [v4lhvcD_231] Allocating output buffer timedout, 22215ms elapsed since last input buffer queued (threshold 1000ms)
02-09 23:46:11.924 W/QC2V4l2Decoder( 1710): [v4lhvcD_231] Allocating output buffer timedout, 22366ms elapsed since last input buffer queued (threshold 1000ms)
02-09 23:46:12.074 W/QC2V4l2Decoder( 1710): [v4lhvcD_231] Allocating output buffer timedout, 22517ms elapsed since last input buffer queued (threshold 1000ms)
02-09 23:46:12.225 W/QC2V4l2Decoder( 1710): [v4lhvcD_231] Allocating output buffer timedout, 22667ms elapsed since last input buffer queued (threshold 1000ms)
02-09 23:46:12.289 W/FillRequestEventLogger( 2640): Couldn't find packageName: org.futo.inputmethod.latin
02-09 23:46:12.306 E/BluetoothRemoteDevices(16699): getSecMetadata : return SUPPORTED_FEATURES
02-09 23:46:12.306 E/A2dpService(16699): isSupportLowLatencyMode: DataPacket is too short.
02-09 23:46:12.311 W/libc    ( 6709): Access denied finding property "vendor.display.enable_optimal_refresh_rate"
02-09 23:46:12.311 W/libc    ( 6709): Access denied finding property "vendor.display.enable_optimal_refresh_rate"
02-09 23:46:12.314 W/qdgralloc( 6709): getInterlacedFlag: getMetaData returned 3, defaulting to interlaced_flag = 0
02-09 23:46:12.325 W/qdgralloc( 6709): getInterlacedFlag: getMetaData returned 3, defaulting to interlaced_flag = 0
02-09 23:46:12.343 E/SurfaceFlinger( 1804): alpha changed 0.000 -> 1.000 - Surface(name=26e1d8 InputMethod)/@0x460d433 - animation-leash of insets_animation#9503
02-09 23:46:12.377 W/QC2V4l2Decoder( 1710): [v4lhvcD_231] Allocating output buffer timedout, 22819ms elapsed since last input buffer queued (threshold 1000ms)
02-09 23:46:12.401 W/qdgralloc(25247): getInterlacedFlag: getMetaData returned 3, defaulting to interlaced_flag = 0
02-09 23:46:12.418 E/HeatmapThread( 1776): ECT Thread time in milliseconds: 1770669972
02-09 23:46:12.424 E/HeatmapThread( 1776): !@ CAM New BSOH: 100
02-09 23:46:12.424 E/HeatmapThread( 1776): !@ CAM is Working
02-09 23:46:12.527 W/QC2V4l2Decoder( 1710): [v4lhvcD_231] Allocating output buffer timedout, 22969ms elapsed since last input buffer queued (threshold 1000ms)
02-09 23:46:12.678 W/QC2V4l2Decoder( 1710): [v4lhvcD_231] Allocating output buffer timedout, 23120ms elapsed since last input buffer queued (threshold 1000ms)
02-09 23:46:12.829 W/QC2V4l2Decoder( 1710): [v4lhvcD_231] Allocating output buffer timedout, 23271ms elapsed since last input buffer queued (threshold 1000ms)
02-09 23:46:12.960 W/qdgralloc( 3998): getInterlacedFlag: getMetaData returned 3, defaulting to interlaced_flag = 0
02-09 23:46:12.963 W/qdgralloc( 3998): getInterlacedFlag: getMetaData returned 3, defaulting to interlaced_flag = 0
02-09 23:46:12.967 W/qdgralloc( 3998): getInterlacedFlag: getMetaData returned 3, defaulting to interlaced_flag = 0
02-09 23:46:12.976 W/qdgralloc( 3998): getInterlacedFlag: getMetaData returned 3, defaulting to interlaced_flag = 0
02-09 23:46:12.979 W/QC2V4l2Decoder( 1710): [v4lhvcD_231] Allocating output buffer timedout, 23421ms elapsed since last input buffer queued (threshold 1000ms)
02-09 23:46:13.083 E/SecVibrator-HAL-AIDL-EXT( 1739): V_5_0: performPrebakedHapticPattern 23 : 8000 : 0
02-09 23:46:13.083 E/SecVibrator-HAL-AIDL-CORE( 1739): HW_API: [setForceFeedbackAmplitude]amplitude: 8000
02-09 23:46:13.090 W/WindowOnBackDispatcher(25247): sendCancelIfRunning: isInProgress=false callback=ImeCallback=ImeOnBackInvokedCallback@38850292 Callback=android.window.IOnBackInvokedCallback$Stub$Proxy@a73143d
02-09 23:46:13.094 E/SecVibrator-HAL-AIDL-CORE( 1739): HW_API: [uploadForceFeedbackeffect]ioctl success ,uploaded effect with ID: 0
02-09 23:46:13.094 E/SecVibrator-HAL-AIDL-CORE( 1739): HW_API: do_on for timeoutMs: 1000
02-09 23:46:13.095 E/SecVibrator-HAL-AIDL-CORE( 1739): HW_API: [triggerForceFeedbackVibration]on: 1
02-09 23:46:13.129 W/QC2V4l2Decoder( 1710): [v4lhvcD_231] Allocating output buffer timedout, 23571ms elapsed since last input buffer queued (threshold 1000ms)
02-09 23:46:13.203 E/SecVibrator-HAL-AIDL-CORE( 1739): V_2_0: Vibrator off
02-09 23:46:13.204 E/SecVibrator-HAL-AIDL-CORE( 1739): HW_API: do_off
02-09 23:46:13.204 E/SecVibrator-HAL-AIDL-CORE( 1739): HW_API: [triggerForceFeedbackVibration]on: 0
02-09 23:46:13.280 W/QC2V4l2Decoder( 1710): [v4lhvcD_231] Allocating output buffer timedout, 23722ms elapsed since last input buffer queued (threshold 1000ms)
02-09 23:46:13.400 E/WindowManager( 2640): win=Window{1495b55 u0 BackPanelController} destroySurfaces: appStopped=true cleanupOnResume=false win.mWindowRemovalAllowed=false win.mRemoveOnExit=false win.mViewVisibility=8 caller=com.android.server.wm.WindowManagerService.tryStartExitingAnimation:134 com.android.server.wm.WindowManagerService.relayoutWindow:1138 com.android.server.wm.Session.relayout:27 android.view.IWindowSession$Stub.onTransact:829 com.android.server.wm.Session.onTransact:1 android.os.Binder.execTransactInternal:1462 android.os.Binder.execTransact:1401 
02-09 23:46:13.418 E/HeatmapThread( 1776): ECT Thread time in milliseconds: 1770669973
02-09 23:46:13.422 E/HeatmapThread( 1776): !@ CAM New BSOH: 100
02-09 23:46:13.422 E/HeatmapThread( 1776): !@ CAM is Working
02-09 23:46:13.429 E/BluetoothRemoteDevices(16699): getSecMetadata : return SUPPORTED_FEATURES
02-09 23:46:13.429 E/A2dpService(16699): isSupportLowLatencyMode: DataPacket is too short.
02-09 23:46:13.434 W/QC2V4l2Decoder( 1710): [v4lhvcD_231] Allocating output buffer timedout, 23876ms elapsed since last input buffer queued (threshold 1000ms)
02-09 23:46:13.517 E/SemWifiLinkQualityMonitor( 2640): Too old or invalid TMI: currentTime=1770669973517 lastDateWindow=1770658852000
02-09 23:46:13.519 E/InsController( 2640): Error in onOutageCountUpdate: android.net.VpnTransportInfo cannot be cast to android.net.wifi.WifiInfo
02-09 23:46:13.585 W/QC2V4l2Decoder( 1710): [v4lhvcD_231] Allocating output buffer timedout, 24027ms elapsed since last input buffer queued (threshold 1000ms)
02-09 23:46:13.637 W/System  ( 2640): A resource failed to call release. 
02-09 23:46:13.637 W/System  ( 2640): A resource failed to call release. 
02-09 23:46:13.637 W/System  ( 2640): A resource failed to call release. 
02-09 23:46:13.637 W/System  ( 2640): A resource failed to call release. 
02-09 23:46:13.637 W/System  ( 2640): A resource failed to call release. 
02-09 23:46:13.637 W/System  ( 2640): A resource failed to call release. 
02-09 23:46:13.735 W/QC2V4l2Decoder( 1710): [v4lhvcD_231] Allocating output buffer timedout, 24177ms elapsed since last input buffer queued (threshold 1000ms)
02-09 23:46:13.886 W/QC2V4l2Decoder( 1710): [v4lhvcD_231] Allocating output buffer timedout, 24328ms elapsed since last input buffer queued (threshold 1000ms)
02-09 23:46:13.954 E/WindowManager( 2640): win=Window{26e1d8 u0 InputMethod} destroySurfaces: appStopped=true cleanupOnResume=false win.mWindowRemovalAllowed=false win.mRemoveOnExit=false win.mViewVisibility=8 caller=com.android.server.wm.WindowManagerService.tryStartExitingAnimation:134 com.android.server.wm.WindowManagerService.relayoutWindow:1138 com.android.server.wm.Session.relayout:27 android.view.IWindowSession$Stub.onTransact:829 com.android.server.wm.Session.onTransact:1 android.os.Binder.execTransactInternal:1457 android.os.Binder.execTransact:1401 
02-09 23:46:13.973 E/SurfaceFlinger( 1804): alpha changed 1.000 -> 0.000 - Surface(name=26e1d8 InputMethod)/@0x460d433 - animation-leash of insets_animation#9508
02-09 23:46:14.035 W/qdgralloc( 3998): getInterlacedFlag: getMetaData returned 3, defaulting to interlaced_flag = 0
02-09 23:46:14.037 W/QC2V4l2Decoder( 1710): [v4lhvcD_231] Allocating output buffer timedout, 24479ms elapsed since last input buffer queued (threshold 1000ms)
02-09 23:46:14.038 W/qdgralloc( 3998): getInterlacedFlag: getMetaData returned 3, defaulting to interlaced_flag = 0
02-09 23:46:14.041 W/qdgralloc( 3998): getInterlacedFlag: getMetaData returned 3, defaulting to interlaced_flag = 0
02-09 23:46:14.049 W/qdgralloc( 3998): getInterlacedFlag: getMetaData returned 3, defaulting to interlaced_flag = 0
02-09 23:46:14.062 E/SecVibrator-HAL-AIDL-EXT( 1739): V_5_0: performPrebakedHapticPattern 23 : 8000 : 0
02-09 23:46:14.062 E/SecVibrator-HAL-AIDL-CORE( 1739): HW_API: [setForceFeedbackAmplitude]amplitude: 8000
02-09 23:46:14.075 E/SecVibrator-HAL-AIDL-CORE( 1739): HW_API: [uploadForceFeedbackeffect]ioctl success ,uploaded effect with ID: 0
02-09 23:46:14.075 E/SecVibrator-HAL-AIDL-CORE( 1739): HW_API: do_on for timeoutMs: 1000
02-09 23:46:14.075 E/SecVibrator-HAL-AIDL-CORE( 1739): HW_API: [triggerForceFeedbackVibration]on: 1
02-09 23:46:14.093 W/WindowOnBackDispatcher(25247): sendCancelIfRunning: isInProgress=false callback=V1.c@ea9b00b
02-09 23:46:14.181 E/SecVibrator-HAL-AIDL-CORE( 1739): V_2_0: Vibrator off
02-09 23:46:14.181 E/SecVibrator-HAL-AIDL-CORE( 1739): HW_API: do_off
02-09 23:46:14.181 E/SecVibrator-HAL-AIDL-CORE( 1739): HW_API: [triggerForceFeedbackVibration]on: 0
02-09 23:46:14.188 W/QC2V4l2Decoder( 1710): [v4lhvcD_231] Allocating output buffer timedout, 24630ms elapsed since last input buffer queued (threshold 1000ms)
02-09 23:46:14.221 E/BatteryDump( 1714): !@new_battery_dump : 4173,2,1125,1800,84,377,360,453,377,0,398,453,0,Not-charging,NO_CHARGING,Normal,Good,PDIC,0,Normal,0,0,9300,0x8000,0x11010000,0x0,0,0,0000,0000,00000000,0,0,0,0,329,4176,8354,990,0,
02-09 23:46:14.338 W/QC2V4l2Decoder( 1710): [v4lhvcD_231] Allocating output buffer timedout, 24781ms elapsed since last input buffer queued (threshold 1000ms)
02-09 23:46:14.383 E/WindowManager( 2640): win=Window{1495b55 u0 BackPanelController} destroySurfaces: appStopped=true cleanupOnResume=false win.mWindowRemovalAllowed=false win.mRemoveOnExit=false win.mViewVisibility=8 caller=com.android.server.wm.WindowManagerService.tryStartExitingAnimation:134 com.android.server.wm.WindowManagerService.relayoutWindow:1138 com.android.server.wm.Session.relayout:27 android.view.IWindowSession$Stub.onTransact:829 com.android.server.wm.Session.onTransact:1 android.os.Binder.execTransactInternal:1462 android.os.Binder.execTransact:1401 
02-09 23:46:14.418 E/HeatmapThread( 1776): ECT Thread time in milliseconds: 1770669974
02-09 23:46:14.422 E/HeatmapThread( 1776): !@ CAM New BSOH: 100
02-09 23:46:14.422 E/HeatmapThread( 1776): !@ CAM is Working
02-09 23:46:14.490 W/QC2V4l2Decoder( 1710): [v4lhvcD_231] Allocating output buffer timedout, 24932ms elapsed since last input buffer queued (threshold 1000ms)
02-09 23:46:14.641 W/QC2V4l2Decoder( 1710): [v4lhvcD_231] Allocating output buffer timedout, 25083ms elapsed since last input buffer queued (threshold 1000ms)
02-09 23:46:14.791 W/QC2V4l2Decoder( 1710): [v4lhvcD_231] Allocating output buffer timedout, 25233ms elapsed since last input buffer queued (threshold 1000ms)
02-09 23:46:14.792 W/C2BqBuffer( 1710): last successful dequeue was 26251995 us ago, 0 consecutive failures
02-09 23:46:14.942 W/QC2V4l2Decoder( 1710): [v4lhvcD_231] Allocating output buffer timedout, 25384ms elapsed since last input buffer queued (threshold 1000ms)
02-09 23:46:15.093 W/QC2V4l2Decoder( 1710): [v4lhvcD_231] Allocating output buffer timedout, 25535ms elapsed since last input buffer queued (threshold 1000ms)
02-09 23:46:15.244 W/QC2V4l2Decoder( 1710): [v4lhvcD_231] Allocating output buffer timedout, 25686ms elapsed since last input buffer queued (threshold 1000ms)
02-09 23:46:15.260 W/Binder  ( 2640): Outgoing transactions from this process must be FLAG_ONEWAY
02-09 23:46:15.260 W/Binder  ( 2640): java.lang.Throwable
02-09 23:46:15.260 W/Binder  ( 2640): 	at android.os.BinderProxy.transact(BinderProxy.java:566)
02-09 23:46:15.260 W/Binder  ( 2640): 	at android.bluetooth.IBluetoothGatt$Stub$Proxy.getAdvertisingSetUids(IBluetoothGatt.java:1678)
02-09 23:46:15.260 W/Binder  ( 2640): 	at android.bluetooth.BluetoothAdapter.getAdvertisingSetUids(BluetoothAdapter.java:8476)
02-09 23:46:15.260 W/Binder  ( 2640): 	at android.bluetooth.BluetoothAdapter.getHWUsingApps(BluetoothAdapter.java:1342)
02-09 23:46:15.260 W/Binder  ( 2640): 	at com.android.server.am.mars.filter.filter.BlueToothConnectedFilter.updateBTUsingPackages(qb/105117711 790d9bfa6da06eeef6d0fde3c38341bab018595cfa7b0ac6fac4ea395378d8cb:22)
02-09 23:46:15.260 W/Binder  ( 2640): 	at com.android.server.am.FreecessController.freeze(qb/105117711 790d9bfa6da06eeef6d0fde3c38341bab018595cfa7b0ac6fac4ea395378d8cb:117)
02-09 23:46:15.260 W/Binder  ( 2640): 	at com.android.server.am.FreecessHandler$MainHandler.handleLcdOnFreeze(qb/105117711 790d9bfa6da06eeef6d0fde3c38341bab018595cfa7b0ac6fac4ea395378d8cb:55)
02-09 23:46:15.260 W/Binder  ( 2640): 	at com.android.server.am.FreecessHandler$MainHandler.handleMessage(qb/105117711 790d9bfa6da06eeef6d0fde3c38341bab018595cfa7b0ac6fac4ea395378d8cb:793)
02-09 23:46:15.260 W/Binder  ( 2640): 	at android.os.Handler.dispatchMessage(Handler.java:110)
02-09 23:46:15.260 W/Binder  ( 2640): 	at android.os.Looper.loopOnce(Looper.java:273)
02-09 23:46:15.260 W/Binder  ( 2640): 	at android.os.Looper.loop(Looper.java:363)
02-09 23:46:15.260 W/Binder  ( 2640): 	at android.os.HandlerThread.run(HandlerThread.java:85)
02-09 23:46:15.263 W/Binder  ( 2640): Outgoing transactions from this process must be FLAG_ONEWAY
02-09 23:46:15.263 W/Binder  ( 2640): java.lang.Throwable
02-09 23:46:15.263 W/Binder  ( 2640): 	at android.os.BinderProxy.transact(BinderProxy.java:566)
02-09 23:46:15.263 W/Binder  ( 2640): 	at android.bluetooth.IBluetoothScan$Stub$Proxy.getScannerUids(IBluetoothScan.java:666)
02-09 23:46:15.263 W/Binder  ( 2640): 	at android.bluetooth.BluetoothAdapter.getScannerUids(BluetoothAdapter.java:8522)
02-09 23:46:15.263 W/Binder  ( 2640): 	at android.bluetooth.BluetoothAdapter.getHWUsingApps(BluetoothAdapter.java:1349)
02-09 23:46:15.263 W/Binder  ( 2640): 	at com.android.server.am.mars.filter.filter.BlueToothConnectedFilter.updateBTUsingPackages(qb/105117711 790d9bfa6da06eeef6d0fde3c38341bab018595cfa7b0ac6fac4ea395378d8cb:22)
02-09 23:46:15.263 W/Binder  ( 2640): 	at com.android.server.am.FreecessController.freeze(qb/105117711 790d9bfa6da06eeef6d0fde3c38341bab018595cfa7b0ac6fac4ea395378d8cb:117)
02-09 23:46:15.263 W/Binder  ( 2640): 	at com.android.server.am.FreecessHandler$MainHandler.handleLcdOnFreeze(qb/105117711 790d9bfa6da06eeef6d0fde3c38341bab018595cfa7b0ac6fac4ea395378d8cb:55)
02-09 23:46:15.263 W/Binder  ( 2640): 	at com.android.server.am.FreecessHandler$MainHandler.handleMessage(qb/105117711 790d9bfa6da06eeef6d0fde3c38341bab018595cfa7b0ac6fac4ea395378d8cb:793)
02-09 23:46:15.263 W/Binder  ( 2640): 	at android.os.Handler.dispatchMessage(Handler.java:110)
02-09 23:46:15.263 W/Binder  ( 2640): 	at android.os.Looper.loopOnce(Looper.java:273)
02-09 23:46:15.263 W/Binder  ( 2640): 	at android.os.Looper.loop(Looper.java:363)
02-09 23:46:15.263 W/Binder  ( 2640): 	at android.os.HandlerThread.run(HandlerThread.java:85)
02-09 23:46:15.276 W/bt_btm_pm(16699): system/stack/acl/btm_pm.cc:729 btm_pm_proc_mode_change: Power mode switched from immediate:pending[5] to immediate:active[0]
02-09 23:46:15.394 W/QC2V4l2Decoder( 1710): [v4lhvcD_231] Allocating output buffer timedout, 25836ms elapsed since last input buffer queued (threshold 1000ms)
02-09 23:46:15.418 E/HeatmapThread( 1776): ECT Thread time in milliseconds: 1770669975
02-09 23:46:15.425 E/HeatmapThread( 1776): !@ CAM New BSOH: 100
02-09 23:46:15.426 E/HeatmapThread( 1776): !@ CAM is Working
02-09 23:46:15.545 W/QC2V4l2Decoder( 1710): [v4lhvcD_231] Allocating output buffer timedout, 25987ms elapsed since last input buffer queued (threshold 1000ms)
02-09 23:46:15.695 W/QC2V4l2Decoder( 1710): [v4lhvcD_231] Allocating output buffer timedout, 26138ms elapsed since last input buffer queued (threshold 1000ms)
02-09 23:46:15.846 W/QC2V4l2Decoder( 1710): [v4lhvcD_231] Allocating output buffer timedout, 26289ms elapsed since last input buffer queued (threshold 1000ms)
02-09 23:46:15.997 W/QC2V4l2Decoder( 1710): [v4lhvcD_231] Allocating output buffer timedout, 26439ms elapsed since last input buffer queued (threshold 1000ms)
02-09 23:46:16.149 W/QC2V4l2Decoder( 1710): [v4lhvcD_231] Allocating output buffer timedout, 26591ms elapsed since last input buffer queued (threshold 1000ms)
02-09 23:46:16.211 W/LocationManagerService( 2640): onFreezeStateChanged, uid[10436]=false
02-09 23:46:16.299 W/QC2V4l2Decoder( 1710): [v4lhvcD_231] Allocating output buffer timedout, 26742ms elapsed since last input buffer queued (threshold 1000ms)
02-09 23:46:16.379 W/bt_btm_pm(16699): system/stack/acl/btm_pm.cc:729 btm_pm_proc_mode_change: Power mode switched from immediate:active[0] to immediate:sniff[2]
02-09 23:46:16.418 E/HeatmapThread( 1776): ECT Thread time in milliseconds: 1770669976
02-09 23:46:16.426 E/HeatmapThread( 1776): !@ CAM New BSOH: 100
02-09 23:46:16.426 E/HeatmapThread( 1776): !@ CAM is Working
02-09 23:46:16.450 W/QC2V4l2Decoder( 1710): [v4lhvcD_231] Allocating output buffer timedout, 26892ms elapsed since last input buffer queued (threshold 1000ms)
02-09 23:46:16.538 W/WifiNetworkFactory( 2640): Connected to unknown network * ID: 31 SSID: "Youssif_Saleh" PROVIDER-NAME: null BSSID: null FQDN: null HOME-PROVIDER-NETWORK: false PRIO: 0 HIDDEN: false PMF: false CarrierId: -1 SubscriptionId: -1 SubscriptionGroup: null Currently Connected: true User Selected: false
02-09 23:46:16.538 W/WifiNetworkFactory( 2640):  NetworkSelectionStatus NETWORK_SELECTION_ENABLED
02-09 23:46:16.538 W/WifiNetworkFactory( 2640):  connect choice: "Fazam7p"WPA_PSK connect choice rssi: -19 hasEverConnected: true
02-09 23:46:16.538 W/WifiNetworkFactory( 2640):  hasNeverDetectedCaptivePortal: true
02-09 23:46:16.538 W/WifiNetworkFactory( 2640):  hasEverValidatedInternetAccess: true
02-09 23:46:16.538 W/WifiNetworkFactory( 2640):  mCandidateSecurityParams: Security Parameters:
02-09 23:46:16.538 W/WifiNetworkFactory( 2640):  Type: 2
02-09 23:46:16.538 W/WifiNetworkFactory( 2640):  Enabled: true
02-09 23:46:16.538 W/WifiNetworkFactory( 2640):  KeyMgmt: WPA_PSK
02-09 23:46:16.538 W/WifiNetworkFactory( 2640):  Protocols: WPA RSN
02-09 23:46:16.538 W/WifiNetworkFactory( 2640):  AuthAlgorithms:
02-09 23:46:16.538 W/WifiNetworkFactory( 2640):  PairwiseCiphers: TKIP CCMP
02-09 23:46:16.538 W/WifiNetworkFactory( 2640):  GroupCiphers: WEP40 WEP104 TKIP CCMP
02-09 23:46:16.538 W/WifiNetworkFactory( 2640):  GroupMgmtCiphers:
02-09 23:46:16.538 W/WifiNetworkFactory( 2640):  SuiteBCiphers:
02-09 23:46:16.538 W/WifiNetworkFactory( 2640):  RequirePmf: false
02-09 23:46:16.538 W/WifiNetworkFactory( 2640):  IsAddedByAutoUpgrade: false
02-09 23:46:16.538 W/WifiNetworkFactory( 2640):  IsSaeH2eOnlyMode: false
02-09 23:46:16.538 W/WifiNetworkFactory( 2640):  IsSaePkOnlyMode: false
02-09 23:46:16.538 W/WifiNetworkFactory( 2640):  mLastUsedSecurityParams: Security Parameters:
02-09 23:46:16.538 W/WifiNetworkFactory( 2640):  Type: 2
02-09 23:46:16.538 W/WifiNetworkFactory( 2640):  Enabled: true
02-09 23:46:16.538 W/WifiNetworkFactory( 2640):  KeyMgmt: WPA_PSK
02-09 23:46:16.538 W/WifiNetworkFactory( 2640):  Protocols: WPA RSN
02-09 23:46:16.538 W/WifiNetworkFactory( 2640):  AuthAlgorithms:
02-09 23:46:16.538 W/WifiNetworkFactory( 2640):  PairwiseCiphers: TKIP CCMP
02-09 23:46:16.538 W/WifiNetworkFactory( 2640):  GroupCiphers: WEP40 WEP104 TKIP CCMP
02-09 23:46:16.538 W/WifiNetworkFactory( 2640):  GroupMgmtCiphers:
02-09 23:46:16.538 W/WifiNetworkFactory( 2640):  SuiteBCiphers:
02-09 23:46:16.538 W/WifiNetworkFactory( 2640):  RequirePmf: false
02-09 23:46:16.538 W/WifiNetworkFactory( 2640):  IsAddedByAutoUpgrade: false
02-09 23:46:16.538 W/WifiNetworkFactory( 2640):  IsSaeH2eOnlyMode: false
02-09 23:46:16.538 W/WifiNetworkFactory( 2640):  IsSaePkOnlyMode: false
02-09 23:46:16.538 W/WifiNetworkFactory( 2640):  numAssociation 2
02-09 23:46:16.538 W/WifiNetworkFactory( 2640):  validatedInternetAccess shared trusted
02-09 23:46:16.538 W/WifiNetworkFactory( 2640):  macRandomizationSetting: 3
02-09 23:46:16.538 W/WifiNetworkFactory( 2640):  mRandomizedMacAddress: ba:f6:2c:b9:5c:08
02-09 23:46:16.538 W/WifiNetworkFactory( 2640):  randomizedMacExpirationTimeMs: 2026-02-10T20:37:10.650
02-09 23:46:16.538 W/WifiNetworkFactory( 2640):  randomizedMacLastModifiedTimeMs: <none>
02-09 23:46:16.538 W/WifiNetworkFactory( 2640):  mIsSendDhcpHostnameEnabled: true
02-09 23:46:16.538 W/WifiNetworkFactory( 2640):  deletionPriority: 0
02-09 23:46:16.538 W/WifiNetworkFactory( 2640):  KeyMgmt: WPA_PSK Protocols: WPA RSN
02-09 23:46:16.538 W/WifiNetworkFactory( 2640):  AuthAlgorithms:
02-09 23:46:16.538 W/WifiNetworkFactory( 2640):  PairwiseCiphers: TKIP CCMP
02-09 23:46:16.538 W/WifiNetworkFactory( 2640):  GroupCiphers: WEP40 WEP104 TKIP CCMP
02-09 23:46:16.538 W/WifiNetworkFactory( 2640):  GroupMgmtCiphers:
02-09 23:46:16.538 W/WifiNetworkFactory( 2640):  SuiteBCiphers:
02-09 23:46:16.538 W/WifiNetworkFactory( 2640):  PSK/SAE: *
02-09 23:46:16.538 W/WifiNetworkFactory( 2640): SecurityParams List:
02-09 23:46:16.538 W/WifiNetworkFactory( 2640): Security Parameters:
02-09 23:46:16.538 W/WifiNetworkFactory( 2640):  Type: 2
02-09 23:46:16.538 W/WifiNetworkFactory( 2640):  Enabled: true
02-09 23:46:16.538 W/WifiNetworkFactory( 2640):  KeyMgmt: WPA_PSK
02-09 23:46:16.538 W/WifiNetworkFactory( 2640):  Protocols: WPA RSN
02-09 23:46:16.538 W/WifiNetworkFactory( 2640):  AuthAlgorithms:
02-09 23:46:16.538 W/WifiNetworkFactory( 2640):  PairwiseCiphers: TKIP CCMP
02-09 23:46:16.538 W/WifiNetworkFactory( 2640):  GroupCiphers: WEP40 WEP104 TKIP CCMP
02-09 23:46:16.538 W/WifiNetworkFactory( 2640):  GroupMgmtCiphers:
02-09 23:46:16.538 W/WifiNetworkFactory( 2640):  SuiteBCiphers:
02-09 23:46:16.538 W/WifiNetworkFactory( 2640):  RequirePmf: false
02-09 23:46:16.538 W/WifiNetworkFactory( 2640):  IsAddedByAutoUpgrade: false
02-09 23:46:16.538 W/WifiNetworkFactory( 2640):  IsSaeH2eOnlyMode: false
02-09 23:46:16.538 W/WifiNetworkFactory( 2640):  IsSaePkOnlyMode: false
02-09 23:46:16.538 W/WifiNetworkFactory( 2640): Security Parameters:
02-09 23:46:16.538 W/WifiNetworkFactory( 2640):  Type: 4
02-09 23:46:16.538 W/WifiNetworkFactory( 2640):  Enabled: true
02-09 23:46:16.538 W/WifiNetworkFactory( 2640):  KeyMgmt: SAE
02-09 23:46:16.538 W/WifiNetworkFactory( 2640):  Protocols: RSN
02-09 23:46:16.538 W/WifiNetworkFactory( 2640):  AuthAlgorithms:
02-09 23:46:16.538 W/WifiNetworkFactory( 2640):  PairwiseCiphers: CCMP GCMP_256 GCMP_128
02-09 23:46:16.538 W/WifiNetworkFactory( 2640):  GroupCiphers: CCMP GCMP_256 GCMP_128
02-09 23:46:16.538 W/WifiNetworkFactory( 2640):  GroupMgmtCiphers:
02-09 23:46:16.538 W/WifiNetworkFactory( 2640):  SuiteBCiphers:
02-09 23:46:16.538 W/WifiNetworkFactory( 2640):  RequirePmf: true
02-09 23:46:16.538 W/WifiNetworkFactory( 2640):  IsAddedByAutoUpgrade: true
02-09 23:46:16.538 W/WifiNetworkFactory( 2640):  IsSaeH2eOnlyMode: false
02-09 23:46:16.538 W/WifiNetworkFactory( 2640):  IsSaePkOnlyMode: false
02-09 23:46:16.538 W/WifiNetworkFactory( 2640): 
02-09 23:46:16.538 W/WifiNetworkFactory( 2640): Enterprise config:
02-09 23:46:16.538 W/WifiNetworkFactory( 2640):  ocsp: 0
02-09 23:46:16.538 W/WifiNetworkFactory( 2640):  trust_on_first_use: false
02-09 23:46:16.538 W/WifiNetworkFactory( 2640):  user_approve_no_ca_cert: false
02-09 23:46:16.538 W/WifiNetworkFactory( 2640):  selected_rcoi: 0
02-09 23:46:16.538 W/WifiNetworkFactory( 2640):  minimum_tls_version: 0
02-09 23:46:16.538 W/WifiNetworkFactory( 2640):  enable_conservative_peer_mode: false
02-09 23:46:16.538 W/WifiNetworkFactory( 2640):  tofu_dialog_state: 0
02-09 23:46:16.538 W/WifiNetworkFactory( 2640):  tofu_connection_state: 0
02-09 23:46:16.538 W/WifiNetworkFactory( 2640): IP config:
02-09 23:46:16.538 W/WifiNetworkFactory( 2640): IP assignment: DHCP
02-09 23:46:16.538 W/WifiNetworkFactory( 2640): Proxy settings: NONE
02-09 23:46:16.538 W/WifiNetworkFactory( 2640):  cuid=1000 cname=android.uid.system:1000 luid=1000 lname=android.uid.system:1000 lcuid=1000 allowAutojoin=true noInternetAccessExpected=false mostRecentlyConnected=false 
02-09 23:46:16.538 W/WifiNetworkFactory( 2640): lastConnected: 2026-02-09T20:37:10.664 
02-09 23:46:16.538 W/WifiNetworkFactory( 2640): 
02-09 23:46:16.538 W/WifiNetworkFactory( 2640): numRebootsSinceLastUse: 0
02-09 23:46:16.538 W/WifiNetworkFactory( 2640): recentFailure: Association Rejection code: 0, last update time: 0
02-09 23:46:16.538 W/WifiNetworkFactory( 2640): bssidAllowlist unset
02-09 23:46:16.538 W/WifiNetworkFactory( 2640): vendorData unset
02-09 23:46:16.538 W/WifiNetworkFactory( 2640): IsDppConfigurator: true
02-09 23:46:16.538 W/WifiNetworkFactory( 2640): HasEncryptedPreSharedKey: false
02-09 23:46:16.538 W/WifiNetworkFactory( 2640):  setWifi7Enabled=true:86:cc:9c:27:16:de. Ignoring...
02-09 23:46:16.541 E/SemWifiLinkQualityMonitor( 2640): Too old or invalid TMI: currentTime=1770669976541 lastDateWindow=1770658852000
02-09 23:46:16.547 E/InsController( 2640): Error in onOutageCountUpdate: android.net.VpnTransportInfo cannot be cast to android.net.wifi.WifiInfo
02-09 23:46:16.601 W/QC2V4l2Decoder( 1710): [v4lhvcD_231] Allocating output buffer timedout, 27043ms elapsed since last input buffer queued (threshold 1000ms)
02-09 23:46:16.751 W/QC2V4l2Decoder( 1710): [v4lhvcD_231] Allocating output buffer timedout, 27194ms elapsed since last input buffer queued (threshold 1000ms)
02-09 23:46:16.902 W/QC2V4l2Decoder( 1710): [v4lhvcD_231] Allocating output buffer timedout, 27344ms elapsed since last input buffer queued (threshold 1000ms)
