02-09 23:30:53.425 E/HeatmapThread( 1776): !@ CAM New BSOH: 100
02-09 23:30:53.425 E/HeatmapThread( 1776): !@ CAM is Working
02-09 23:30:53.867 E/u4native( 6685): [InfoLevelMessage] [INFO:not_a_file.cc(0)] RenderMainThread heartbeat, pid/tid: 6685/6738, interval/index: 30s/14, ucCoreSoImplVersion: 5.12.11.0_250212150536
02-09 23:30:53.888 E/SemWifiLinkQualityMonitor( 2640): Too old or invalid TMI: currentTime=1770669053888 lastDateWindow=1770658852000
02-09 23:30:53.889 E/InsController( 2640): Error in onOutageCountUpdate: android.net.VpnTransportInfo cannot be cast to android.net.wifi.WifiInfo
02-09 23:30:53.933 E/u4native(32622): [InfoLevelMessage] [INFO:not_a_file.cc(0)] GpuMainThread heartbeat, pid/tid: 32622/32665, interval/index: 30s/14, ucCoreSoImplVersion: 5.12.11.0_250212150536
02-09 23:30:53.969 E/u4native( 6685): [InfoLevelMessage] [INFO:not_a_file.cc(0)] RenderIOThread heartbeat, pid/tid: 6685/32630, interval/index: 30s/14
02-09 23:30:54.418 E/HeatmapThread( 1776): ECT Thread time in milliseconds: 1770669054
02-09 23:30:54.424 E/HeatmapThread( 1776): !@ CAM New BSOH: 100
02-09 23:30:54.424 E/HeatmapThread( 1776): !@ CAM is Working
02-09 23:30:55.418 E/HeatmapThread( 1776): ECT Thread time in milliseconds: 1770669055
02-09 23:30:55.425 E/HeatmapThread( 1776): !@ CAM New BSOH: 100
02-09 23:30:55.425 E/HeatmapThread( 1776): !@ CAM is Working
02-09 23:30:56.418 E/HeatmapThread( 1776): ECT Thread time in milliseconds: 1770669056
02-09 23:30:56.426 E/HeatmapThread( 1776): !@ CAM New BSOH: 100
02-09 23:30:56.426 E/HeatmapThread( 1776): !@ CAM is Working
02-09 23:30:56.906 E/SemWifiLinkQualityMonitor( 2640): Too old or invalid TMI: currentTime=1770669056906 lastDateWindow=1770658852000
02-09 23:30:56.909 E/InsController( 2640): Error in onOutageCountUpdate: android.net.VpnTransportInfo cannot be cast to android.net.wifi.WifiInfo
02-09 23:30:57.418 E/HeatmapThread( 1776): ECT Thread time in milliseconds: 1770669057
02-09 23:30:57.425 E/HeatmapThread( 1776): !@ CAM New BSOH: 100
02-09 23:30:57.426 E/HeatmapThread( 1776): !@ CAM is Working
02-09 23:30:57.759 I/flutter (15302): [BackgroundFetch] Headless task timed-out: flutter_background_fetch
02-09 23:30:58.418 E/HeatmapThread( 1776): ECT Thread time in milliseconds: 1770669058
02-09 23:30:58.424 E/HeatmapThread( 1776): !@ CAM New BSOH: 100
02-09 23:30:58.424 E/HeatmapThread( 1776): !@ CAM is Working
02-09 23:30:59.034 E/BatteryDump( 1714): !@new_battery_dump : 4179,0,1125,3331,84,350,339,409,350,0,365,409,0,Not-charging,NO_CHARGING,Normal,Good,PDIC,0,Normal,0,0,9300,0x8000,0x11010000,0x0,0,0,0000,0000,00000000,0,0,0,0,329,4180,8378,990,0,
02-09 23:30:59.418 E/HeatmapThread( 1776): ECT Thread time in milliseconds: 1770669059
02-09 23:30:59.424 E/HeatmapThread( 1776): !@ CAM New BSOH: 100
02-09 23:30:59.424 E/HeatmapThread( 1776): !@ CAM is Working
02-09 23:30:59.665 E/imsdk   (11993): TIM: |-TIMPush-TIMPushProvider                                                         |onConnectFailed errCode = 9510, errMsg = socket connect timeout
02-09 23:30:59.666 E/liteav  (11993): [E][02-09/23:30:59.666+3.0][11993,11993][im_controller_cpp.cc:736]Tuikit: onConnectFailed error: [code: 9510, message:socket connect timeout]
02-09 23:30:59.666 E/liteav  (11993): [E][02-09/23:30:59.666+3.0][11993,11993][TIMPush-TIMPushProvider:0]Tuikit: [imsdk]||onConnectFailed errCode = 9510, errMsg = socket connect timeout
02-09 23:30:59.930 E/SemWifiLinkQualityMonitor( 2640): Too old or invalid TMI: currentTime=1770669059930 lastDateWindow=1770658852000
02-09 23:30:59.933 E/InsController( 2640): Error in onOutageCountUpdate: android.net.VpnTransportInfo cannot be cast to android.net.wifi.WifiInfo
02-09 23:31:00.418 E/HeatmapThread( 1776): ECT Thread time in milliseconds: 1770669060
02-09 23:31:00.422 E/HeatmapThread( 1776): !@ CAM New BSOH: 100
02-09 23:31:00.422 E/HeatmapThread( 1776): !@ CAM is Working
02-09 23:31:01.418 E/HeatmapThread( 1776): ECT Thread time in milliseconds: 1770669061
02-09 23:31:01.423 E/HeatmapThread( 1776): !@ CAM New BSOH: 100
02-09 23:31:01.424 E/HeatmapThread( 1776): !@ CAM is Working
02-09 23:31:02.418 E/HeatmapThread( 1776): ECT Thread time in milliseconds: 1770669062
02-09 23:31:02.424 E/HeatmapThread( 1776): !@ CAM New BSOH: 100
02-09 23:31:02.424 E/HeatmapThread( 1776): !@ CAM is Working
02-09 23:31:02.942 E/SemWifiLinkQualityMonitor( 2640): Too old or invalid TMI: currentTime=1770669062941 lastDateWindow=1770658852000
02-09 23:31:02.943 E/InsController( 2640): Error in onOutageCountUpdate: android.net.VpnTransportInfo cannot be cast to android.net.wifi.WifiInfo
02-09 23:31:03.418 E/HeatmapThread( 1776): ECT Thread time in milliseconds: 1770669063
02-09 23:31:03.424 E/HeatmapThread( 1776): !@ CAM New BSOH: 100
02-09 23:31:03.425 E/HeatmapThread( 1776): !@ CAM is Working
02-09 23:31:04.418 E/HeatmapThread( 1776): ECT Thread time in milliseconds: 1770669064
02-09 23:31:04.424 E/HeatmapThread( 1776): !@ CAM New BSOH: 100
02-09 23:31:04.424 E/HeatmapThread( 1776): !@ CAM is Working
02-09 23:31:04.679 E/imsdk   (11993): TIM: |-shortconnection.cpp:271                 NotifyResult                            |connection_id:1|error_code:9516|error_message:iplist by localdns is empty|command:imopenstat.im_native_sdk_report_v2|timeout:15000ms|domain_list:<tcp:shortger.im.qcloud.com:9952,shortger.my-imcloud.com:9952>
02-09 23:31:04.679 E/imsdk   (11993): TIM: |-datareport_channel.cpp:211              OnSendComplete                          |error_code:9516|error_message:iplist by localdns is empty
02-09 23:31:04.683 E/liteav  (11993): [E][02-09/23:31:04.683+3.0][11993,11993][shortconnection.cpp:271]Tuikit: [imsdk]|NotifyResult|connection_id:1|error_code:9516|error_message:iplist by localdns is empty|command:imopenstat.im_native_sdk_report_v2|timeout:15000ms|domain_list:<tcp:shortger.im.qcloud.com:9952,shortger.my-imcloud.com:9952>
02-09 23:31:04.683 E/liteav  (11993): [E][02-09/23:31:04.683+3.0][11993,11993][datareport_channel.cpp:211]Tuikit: [imsdk]|OnSendComplete|error_code:9516|error_message:iplist by localdns is empty
02-09 23:31:05.418 E/HeatmapThread( 1776): ECT Thread time in milliseconds: 1770669065
02-09 23:31:05.424 E/HeatmapThread( 1776): !@ CAM New BSOH: 100
02-09 23:31:05.424 E/HeatmapThread( 1776): !@ CAM is Working
02-09 23:31:05.486 E/HwcComposer( 1804): getLuts failed Status(-129, EX_TRANSACTION_FAILED): 'UNKNOWN_TRANSACTION: '
02-09 23:31:05.957 E/SemWifiLinkQualityMonitor( 2640): Too old or invalid TMI: currentTime=1770669065957 lastDateWindow=1770658852000
02-09 23:31:05.959 E/InsController( 2640): Error in onOutageCountUpdate: android.net.VpnTransportInfo cannot be cast to android.net.wifi.WifiInfo
02-09 23:31:06.418 E/HeatmapThread( 1776): ECT Thread time in milliseconds: 1770669066
02-09 23:31:06.423 E/HeatmapThread( 1776): !@ CAM New BSOH: 100
02-09 23:31:06.423 E/HeatmapThread( 1776): !@ CAM is Working
02-09 23:31:07.418 E/HeatmapThread( 1776): ECT Thread time in milliseconds: 1770669067
02-09 23:31:07.425 E/HeatmapThread( 1776): !@ CAM New BSOH: 100
02-09 23:31:07.425 E/HeatmapThread( 1776): !@ CAM is Working
02-09 23:31:08.418 E/HeatmapThread( 1776): ECT Thread time in milliseconds: 1770669068
02-09 23:31:08.424 E/HeatmapThread( 1776): !@ CAM New BSOH: 100
02-09 23:31:08.424 E/HeatmapThread( 1776): !@ CAM is Working
02-09 23:31:08.970 E/SemWifiLinkQualityMonitor( 2640): Too old or invalid TMI: currentTime=1770669068970 lastDateWindow=1770658852000
02-09 23:31:08.973 E/InsController( 2640): Error in onOutageCountUpdate: android.net.VpnTransportInfo cannot be cast to android.net.wifi.WifiInfo
02-09 23:31:09.190 E/BatteryDump( 1714): !@new_battery_dump : 4179,-10,1125,3331,84,351,340,408,351,0,362,408,0,Not-charging,NO_CHARGING,Normal,Good,PDIC,0,Normal,0,0,9300,0x8000,0x11010000,0x0,0,0,0000,0000,00000000,0,0,0,0,329,4180,8378,990,0,
02-09 23:31:09.238 E/Watchdog( 2640): !@Sync: 612 heap(MB): 166 / 183 FD: 1545 [2026-02-09 23:31:09.238]
02-09 23:31:09.418 E/HeatmapThread( 1776): ECT Thread time in milliseconds: 1770669069
02-09 23:31:09.422 E/HeatmapThread( 1776): !@ CAM New BSOH: 100
02-09 23:31:09.422 E/HeatmapThread( 1776): !@ CAM is Working
02-09 23:31:09.670 E/imsdk   (11993): TIM: |-http_client.cpp:386                     OnHttpResponse                          |code:9510 desc:socket connect timeout
02-09 23:31:09.671 E/liteav  (11993): [E][02-09/23:31:09.671+3.0][11993,11993][http_client.cpp:386]Tuikit: [imsdk]|OnHttpResponse|code:9510 desc:socket connect timeout
02-09 23:31:10.418 E/HeatmapThread( 1776): ECT Thread time in milliseconds: 1770669070
02-09 23:31:10.422 E/HeatmapThread( 1776): !@ CAM New BSOH: 100
02-09 23:31:10.422 E/HeatmapThread( 1776): !@ CAM is Working
02-09 23:31:11.418 E/HeatmapThread( 1776): ECT Thread time in milliseconds: 1770669071
02-09 23:31:11.424 E/HeatmapThread( 1776): !@ CAM New BSOH: 100
02-09 23:31:11.424 E/HeatmapThread( 1776): !@ CAM is Working
02-09 23:31:11.989 E/SemWifiLinkQualityMonitor( 2640): Too old or invalid TMI: currentTime=1770669071989 lastDateWindow=1770658852000
02-09 23:31:11.992 E/InsController( 2640): Error in onOutageCountUpdate: android.net.VpnTransportInfo cannot be cast to android.net.wifi.WifiInfo
02-09 23:31:12.418 E/HeatmapThread( 1776): ECT Thread time in milliseconds: 1770669072
02-09 23:31:12.424 E/HeatmapThread( 1776): !@ CAM New BSOH: 100
02-09 23:31:12.424 E/HeatmapThread( 1776): !@ CAM is Working
02-09 23:31:13.144 E/WindowManager( 5713): Couldn't add view: com.alibaba.aliexpresshd.notification.headsup.view.HeadsUpSwipeContainer{cde2993 V.E...... ......I. 0,0-0,0}
02-09 23:31:13.144 E/WindowManager( 5713): android.view.WindowManager$InvalidDisplayException: Unable to add window android.view.ViewRootImpl$W@5f4add0 -- the specified display can not be found
02-09 23:31:13.144 E/WindowManager( 5713): 	at android.view.ViewRootImpl.setView(ViewRootImpl.java:2070)
02-09 23:31:13.144 E/WindowManager( 5713): 	at android.view.WindowManagerGlobal.addView(WindowManagerGlobal.java:604)
02-09 23:31:13.144 E/WindowManager( 5713): 	at android.view.WindowManagerImpl.addView(WindowManagerImpl.java:158)
02-09 23:31:13.144 E/WindowManager( 5713): 	at com.uflo.windowmanager.b.a(SourceFile:28)
02-09 23:31:13.144 E/WindowManager( 5713): 	at com.uflo.windowmanager.f.a(SourceFile:306)
02-09 23:31:13.144 E/WindowManager( 5713): 	at com.alibaba.aliexpresshd.notification.headsup.HeadsUpNotificationManager.e(SourceFile:164)
02-09 23:31:13.144 E/WindowManager( 5713): 	at pg.a$a.run(SourceFile:116)
02-09 23:31:13.144 E/WindowManager( 5713): 	at android.os.Handler.handleCallback(Handler.java:995)
02-09 23:31:13.144 E/WindowManager( 5713): 	at android.os.Handler.dispatchMessage(Handler.java:103)
02-09 23:31:13.144 E/WindowManager( 5713): 	at android.os.Looper.loopOnce(Looper.java:273)
02-09 23:31:13.144 E/WindowManager( 5713): 	at android.os.Looper.loop(Looper.java:363)
02-09 23:31:13.144 E/WindowManager( 5713): 	at android.app.ActivityThread.main(ActivityThread.java:10060)
02-09 23:31:13.144 E/WindowManager( 5713): 	at java.lang.reflect.Method.invoke(Native Method)
02-09 23:31:13.144 E/WindowManager( 5713): 	at com.android.internal.os.RuntimeInit$MethodAndArgsCaller.run(RuntimeInit.java:632)
02-09 23:31:13.144 E/WindowManager( 5713): 	at com.android.internal.os.ZygoteInit.main(ZygoteInit.java:975)
02-09 23:31:13.418 E/HeatmapThread( 1776): ECT Thread time in milliseconds: 1770669073
02-09 23:31:13.424 E/HeatmapThread( 1776): !@ CAM New BSOH: 100
02-09 23:31:13.424 E/HeatmapThread( 1776): !@ CAM is Working
02-09 23:31:14.418 E/HeatmapThread( 1776): ECT Thread time in milliseconds: 1770669074
02-09 23:31:14.427 E/HeatmapThread( 1776): !@ CAM New BSOH: 100
02-09 23:31:14.427 E/HeatmapThread( 1776): !@ CAM is Working
02-09 23:31:14.680 E/imsdk   (11993): TIM: |-shortconnection.cpp:271                 NotifyResult                            |connection_id:1|error_code:9516|error_message:iplist by localdns is empty|command:imopenstat.im_native_sdk_report_v2|timeout:15000ms|domain_list:<tcp:shortger.im.qcloud.com:9952,shortger.my-imcloud.com:9952>
02-09 23:31:14.680 E/imsdk   (11993): TIM: |-datareport_channel.cpp:211              OnSendComplete                          |error_code:9516|error_message:iplist by localdns is empty
02-09 23:31:14.681 E/liteav  (11993): [E][02-09/23:31:14.681+3.0][11993,11993][shortconnection.cpp:271]Tuikit: [imsdk]|NotifyResult|connection_id:1|error_code:9516|error_message:iplist by localdns is empty|command:imopenstat.im_native_sdk_report_v2|timeout:15000ms|domain_list:<tcp:shortger.im.qcloud.com:9952,shortger.my-imcloud.com:9952>
02-09 23:31:14.681 E/liteav  (11993): [E][02-09/23:31:14.681+3.0][11993,11993][datareport_channel.cpp:211]Tuikit: [imsdk]|OnSendComplete|error_code:9516|error_message:iplist by localdns is empty
02-09 23:31:15.004 E/SemWifiLinkQualityMonitor( 2640): Too old or invalid TMI: currentTime=1770669075004 lastDateWindow=1770658852000
02-09 23:31:15.006 E/InsController( 2640): Error in onOutageCountUpdate: android.net.VpnTransportInfo cannot be cast to android.net.wifi.WifiInfo
02-09 23:31:15.418 E/HeatmapThread( 1776): ECT Thread time in milliseconds: 1770669075
02-09 23:31:15.422 E/HeatmapThread( 1776): !@ CAM New BSOH: 100
02-09 23:31:15.422 E/HeatmapThread( 1776): !@ CAM is Working
02-09 23:31:16.418 E/HeatmapThread( 1776): ECT Thread time in milliseconds: 1770669076
02-09 23:31:16.421 E/HeatmapThread( 1776): !@ CAM New BSOH: 100
02-09 23:31:16.421 E/HeatmapThread( 1776): !@ CAM is Working
02-09 23:31:16.900 E/u4java_PlatformPortAdapter( 6073): [InfoLevelMessage] repeat report memory pressure: 2
02-09 23:31:17.418 E/HeatmapThread( 1776): ECT Thread time in milliseconds: 1770669077
02-09 23:31:17.423 E/HeatmapThread( 1776): !@ CAM New BSOH: 100
02-09 23:31:17.423 E/HeatmapThread( 1776): !@ CAM is Working
02-09 23:31:18.019 E/SemWifiLinkQualityMonitor( 2640): Too old or invalid TMI: currentTime=1770669078019 lastDateWindow=1770658852000
02-09 23:31:18.021 E/InsController( 2640): Error in onOutageCountUpdate: android.net.VpnTransportInfo cannot be cast to android.net.wifi.WifiInfo
02-09 23:31:18.418 E/HeatmapThread( 1776): ECT Thread time in milliseconds: 1770669078
02-09 23:31:18.425 E/HeatmapThread( 1776): !@ CAM New BSOH: 100
02-09 23:31:18.425 E/HeatmapThread( 1776): !@ CAM is Working
02-09 23:31:19.366 E/BatteryDump( 1714): !@new_battery_dump : 4179,7,1125,3331,84,352,341,412,352,0,360,412,0,Not-charging,NO_CHARGING,Normal,Good,PDIC,0,Normal,0,0,9300,0x8000,0x11010000,0x0,0,0,0000,0000,00000000,0,0,0,0,329,4180,8378,990,0,
02-09 23:31:19.418 E/HeatmapThread( 1776): ECT Thread time in milliseconds: 1770669079
02-09 23:31:19.423 E/HeatmapThread( 1776): !@ CAM New BSOH: 100
02-09 23:31:19.423 E/HeatmapThread( 1776): !@ CAM is Working
02-09 23:31:20.418 E/HeatmapThread( 1776): ECT Thread time in milliseconds: 1770669080
02-09 23:31:20.423 E/HeatmapThread( 1776): !@ CAM New BSOH: 100
02-09 23:31:20.423 E/HeatmapThread( 1776): !@ CAM is Working
02-09 23:31:20.520 E/u4native(10005): [InfoLevelMessage] [INFO:not_a_file.cc(0)] NetworkServiceThread heartbeat, pid/tid: 10005/11236, interval/index: 30s/6
02-09 23:31:20.549 E/u4native(10005): [InfoLevelMessage] [INFO:not_a_file.cc(0)] BrowserIOThread heartbeat, pid/tid: 10005/11216, interval/index: 30s/6, ucCoreSoImplVersion: 5.18.9.0_250713225318
02-09 23:31:21.040 E/SemWifiLinkQualityMonitor( 2640): Too old or invalid TMI: currentTime=1770669081040 lastDateWindow=1770658852000
02-09 23:31:21.044 E/InsController( 2640): Error in onOutageCountUpdate: android.net.VpnTransportInfo cannot be cast to android.net.wifi.WifiInfo
02-09 23:31:21.418 E/HeatmapThread( 1776): ECT Thread time in milliseconds: 1770669081
02-09 23:31:21.424 E/HeatmapThread( 1776): !@ CAM New BSOH: 100
02-09 23:31:21.424 E/HeatmapThread( 1776): !@ CAM is Working
02-09 23:31:22.418 E/HeatmapThread( 1776): ECT Thread time in milliseconds: 1770669082
02-09 23:31:22.424 E/HeatmapThread( 1776): !@ CAM New BSOH: 100
02-09 23:31:22.424 E/HeatmapThread( 1776): !@ CAM is Working
02-09 23:31:23.305 E/u4native( 6073): [InfoLevelMessage] [INFO:not_a_file.cc(0)] BrowserIOThread heartbeat, pid/tid: 6073/6688, interval/index: 30s/95, ucCoreSoImplVersion: 5.12.11.0_250212150536
02-09 23:31:23.337 E/u4native( 6073): [InfoLevelMessage] [INFO:not_a_file.cc(0)] NetworkServiceThread heartbeat, pid/tid: 6073/6702, interval/index: 30s/95
02-09 23:31:23.418 E/HeatmapThread( 1776): ECT Thread time in milliseconds: 1770669083
02-09 23:31:23.423 E/HeatmapThread( 1776): !@ CAM New BSOH: 100
02-09 23:31:23.423 E/HeatmapThread( 1776): !@ CAM is Working
02-09 23:31:23.867 E/u4native( 6685): [InfoLevelMessage] [INFO:not_a_file.cc(0)] RenderMainThread heartbeat, pid/tid: 6685/6738, interval/index: 30s/15, ucCoreSoImplVersion: 5.12.11.0_250212150536
02-09 23:31:23.934 E/u4native(32622): [InfoLevelMessage] [INFO:not_a_file.cc(0)] GpuMainThread heartbeat, pid/tid: 32622/32665, interval/index: 30s/15, ucCoreSoImplVersion: 5.12.11.0_250212150536
02-09 23:31:23.984 E/u4native( 6685): [InfoLevelMessage] [INFO:not_a_file.cc(0)] RenderIOThread heartbeat, pid/tid: 6685/32630, interval/index: 30s/15
02-09 23:31:24.057 E/SemWifiLinkQualityMonitor( 2640): Too old or invalid TMI: currentTime=1770669084056 lastDateWindow=1770658852000
02-09 23:31:24.058 E/InsController( 2640): Error in onOutageCountUpdate: android.net.VpnTransportInfo cannot be cast to android.net.wifi.WifiInfo
02-09 23:31:24.418 E/HeatmapThread( 1776): ECT Thread time in milliseconds: 1770669084
02-09 23:31:24.424 E/HeatmapThread( 1776): !@ CAM New BSOH: 100
02-09 23:31:24.424 E/HeatmapThread( 1776): !@ CAM is Working
02-09 23:31:25.418 E/HeatmapThread( 1776): ECT Thread time in milliseconds: 1770669085
02-09 23:31:25.423 E/HeatmapThread( 1776): !@ CAM New BSOH: 100
02-09 23:31:25.423 E/HeatmapThread( 1776): !@ CAM is Working
02-09 23:31:26.418 E/HeatmapThread( 1776): ECT Thread time in milliseconds: 1770669086
02-09 23:31:26.423 E/HeatmapThread( 1776): !@ CAM New BSOH: 100
02-09 23:31:26.423 E/HeatmapThread( 1776): !@ CAM is Working
02-09 23:31:27.077 E/SemWifiLinkQualityMonitor( 2640): Too old or invalid TMI: currentTime=1770669087077 lastDateWindow=1770658852000
02-09 23:31:27.079 E/InsController( 2640): Error in onOutageCountUpdate: android.net.VpnTransportInfo cannot be cast to android.net.wifi.WifiInfo
02-09 23:31:27.418 E/HeatmapThread( 1776): ECT Thread time in milliseconds: 1770669087
02-09 23:31:27.426 E/HeatmapThread( 1776): !@ CAM New BSOH: 100
02-09 23:31:27.426 E/HeatmapThread( 1776): !@ CAM is Working
02-09 23:31:28.418 E/HeatmapThread( 1776): ECT Thread time in milliseconds: 1770669088
02-09 23:31:28.423 E/HeatmapThread( 1776): !@ CAM New BSOH: 100
02-09 23:31:28.423 E/HeatmapThread( 1776): !@ CAM is Working
02-09 23:31:29.418 E/HeatmapThread( 1776): ECT Thread time in milliseconds: 1770669089
02-09 23:31:29.424 E/HeatmapThread( 1776): !@ CAM New BSOH: 100
02-09 23:31:29.424 E/HeatmapThread( 1776): !@ CAM is Working
02-09 23:31:29.534 E/BatteryDump( 1714): !@new_battery_dump : 4180,20,1125,3331,84,353,341,410,353,0,363,410,0,Not-charging,NO_CHARGING,Normal,Good,PDIC,0,Normal,0,0,9300,0x8000,0x11010000,0x0,0,0,0000,0000,00000000,0,0,0,0,329,4180,8378,990,0,
02-09 23:31:30.103 E/SemWifiLinkQualityMonitor( 2640): Too old or invalid TMI: currentTime=1770669090101 lastDateWindow=1770658852000
02-09 23:31:30.107 E/InsController( 2640): Error in onOutageCountUpdate: android.net.VpnTransportInfo cannot be cast to android.net.wifi.WifiInfo
02-09 23:31:30.418 E/HeatmapThread( 1776): ECT Thread time in milliseconds: 1770669090
02-09 23:31:30.426 E/HeatmapThread( 1776): !@ CAM New BSOH: 100
02-09 23:31:30.426 E/HeatmapThread( 1776): !@ CAM is Working
02-09 23:31:31.418 E/HeatmapThread( 1776): ECT Thread time in milliseconds: 1770669091
02-09 23:31:31.424 E/HeatmapThread( 1776): !@ CAM New BSOH: 100
02-09 23:31:31.424 E/HeatmapThread( 1776): !@ CAM is Working
02-09 23:31:32.418 E/HeatmapThread( 1776): ECT Thread time in milliseconds: 1770669092
02-09 23:31:32.426 E/HeatmapThread( 1776): !@ CAM New BSOH: 100
02-09 23:31:32.427 E/HeatmapThread( 1776): !@ CAM is Working
02-09 23:31:33.121 E/SemWifiLinkQualityMonitor( 2640): Too old or invalid TMI: currentTime=1770669093121 lastDateWindow=1770658852000
02-09 23:31:33.123 E/InsController( 2640): Error in onOutageCountUpdate: android.net.VpnTransportInfo cannot be cast to android.net.wifi.WifiInfo
02-09 23:31:33.418 E/HeatmapThread( 1776): ECT Thread time in milliseconds: 1770669093
02-09 23:31:33.422 E/HeatmapThread( 1776): !@ CAM New BSOH: 100
02-09 23:31:33.422 E/HeatmapThread( 1776): !@ CAM is Working
02-09 23:31:34.418 E/HeatmapThread( 1776): ECT Thread time in milliseconds: 1770669094
02-09 23:31:34.423 E/HeatmapThread( 1776): !@ CAM New BSOH: 100
02-09 23:31:34.423 E/HeatmapThread( 1776): !@ CAM is Working
02-09 23:31:35.418 E/HeatmapThread( 1776): ECT Thread time in milliseconds: 1770669095
02-09 23:31:35.423 E/HeatmapThread( 1776): !@ CAM New BSOH: 100
02-09 23:31:35.423 E/HeatmapThread( 1776): !@ CAM is Working
02-09 23:31:35.544 E/HwcComposer( 1804): getLuts failed Status(-129, EX_TRANSACTION_FAILED): 'UNKNOWN_TRANSACTION: '
02-09 23:31:36.141 E/SemWifiLinkQualityMonitor( 2640): Too old or invalid TMI: currentTime=1770669096141 lastDateWindow=1770658852000
02-09 23:31:36.143 E/InsController( 2640): Error in onOutageCountUpdate: android.net.VpnTransportInfo cannot be cast to android.net.wifi.WifiInfo
02-09 23:31:36.418 E/HeatmapThread( 1776): ECT Thread time in milliseconds: 1770669096
02-09 23:31:36.422 E/HeatmapThread( 1776): !@ CAM New BSOH: 100
02-09 23:31:36.422 E/HeatmapThread( 1776): !@ CAM is Working
02-09 23:31:37.418 E/HeatmapThread( 1776): ECT Thread time in milliseconds: 1770669097
02-09 23:31:37.424 E/HeatmapThread( 1776): !@ CAM New BSOH: 100
02-09 23:31:37.424 E/HeatmapThread( 1776): !@ CAM is Working
02-09 23:31:38.418 E/HeatmapThread( 1776): ECT Thread time in milliseconds: 1770669098
02-09 23:31:38.424 E/HeatmapThread( 1776): !@ CAM New BSOH: 100
02-09 23:31:38.424 E/HeatmapThread( 1776): !@ CAM is Working
02-09 23:31:39.167 E/SemWifiLinkQualityMonitor( 2640): Too old or invalid TMI: currentTime=1770669099167 lastDateWindow=1770658852000
02-09 23:31:39.170 E/InsController( 2640): Error in onOutageCountUpdate: android.net.VpnTransportInfo cannot be cast to android.net.wifi.WifiInfo
02-09 23:31:39.249 E/Watchdog( 2640): !@Sync: 613 heap(MB): 179 / 183 FD: 1545 [2026-02-09 23:31:39.248]
02-09 23:31:39.418 E/HeatmapThread( 1776): ECT Thread time in milliseconds: 1770669099
02-09 23:31:39.426 E/HeatmapThread( 1776): !@ CAM New BSOH: 100
02-09 23:31:39.426 E/HeatmapThread( 1776): !@ CAM is Working
02-09 23:31:39.711 E/BatteryDump( 1714): !@new_battery_dump : 4181,-7,1125,3331,84,354,342,413,354,0,363,413,0,Not-charging,NO_CHARGING,Normal,Good,PDIC,0,Normal,0,0,9300,0x8000,0x11010000,0x0,0,0,0000,0000,00000000,0,0,0,0,329,4180,8378,990,0,
02-09 23:31:39.728 E/PocketModeEvent( 2640): PocketModeSetting is off 
02-09 23:31:40.418 E/HeatmapThread( 1776): ECT Thread time in milliseconds: 1770669100
02-09 23:31:40.425 E/HeatmapThread( 1776): !@ CAM New BSOH: 100
02-09 23:31:40.425 E/HeatmapThread( 1776): !@ CAM is Working
02-09 23:31:41.418 E/HeatmapThread( 1776): ECT Thread time in milliseconds: 1770669101
02-09 23:31:41.423 E/HeatmapThread( 1776): !@ CAM New BSOH: 100
02-09 23:31:41.423 E/HeatmapThread( 1776): !@ CAM is Working
02-09 23:31:42.186 E/SemWifiLinkQualityMonitor( 2640): Too old or invalid TMI: currentTime=1770669102186 lastDateWindow=1770658852000
02-09 23:31:42.190 E/InsController( 2640): Error in onOutageCountUpdate: android.net.VpnTransportInfo cannot be cast to android.net.wifi.WifiInfo
02-09 23:31:42.418 E/HeatmapThread( 1776): ECT Thread time in milliseconds: 1770669102
02-09 23:31:42.424 E/HeatmapThread( 1776): !@Entered the read from path function
02-09 23:31:42.424 E/HeatmapThread( 1776): !@Read Extended_heatmap from efs is: 23245 0 0 0 0 0 0 0 0 0 0 0 0 0 0 0 0 0 1284 0 0 0 0 0 0 0 0 0 0 0 0 0 0 0 0 0 1533 0 0 0 0 0 0 0 0 0 0 0 0 0 0 0 0 0 1456 0 0 0 0 0 0 0 0 0 0 0 0 0 0 0 0 0 1516 0 0 0 0 0 0 0 0 0 0 0 0 0 0 0 0 0 1529 0 0 0 0 0 0 0 0 0 0 0 0 0 0 0 0 0 1460 0 0 0 0 0 0 0 0 0 0 0 0 0 0 0 0 0 1540 0 0 0 0 0 0 0 0 0 0 0 0 0 0 0 0 0 1557 0 0 0 0 0 0 0 0 0 0 0 0 0 0 0 0 0 1603 0 0 0 0 0 0 0 0 0 0 0 0 0 0 0 0 0 1382 0 0 0 0 0 0 0 0 0 0 0 0 0 0 0 0 0 5973 0 0 0 0 0 0 0 0 0 0 0 0 0 0 0 0 0 20015 0 0 0 0 0 0 0 0 0 0 0 0 0 0 0 0 0 23274 0 0 0 0 0 0 0 0 0 0 0 0 0 0 0 0 0 23297 0 0 0 0 0 0 0 0 0 0 0 0 0 0 0 0 0 21725 0 0 0 0 0 0 0 0 0 0 0 0 0 0 0 0 0 18370 0 0 0 0 0 0 0 0 0 0 0 0 0 0 0 0 0 13747 0 0 0 0 0 0 0 0 0 0 0 0 0 0 0 0 0 4246 0 0 0 0 0 0 0 0 0 0 0 0 0 0 0 0 0 2985 0 0 0 0 0 0 0 0 0 0 0 0 0 0 0 0 0 1552 0 0 0 0 0 0 0 0 0 0 0 0 0 0 0 0 0 589 0 0 0 0 0 0 0 0 0 0 0 0 0 0 0 0 0 62 0 0 0 0 0 0 0 0 0 0 0 0 0 0 0 0 0 51 0 0 0 0 0 0 0 0 0 0 0 0 0 0 0 0 0 52 0 0 0 0 0 0 0 0 0 0 0 0 0 0 0 0 0 18 0 0 0 0 
02-09 23:31:42.425 E/HeatmapThread( 1776): !@Write Extended Heatmap to efs is: 23245 0 0 0 0 0 0 0 0 0 0 0 0 0 0 0 0 0 1284 0 0 0 0 0 0 0 0 0 0 0 0 0 0 0 0 0 1533 0 0 0 0 0 0 0 0 0 0 0 0 0 0 0 0 0 1456 0 0 0 0 0 0 0 0 0 0 0 0 0 0 0 0 0 1516 0 0 0 0 0 0 0 0 0 0 0 0 0 0 0 0 0 1529 0 0 0 0 0 0 0 0 0 0 0 0 0 0 0 0 0 1460 0 0 0 0 0 0 0 0 0 0 0 0 0 0 0 0 0 1540 0 0 0 0 0 0 0 0 0 0 0 0 0 0 0 0 0 1557 0 0 0 0 0 0 0 0 0 0 0 0 0 0 0 0 0 1603 0 0 0 0 0 0 0 0 0 0 0 0 0 0 0 0 0 1382 0 0 0 0 0 0 0 0 0 0 0 0 0 0 0 0 0 5973 0 0 0 0 0 0 0 0 0 0 0 0 0 0 0 0 0 20016 0 0 0 0 0 0 0 0 0 0 0 0 0 0 0 0 0 23274 0 0 0 0 0 0 0 0 0 0 0 0 0 0 0 0 0 23297 0 0 0 0 0 0 0 0 0 0 0 0 0 0 0 0 0 21725 0 0 0 0 0 0 0 0 0 0 0 0 0 0 0 0 0 18370 0 0 0 0 0 0 0 0 0 0 0 0 0 0 0 0 0 13747 0 0 0 0 0 0 0 0 0 0 0 0 0 0 0 0 0 4246 0 0 0 0 0 0 0 0 0 0 0 0 0 0 0 0 0 2985 0 0 0 0 0 0 0 0 0 0 0 0 0 0 0 0 0 1552 0 0 0 0 0 0 0 0 0 0 0 0 0 0 0 0 0 589 0 0 0 0 0 0 0 0 0 0 0 0 0 0 0 0 0 62 0 0 0 0 0 0 0 0 0 0 0 0 0 0 0 0 0 51 0 0 0 0 0 0 0 0 0 0 0 0 0 0 0 0 0 52 0 0 0 0 0 0 0 0 0 0 0 0 0 0 0 0 0 18 0 0 0 0 0
02-09 23:31:42.425 E/HeatmapThread( 1776): !@ CAM New BSOH: 100
02-09 23:31:42.425 E/HeatmapThread( 1776): !@ CAM is Working
02-09 23:31:43.418 E/HeatmapThread( 1776): ECT Thread time in milliseconds: 1770669103
02-09 23:31:43.427 E/HeatmapThread( 1776): !@ CAM New BSOH: 100
02-09 23:31:43.427 E/HeatmapThread( 1776): !@ CAM is Working
02-09 23:31:44.418 E/HeatmapThread( 1776): ECT Thread time in milliseconds: 1770669104
02-09 23:31:44.426 E/HeatmapThread( 1776): !@ CAM New BSOH: 100
02-09 23:31:44.426 E/HeatmapThread( 1776): !@ CAM is Working
02-09 23:31:45.208 E/SemWifiLinkQualityMonitor( 2640): Too old or invalid TMI: currentTime=1770669105208 lastDateWindow=1770658852000
02-09 23:31:45.212 E/InsController( 2640): Error in onOutageCountUpdate: android.net.VpnTransportInfo cannot be cast to android.net.wifi.WifiInfo
02-09 23:31:45.418 E/HeatmapThread( 1776): ECT Thread time in milliseconds: 1770669105
02-09 23:31:45.424 E/HeatmapThread( 1776): !@ CAM New BSOH: 100
02-09 23:31:45.424 E/HeatmapThread( 1776): !@ CAM is Working
02-09 23:31:46.418 E/HeatmapThread( 1776): ECT Thread time in milliseconds: 1770669106
02-09 23:31:46.425 E/HeatmapThread( 1776): !@ CAM New BSOH: 100
02-09 23:31:46.425 E/HeatmapThread( 1776): !@ CAM is Working
02-09 23:31:47.418 E/HeatmapThread( 1776): ECT Thread time in milliseconds: 1770669107
02-09 23:31:47.426 E/HeatmapThread( 1776): !@ CAM New BSOH: 100
02-09 23:31:47.426 E/HeatmapThread( 1776): !@ CAM is Working
02-09 23:31:48.229 E/SemWifiLinkQualityMonitor( 2640): Too old or invalid TMI: currentTime=1770669108229 lastDateWindow=1770658852000
02-09 23:31:48.231 E/InsController( 2640): Error in onOutageCountUpdate: android.net.VpnTransportInfo cannot be cast to android.net.wifi.WifiInfo
02-09 23:31:48.299 E/e:iwhInfService(13942): Not starting debugger since process cannot load the jdwp agent.
02-09 23:31:48.418 E/HeatmapThread( 1776): ECT Thread time in milliseconds: 1770669108
02-09 23:31:48.421 E/HeatmapThread( 1776): !@ CAM New BSOH: 100
02-09 23:31:48.421 E/HeatmapThread( 1776): !@ CAM is Working
02-09 23:31:49.418 E/HeatmapThread( 1776): ECT Thread time in milliseconds: 1770669109
02-09 23:31:49.424 E/HeatmapThread( 1776): !@ CAM New BSOH: 100
02-09 23:31:49.424 E/HeatmapThread( 1776): !@ CAM is Working
02-09 23:31:49.878 E/BatteryDump( 1714): !@new_battery_dump : 4179,-66,1125,3331,84,354,343,413,354,0,363,413,0,Not-charging,NO_CHARGING,Normal,Good,PDIC,0,Normal,0,0,9300,0x8000,0x11010000,0x0,0,0,0000,0000,00000000,0,0,0,0,329,4180,8378,990,0,
02-09 23:31:50.418 E/HeatmapThread( 1776): ECT Thread time in milliseconds: 1770669110
02-09 23:31:50.423 E/HeatmapThread( 1776): !@ CAM New BSOH: 100
02-09 23:31:50.424 E/HeatmapThread( 1776): !@ CAM is Working
02-09 23:31:50.527 E/u4native(10005): [InfoLevelMessage] [INFO:not_a_file.cc(0)] NetworkServiceThread heartbeat, pid/tid: 10005/11236, interval/index: 30s/7
02-09 23:31:50.577 E/u4native(10005): [InfoLevelMessage] [INFO:not_a_file.cc(0)] BrowserIOThread heartbeat, pid/tid: 10005/11216, interval/index: 30s/7, ucCoreSoImplVersion: 5.18.9.0_250713225318
02-09 23:31:51.249 E/SemWifiLinkQualityMonitor( 2640): Too old or invalid TMI: currentTime=1770669111249 lastDateWindow=1770658852000
02-09 23:31:51.252 E/InsController( 2640): Error in onOutageCountUpdate: android.net.VpnTransportInfo cannot be cast to android.net.wifi.WifiInfo
02-09 23:31:51.418 E/HeatmapThread( 1776): ECT Thread time in milliseconds: 1770669111
02-09 23:31:51.424 E/HeatmapThread( 1776): !@ CAM New BSOH: 100
02-09 23:31:51.424 E/HeatmapThread( 1776): !@ CAM is Working
02-09 23:31:52.418 E/HeatmapThread( 1776): ECT Thread time in milliseconds: 1770669112
02-09 23:31:52.425 E/HeatmapThread( 1776): !@ CAM New BSOH: 100
02-09 23:31:52.425 E/HeatmapThread( 1776): !@ CAM is Working
02-09 23:31:53.332 E/u4native( 6073): [InfoLevelMessage] [INFO:not_a_file.cc(0)] BrowserIOThread heartbeat, pid/tid: 6073/6688, interval/index: 30s/96, ucCoreSoImplVersion: 5.12.11.0_250212150536
02-09 23:31:53.366 E/u4native( 6073): [InfoLevelMessage] [INFO:not_a_file.cc(0)] NetworkServiceThread heartbeat, pid/tid: 6073/6702, interval/index: 30s/96
02-09 23:31:53.418 E/HeatmapThread( 1776): ECT Thread time in milliseconds: 1770669113
02-09 23:31:53.424 E/HeatmapThread( 1776): !@ CAM New BSOH: 100
02-09 23:31:53.424 E/HeatmapThread( 1776): !@ CAM is Working
02-09 23:31:53.868 E/u4native( 6685): [InfoLevelMessage] [INFO:not_a_file.cc(0)] RenderMainThread heartbeat, pid/tid: 6685/6738, interval/index: 30s/16, ucCoreSoImplVersion: 5.12.11.0_250212150536
02-09 23:31:53.934 E/u4native(32622): [InfoLevelMessage] [INFO:not_a_file.cc(0)] GpuMainThread heartbeat, pid/tid: 32622/32665, interval/index: 30s/16, ucCoreSoImplVersion: 5.12.11.0_250212150536
02-09 23:31:54.015 E/u4native( 6685): [InfoLevelMessage] [INFO:not_a_file.cc(0)] RenderIOThread heartbeat, pid/tid: 6685/32630, interval/index: 30s/16
02-09 23:31:54.269 E/SemWifiLinkQualityMonitor( 2640): Too old or invalid TMI: currentTime=1770669114269 lastDateWindow=1770658852000
02-09 23:31:54.273 E/InsController( 2640): Error in onOutageCountUpdate: android.net.VpnTransportInfo cannot be cast to android.net.wifi.WifiInfo
02-09 23:31:54.418 E/HeatmapThread( 1776): ECT Thread time in milliseconds: 1770669114
02-09 23:31:54.425 E/HeatmapThread( 1776): !@ CAM New BSOH: 100
02-09 23:31:54.425 E/HeatmapThread( 1776): !@ CAM is Working
02-09 23:31:55.418 E/HeatmapThread( 1776): ECT Thread time in milliseconds: 1770669115
02-09 23:31:55.425 E/HeatmapThread( 1776): !@ CAM New BSOH: 100
02-09 23:31:55.425 E/HeatmapThread( 1776): !@ CAM is Working
02-09 23:31:56.418 E/HeatmapThread( 1776): ECT Thread time in milliseconds: 1770669116
02-09 23:31:56.423 E/HeatmapThread( 1776): !@ CAM New BSOH: 100
02-09 23:31:56.423 E/HeatmapThread( 1776): !@ CAM is Working
02-09 23:31:56.548 E/SecVibrator-HAL-AIDL-EXT( 1739): V_5_0: performPrebakedHapticPattern 23 : 8000 : 0
02-09 23:31:56.548 E/SecVibrator-HAL-AIDL-CORE( 1739): HW_API: [setForceFeedbackAmplitude]amplitude: 8000
02-09 23:31:56.565 E/SecVibrator-HAL-AIDL-CORE( 1739): HW_API: [uploadForceFeedbackeffect]ioctl success ,uploaded effect with ID: 0
02-09 23:31:56.565 E/SecVibrator-HAL-AIDL-CORE( 1739): HW_API: do_on for timeoutMs: 1000
02-09 23:31:56.565 E/SecVibrator-HAL-AIDL-CORE( 1739): HW_API: [triggerForceFeedbackVibration]on: 1
02-09 23:31:56.668 E/SecVibrator-HAL-AIDL-CORE( 1739): V_2_0: Vibrator off
02-09 23:31:56.668 E/SecVibrator-HAL-AIDL-CORE( 1739): HW_API: do_off
02-09 23:31:56.668 E/SecVibrator-HAL-AIDL-CORE( 1739): HW_API: [triggerForceFeedbackVibration]on: 0
02-09 23:31:56.947 E/WindowManager( 2640): win=Window{1495b55 u0 BackPanelController} destroySurfaces: appStopped=true cleanupOnResume=false win.mWindowRemovalAllowed=false win.mRemoveOnExit=false win.mViewVisibility=8 caller=com.android.server.wm.WindowManagerService.tryStartExitingAnimation:134 com.android.server.wm.WindowManagerService.relayoutWindow:1138 com.android.server.wm.Session.relayout:27 android.view.IWindowSession$Stub.onTransact:829 com.android.server.wm.Session.onTransact:1 android.os.Binder.execTransactInternal:1462 android.os.Binder.execTransact:1401 
02-09 23:31:57.292 E/SemWifiLinkQualityMonitor( 2640): Too old or invalid TMI: currentTime=1770669117292 lastDateWindow=1770658852000
02-09 23:31:57.296 E/InsController( 2640): Error in onOutageCountUpdate: android.net.VpnTransportInfo cannot be cast to android.net.wifi.WifiInfo
02-09 23:31:57.418 E/HeatmapThread( 1776): ECT Thread time in milliseconds: 1770669117
02-09 23:31:57.428 E/HeatmapThread( 1776): !@ CAM New BSOH: 100
02-09 23:31:57.428 E/HeatmapThread( 1776): !@ CAM is Working
02-09 23:31:57.660 E/BluetoothRemoteDevices(16699): getSecMetadata : return SUPPORTED_FEATURES
02-09 23:31:57.660 E/A2dpService(16699): isSupportLowLatencyMode: DataPacket is too short.
02-09 23:31:57.701 E/SurfaceFlinger( 1804): alpha changed 0.000 -> 1.000 - Surface(name=26e1d8 InputMethod)/@0x460d433 - animation-leash of insets_animation#8616
02-09 23:31:58.418 E/HeatmapThread( 1776): ECT Thread time in milliseconds: 1770669118
02-09 23:31:58.424 E/HeatmapThread( 1776): !@ CAM New BSOH: 100
02-09 23:31:58.425 E/HeatmapThread( 1776): !@ CAM is Working
02-09 23:31:59.252 E/BluetoothRemoteDevices(16699): getSecMetadata : return SUPPORTED_FEATURES
02-09 23:31:59.252 E/A2dpService(16699): isSupportLowLatencyMode: DataPacket is too short.
02-09 23:31:59.418 E/HeatmapThread( 1776): ECT Thread time in milliseconds: 1770669119
02-09 23:31:59.422 E/HeatmapThread( 1776): !@ CAM New BSOH: 100
02-09 23:31:59.422 E/HeatmapThread( 1776): !@ CAM is Working
02-09 23:31:59.763 E/WindowManager( 2640): win=Window{26e1d8 u0 InputMethod} destroySurfaces: appStopped=true cleanupOnResume=false win.mWindowRemovalAllowed=false win.mRemoveOnExit=false win.mViewVisibility=8 caller=com.android.server.wm.WindowManagerService.tryStartExitingAnimation:134 com.android.server.wm.WindowManagerService.relayoutWindow:1138 com.android.server.wm.Session.relayout:27 android.view.IWindowSession$Stub.onTransact:829 com.android.server.wm.Session.onTransact:1 android.os.Binder.execTransactInternal:1457 android.os.Binder.execTransact:1401 
02-09 23:31:59.783 E/SurfaceFlinger( 1804): alpha changed 1.000 -> 0.000 - Surface(name=26e1d8 InputMethod)/@0x460d433 - animation-leash of insets_animation#8621
02-09 23:32:00.052 E/BatteryDump( 1714): !@new_battery_dump : 4179,10,1125,3331,84,355,343,407,355,0,363,407,0,Not-charging,NO_CHARGING,Normal,Good,PDIC,0,Normal,0,0,9300,0x8000,0x11010000,0x0,0,0,0000,0000,00000000,0,0,0,0,329,4180,8378,990,0,
02-09 23:32:00.313 E/SemWifiLinkQualityMonitor( 2640): Too old or invalid TMI: currentTime=1770669120313 lastDateWindow=1770658852000
02-09 23:32:00.315 E/InsController( 2640): Error in onOutageCountUpdate: android.net.VpnTransportInfo cannot be cast to android.net.wifi.WifiInfo
02-09 23:32:00.418 E/HeatmapThread( 1776): ECT Thread time in milliseconds: 1770669120
02-09 23:32:00.423 E/HeatmapThread( 1776): !@ CAM New BSOH: 100
02-09 23:32:00.423 E/HeatmapThread( 1776): !@ CAM is Working
02-09 23:32:01.418 E/HeatmapThread( 1776): ECT Thread time in milliseconds: 1770669121
02-09 23:32:01.424 E/HeatmapThread( 1776): !@ CAM New BSOH: 100
02-09 23:32:01.424 E/HeatmapThread( 1776): !@ CAM is Working
02-09 23:32:02.418 E/HeatmapThread( 1776): ECT Thread time in milliseconds: 1770669122
02-09 23:32:02.426 E/HeatmapThread( 1776): !@ CAM New BSOH: 100
02-09 23:32:02.427 E/HeatmapThread( 1776): !@ CAM is Working
02-09 23:32:03.340 E/SemWifiLinkQualityMonitor( 2640): Too old or invalid TMI: currentTime=1770669123340 lastDateWindow=1770658852000
02-09 23:32:03.342 E/InsController( 2640): Error in onOutageCountUpdate: android.net.VpnTransportInfo cannot be cast to android.net.wifi.WifiInfo
02-09 23:32:03.418 E/HeatmapThread( 1776): ECT Thread time in milliseconds: 1770669123
02-09 23:32:03.423 E/HeatmapThread( 1776): !@ CAM New BSOH: 100
02-09 23:32:03.424 E/HeatmapThread( 1776): !@ CAM is Working
02-09 23:32:04.130 E/SecVibrator-HAL-AIDL-EXT( 1739): V_5_0: performPrebakedHapticPattern 23 : 8000 : 0
02-09 23:32:04.130 E/SecVibrator-HAL-AIDL-CORE( 1739): HW_API: [setForceFeedbackAmplitude]amplitude: 8000
02-09 23:32:04.149 E/SecVibrator-HAL-AIDL-CORE( 1739): HW_API: [uploadForceFeedbackeffect]ioctl success ,uploaded effect with ID: 0
02-09 23:32:04.149 E/SecVibrator-HAL-AIDL-CORE( 1739): HW_API: do_on for timeoutMs: 1000
02-09 23:32:04.150 E/SecVibrator-HAL-AIDL-CORE( 1739): HW_API: [triggerForceFeedbackVibration]on: 1
02-09 23:32:04.250 E/SecVibrator-HAL-AIDL-CORE( 1739): V_2_0: Vibrator off
02-09 23:32:04.250 E/SecVibrator-HAL-AIDL-CORE( 1739): HW_API: do_off
02-09 23:32:04.250 E/SecVibrator-HAL-AIDL-CORE( 1739): HW_API: [triggerForceFeedbackVibration]on: 0
02-09 23:32:04.418 E/HeatmapThread( 1776): ECT Thread time in milliseconds: 1770669124
02-09 23:32:04.422 E/HeatmapThread( 1776): !@ CAM New BSOH: 100
02-09 23:32:04.422 E/HeatmapThread( 1776): !@ CAM is Working
02-09 23:32:04.454 E/WindowManager( 2640): win=Window{1495b55 u0 BackPanelController} destroySurfaces: appStopped=true cleanupOnResume=false win.mWindowRemovalAllowed=false win.mRemoveOnExit=false win.mViewVisibility=8 caller=com.android.server.wm.WindowManagerService.tryStartExitingAnimation:134 com.android.server.wm.WindowManagerService.relayoutWindow:1138 com.android.server.wm.Session.relayout:27 android.view.IWindowSession$Stub.onTransact:829 com.android.server.wm.Session.onTransact:1 android.os.Binder.execTransactInternal:1462 android.os.Binder.execTransact:1401 
02-09 23:32:05.418 E/HeatmapThread( 1776): ECT Thread time in milliseconds: 1770669125
02-09 23:32:05.424 E/HeatmapThread( 1776): !@ CAM New BSOH: 100
02-09 23:32:05.424 E/HeatmapThread( 1776): !@ CAM is Working
02-09 23:32:05.607 E/HwcComposer( 1804): getLuts failed Status(-129, EX_TRANSACTION_FAILED): 'UNKNOWN_TRANSACTION: '
02-09 23:32:06.359 E/SemWifiLinkQualityMonitor( 2640): Too old or invalid TMI: currentTime=1770669126359 lastDateWindow=1770658852000
02-09 23:32:06.362 E/InsController( 2640): Error in onOutageCountUpdate: android.net.VpnTransportInfo cannot be cast to android.net.wifi.WifiInfo
02-09 23:32:06.418 E/HeatmapThread( 1776): ECT Thread time in milliseconds: 1770669126
02-09 23:32:06.422 E/HeatmapThread( 1776): !@ CAM New BSOH: 100
02-09 23:32:06.422 E/HeatmapThread( 1776): !@ CAM is Working
02-09 23:32:06.786 E/HYPER-HAL( 1667): [HandlerUClamp.cpp]set_uclamp_min(): sched_setattr failed for thread 12734, err = -1
02-09 23:32:06.786 E/HYPER-HAL( 1667): [HandlerUClamp.cpp]set_uclamp_min(): sched_setattr failed for thread 12735, err = -1
02-09 23:32:06.786 E/HYPER-HAL( 1667): [HandlerUClamp.cpp]set_uclamp_min(): sched_setattr failed for thread 12707, err = -1
02-09 23:32:06.786 E/ANDR-PERF-UTIL( 1696): ANDR-PERF-UTIL: change_node_val() 319: Failed to update node /proc/sys/walt/sched_low_latency with value 12707 0
02-09 23:32:06.786 E/ANDR-PERF-OPTSHANDLER( 1696): ANDR-PERF-OPTSHANDLER: sched_reset_low_latency() 3683: can't reset low latency for tid 12707
02-09 23:32:06.786 E/ANDR-PERF-RESOURCEQS( 1696): ANDR-PERF-RESOURCEQS: RemoveAndApply() 362: Failed to reset optimization [3, 52]
02-09 23:32:06.786 E/HYPER-HAL( 1667): [HandlerUClamp.cpp]set_uclamp_min(): sched_setattr failed for thread 12734, err = -1
02-09 23:32:06.786 E/HYPER-HAL( 1667): [HandlerUClamp.cpp]set_uclamp_min(): sched_setattr failed for thread 12735, err = -1
02-09 23:32:06.786 E/HYPER-HAL( 1667): [HandlerUClamp.cpp]set_uclamp_min(): sched_setattr failed for thread 12707, err = -1
02-09 23:32:06.787 E/ANDR-PERF-UTIL( 1696): ANDR-PERF-UTIL: change_node_val() 319: Failed to update node /proc/sys/walt/sched_low_latency with value 12735 0
02-09 23:32:06.787 E/ANDR-PERF-OPTSHANDLER( 1696): ANDR-PERF-OPTSHANDLER: sched_reset_low_latency() 3683: can't reset low latency for tid 12735
02-09 23:32:06.787 E/ANDR-PERF-RESOURCEQS( 1696): ANDR-PERF-RESOURCEQS: RemoveAndApply() 362: Failed to reset optimization [3, 52]
02-09 23:32:06.787 E/ANDR-PERF-UTIL( 1696): ANDR-PERF-UTIL: change_node_val() 319: Failed to update node /proc/sys/walt/sched_low_latency with value 12734 0
02-09 23:32:06.787 E/ANDR-PERF-OPTSHANDLER( 1696): ANDR-PERF-OPTSHANDLER: sched_reset_low_latency() 3683: can't reset low latency for tid 12734
02-09 23:32:06.787 E/ANDR-PERF-RESOURCEQS( 1696): ANDR-PERF-RESOURCEQS: RemoveAndApply() 362: Failed to reset optimization [3, 52]
02-09 23:32:06.815 E/AppIconSolution( 4611): Couldn't get theme package resources, package is null
02-09 23:32:06.828 E/NativeCustomFrequencyManager( 1804): [NativeCFMS] BpCustomFrequencyManager::acquire()
02-09 23:32:06.830 E/SurfaceFlinger( 1804): alpha changed 1.000 -> 0.000 - Surface(name=Task=1)/@0x382dde9_transition-leash#8627
02-09 23:32:06.838 E/[AirCmd]_MediaControlStateMonitor( 6728): getActiveNotificationPackageName : notification service monitor is null
02-09 23:32:06.847 E/SurfaceFlinger( 1804): alpha changed 0.000 -> 1.000 - Surface(name=Task=1)/@0x382dde9_transition-leash#8627
02-09 23:32:06.864 E/SurfaceFlinger( 1804): alpha changed 1.000 -> 0.000 - Surface(name=26e1d8 InputMethod)/@0x460d433 - animation-leash of insets_animation#8630
02-09 23:32:07.397 E/SurfaceFlinger( 1804): alpha changed 0.000 -> 0.000 - Surface(name=Task=93)/@0xd79450f_transition-leash#8628
02-09 23:32:07.418 E/HeatmapThread( 1776): ECT Thread time in milliseconds: 1770669127
02-09 23:32:07.421 E/HeatmapThread( 1776): !@ CAM New BSOH: 100
02-09 23:32:07.421 E/HeatmapThread( 1776): !@ CAM is Working
02-09 23:32:07.589 E/IPCThreadState( 2640): Binder transaction failure. id: 14849019, BR_*: 29189, error: -22 (Invalid argument)
02-09 23:32:07.613 E/BpTransactionCompletedListener( 1804): Failed to transact (-32)
02-09 23:32:07.614 E/BpTransactionCompletedListener( 1804): Failed to transact (-32)
02-09 23:32:08.418 E/HeatmapThread( 1776): ECT Thread time in milliseconds: 1770669128
02-09 23:32:08.423 E/HeatmapThread( 1776): !@ CAM New BSOH: 100
02-09 23:32:08.423 E/HeatmapThread( 1776): !@ CAM is Working
02-09 23:32:08.892 E/NativeCustomFrequencyManager( 1804): [NativeCFMS] BpCustomFrequencyManager::acquire()
02-09 23:32:08.892 E/pageboostd( 5224): Received HALT command code 2
02-09 23:32:08.928 E/SurfaceFlinger( 1804): alpha changed 1.000 -> 0.000 - Task=94#8632
02-09 23:32:08.928 E/SurfaceFlinger( 1804): alpha changed 0.000 -> 0.000 - Task=94#8632
02-09 23:32:08.939 E/g.voxmatrix.app(14079): Not starting debugger since process cannot load the jdwp agent.
02-09 23:32:08.945 E/SurfaceFlinger( 1804): alpha changed 0.000 -> 0.080 - Task=94#8632
02-09 23:32:08.969 E/[AirCmd]_MediaControlStateMonitor( 6728): getActiveNotificationPackageName : notification service monitor is null
02-09 23:32:08.969 E/ashmem  (14079): Pinning is deprecated since Android Q. Please use trim or other methods.
02-09 23:32:08.983 E/Adreno-AppProfiles(14079): QSPM AIDL service doesn't exist
02-09 23:32:09.006 I/flutter (14079): [IMPORTANT:flutter/shell/platform/android/android_context_vk_impeller.cc(62)] Using the Impeller rendering backend (Vulkan).
02-09 23:32:09.037 E/g.voxmatrix.app(14079): Unable to open libpenguin.so: dlopen failed: library "libpenguin.so" not found.
02-09 23:32:09.041 E/Gralloc4(14079): isSupported(1, 1, 59, 1, ...) failed with 7
02-09 23:32:09.041 E/GraphicBufferAllocator(14079): Failed to allocate (4 x 4) layerCount 1 format 59 usage b00: 2
02-09 23:32:09.041 E/AHardwareBuffer(14079): GraphicBuffer(w=4, h=4, lc=1) failed (Unknown error -2), handle=0x0
02-09 23:32:09.041 E/Gralloc4(14079): isSupported(1, 1, 59, 1, ...) failed with 7
02-09 23:32:09.041 E/GraphicBufferAllocator(14079): Failed to allocate (4 x 4) layerCount 1 format 59 usage b00: 2
02-09 23:32:09.041 E/AHardwareBuffer(14079): GraphicBuffer(w=4, h=4, lc=1) failed (Unknown error -2), handle=0x0
02-09 23:32:09.068 E/pageboostd( 5224): Received HALT command code 2
02-09 23:32:09.072 I/flutter (14079): [Matrix] [32mInitialize client voxmatrix[0m
02-09 23:32:09.106 I/flutter (14079): [Matrix] [31mError initializing encryption Invalid argument(s): Failed to load dynamic library 'libolm.so': dlopen failed: library "libolm.so" not found[0m
02-09 23:32:09.108 I/flutter (14079): [Matrix] [32mSuccessfully connected as test2 with http://100.92.210.91:8008[0m
02-09 23:32:09.119 E/SurfaceFlinger( 1804): alpha changed 1.000 -> 0.000 - Surface(name=26e1d8 InputMethod)/@0x460d433 - animation-leash of insets_animation#8649
02-09 23:32:09.253 E/Watchdog( 2640): !@Sync: 614 heap(MB): 155 / 182 FD: 1544 [2026-02-09 23:32:09.253]
02-09 23:32:09.311 E/WindowManager( 2640): win=Window{f617943 u0 com.sec.android.app.launcher/com.sec.android.app.launcher.activities.LauncherActivity} destroySurfaces: appStopped=true cleanupOnResume=false win.mWindowRemovalAllowed=false win.mRemoveOnExit=false win.mViewVisibility=8 caller=com.android.server.wm.ActivityRecord.destroySurfaces:25 com.android.server.wm.ActivityRecord.activityStopped:192 com.android.server.wm.ActivityClientController.activityStopped:97 android.app.IActivityClientController$Stub.onTransact:740 com.android.server.wm.ActivityClientController.onTransact:1 android.os.Binder.execTransactInternal:1462 android.os.Binder.execTransact:1401 
02-09 23:32:09.370 E/SemWifiLinkQualityMonitor( 2640): Too old or invalid TMI: currentTime=1770669129370 lastDateWindow=1770658852000
02-09 23:32:09.371 E/InsController( 2640): Error in onOutageCountUpdate: android.net.VpnTransportInfo cannot be cast to android.net.wifi.WifiInfo
02-09 23:32:09.418 E/HeatmapThread( 1776): ECT Thread time in milliseconds: 1770669129
02-09 23:32:09.423 E/HeatmapThread( 1776): !@ CAM New BSOH: 100
02-09 23:32:09.423 E/HeatmapThread( 1776): !@ CAM is Working
02-09 23:32:10.210 E/BatteryDump( 1714): !@new_battery_dump : 4179,12,1125,3331,84,355,343,406,355,0,364,406,0,Not-charging,NO_CHARGING,Normal,Good,PDIC,0,Normal,0,0,9300,0x8000,0x11010000,0x0,0,0,0000,0000,00000000,0,0,0,0,329,4180,8378,990,0,
02-09 23:32:10.418 E/HeatmapThread( 1776): ECT Thread time in milliseconds: 1770669130
02-09 23:32:10.422 E/HeatmapThread( 1776): !@ CAM New BSOH: 100
02-09 23:32:10.422 E/HeatmapThread( 1776): !@ CAM is Working
02-09 23:32:11.117 E/TaskPersister( 2640): File error accessing recents directory (directory doesn't exist?).
02-09 23:32:11.118 E/TaskPersister( 2640): File error accessing recents directory (directory doesn't exist?).
02-09 23:32:11.118 E/TaskPersister( 2640): File error accessing recents directory (directory doesn't exist?).
02-09 23:32:11.418 E/HeatmapThread( 1776): ECT Thread time in milliseconds: 1770669131
02-09 23:32:11.428 E/HeatmapThread( 1776): !@ CAM New BSOH: 100
02-09 23:32:11.429 E/HeatmapThread( 1776): !@ CAM is Working
02-09 23:32:12.393 E/SemWifiLinkQualityMonitor( 2640): Too old or invalid TMI: currentTime=1770669132393 lastDateWindow=1770658852000
02-09 23:32:12.394 E/InsController( 2640): Error in onOutageCountUpdate: android.net.VpnTransportInfo cannot be cast to android.net.wifi.WifiInfo
02-09 23:32:12.418 E/HeatmapThread( 1776): ECT Thread time in milliseconds: 1770669132
02-09 23:32:12.424 E/HeatmapThread( 1776): !@ CAM New BSOH: 100
02-09 23:32:12.424 E/HeatmapThread( 1776): !@ CAM is Working
02-09 23:32:12.823 E/BatteryStatsService( 2640): Invalid uid for waking network packet: -1
02-09 23:32:13.418 E/HeatmapThread( 1776): ECT Thread time in milliseconds: 1770669133
02-09 23:32:13.422 E/HeatmapThread( 1776): !@ CAM New BSOH: 100
02-09 23:32:13.422 E/HeatmapThread( 1776): !@ CAM is Working
02-09 23:32:14.418 E/HeatmapThread( 1776): ECT Thread time in milliseconds: 1770669134
02-09 23:32:14.423 E/HeatmapThread( 1776): !@ CAM New BSOH: 100
02-09 23:32:14.423 E/HeatmapThread( 1776): !@ CAM is Working
02-09 23:32:15.418 E/HeatmapThread( 1776): ECT Thread time in milliseconds: 1770669135
02-09 23:32:15.419 E/SemWifiLinkQualityMonitor( 2640): Too old or invalid TMI: currentTime=1770669135419 lastDateWindow=1770658852000
02-09 23:32:15.421 E/InsController( 2640): Error in onOutageCountUpdate: android.net.VpnTransportInfo cannot be cast to android.net.wifi.WifiInfo
02-09 23:32:15.424 E/HeatmapThread( 1776): !@ CAM New BSOH: 100
02-09 23:32:15.424 E/HeatmapThread( 1776): !@ CAM is Working
02-09 23:32:16.418 E/HeatmapThread( 1776): ECT Thread time in milliseconds: 1770669136
02-09 23:32:16.424 E/HeatmapThread( 1776): !@ CAM New BSOH: 100
02-09 23:32:16.424 E/HeatmapThread( 1776): !@ CAM is Working
02-09 23:32:16.902 E/u4java_PlatformPortAdapter( 6073): [InfoLevelMessage] repeat report memory pressure: 2
02-09 23:32:17.418 E/HeatmapThread( 1776): ECT Thread time in milliseconds: 1770669137
02-09 23:32:17.423 E/HeatmapThread( 1776): !@ CAM New BSOH: 100
02-09 23:32:17.423 E/HeatmapThread( 1776): !@ CAM is Working
02-09 23:32:18.296 E/BluetoothRemoteDevices(16699): getSecMetadata : return SUPPORTED_FEATURES
02-09 23:32:18.296 E/A2dpService(16699): isSupportLowLatencyMode: DataPacket is too short.
