02-09 23:29:08.737 E/SemWifiLinkQualityMonitor( 2640): Too old or invalid TMI: currentTime=1770668948737 lastDateWindow=1770658852000
02-09 23:29:08.739 E/InsController( 2640): Error in onOutageCountUpdate: android.net.VpnTransportInfo cannot be cast to android.net.wifi.WifiInfo
02-09 23:29:08.849 E/SecVibrator-HAL-AIDL-CORE( 1739): V_2_0: Vibrator off
02-09 23:29:08.849 E/SecVibrator-HAL-AIDL-CORE( 1739): HW_API: do_off
02-09 23:29:08.849 E/SecVibrator-HAL-AIDL-CORE( 1739): HW_API: [triggerForceFeedbackVibration]on: 0
02-09 23:29:09.198 E/Watchdog( 2640): !@Sync: 608 heap(MB): 152 / 183 FD: 1541 [2026-02-09 23:29:09.197]
02-09 23:29:09.418 E/HeatmapThread( 1776): ECT Thread time in milliseconds: 1770668949
02-09 23:29:09.423 E/HeatmapThread( 1776): !@ CAM New BSOH: 100
02-09 23:29:09.423 E/HeatmapThread( 1776): !@ CAM is Working
02-09 23:29:09.610 E/r.afooddelivery(11993): hiddenapi: Accessing hidden method Lcom/android/org/conscrypt/ConscryptEngineSocket;->setUseSessionTickets(Z)V (runtime_flags=CorePlatformApi, domain=core-platform, api=max-target-q,core-platform-api) from Lcom/squareup/okhttp/internal/d; (domain=app) using reflection: denied
02-09 23:29:09.610 E/r.afooddelivery(11993): hiddenapi: Accessing hidden method Lcom/android/org/conscrypt/OpenSSLSocketImpl;->setUseSessionTickets(Z)V (runtime_flags=CorePlatformApi, domain=core-platform, api=max-target-q,core-platform-api) from Lcom/squareup/okhttp/internal/d; (domain=app) using reflection: denied
02-09 23:29:09.610 E/r.afooddelivery(11993): hiddenapi: Accessing hidden method Lcom/android/org/conscrypt/AbstractConscryptSocket;->setUseSessionTickets(Z)V (runtime_flags=0, domain=core-platform, api=max-target-q) from Lcom/squareup/okhttp/internal/d; (domain=app) using reflection: denied
02-09 23:29:09.610 E/r.afooddelivery(11993): hiddenapi: Accessing hidden method Lcom/android/org/conscrypt/ConscryptEngineSocket;->setHostname(Ljava/lang/String;)V (runtime_flags=CorePlatformApi, domain=core-platform, api=max-target-q,core-platform-api) from Lcom/squareup/okhttp/internal/d; (domain=app) using reflection: denied
02-09 23:29:09.611 E/r.afooddelivery(11993): hiddenapi: Accessing hidden method Lcom/android/org/conscrypt/OpenSSLSocketImpl;->setHostname(Ljava/lang/String;)V (runtime_flags=CorePlatformApi, domain=core-platform, api=max-target-q,core-platform-api) from Lcom/squareup/okhttp/internal/d; (domain=app) using reflection: denied
02-09 23:29:09.611 E/r.afooddelivery(11993): hiddenapi: Accessing hidden method Lcom/android/org/conscrypt/AbstractConscryptSocket;->setHostname(Ljava/lang/String;)V (runtime_flags=0, domain=core-platform, api=max-target-q) from Lcom/squareup/okhttp/internal/d; (domain=app) using reflection: denied
02-09 23:29:09.611 E/r.afooddelivery(11993): hiddenapi: Accessing hidden method Lcom/android/org/conscrypt/OpenSSLSocketImpl;->setAlpnProtocols([B)V (runtime_flags=CorePlatformApi, domain=core-platform, api=max-target-q,core-platform-api) from Lcom/squareup/okhttp/internal/d; (domain=app) using reflection: denied
02-09 23:29:09.611 E/r.afooddelivery(11993): hiddenapi: Accessing hidden method Lcom/android/org/conscrypt/AbstractConscryptSocket;->setAlpnProtocols([B)V (runtime_flags=0, domain=core-platform, api=max-target-q) from Lcom/squareup/okhttp/internal/d; (domain=app) using reflection: denied
02-09 23:29:09.874 E/SecVibrator-HAL-AIDL-EXT( 1739): V_5_0: performPrebakedHapticPattern 1 : 8000 : 0
02-09 23:29:09.874 E/SecVibrator-HAL-AIDL-CORE( 1739): HW_API: [setForceFeedbackAmplitude]amplitude: 8000
02-09 23:29:09.879 E/SecVibrator-HAL-AIDL-CORE( 1739): HW_API: [uploadForceFeedbackeffect]ioctl success ,uploaded effect with ID: 0
02-09 23:29:09.879 E/SecVibrator-HAL-AIDL-CORE( 1739): HW_API: do_on for timeoutMs: 1000
02-09 23:29:09.879 E/SecVibrator-HAL-AIDL-CORE( 1739): HW_API: [triggerForceFeedbackVibration]on: 1
02-09 23:29:09.890 E/r.afooddelivery(11993): hiddenapi: Accessing hidden method Lcom/android/org/conscrypt/OpenSSLSocketImpl;->getAlpnSelectedProtocol()[B (runtime_flags=CorePlatformApi, domain=core-platform, api=max-target-q,core-platform-api) from Lcom/squareup/okhttp/internal/d; (domain=app) using reflection: denied
02-09 23:29:09.890 E/r.afooddelivery(11993): hiddenapi: Accessing hidden method Lcom/android/org/conscrypt/AbstractConscryptSocket;->getAlpnSelectedProtocol()[B (runtime_flags=0, domain=core-platform, api=max-target-q) from Lcom/squareup/okhttp/internal/d; (domain=app) using reflection: denied
02-09 23:29:09.898 E/r.afooddelivery(11993): hiddenapi: Accessing hidden field Landroid/os/Build;->IS_TREBLE_ENABLED:Z (runtime_flags=0, domain=platform, api=max-target-o) from Lcom/meituan/android/common/mtguard/NBridge; (domain=app) using JNI: denied
02-09 23:29:09.899 E/r.afooddelivery(11993): hiddenapi: Accessing hidden field Landroid/os/Build;->IS_ENG:Z (runtime_flags=0, domain=platform, api=max-target-o) from Lcom/meituan/android/common/mtguard/NBridge; (domain=app) using JNI: denied
02-09 23:29:09.899 E/r.afooddelivery(11993): hiddenapi: Accessing hidden field Landroid/os/Build;->IS_USERDEBUG:Z (runtime_flags=0, domain=platform, api=max-target-o) from Lcom/meituan/android/common/mtguard/NBridge; (domain=app) using JNI: denied
02-09 23:29:09.899 E/r.afooddelivery(11993): hiddenapi: Accessing hidden field Landroid/os/Build;->IS_USER:Z (runtime_flags=0, domain=platform, api=max-target-o) from Lcom/meituan/android/common/mtguard/NBridge; (domain=app) using JNI: denied
02-09 23:29:09.899 E/r.afooddelivery(11993): hiddenapi: Accessing hidden field Landroid/os/Build$VERSION;->ALL_CODENAMES:[Ljava/lang/String; (runtime_flags=0, domain=platform, api=max-target-o) from Lcom/meituan/android/common/mtguard/NBridge; (domain=app) using JNI: denied
02-09 23:29:09.899 E/r.afooddelivery(11993): hiddenapi: Accessing hidden field Landroid/os/Build$VERSION;->RESOURCES_SDK_INT:I (runtime_flags=0, domain=platform, api=blocked,test-api) from Lcom/meituan/android/common/mtguard/NBridge; (domain=app) using JNI: denied
02-09 23:29:09.899 E/r.afooddelivery(11993): hiddenapi: Accessing hidden field Landroid/os/Build$VERSION;->MIN_SUPPORTED_TARGET_SDK_INT:I (runtime_flags=0, domain=platform, api=max-target-o) from Lcom/meituan/android/common/mtguard/NBridge; (domain=app) using JNI: denied
02-09 23:29:09.995 E/SecVibrator-HAL-AIDL-CORE( 1739): V_2_0: Vibrator off
02-09 23:29:09.996 E/SecVibrator-HAL-AIDL-CORE( 1739): HW_API: do_off
02-09 23:29:09.996 E/SecVibrator-HAL-AIDL-CORE( 1739): HW_API: [triggerForceFeedbackVibration]on: 0
02-09 23:29:10.133 E/Adreno-AppProfiles(11993): QSPM AIDL service doesn't exist
02-09 23:29:10.211 E/BluetoothRemoteDevices(16699): getSecMetadata : return SUPPORTED_FEATURES
02-09 23:29:10.211 E/A2dpService(16699): isSupportLowLatencyMode: DataPacket is too short.
02-09 23:29:10.222 E/SurfaceFlinger( 1804): alpha changed 1.000 -> 0.000 - Surface(name=26e1d8 InputMethod)/@0x460d433 - animation-leash of insets_animation#8550
02-09 23:29:10.241 E/r.afooddelivery(11993): hiddenapi: Accessing hidden method Landroid/content/pm/PackageInfo;-><init>(Landroid/os/Parcel;)V (runtime_flags=0, domain=platform, api=max-target-p) from Lcom/meituan/android/common/mtguard/NBridge; (domain=app) using JNI: denied
02-09 23:29:10.241 E/r.afooddelivery(11993): hiddenapi: Accessing hidden method Landroid/content/pm/PackageInfo;-><init>(Landroid/os/Parcel;)V (runtime_flags=0, domain=platform, api=max-target-p) from Lcom/meituan/android/common/mtguard/NBridge; (domain=app) using JNI: denied
02-09 23:29:10.418 E/HeatmapThread( 1776): ECT Thread time in milliseconds: 1770668950
02-09 23:29:10.422 E/HeatmapThread( 1776): !@ CAM New BSOH: 100
02-09 23:29:10.423 E/HeatmapThread( 1776): !@ CAM is Working
02-09 23:29:10.716 E/WindowManager( 2640): win=Window{26e1d8 u0 InputMethod} destroySurfaces: appStopped=true cleanupOnResume=false win.mWindowRemovalAllowed=false win.mRemoveOnExit=false win.mViewVisibility=8 caller=com.android.server.wm.WindowManagerService.tryStartExitingAnimation:134 com.android.server.wm.WindowManagerService.relayoutWindow:1138 com.android.server.wm.Session.relayout:27 android.view.IWindowSession$Stub.onTransact:829 com.android.server.wm.Session.onTransact:1 android.os.Binder.execTransactInternal:1457 android.os.Binder.execTransact:1401 
02-09 23:29:10.730 E/SurfaceFlinger( 1804): alpha changed 1.000 -> 0.000 - Surface(name=26e1d8 InputMethod)/@0x460d433 - animation-leash of insets_animation#8583
02-09 23:29:11.256 E/Parcel  (13345): Reading a NULL string not supported here.
02-09 23:29:11.260 E/RemoteDesktopService( 2640): Permission Denied pid=13345 mUid=-1 uid=10350 command=1598968902
02-09 23:29:11.295 E/Parcel  (13345): Reading a NULL string not supported here.
02-09 23:29:11.418 E/HeatmapThread( 1776): ECT Thread time in milliseconds: 1770668951
02-09 23:29:11.423 E/HeatmapThread( 1776): !@ CAM New BSOH: 100
02-09 23:29:11.423 E/HeatmapThread( 1776): !@ CAM is Working
02-09 23:29:11.528 E/r.afooddelivery(11993): hiddenapi: Accessing hidden field Landroid/location/LocationManager;->mService:Landroid/location/ILocationManager; (runtime_flags=0, domain=platform, api=blocked) from Lcom/meituan/android/common/mtguard/NBridge; (domain=app) using reflection: denied
02-09 23:29:11.529 E/r.afooddelivery(11993): hiddenapi: Accessing hidden method Landroid/telephony/TelephonyManager;->getITelephony()Lcom/android/internal/telephony/ITelephony; (runtime_flags=0, domain=platform, api=blocked) from Lcom/meituan/android/common/mtguard/NBridge; (domain=app) using reflection: denied
02-09 23:29:11.747 E/SemWifiLinkQualityMonitor( 2640): Too old or invalid TMI: currentTime=1770668951747 lastDateWindow=1770658852000
02-09 23:29:11.748 E/InsController( 2640): Error in onOutageCountUpdate: android.net.VpnTransportInfo cannot be cast to android.net.wifi.WifiInfo
02-09 23:29:12.061 I/flutter (12675): [Matrix] [32mInitialize client voxmatrix[0m
02-09 23:29:12.103 I/flutter (12675): [Matrix] [31mError initializing encryption Invalid argument(s): Failed to load dynamic library 'libolm.so': dlopen failed: library "libolm.so" not found[0m
02-09 23:29:12.106 I/flutter (12675): [Matrix] [32mSuccessfully connected as test2 with http://100.92.210.91:8008[0m
02-09 23:29:12.418 E/HeatmapThread( 1776): ECT Thread time in milliseconds: 1770668952
02-09 23:29:12.423 E/HeatmapThread( 1776): !@ CAM New BSOH: 100
02-09 23:29:12.423 E/HeatmapThread( 1776): !@ CAM is Working
02-09 23:29:12.570 E/DWBg    (25119): LocalPkgManager MemoryTrimmable
02-09 23:29:12.570 E/DWBn    (25119): UsageDataManager MemoryTrimmable
02-09 23:29:13.203 E/HwcComposer( 1804): getLuts failed Status(-129, EX_TRANSACTION_FAILED): 'UNKNOWN_TRANSACTION: '
02-09 23:29:13.418 E/HeatmapThread( 1776): ECT Thread time in milliseconds: 1770668953
02-09 23:29:13.425 E/HeatmapThread( 1776): !@ CAM New BSOH: 100
02-09 23:29:13.425 E/HeatmapThread( 1776): !@ CAM is Working
02-09 23:29:14.418 E/HeatmapThread( 1776): ECT Thread time in milliseconds: 1770668954
02-09 23:29:14.422 E/HeatmapThread( 1776): !@ CAM New BSOH: 100
02-09 23:29:14.422 E/HeatmapThread( 1776): !@ CAM is Working
02-09 23:29:14.756 E/SemWifiLinkQualityMonitor( 2640): Too old or invalid TMI: currentTime=1770668954756 lastDateWindow=1770658852000
02-09 23:29:14.757 E/InsController( 2640): Error in onOutageCountUpdate: android.net.VpnTransportInfo cannot be cast to android.net.wifi.WifiInfo
02-09 23:29:15.418 E/HeatmapThread( 1776): ECT Thread time in milliseconds: 1770668955
02-09 23:29:15.425 E/HeatmapThread( 1776): !@ CAM New BSOH: 100
02-09 23:29:15.425 E/HeatmapThread( 1776): !@ CAM is Working
02-09 23:29:16.418 E/HeatmapThread( 1776): ECT Thread time in milliseconds: 1770668956
02-09 23:29:16.425 E/HeatmapThread( 1776): !@ CAM New BSOH: 100
02-09 23:29:16.425 E/HeatmapThread( 1776): !@ CAM is Working
02-09 23:29:16.887 E/u4java_PlatformPortAdapter( 6073): [InfoLevelMessage] repeat report memory pressure: 2
02-09 23:29:17.249 E/BatteryDump( 1714): !@new_battery_dump : 4178,-2,1125,3331,84,340,334,398,340,0,356,398,0,Not-charging,NO_CHARGING,Normal,Good,PDIC,0,Normal,0,0,9300,0x8000,0x11010000,0x0,0,0,0000,0000,00000000,0,0,0,0,329,4180,8378,990,0,
02-09 23:29:17.418 E/HeatmapThread( 1776): ECT Thread time in milliseconds: 1770668957
02-09 23:29:17.423 E/HeatmapThread( 1776): !@ CAM New BSOH: 100
02-09 23:29:17.423 E/HeatmapThread( 1776): !@ CAM is Working
02-09 23:29:17.767 E/SemWifiLinkQualityMonitor( 2640): Too old or invalid TMI: currentTime=1770668957767 lastDateWindow=1770658852000
02-09 23:29:17.769 E/InsController( 2640): Error in onOutageCountUpdate: android.net.VpnTransportInfo cannot be cast to android.net.wifi.WifiInfo
02-09 23:29:18.418 E/HeatmapThread( 1776): ECT Thread time in milliseconds: 1770668958
02-09 23:29:18.426 E/HeatmapThread( 1776): !@ CAM New BSOH: 100
02-09 23:29:18.426 E/HeatmapThread( 1776): !@ CAM is Working
02-09 23:29:19.418 E/HeatmapThread( 1776): ECT Thread time in milliseconds: 1770668959
02-09 23:29:19.423 E/HeatmapThread( 1776): !@ CAM New BSOH: 100
02-09 23:29:19.423 E/HeatmapThread( 1776): !@ CAM is Working
02-09 23:29:20.418 E/HeatmapThread( 1776): ECT Thread time in milliseconds: 1770668960
02-09 23:29:20.423 E/HeatmapThread( 1776): !@ CAM New BSOH: 100
02-09 23:29:20.423 E/HeatmapThread( 1776): !@ CAM is Working
02-09 23:29:20.439 E/u4native(10005): [InfoLevelMessage] [INFO:not_a_file.cc(0)] NetworkServiceThread heartbeat, pid/tid: 10005/11236, interval/index: 30s/2
02-09 23:29:20.439 E/u4native(10005): [InfoLevelMessage] [INFO:not_a_file.cc(0)] BrowserIOThread heartbeat, pid/tid: 10005/11216, interval/index: 30s/2, ucCoreSoImplVersion: 5.18.9.0_250713225318
02-09 23:29:20.780 E/SemWifiLinkQualityMonitor( 2640): Too old or invalid TMI: currentTime=1770668960780 lastDateWindow=1770658852000
02-09 23:29:20.782 E/InsController( 2640): Error in onOutageCountUpdate: android.net.VpnTransportInfo cannot be cast to android.net.wifi.WifiInfo
02-09 23:29:21.418 E/HeatmapThread( 1776): ECT Thread time in milliseconds: 1770668961
02-09 23:29:21.422 E/HeatmapThread( 1776): !@ CAM New BSOH: 100
02-09 23:29:21.422 E/HeatmapThread( 1776): !@ CAM is Working
02-09 23:29:22.418 E/HeatmapThread( 1776): ECT Thread time in milliseconds: 1770668962
02-09 23:29:22.423 E/HeatmapThread( 1776): !@ CAM New BSOH: 100
02-09 23:29:22.423 E/HeatmapThread( 1776): !@ CAM is Working
02-09 23:29:23.253 E/u4native( 6073): [InfoLevelMessage] [INFO:not_a_file.cc(0)] BrowserIOThread heartbeat, pid/tid: 6073/6688, interval/index: 30s/91, ucCoreSoImplVersion: 5.12.11.0_250212150536
02-09 23:29:23.261 E/u4native( 6073): [InfoLevelMessage] [INFO:not_a_file.cc(0)] NetworkServiceThread heartbeat, pid/tid: 6073/6702, interval/index: 30s/91
02-09 23:29:23.418 E/HeatmapThread( 1776): ECT Thread time in milliseconds: 1770668963
02-09 23:29:23.424 E/HeatmapThread( 1776): !@ CAM New BSOH: 100
02-09 23:29:23.424 E/HeatmapThread( 1776): !@ CAM is Working
02-09 23:29:23.794 E/SemWifiLinkQualityMonitor( 2640): Too old or invalid TMI: currentTime=1770668963794 lastDateWindow=1770658852000
02-09 23:29:23.797 E/InsController( 2640): Error in onOutageCountUpdate: android.net.VpnTransportInfo cannot be cast to android.net.wifi.WifiInfo
02-09 23:29:23.864 E/u4native( 6685): [InfoLevelMessage] [INFO:not_a_file.cc(0)] RenderMainThread heartbeat, pid/tid: 6685/6738, interval/index: 30s/11, ucCoreSoImplVersion: 5.12.11.0_250212150536
02-09 23:29:23.879 E/u4native( 6685): [InfoLevelMessage] [INFO:not_a_file.cc(0)] RenderIOThread heartbeat, pid/tid: 6685/32630, interval/index: 30s/11
02-09 23:29:23.931 E/u4native(32622): [InfoLevelMessage] [INFO:not_a_file.cc(0)] GpuMainThread heartbeat, pid/tid: 32622/32665, interval/index: 30s/11, ucCoreSoImplVersion: 5.12.11.0_250212150536
02-09 23:29:23.983 E/BluetoothRemoteDevices(16699): getSecMetadata : return SUPPORTED_FEATURES
02-09 23:29:23.983 E/A2dpService(16699): isSupportLowLatencyMode: DataPacket is too short.
02-09 23:29:24.020 E/SurfaceFlinger( 1804): alpha changed 0.000 -> 1.000 - Surface(name=26e1d8 InputMethod)/@0x460d433 - animation-leash of insets_animation#8583
02-09 23:29:24.418 E/HeatmapThread( 1776): ECT Thread time in milliseconds: 1770668964
02-09 23:29:24.425 E/HeatmapThread( 1776): !@ CAM New BSOH: 100
02-09 23:29:24.425 E/HeatmapThread( 1776): !@ CAM is Working
02-09 23:29:24.744 E/SecVibrator-HAL-AIDL-EXT( 1739): V_5_0: performPrebakedHapticPattern 23 : 8000 : 0
02-09 23:29:24.746 E/SecVibrator-HAL-AIDL-CORE( 1739): HW_API: [setForceFeedbackAmplitude]amplitude: 8000
02-09 23:29:24.758 E/SecVibrator-HAL-AIDL-CORE( 1739): HW_API: [uploadForceFeedbackeffect]ioctl success ,uploaded effect with ID: 0
02-09 23:29:24.758 E/SecVibrator-HAL-AIDL-CORE( 1739): HW_API: do_on for timeoutMs: 1000
02-09 23:29:24.759 E/SecVibrator-HAL-AIDL-CORE( 1739): HW_API: [triggerForceFeedbackVibration]on: 1
02-09 23:29:24.865 E/SecVibrator-HAL-AIDL-CORE( 1739): V_2_0: Vibrator off
02-09 23:29:24.865 E/SecVibrator-HAL-AIDL-CORE( 1739): HW_API: do_off
02-09 23:29:24.866 E/SecVibrator-HAL-AIDL-CORE( 1739): HW_API: [triggerForceFeedbackVibration]on: 0
02-09 23:29:25.023 E/WindowManager( 2640): win=Window{1495b55 u0 BackPanelController} destroySurfaces: appStopped=true cleanupOnResume=false win.mWindowRemovalAllowed=false win.mRemoveOnExit=false win.mViewVisibility=8 caller=com.android.server.wm.WindowManagerService.tryStartExitingAnimation:134 com.android.server.wm.WindowManagerService.relayoutWindow:1138 com.android.server.wm.Session.relayout:27 android.view.IWindowSession$Stub.onTransact:829 com.android.server.wm.Session.onTransact:1 android.os.Binder.execTransactInternal:1462 android.os.Binder.execTransact:1401 
02-09 23:29:25.074 E/BluetoothRemoteDevices(16699): getSecMetadata : return SUPPORTED_FEATURES
02-09 23:29:25.074 E/A2dpService(16699): isSupportLowLatencyMode: DataPacket is too short.
02-09 23:29:25.223 E/SecVibrator-HAL-AIDL-EXT( 1739): V_5_0: performPrebakedHapticPattern 23 : 8000 : 0
02-09 23:29:25.224 E/SecVibrator-HAL-AIDL-CORE( 1739): HW_API: [setForceFeedbackAmplitude]amplitude: 8000
02-09 23:29:25.236 E/SecVibrator-HAL-AIDL-CORE( 1739): HW_API: [uploadForceFeedbackeffect]ioctl success ,uploaded effect with ID: 0
02-09 23:29:25.236 E/SecVibrator-HAL-AIDL-CORE( 1739): HW_API: do_on for timeoutMs: 1000
02-09 23:29:25.236 E/SecVibrator-HAL-AIDL-CORE( 1739): HW_API: [triggerForceFeedbackVibration]on: 1
02-09 23:29:25.342 E/SecVibrator-HAL-AIDL-CORE( 1739): V_2_0: Vibrator off
02-09 23:29:25.342 E/SecVibrator-HAL-AIDL-CORE( 1739): HW_API: do_off
02-09 23:29:25.342 E/SecVibrator-HAL-AIDL-CORE( 1739): HW_API: [triggerForceFeedbackVibration]on: 0
02-09 23:29:25.418 E/HeatmapThread( 1776): ECT Thread time in milliseconds: 1770668965
02-09 23:29:25.424 E/HeatmapThread( 1776): !@ CAM New BSOH: 100
02-09 23:29:25.425 E/HeatmapThread( 1776): !@ CAM is Working
02-09 23:29:25.498 E/WindowManager( 2640): win=Window{1495b55 u0 BackPanelController} destroySurfaces: appStopped=true cleanupOnResume=false win.mWindowRemovalAllowed=false win.mRemoveOnExit=false win.mViewVisibility=8 caller=com.android.server.wm.WindowManagerService.tryStartExitingAnimation:134 com.android.server.wm.WindowManagerService.relayoutWindow:1138 com.android.server.wm.Session.relayout:27 android.view.IWindowSession$Stub.onTransact:829 com.android.server.wm.Session.onTransact:1 android.os.Binder.execTransactInternal:1462 android.os.Binder.execTransact:1401 
02-09 23:29:25.589 E/WindowManager( 2640): win=Window{26e1d8 u0 InputMethod} destroySurfaces: appStopped=true cleanupOnResume=false win.mWindowRemovalAllowed=false win.mRemoveOnExit=false win.mViewVisibility=8 caller=com.android.server.wm.WindowManagerService.tryStartExitingAnimation:134 com.android.server.wm.WindowManagerService.relayoutWindow:1138 com.android.server.wm.Session.relayout:27 android.view.IWindowSession$Stub.onTransact:829 com.android.server.wm.Session.onTransact:1 android.os.Binder.execTransactInternal:1457 android.os.Binder.execTransact:1401 
02-09 23:29:25.602 E/SurfaceFlinger( 1804): alpha changed 1.000 -> 0.000 - Surface(name=26e1d8 InputMethod)/@0x460d433 - animation-leash of insets_animation#8589
02-09 23:29:26.418 E/HeatmapThread( 1776): ECT Thread time in milliseconds: 1770668966
02-09 23:29:26.424 E/HeatmapThread( 1776): !@ CAM New BSOH: 100
02-09 23:29:26.424 E/HeatmapThread( 1776): !@ CAM is Working
02-09 23:29:26.807 E/SemWifiLinkQualityMonitor( 2640): Too old or invalid TMI: currentTime=1770668966807 lastDateWindow=1770658852000
02-09 23:29:26.812 E/InsController( 2640): Error in onOutageCountUpdate: android.net.VpnTransportInfo cannot be cast to android.net.wifi.WifiInfo
02-09 23:29:27.233 E/SurfaceFlinger( 1804): alpha changed 0.001 -> 0.000 - Sprite#4886
02-09 23:29:27.418 E/HeatmapThread( 1776): ECT Thread time in milliseconds: 1770668967
02-09 23:29:27.422 E/HeatmapThread( 1776): !@ CAM New BSOH: 100
02-09 23:29:27.422 E/HeatmapThread( 1776): !@ CAM is Working
02-09 23:29:27.422 E/BatteryDump( 1714): !@new_battery_dump : 4178,0,1125,3331,84,342,335,406,342,0,357,406,0,Not-charging,NO_CHARGING,Normal,Good,PDIC,0,Normal,0,0,9300,0x8000,0x11010000,0x0,0,0,0000,0000,00000000,0,0,0,0,329,4180,8378,990,0,
02-09 23:29:27.426 E/PocketModeEvent( 2640): PocketModeSetting is off 
02-09 23:29:28.418 E/HeatmapThread( 1776): ECT Thread time in milliseconds: 1770668968
02-09 23:29:28.424 E/HeatmapThread( 1776): !@ CAM New BSOH: 100
02-09 23:29:28.424 E/HeatmapThread( 1776): !@ CAM is Working
02-09 23:29:29.418 E/HeatmapThread( 1776): ECT Thread time in milliseconds: 1770668969
02-09 23:29:29.426 E/HeatmapThread( 1776): !@ CAM New BSOH: 100
02-09 23:29:29.426 E/HeatmapThread( 1776): !@ CAM is Working
02-09 23:29:29.823 E/SemWifiLinkQualityMonitor( 2640): Too old or invalid TMI: currentTime=1770668969823 lastDateWindow=1770658852000
02-09 23:29:29.826 E/InsController( 2640): Error in onOutageCountUpdate: android.net.VpnTransportInfo cannot be cast to android.net.wifi.WifiInfo
02-09 23:29:30.418 E/HeatmapThread( 1776): ECT Thread time in milliseconds: 1770668970
02-09 23:29:30.425 E/HeatmapThread( 1776): !@ CAM New BSOH: 100
02-09 23:29:30.425 E/HeatmapThread( 1776): !@ CAM is Working
02-09 23:29:31.418 E/HeatmapThread( 1776): ECT Thread time in milliseconds: 1770668971
02-09 23:29:31.425 E/HeatmapThread( 1776): !@ CAM New BSOH: 100
02-09 23:29:31.425 E/HeatmapThread( 1776): !@ CAM is Working
02-09 23:29:32.418 E/HeatmapThread( 1776): ECT Thread time in milliseconds: 1770668972
02-09 23:29:32.425 E/HeatmapThread( 1776): !@ CAM New BSOH: 100
02-09 23:29:32.426 E/HeatmapThread( 1776): !@ CAM is Working
02-09 23:29:32.850 E/SemWifiLinkQualityMonitor( 2640): Too old or invalid TMI: currentTime=1770668972849 lastDateWindow=1770658852000
02-09 23:29:32.854 E/InsController( 2640): Error in onOutageCountUpdate: android.net.VpnTransportInfo cannot be cast to android.net.wifi.WifiInfo
02-09 23:29:33.026 E/SemContext.CaeProvider( 2640): setAttribute() : attribute is null!
02-09 23:29:33.027 E/SensorService( 2640): BigData:Pakage) 5 already enabled. 
02-09 23:29:33.195 E/SensorService( 2640): BigData:Pakage) 5 already disabled. 
02-09 23:29:33.418 E/HeatmapThread( 1776): ECT Thread time in milliseconds: 1770668973
02-09 23:29:33.426 E/HeatmapThread( 1776): !@ CAM New BSOH: 100
02-09 23:29:33.426 E/HeatmapThread( 1776): !@ CAM is Working
02-09 23:29:34.418 E/HeatmapThread( 1776): ECT Thread time in milliseconds: 1770668974
02-09 23:29:34.425 E/HeatmapThread( 1776): !@ CAM New BSOH: 100
02-09 23:29:34.425 E/HeatmapThread( 1776): !@ CAM is Working
02-09 23:29:35.418 E/HeatmapThread( 1776): ECT Thread time in milliseconds: 1770668975
02-09 23:29:35.426 E/HeatmapThread( 1776): !@ CAM New BSOH: 100
02-09 23:29:35.427 E/HeatmapThread( 1776): !@ CAM is Working
02-09 23:29:35.874 E/SemWifiLinkQualityMonitor( 2640): Too old or invalid TMI: currentTime=1770668975874 lastDateWindow=1770658852000
02-09 23:29:35.876 E/InsController( 2640): Error in onOutageCountUpdate: android.net.VpnTransportInfo cannot be cast to android.net.wifi.WifiInfo
02-09 23:29:36.418 E/HeatmapThread( 1776): ECT Thread time in milliseconds: 1770668976
02-09 23:29:36.424 E/HeatmapThread( 1776): !@ CAM New BSOH: 100
02-09 23:29:36.424 E/HeatmapThread( 1776): !@ CAM is Working
02-09 23:29:37.418 E/HeatmapThread( 1776): ECT Thread time in milliseconds: 1770668977
02-09 23:29:37.423 E/HeatmapThread( 1776): !@ CAM New BSOH: 100
02-09 23:29:37.423 E/HeatmapThread( 1776): !@ CAM is Working
02-09 23:29:37.613 E/BatteryDump( 1714): !@new_battery_dump : 4179,15,1125,3331,84,343,335,402,343,0,359,402,0,Not-charging,NO_CHARGING,Normal,Good,PDIC,0,Normal,0,0,9300,0x8000,0x11010000,0x0,0,0,0000,0000,00000000,0,0,0,0,329,4180,8378,990,0,
02-09 23:29:38.418 E/HeatmapThread( 1776): ECT Thread time in milliseconds: 1770668978
02-09 23:29:38.428 E/HeatmapThread( 1776): !@ CAM New BSOH: 100
02-09 23:29:38.428 E/HeatmapThread( 1776): !@ CAM is Working
02-09 23:29:38.891 E/SemWifiLinkQualityMonitor( 2640): Too old or invalid TMI: currentTime=1770668978891 lastDateWindow=1770658852000
02-09 23:29:38.896 E/InsController( 2640): Error in onOutageCountUpdate: android.net.VpnTransportInfo cannot be cast to android.net.wifi.WifiInfo
02-09 23:29:39.209 E/Watchdog( 2640): !@Sync: 609 heap(MB): 163 / 183 FD: 1541 [2026-02-09 23:29:39.209]
02-09 23:29:39.418 E/HeatmapThread( 1776): ECT Thread time in milliseconds: 1770668979
02-09 23:29:39.424 E/HeatmapThread( 1776): !@ CAM New BSOH: 100
02-09 23:29:39.424 E/HeatmapThread( 1776): !@ CAM is Working
02-09 23:29:40.418 E/HeatmapThread( 1776): ECT Thread time in milliseconds: 1770668980
02-09 23:29:40.422 E/HeatmapThread( 1776): !@ CAM New BSOH: 100
02-09 23:29:40.422 E/HeatmapThread( 1776): !@ CAM is Working
02-09 23:29:41.418 E/HeatmapThread( 1776): ECT Thread time in milliseconds: 1770668981
02-09 23:29:41.421 E/HeatmapThread( 1776): !@ CAM New BSOH: 100
02-09 23:29:41.421 E/HeatmapThread( 1776): !@ CAM is Working
02-09 23:29:41.905 E/SemWifiLinkQualityMonitor( 2640): Too old or invalid TMI: currentTime=1770668981905 lastDateWindow=1770658852000
02-09 23:29:41.907 E/InsController( 2640): Error in onOutageCountUpdate: android.net.VpnTransportInfo cannot be cast to android.net.wifi.WifiInfo
02-09 23:29:42.418 E/HeatmapThread( 1776): ECT Thread time in milliseconds: 1770668982
02-09 23:29:42.425 E/HeatmapThread( 1776): !@Entered the read from path function
02-09 23:29:42.425 E/HeatmapThread( 1776): !@Read Extended_heatmap from efs is: 23245 0 0 0 0 0 0 0 0 0 0 0 0 0 0 0 0 0 1284 0 0 0 0 0 0 0 0 0 0 0 0 0 0 0 0 0 1533 0 0 0 0 0 0 0 0 0 0 0 0 0 0 0 0 0 1456 0 0 0 0 0 0 0 0 0 0 0 0 0 0 0 0 0 1516 0 0 0 0 0 0 0 0 0 0 0 0 0 0 0 0 0 1529 0 0 0 0 0 0 0 0 0 0 0 0 0 0 0 0 0 1460 0 0 0 0 0 0 0 0 0 0 0 0 0 0 0 0 0 1540 0 0 0 0 0 0 0 0 0 0 0 0 0 0 0 0 0 1557 0 0 0 0 0 0 0 0 0 0 0 0 0 0 0 0 0 1603 0 0 0 0 0 0 0 0 0 0 0 0 0 0 0 0 0 1382 0 0 0 0 0 0 0 0 0 0 0 0 0 0 0 0 0 5973 0 0 0 0 0 0 0 0 0 0 0 0 0 0 0 0 0 20013 0 0 0 0 0 0 0 0 0 0 0 0 0 0 0 0 0 23274 0 0 0 0 0 0 0 0 0 0 0 0 0 0 0 0 0 23297 0 0 0 0 0 0 0 0 0 0 0 0 0 0 0 0 0 21725 0 0 0 0 0 0 0 0 0 0 0 0 0 0 0 0 0 18370 0 0 0 0 0 0 0 0 0 0 0 0 0 0 0 0 0 13747 0 0 0 0 0 0 0 0 0 0 0 0 0 0 0 0 0 4246 0 0 0 0 0 0 0 0 0 0 0 0 0 0 0 0 0 2985 0 0 0 0 0 0 0 0 0 0 0 0 0 0 0 0 0 1552 0 0 0 0 0 0 0 0 0 0 0 0 0 0 0 0 0 589 0 0 0 0 0 0 0 0 0 0 0 0 0 0 0 0 0 62 0 0 0 0 0 0 0 0 0 0 0 0 0 0 0 0 0 51 0 0 0 0 0 0 0 0 0 0 0 0 0 0 0 0 0 52 0 0 0 0 0 0 0 0 0 0 0 0 0 0 0 0 0 18 0 0 0 0 
02-09 23:29:42.425 E/HeatmapThread( 1776): !@Write Extended Heatmap to efs is: 23245 0 0 0 0 0 0 0 0 0 0 0 0 0 0 0 0 0 1284 0 0 0 0 0 0 0 0 0 0 0 0 0 0 0 0 0 1533 0 0 0 0 0 0 0 0 0 0 0 0 0 0 0 0 0 1456 0 0 0 0 0 0 0 0 0 0 0 0 0 0 0 0 0 1516 0 0 0 0 0 0 0 0 0 0 0 0 0 0 0 0 0 1529 0 0 0 0 0 0 0 0 0 0 0 0 0 0 0 0 0 1460 0 0 0 0 0 0 0 0 0 0 0 0 0 0 0 0 0 1540 0 0 0 0 0 0 0 0 0 0 0 0 0 0 0 0 0 1557 0 0 0 0 0 0 0 0 0 0 0 0 0 0 0 0 0 1603 0 0 0 0 0 0 0 0 0 0 0 0 0 0 0 0 0 1382 0 0 0 0 0 0 0 0 0 0 0 0 0 0 0 0 0 5973 0 0 0 0 0 0 0 0 0 0 0 0 0 0 0 0 0 20014 0 0 0 0 0 0 0 0 0 0 0 0 0 0 0 0 0 23274 0 0 0 0 0 0 0 0 0 0 0 0 0 0 0 0 0 23297 0 0 0 0 0 0 0 0 0 0 0 0 0 0 0 0 0 21725 0 0 0 0 0 0 0 0 0 0 0 0 0 0 0 0 0 18370 0 0 0 0 0 0 0 0 0 0 0 0 0 0 0 0 0 13747 0 0 0 0 0 0 0 0 0 0 0 0 0 0 0 0 0 4246 0 0 0 0 0 0 0 0 0 0 0 0 0 0 0 0 0 2985 0 0 0 0 0 0 0 0 0 0 0 0 0 0 0 0 0 1552 0 0 0 0 0 0 0 0 0 0 0 0 0 0 0 0 0 589 0 0 0 0 0 0 0 0 0 0 0 0 0 0 0 0 0 62 0 0 0 0 0 0 0 0 0 0 0 0 0 0 0 0 0 51 0 0 0 0 0 0 0 0 0 0 0 0 0 0 0 0 0 52 0 0 0 0 0 0 0 0 0 0 0 0 0 0 0 0 0 18 0 0 0 0 0
02-09 23:29:42.425 E/HeatmapThread( 1776): !@ CAM New BSOH: 100
02-09 23:29:42.425 E/HeatmapThread( 1776): !@ CAM is Working
02-09 23:29:43.268 E/HwcComposer( 1804): getLuts failed Status(-129, EX_TRANSACTION_FAILED): 'UNKNOWN_TRANSACTION: '
02-09 23:29:43.418 E/HeatmapThread( 1776): ECT Thread time in milliseconds: 1770668983
02-09 23:29:43.424 E/HeatmapThread( 1776): !@ CAM New BSOH: 100
02-09 23:29:43.425 E/HeatmapThread( 1776): !@ CAM is Working
02-09 23:29:44.418 E/HeatmapThread( 1776): ECT Thread time in milliseconds: 1770668984
02-09 23:29:44.424 E/HeatmapThread( 1776): !@ CAM New BSOH: 100
02-09 23:29:44.424 E/HeatmapThread( 1776): !@ CAM is Working
02-09 23:29:44.929 E/SemWifiLinkQualityMonitor( 2640): Too old or invalid TMI: currentTime=1770668984929 lastDateWindow=1770658852000
02-09 23:29:44.930 E/InsController( 2640): Error in onOutageCountUpdate: android.net.VpnTransportInfo cannot be cast to android.net.wifi.WifiInfo
02-09 23:29:44.993 E/e:iwhInfService(13518): Not starting debugger since process cannot load the jdwp agent.
02-09 23:29:45.418 E/HeatmapThread( 1776): ECT Thread time in milliseconds: 1770668985
02-09 23:29:45.423 E/HeatmapThread( 1776): !@ CAM New BSOH: 100
02-09 23:29:45.423 E/HeatmapThread( 1776): !@ CAM is Working
02-09 23:29:46.418 E/HeatmapThread( 1776): ECT Thread time in milliseconds: 1770668986
02-09 23:29:46.422 E/HeatmapThread( 1776): !@ CAM New BSOH: 100
02-09 23:29:46.423 E/HeatmapThread( 1776): !@ CAM is Working
02-09 23:29:47.418 E/HeatmapThread( 1776): ECT Thread time in milliseconds: 1770668987
02-09 23:29:47.424 E/HeatmapThread( 1776): !@ CAM New BSOH: 100
02-09 23:29:47.424 E/HeatmapThread( 1776): !@ CAM is Working
02-09 23:29:47.797 E/BatteryDump( 1714): !@new_battery_dump : 4177,7,1125,3331,84,345,336,404,345,0,360,404,0,Not-charging,NO_CHARGING,Normal,Good,PDIC,0,Normal,0,0,9300,0x8000,0x11010000,0x0,0,0,0000,0000,00000000,0,0,0,0,329,4180,8378,990,0,
02-09 23:29:47.963 E/SemWifiLinkQualityMonitor( 2640): Too old or invalid TMI: currentTime=1770668987963 lastDateWindow=1770658852000
02-09 23:29:47.968 E/InsController( 2640): Error in onOutageCountUpdate: android.net.VpnTransportInfo cannot be cast to android.net.wifi.WifiInfo
02-09 23:29:48.418 E/HeatmapThread( 1776): ECT Thread time in milliseconds: 1770668988
02-09 23:29:48.423 E/HeatmapThread( 1776): !@ CAM New BSOH: 100
02-09 23:29:48.423 E/HeatmapThread( 1776): !@ CAM is Working
02-09 23:29:49.418 E/HeatmapThread( 1776): ECT Thread time in milliseconds: 1770668989
02-09 23:29:49.426 E/HeatmapThread( 1776): !@ CAM New BSOH: 100
02-09 23:29:49.427 E/HeatmapThread( 1776): !@ CAM is Working
02-09 23:29:50.418 E/HeatmapThread( 1776): ECT Thread time in milliseconds: 1770668990
02-09 23:29:50.422 E/HeatmapThread( 1776): !@ CAM New BSOH: 100
02-09 23:29:50.423 E/HeatmapThread( 1776): !@ CAM is Working
02-09 23:29:50.469 E/u4native(10005): [InfoLevelMessage] [INFO:not_a_file.cc(0)] NetworkServiceThread heartbeat, pid/tid: 10005/11236, interval/index: 30s/3
02-09 23:29:50.470 E/u4native(10005): [InfoLevelMessage] [INFO:not_a_file.cc(0)] BrowserIOThread heartbeat, pid/tid: 10005/11216, interval/index: 30s/3, ucCoreSoImplVersion: 5.18.9.0_250713225318
02-09 23:29:50.987 E/SemWifiLinkQualityMonitor( 2640): Too old or invalid TMI: currentTime=1770668990985 lastDateWindow=1770658852000
02-09 23:29:50.990 E/InsController( 2640): Error in onOutageCountUpdate: android.net.VpnTransportInfo cannot be cast to android.net.wifi.WifiInfo
02-09 23:29:51.418 E/HeatmapThread( 1776): ECT Thread time in milliseconds: 1770668991
02-09 23:29:51.424 E/HeatmapThread( 1776): !@ CAM New BSOH: 100
02-09 23:29:51.424 E/HeatmapThread( 1776): !@ CAM is Working
02-09 23:29:52.418 E/HeatmapThread( 1776): ECT Thread time in milliseconds: 1770668992
02-09 23:29:52.421 E/HeatmapThread( 1776): !@ CAM New BSOH: 100
02-09 23:29:52.421 E/HeatmapThread( 1776): !@ CAM is Working
02-09 23:29:53.281 E/u4native( 6073): [InfoLevelMessage] [INFO:not_a_file.cc(0)] BrowserIOThread heartbeat, pid/tid: 6073/6688, interval/index: 30s/92, ucCoreSoImplVersion: 5.12.11.0_250212150536
02-09 23:29:53.291 E/u4native( 6073): [InfoLevelMessage] [INFO:not_a_file.cc(0)] NetworkServiceThread heartbeat, pid/tid: 6073/6702, interval/index: 30s/92
02-09 23:29:53.418 E/HeatmapThread( 1776): ECT Thread time in milliseconds: 1770668993
02-09 23:29:53.424 E/HeatmapThread( 1776): !@ CAM New BSOH: 100
02-09 23:29:53.424 E/HeatmapThread( 1776): !@ CAM is Working
02-09 23:29:53.563 E/imsdk   (11993): TIM: |-channel.cpp:461                         NotifyReadWriteError                    |Error occurred when reading or writing network data|channel id:1|error code:9508|error msg:ERR_CONNECTION_ABORTED
02-09 23:29:53.567 E/liteav  (11993): [E][02-09/23:29:53.567+3.0][11993,11993][channel.cpp:461]Tuikit: [imsdk]|NotifyReadWriteError|Error occurred when reading or writing network data|channel id:1|error code:9508|error msg:ERR_CONNECTION_ABORTED
02-09 23:29:53.865 E/u4native( 6685): [InfoLevelMessage] [INFO:not_a_file.cc(0)] RenderMainThread heartbeat, pid/tid: 6685/6738, interval/index: 30s/12, ucCoreSoImplVersion: 5.12.11.0_250212150536
02-09 23:29:53.909 E/u4native( 6685): [InfoLevelMessage] [INFO:not_a_file.cc(0)] RenderIOThread heartbeat, pid/tid: 6685/32630, interval/index: 30s/12
02-09 23:29:53.932 E/u4native(32622): [InfoLevelMessage] [INFO:not_a_file.cc(0)] GpuMainThread heartbeat, pid/tid: 32622/32665, interval/index: 30s/12, ucCoreSoImplVersion: 5.12.11.0_250212150536
02-09 23:29:54.005 E/SemWifiLinkQualityMonitor( 2640): Too old or invalid TMI: currentTime=1770668994005 lastDateWindow=1770658852000
02-09 23:29:54.006 E/InsController( 2640): Error in onOutageCountUpdate: android.net.VpnTransportInfo cannot be cast to android.net.wifi.WifiInfo
02-09 23:29:54.418 E/HeatmapThread( 1776): ECT Thread time in milliseconds: 1770668994
02-09 23:29:54.423 E/HeatmapThread( 1776): !@ CAM New BSOH: 100
02-09 23:29:54.423 E/HeatmapThread( 1776): !@ CAM is Working
02-09 23:29:54.733 E/imsdk   (11993): TIM: |-shortconnection.cpp:271                 NotifyResult                            |connection_id:1|error_code:9516|error_message:iplist by localdns is empty|command:imopenstat.im_native_sdk_report_v2|timeout:15000ms|domain_list:<tcp:shortger.im.qcloud.com:9952,shortger.my-imcloud.com:9952>
02-09 23:29:54.733 E/imsdk   (11993): TIM: |-datareport_channel.cpp:211              OnSendComplete                          |error_code:9516|error_message:iplist by localdns is empty
02-09 23:29:54.733 E/liteav  (11993): [E][02-09/23:29:54.733+3.0][11993,11993][shortconnection.cpp:271]Tuikit: [imsdk]|NotifyResult|connection_id:1|error_code:9516|error_message:iplist by localdns is empty|command:imopenstat.im_native_sdk_report_v2|timeout:15000ms|domain_list:<tcp:shortger.im.qcloud.com:9952,shortger.my-imcloud.com:9952>
02-09 23:29:54.733 E/liteav  (11993): [E][02-09/23:29:54.733+3.0][11993,11993][datareport_channel.cpp:211]Tuikit: [imsdk]|OnSendComplete|error_code:9516|error_message:iplist by localdns is empty
02-09 23:29:55.418 E/HeatmapThread( 1776): ECT Thread time in milliseconds: 1770668995
02-09 23:29:55.422 E/HeatmapThread( 1776): !@ CAM New BSOH: 100
02-09 23:29:55.422 E/HeatmapThread( 1776): !@ CAM is Working
02-09 23:29:56.418 E/HeatmapThread( 1776): ECT Thread time in milliseconds: 1770668996
02-09 23:29:56.426 E/HeatmapThread( 1776): !@ CAM New BSOH: 100
02-09 23:29:56.426 E/HeatmapThread( 1776): !@ CAM is Working
02-09 23:29:57.028 E/SemWifiLinkQualityMonitor( 2640): Too old or invalid TMI: currentTime=1770668997026 lastDateWindow=1770658852000
02-09 23:29:57.030 E/InsController( 2640): Error in onOutageCountUpdate: android.net.VpnTransportInfo cannot be cast to android.net.wifi.WifiInfo
02-09 23:29:57.238 E/HwcComposer( 1804): getLuts failed Status(-129, EX_TRANSACTION_FAILED): 'UNKNOWN_TRANSACTION: '
02-09 23:29:57.418 E/HeatmapThread( 1776): ECT Thread time in milliseconds: 1770668997
02-09 23:29:57.424 E/AbsSettings( 3998): refreshInner: refreshedSettingsDBItem key enabled_complication_widgets_id_list val = 
02-09 23:29:57.424 E/HeatmapThread( 1776): !@ CAM New BSOH: 100
02-09 23:29:57.425 E/HeatmapThread( 1776): !@ CAM is Working
02-09 23:29:57.675 E/WindowManager( 2640): win=Window{58bcd12 u0 org.voxmatrix.app/org.voxmatrix.app.MainActivity} destroySurfaces: appStopped=true cleanupOnResume=false win.mWindowRemovalAllowed=false win.mRemoveOnExit=false win.mViewVisibility=8 caller=com.android.server.wm.ActivityRecord.destroySurfaces:25 com.android.server.wm.ActivityRecord.activityStopped:192 com.android.server.wm.ActivityClientController.activityStopped:97 android.app.IActivityClientController$Stub.onTransact:740 com.android.server.wm.ActivityClientController.onTransact:1 android.os.Binder.execTransactInternal:1462 android.os.Binder.execTransact:1401 
02-09 23:29:57.690 E/ConnectivityManager(10005): NetworkCallback was already registered
02-09 23:29:57.695 E/ScanManager(16699): [GSIM LOG]: gsimLogHandler, msg: MESSAGE_SCAN_STOP, appName: com.google.android.gms, scannerId: 2, reportDelayMillis=0
02-09 23:29:57.699 E/ScanManager(16699): [GSIM LOG]: gsimLogHandler, msg: MESSAGE_SCAN_STOP, appName: com.google.android.gms, scannerId: 3, reportDelayMillis=0
02-09 23:29:57.715 E/flutter (15302): [ERROR:flutter/runtime/dart_vm_initializer.cc(40)] Unhandled Exception: Invalid argument(s): Type PageManager is already registered inside GetIt. 
02-09 23:29:57.715 E/flutter (15302): #0      throwIfNot (package:get_it/get_it_impl.dart:14)
02-09 23:29:57.715 E/flutter (15302): #1      _GetItImplementation._register (package:get_it/get_it_impl.dart:1097)
02-09 23:29:57.715 E/flutter (15302): #2      _GetItImplementation.registerLazySingleton (package:get_it/get_it_impl.dart:737)
02-09 23:29:57.715 E/flutter (15302): #3      setupServiceProviders (package:fively_app/services/provider_services.dart:8)
02-09 23:29:57.715 E/flutter (15302): #4      backgroundFetchHeadlessTask (package:fively_app/main.dart:29)
02-09 23:29:57.715 E/flutter (15302): #5      _headlessCallbackDispatcher.<anonymous closure> (package:background_fetch/background_fetch.dart:676)
02-09 23:29:57.715 E/flutter (15302): #6      MethodChannel._handleAsMethodCall (package:flutter/src/services/platform_channel.dart:611)
02-09 23:29:57.715 E/flutter (15302): #7      MethodChannel.setMethodCallHandler.<anonymous closure> (package:flutter/src/services/platform_channel.dart:601)
02-09 23:29:57.715 E/flutter (15302): #8      _DefaultBinaryMessenger.setMessageHandler.<anonymous closure> (package:flutter/src/services/binding.dart:653)
02-09 23:29:57.715 E/flutter (15302): #9      _invoke2 (dart:ui/hooks.dart:363)
02-09 23:29:57.715 E/flutter (15302): #10     _ChannelCallbackRecord.invoke (dart:ui/channel_buffers.dart:45)
02-09 23:29:57.715 E/flutter (15302): #11     _Channel.push (dart:ui/channel_buffers.dart:136)
02-09 23:29:57.715 E/flutter (15302): #12     ChannelBuffers.push (dart:ui/channel_buffers.dart:344)
02-09 23:29:57.715 E/flutter (15302): #13     PlatformDispatcher._dispatchPlatformMessage (dart:ui/platform_dispatcher.dart:802)
02-09 23:29:57.715 E/flutter (15302): #14     _dispatchPlatformMessage (dart:ui/hooks.dart:277)
02-09 23:29:57.715 E/flutter (15302): 
02-09 23:29:57.735 E/ScanManager(16699): [GSIM LOG]: gsimLogHandler, msg: MESSAGE_SCAN_STOP, appName: com.google.android.gms, scannerId: 4, reportDelayMillis=0
02-09 23:29:57.746 E/BtGatt.AdvertiseManager(16699): [GSIM LOG]: gsimLogHandler, msg: MESSAGE_ADV_SET_STOP, appName: com.google.android.gms, id: 2, isLegacy: true
02-09 23:29:57.747 E/BtGatt.AdvertiseManager(16699): [GSIM LOG]: gsimLogHandler, msg: MESSAGE_ADV_SET_STOP, appName: com.google.android.gms, id: 1, isLegacy: false
02-09 23:29:57.766 E/BtGatt.AdvertiseManager(16699): [GSIM LOG]: gsimLogHandler, msg: MESSAGE_ADV_SET_START, appName: com.google.android.gms, id: 0, isLegacy: true
02-09 23:29:57.775 E/NearbyMediums( 4705): MEDIUM_ERROR [SYSTEM][WIFI_LAN][START_LISTENING_INCOMING_CONNECTION][ACCEPT_CONNECTION_FAILED][SOCKET_CLOSED], service-id=NearbySharing
02-09 23:29:57.775 E/NearbyMediums( 4705): Extra Sensitive/PII message : Socket closed
02-09 23:29:57.788 E/BtGatt.AdvertiseManager(16699): [GSIM LOG]: gsimLogHandler, msg: MESSAGE_ADV_SET_START, appName: com.google.android.gms, id: 1, isLegacy: true
02-09 23:29:57.903 E/AbsSettings( 3998): refreshInner: refreshedSettingsDBItem key CLOCK_VERSION val = 300000
02-09 23:29:57.903 E/AbsSettings( 3998): refreshInner: refreshedSettingsDBItem key PALETTE_VERSION val = 90000
02-09 23:29:57.917 E/AbsSettings( 3998): refreshInner: refreshedSettingsDBItem key enabled_complication_widgets_id_list val = 
02-09 23:29:57.944 E/AbsSettings( 3998): refreshInner: refreshedSettingsDBItem key enabled_complication_widgets_id_list val = 
02-09 23:29:57.970 E/BatteryDump( 1714): !@new_battery_dump : 4179,5,1125,3331,84,346,336,407,346,0,361,407,0,Not-charging,NO_CHARGING,Normal,Good,PDIC,0,Normal,0,0,9300,0x8000,0x11010000,0x0,0,0,0000,0000,00000000,0,0,0,0,329,4180,8378,990,0,
02-09 23:29:57.978 E/NowBarCardStackView( 3998): getTopCard topCard is null view size = 0
02-09 23:29:57.981 E/NowBarCardStackView( 3998): getTopCard topCard is null view size = 0
02-09 23:29:57.981 E/NowBarCardStackView( 3998): getTopCard topCard is null view size = 0
02-09 23:29:57.981 E/NowBarCardStackView( 3998): getTopCard topCard is null view size = 0
02-09 23:29:57.981 E/NowBarCardViewModel( 3998): updateExpandedClickPanelVisibility screen on = false expanded false isTopCardSettingViewOpened = false
02-09 23:29:57.997 E/ClockPackSettingsUtils( 3998): isRoamingState: android.provider.Settings$SettingNotFoundException: easy_mode_switch
02-09 23:29:57.999 E/AbsSettings( 3998): refreshInner: refreshedSettingsDBItem key lock_theme_clock_trial_package val = null
02-09 23:29:57.999 E/AbsSettings( 3998): refreshInner: refreshedSettingsDBItem key lock_theme_clock_package val = 
02-09 23:29:58.006 E/ClockPackSettingsUtils( 3998): isRoamingState: android.provider.Settings$SettingNotFoundException: easy_mode_switch
02-09 23:29:58.007 E/AbsSettings( 3998): refreshInner: refreshedSettingsDBItem key lock_theme_clock_trial_package val = null
02-09 23:29:58.007 E/AbsSettings( 3998): refreshInner: refreshedSettingsDBItem key lock_theme_clock_package val = 
02-09 23:29:58.007 E/AbsSettings( 3998): refreshInner: refreshedSettingsDBItem key lock_theme_clock_trial_package val = null
02-09 23:29:58.007 E/AbsSettings( 3998): refreshInner: refreshedSettingsDBItem key lock_theme_clock_package val = 
02-09 23:29:58.020 E/PocketModeEvent( 2640): PocketModeSetting is off 
02-09 23:29:58.021 E/MULTISIM-PROD-REPO( 3998): isDataBlocked : mSimCardManagerService is null.
02-09 23:29:58.050 E/NowBarCardStackView( 3998): getTopCard topCard is null view size = 0
02-09 23:29:58.051 E/NowBarCardStackView( 3998): getTopCard topCard is null view size = 0
02-09 23:29:58.051 E/NowBarCardStackView( 3998): getTopCard topCard is null view size = 0
02-09 23:29:58.051 E/NowBarCardStackView( 3998): getTopCard topCard is null view size = 0
02-09 23:29:58.051 E/NowBarCardViewModel( 3998): updateExpandedClickPanelVisibility screen on = false expanded false isTopCardSettingViewOpened = false
02-09 23:29:58.052 E/NowBarCardStackView( 3998): getTopCard topCard is null view size = 0
02-09 23:29:58.052 E/NowBarCardViewModel( 3998): updateExpandedClickPanelVisibility screen on = false expanded false isTopCardSettingViewOpened = false
02-09 23:29:58.062 E/ConstraintHelper( 3998): Views added to a ConstraintHelper need to have a parent
02-09 23:29:58.079 E/LoadedApk( 4705): Exception : java.lang.NullPointerException: Attempt to invoke virtual method 'boolean android.os.Looper.isPerfLogEnable()' on a null object reference
02-09 23:29:58.096 E/LoadedApk( 6212): Exception : java.lang.NullPointerException: Attempt to invoke virtual method 'boolean android.os.Looper.isPerfLogEnable()' on a null object reference
02-09 23:29:58.097 E/LoadedApk( 6212): Exception : java.lang.NullPointerException: Attempt to invoke virtual method 'boolean android.os.Looper.isPerfLogEnable()' on a null object reference
02-09 23:29:58.108 E/LoadedApk( 6212): Exception : java.lang.NullPointerException: Attempt to invoke virtual method 'boolean android.os.Looper.isPerfLogEnable()' on a null object reference
02-09 23:29:58.108 E/LoadedApk( 4705): Exception : java.lang.NullPointerException: Attempt to invoke virtual method 'boolean android.os.Looper.isPerfLogEnable()' on a null object reference
02-09 23:29:58.111 E/LoadedApk( 4705): Exception : java.lang.NullPointerException: Attempt to invoke virtual method 'boolean android.os.Looper.isPerfLogEnable()' on a null object reference
02-09 23:29:58.151 E/ScanManager(16699): [GSIM LOG]: gsimLogHandler, msg: MESSAGE_SCAN_STOP, appName: com.samsung.android.mdx.kit, scannerId: 1, reportDelayMillis=0
02-09 23:29:58.265 E/ScanManager(16699): [GSIM LOG]: gsimLogHandler, msg: MESSAGE_SCAN_START, appName: com.samsung.android.mdx.kit, scannerId: 1, reportDelayMillis=0
02-09 23:29:58.418 E/HeatmapThread( 1776): ECT Thread time in milliseconds: 1770668998
02-09 23:29:58.421 E/HeatmapThread( 1776): !@ CAM New BSOH: 100
02-09 23:29:58.421 E/HeatmapThread( 1776): !@ CAM is Working
02-09 23:29:59.418 E/HeatmapThread( 1776): ECT Thread time in milliseconds: 1770668999
02-09 23:29:59.425 E/HeatmapThread( 1776): !@ CAM New BSOH: 100
02-09 23:29:59.425 E/HeatmapThread( 1776): !@ CAM is Working
02-09 23:29:59.771 E/BtGatt.AdvertiseManager(16699): [GSIM LOG]: gsimLogHandler, msg: MESSAGE_ADV_SET_STOP, appName: com.google.android.gms, id: 0, isLegacy: true
02-09 23:30:00.418 E/HeatmapThread( 1776): ECT Thread time in milliseconds: 1770669000
02-09 23:30:00.424 E/HeatmapThread( 1776): !@ CAM New BSOH: 100
02-09 23:30:00.424 E/HeatmapThread( 1776): !@ CAM is Working
02-09 23:30:01.418 E/HeatmapThread( 1776): ECT Thread time in milliseconds: 1770669001
02-09 23:30:01.424 E/HeatmapThread( 1776): !@ CAM New BSOH: 100
02-09 23:30:01.424 E/HeatmapThread( 1776): !@ CAM is Working
02-09 23:30:02.295 E/FromGoneTransitionInteractor( 3998): Ignoring startTransition: This interactor asked to transition from GONE -> LOCKSCREEN, but we last transitioned to DOZING, not GONE. This should never happen - check currentTransitionInfoInternal or use filterRelevantKeyguardState before starting transitions.
02-09 23:30:02.335 E/engmode_client_list( 3998): Cannot find client
02-09 23:30:02.335 E/engmode_client_aidl( 3998): Client error
02-09 23:30:02.358 E/engmode_world( 1532): Unknown token(00/00/00)
02-09 23:30:02.360 E/engmode_aidl_service( 1278): error to server(0xd0060012)
02-09 23:30:02.378 E/SystemUITextView( 3998): set Background Drawable!!
02-09 23:30:02.382 E/engmode_world( 1532): Unknown token(00/00/00)
02-09 23:30:02.383 E/engmode_aidl_service( 1278): error to server(0xd0060012)
02-09 23:30:02.418 E/HeatmapThread( 1776): ECT Thread time in milliseconds: 1770669002
02-09 23:30:02.422 E/HeatmapThread( 1776): !@ CAM New BSOH: 100
02-09 23:30:02.422 E/HeatmapThread( 1776): !@ CAM is Working
02-09 23:30:02.676 I/flutter (12675): [Matrix] [33mSyncloop failed: Client has not connection to the server[0m
02-09 23:30:03.107 E/SemContext.CaeProvider( 2640): setAttribute() : attribute is null!
02-09 23:30:03.108 E/SensorService( 2640): BigData:Pakage) 5 already enabled. 
02-09 23:30:03.418 E/HeatmapThread( 1776): ECT Thread time in milliseconds: 1770669003
02-09 23:30:03.424 E/HeatmapThread( 1776): !@ CAM New BSOH: 100
02-09 23:30:03.424 E/HeatmapThread( 1776): !@ CAM is Working
02-09 23:30:04.418 E/HeatmapThread( 1776): ECT Thread time in milliseconds: 1770669004
02-09 23:30:04.421 E/HeatmapThread( 1776): !@ CAM New BSOH: 100
02-09 23:30:04.421 E/HeatmapThread( 1776): !@ CAM is Working
02-09 23:30:05.099 E/SensorService( 2640): BigData:Pakage) 5 already disabled. 
02-09 23:30:05.405 E/PocketModeEvent( 2640): PocketModeSetting is off 
02-09 23:30:05.408 E/NowBarCardStackView( 3998): getTopCard topCard is null view size = 0
02-09 23:30:05.408 E/NowBarCardStackView( 3998): getTopCard topCard is null view size = 0
02-09 23:30:05.408 E/NowBarCardStackView( 3998): getTopCard topCard is null view size = 0
02-09 23:30:05.409 E/NowBarCardStackView( 3998): getTopCard topCard is null view size = 0
02-09 23:30:05.409 E/NowBarCardViewModel( 3998): updateExpandedClickPanelVisibility screen on = true expanded false isTopCardSettingViewOpened = false
02-09 23:30:05.409 E/NowBarCardStackView( 3998): getTopCard topCard is null view size = 0
02-09 23:30:05.417 E/LoadedApk( 4705): Exception : java.lang.NullPointerException: Attempt to invoke virtual method 'boolean android.os.Looper.isPerfLogEnable()' on a null object reference
02-09 23:30:05.418 E/HeatmapThread( 1776): ECT Thread time in milliseconds: 1770669005
02-09 23:30:05.418 E/QcSensorControl( 2410): BAuthDeviceWaitIPC sys call failed : 4
02-09 23:30:05.418 E/vendor.samsung.hardware.biometrics.fingerprint-service( 2410): isi
02-09 23:30:05.419 E/vendor.samsung.hardware.biometrics.fingerprint-service( 2410): isi
02-09 23:30:05.419 E/QSEECOMPAT( 2410): invalid fd:0
02-09 23:30:05.419 E/QSEECOMPAT( 2410): invalid fd:0
02-09 23:30:05.421 E/HeatmapThread( 1776): !@ CAM New BSOH: 100
02-09 23:30:05.421 E/HeatmapThread( 1776): !@ CAM is Working
02-09 23:30:05.424 E/AbsSettings( 3998): refreshInner: refreshedSettingsDBItem key enabled_complication_widgets_id_list val = 
