--------- beginning of main
02-09 23:28:26.640 E/SecVibrator-HAL-AIDL-EXT( 1739): V_5_0: performPrebakedHapticPattern 23 : 8000 : 0
02-09 23:28:26.640 E/SecVibrator-HAL-AIDL-CORE( 1739): HW_API: [setForceFeedbackAmplitude]amplitude: 8000
02-09 23:28:26.648 E/SecVibrator-HAL-AIDL-CORE( 1739): HW_API: [uploadForceFeedbackeffect]ioctl success ,uploaded effect with ID: 0
02-09 23:28:26.648 E/SecVibrator-HAL-AIDL-CORE( 1739): HW_API: do_on for timeoutMs: 1000
02-09 23:28:26.648 E/SecVibrator-HAL-AIDL-CORE( 1739): HW_API: [triggerForceFeedbackVibration]on: 1
02-09 23:28:26.729 E/I u4proc( 6073): ApplicationStatus onStateChange - app: PAUSED, activity: PAUSED[com.aliexpress.detailbase.ui.ProductDetailActivity@c11d18]
02-09 23:28:26.738 E/I u4proc( 6073): CrBrowserMain [proc_setting.cc:193 SetApplicationState] ApplicationStateChange: RUNNING(1) -> PAUSED(0)
02-09 23:28:26.739 E/I [GPU]u4proc(32622): GpuWatchdog [gpu_watchdog_thread.cc:479 StopWatchdogTimeoutTask] background, stop watchdog, timeout: 30.0s
02-09 23:28:26.739 E/I [Render0]u4proc( 6685): Chrome_ChildIOThread [proc_setting.cc:193 SetApplicationState] ApplicationStateChange: RUNNING(1) -> PAUSED(0)
02-09 23:28:26.739 E/I [GPU]u4proc(32622): Chrome_ChildIOThread [proc_setting.cc:193 SetApplicationState] ApplicationStateChange: RUNNING(1) -> PAUSED(0)
02-09 23:28:26.740 E/PerfOptimize( 6073):  [!] ProxyRenderSetStopped, proxySetStopped, renderProxy: 0x71d15f7a10, stop: 0
02-09 23:28:26.740 E/PerfOptimize( 6073):  [!] ProxyRenderSetStopped, execute originRenderSetStopped, stop: 0
02-09 23:28:26.741 E/I u4proc( 6073): ApplicationStatus onStateChange - app: RUNNING, activity: STARTED[com.alibaba.aliexpress.android.search.ProductListActivity@99b642b]
02-09 23:28:26.743 E/I u4proc( 6073): ApplicationStatus onStateChange - app: RUNNING, activity: RESUMED[com.alibaba.aliexpress.android.search.ProductListActivity@99b642b]
02-09 23:28:26.746 E/I u4proc( 6073): CrBrowserMain [proc_setting.cc:193 SetApplicationState] ApplicationStateChange: PAUSED(0) -> RUNNING(1)
02-09 23:28:26.747 E/I [Render0]u4proc( 6685): Chrome_ChildIOThread [proc_setting.cc:193 SetApplicationState] ApplicationStateChange: PAUSED(0) -> RUNNING(1)
02-09 23:28:26.747 E/I [GPU]u4proc(32622): Chrome_ChildIOThread [proc_setting.cc:193 SetApplicationState] ApplicationStateChange: PAUSED(0) -> RUNNING(1)
02-09 23:28:26.747 E/I [GPU]u4proc(32622): GpuWatchdog [gpu_watchdog_thread.cc:386 RestartWatchdogTimeoutTask] foreground, start watchdog, timeout: 30.0s
02-09 23:28:26.755 E/PerfOptimize( 6073):  [!] ProxyRenderSetStopped, proxySetStopped, renderProxy: 0x71d15f7a10, stop: 0
02-09 23:28:26.759 E/PerfOptimize( 6073):  [!] ProxyRenderSetStopped, proxySetStopped, renderProxy: 0x71d15f7a10, stop: 0
02-09 23:28:26.759 E/SecVibrator-HAL-AIDL-CORE( 1739): V_2_0: Vibrator off
02-09 23:28:26.759 E/SecVibrator-HAL-AIDL-CORE( 1739): HW_API: do_off
02-09 23:28:26.759 E/SecVibrator-HAL-AIDL-CORE( 1739): HW_API: [triggerForceFeedbackVibration]on: 0
02-09 23:28:26.794 E/SurfaceFlinger( 1804): alpha changed 1.000 -> 0.000 - Surface(name=26e1d8 InputMethod)/@0x460d433 - animation-leash of insets_animation#8511
02-09 23:28:26.841 E/[AirCmd]_MediaControlStateMonitor( 6728): getActiveNotificationPackageName : notification service monitor is null
--------- beginning of system
02-09 23:28:26.995 E/WindowManager( 2640): win=Window{1495b55 u0 BackPanelController} destroySurfaces: appStopped=true cleanupOnResume=false win.mWindowRemovalAllowed=false win.mRemoveOnExit=false win.mViewVisibility=8 caller=com.android.server.wm.WindowManagerService.tryStartExitingAnimation:134 com.android.server.wm.WindowManagerService.relayoutWindow:1138 com.android.server.wm.Session.relayout:27 android.view.IWindowSession$Stub.onTransact:829 com.android.server.wm.Session.onTransact:1 android.os.Binder.execTransactInternal:1462 android.os.Binder.execTransact:1401 
02-09 23:28:26.999 E/PerfOptimize( 6073):  [!] ProxyRenderSetStopped, proxySetStopped, renderProxy: 0x71d15f5ad0, stop: 1
02-09 23:28:26.999 E/PerfOptimize( 6073):  [!] ProxyRenderSetStopped, execute originRenderSetStopped, stop: 1
02-09 23:28:27.000 E/I u4proc( 6073): ApplicationStatus onStateChange - app: RUNNING, activity: STOPPED[com.aliexpress.detailbase.ui.ProductDetailActivity@c11d18]
02-09 23:28:27.002 E/I u4proc( 6073): ApplicationStatus onStateChange - app: RUNNING, activity: DESTROYED[com.aliexpress.detailbase.ui.ProductDetailActivity@c11d18]
02-09 23:28:27.418 E/HeatmapThread( 1776): ECT Thread time in milliseconds: 1770668907
02-09 23:28:27.421 E/HeatmapThread( 1776): !@ CAM New BSOH: 100
02-09 23:28:27.421 E/HeatmapThread( 1776): !@ CAM is Working
02-09 23:28:27.761 E/NativeCustomFrequencyManager( 1804): [NativeCFMS] BpCustomFrequencyManager::acquire()
02-09 23:28:28.418 E/HeatmapThread( 1776): ECT Thread time in milliseconds: 1770668908
02-09 23:28:28.420 E/HeatmapThread( 1776): !@ CAM New BSOH: 100
02-09 23:28:28.421 E/HeatmapThread( 1776): !@ CAM is Working
02-09 23:28:29.267 E/NativeCustomFrequencyManager( 1804): [NativeCFMS] BpCustomFrequencyManager::acquire()
02-09 23:28:29.418 E/HeatmapThread( 1776): ECT Thread time in milliseconds: 1770668909
02-09 23:28:29.421 E/HeatmapThread( 1776): !@ CAM New BSOH: 100
02-09 23:28:29.421 E/HeatmapThread( 1776): !@ CAM is Working
02-09 23:28:29.484 E/SemWifiLinkQualityMonitor( 2640): Too old or invalid TMI: currentTime=1770668909484 lastDateWindow=1770658852000
02-09 23:28:29.485 E/InsController( 2640): Error in onOutageCountUpdate: android.net.VpnTransportInfo cannot be cast to android.net.wifi.WifiInfo
02-09 23:28:29.790 E/[dmojo] (10005): JNI Exception:
02-09 23:28:30.014 E/TaskPersister( 2640): File error accessing recents directory (directory doesn't exist?).
02-09 23:28:30.015 E/TaskPersister( 2640): File error accessing recents directory (directory doesn't exist?).
02-09 23:28:30.015 E/TaskPersister( 2640): File error accessing recents directory (directory doesn't exist?).
02-09 23:28:30.418 E/HeatmapThread( 1776): ECT Thread time in milliseconds: 1770668910
02-09 23:28:30.421 E/HeatmapThread( 1776): !@ CAM New BSOH: 100
02-09 23:28:30.421 E/HeatmapThread( 1776): !@ CAM is Working
02-09 23:28:31.418 E/HeatmapThread( 1776): ECT Thread time in milliseconds: 1770668911
02-09 23:28:31.420 E/HeatmapThread( 1776): !@ CAM New BSOH: 100
02-09 23:28:31.420 E/HeatmapThread( 1776): !@ CAM is Working
02-09 23:28:32.418 E/HeatmapThread( 1776): ECT Thread time in milliseconds: 1770668912
02-09 23:28:32.423 E/HeatmapThread( 1776): !@ CAM New BSOH: 100
02-09 23:28:32.423 E/HeatmapThread( 1776): !@ CAM is Working
02-09 23:28:32.485 E/NativeCustomFrequencyManager( 1804): [NativeCFMS] BpCustomFrequencyManager::acquire()
02-09 23:28:32.501 E/SemWifiLinkQualityMonitor( 2640): Too old or invalid TMI: currentTime=1770668912501 lastDateWindow=1770658852000
02-09 23:28:32.502 E/InsController( 2640): Error in onOutageCountUpdate: android.net.VpnTransportInfo cannot be cast to android.net.wifi.WifiInfo
02-09 23:28:33.419 E/HeatmapThread( 1776): ECT Thread time in milliseconds: 1770668913
02-09 23:28:33.423 E/HeatmapThread( 1776): !@ CAM New BSOH: 100
02-09 23:28:33.423 E/HeatmapThread( 1776): !@ CAM is Working
02-09 23:28:34.418 E/HeatmapThread( 1776): ECT Thread time in milliseconds: 1770668914
02-09 23:28:34.422 E/HeatmapThread( 1776): !@ CAM New BSOH: 100
02-09 23:28:34.422 E/HeatmapThread( 1776): !@ CAM is Working
02-09 23:28:35.418 E/HeatmapThread( 1776): ECT Thread time in milliseconds: 1770668915
02-09 23:28:35.425 E/HeatmapThread( 1776): !@ CAM New BSOH: 100
02-09 23:28:35.425 E/HeatmapThread( 1776): !@ CAM is Working
02-09 23:28:35.527 E/SemWifiLinkQualityMonitor( 2640): Too old or invalid TMI: currentTime=1770668915527 lastDateWindow=1770658852000
02-09 23:28:35.530 E/InsController( 2640): Error in onOutageCountUpdate: android.net.VpnTransportInfo cannot be cast to android.net.wifi.WifiInfo
02-09 23:28:36.392 E/NativeCustomFrequencyManager( 1804): [NativeCFMS] BpCustomFrequencyManager::acquire()
02-09 23:28:36.418 E/HeatmapThread( 1776): ECT Thread time in milliseconds: 1770668916
02-09 23:28:36.422 E/HeatmapThread( 1776): !@ CAM New BSOH: 100
02-09 23:28:36.422 E/HeatmapThread( 1776): !@ CAM is Working
02-09 23:28:36.560 E/BatteryDump( 1714): !@new_battery_dump : 4178,-10,1125,3331,84,335,331,356,335,0,348,356,0,Not-charging,NO_CHARGING,Normal,Good,PDIC,0,Normal,0,0,9300,0x8000,0x11010000,0x0,0,0,0000,0000,00000000,0,0,0,0,329,4180,8380,990,0,
02-09 23:28:37.418 E/HeatmapThread( 1776): ECT Thread time in milliseconds: 1770668917
02-09 23:28:37.424 E/HeatmapThread( 1776): !@ CAM New BSOH: 100
02-09 23:28:37.424 E/HeatmapThread( 1776): !@ CAM is Working
02-09 23:28:38.418 E/HeatmapThread( 1776): ECT Thread time in milliseconds: 1770668918
02-09 23:28:38.423 E/HeatmapThread( 1776): !@ CAM New BSOH: 100
02-09 23:28:38.423 E/HeatmapThread( 1776): !@ CAM is Working
02-09 23:28:38.546 E/SemWifiLinkQualityMonitor( 2640): Too old or invalid TMI: currentTime=1770668918546 lastDateWindow=1770658852000
02-09 23:28:38.549 E/InsController( 2640): Error in onOutageCountUpdate: android.net.VpnTransportInfo cannot be cast to android.net.wifi.WifiInfo
02-09 23:28:39.189 E/Watchdog( 2640): !@Sync: 607 heap(MB): 141 / 183 FD: 1536 [2026-02-09 23:28:39.189]
02-09 23:28:39.418 E/HeatmapThread( 1776): ECT Thread time in milliseconds: 1770668919
02-09 23:28:39.421 E/HeatmapThread( 1776): !@ CAM New BSOH: 100
02-09 23:28:39.421 E/HeatmapThread( 1776): !@ CAM is Working
02-09 23:28:40.280 E/NativeCustomFrequencyManager( 1804): [NativeCFMS] BpCustomFrequencyManager::acquire()
02-09 23:28:40.361 E/pageboostd( 5224): Received HALT command code 2
02-09 23:28:40.362 E/I u4proc( 6073): ApplicationStatus onStateChange - app: PAUSED, activity: PAUSED[com.alibaba.aliexpress.android.search.ProductListActivity@99b642b]
02-09 23:28:40.368 E/I u4proc( 6073): CrBrowserMain [proc_setting.cc:193 SetApplicationState] ApplicationStateChange: RUNNING(1) -> PAUSED(0)
02-09 23:28:40.369 E/I [GPU]u4proc(32622): GpuWatchdog [gpu_watchdog_thread.cc:479 StopWatchdogTimeoutTask] background, stop watchdog, timeout: 30.0s
02-09 23:28:40.369 E/I [GPU]u4proc(32622): Chrome_ChildIOThread [proc_setting.cc:193 SetApplicationState] ApplicationStateChange: RUNNING(1) -> PAUSED(0)
02-09 23:28:40.369 E/I [Render0]u4proc( 6685): Chrome_ChildIOThread [proc_setting.cc:193 SetApplicationState] ApplicationStateChange: RUNNING(1) -> PAUSED(0)
02-09 23:28:40.374 E/I u4proc( 6073): ApplicationStatus onStateChange - app: RUNNING, activity: CREATED[com.aliexpress.detailbase.ui.ProductDetailActivity@c4e64b3 - is new]
02-09 23:28:40.384 E/I u4proc( 6073): ApplicationStatus onStateChange - app: RUNNING, activity: STARTED[com.aliexpress.detailbase.ui.ProductDetailActivity@c4e64b3]
02-09 23:28:40.406 E/ba.aliexpresshd( 6073): No package ID ff found for resource ID 0xffffffff.
02-09 23:28:40.407 E/I u4proc( 6073): ApplicationStatus onStateChange - app: RUNNING, activity: RESUMED[com.aliexpress.detailbase.ui.ProductDetailActivity@c4e64b3]
02-09 23:28:40.412 E/I u4proc( 6073): CrBrowserMain [proc_setting.cc:193 SetApplicationState] ApplicationStateChange: PAUSED(0) -> RUNNING(1)
02-09 23:28:40.413 E/I [GPU]u4proc(32622): GpuWatchdog [gpu_watchdog_thread.cc:386 RestartWatchdogTimeoutTask] foreground, start watchdog, timeout: 30.0s
02-09 23:28:40.413 E/I [Render0]u4proc( 6685): Chrome_ChildIOThread [proc_setting.cc:193 SetApplicationState] ApplicationStateChange: PAUSED(0) -> RUNNING(1)
02-09 23:28:40.414 E/I [GPU]u4proc(32622): Chrome_ChildIOThread [proc_setting.cc:193 SetApplicationState] ApplicationStateChange: PAUSED(0) -> RUNNING(1)
02-09 23:28:40.418 E/HeatmapThread( 1776): ECT Thread time in milliseconds: 1770668920
02-09 23:28:40.422 E/HeatmapThread( 1776): !@ CAM New BSOH: 100
02-09 23:28:40.422 E/HeatmapThread( 1776): !@ CAM is Working
02-09 23:28:40.446 E/PerfOptimize( 6073):  [!] ProxyRenderSetStopped, proxySetStopped, renderProxy: 0x71d1543f10, stop: 0
02-09 23:28:40.448 E/PerfOptimize( 6073):  [!] ProxyRenderSetStopped, proxySetStopped, renderProxy: 0x71d1543f10, stop: 0
02-09 23:28:40.453 E/pageboostd( 5224): Received HALT command code 2
02-09 23:28:40.462 E/SurfaceFlinger( 1804): alpha changed 1.000 -> 0.000 - ActivityRecord{112310296 u0 com.alibaba.aliexpresshd/com.aliexpress.detailbase.ui.ProductDetailActivity t91}#8512
02-09 23:28:40.462 E/SurfaceFlinger( 1804): alpha changed 0.000 -> 1.000 - ActivityRecord{112310296 u0 com.alibaba.aliexpresshd/com.aliexpress.detailbase.ui.ProductDetailActivity t91}#8512
02-09 23:28:40.472 E/[AirCmd]_MediaControlStateMonitor( 6728): getActiveNotificationPackageName : notification service monitor is null
02-09 23:28:40.487 E/SurfaceFlinger( 1804): alpha changed 1.000 -> 0.000 - Surface(name=26e1d8 InputMethod)/@0x460d433 - animation-leash of insets_animation#8519
02-09 23:28:40.674 E/PerfOptimize( 6073):  [!] ProxyRenderSetStopped, proxySetStopped, renderProxy: 0x71d15f7a10, stop: 1
02-09 23:28:40.674 E/PerfOptimize( 6073):  [!] ProxyRenderSetStopped, execute originRenderSetStopped, stop: 1
02-09 23:28:40.678 E/I u4proc( 6073): ApplicationStatus onStateChange - app: RUNNING, activity: STOPPED[com.alibaba.aliexpress.android.search.ProductListActivity@99b642b]
02-09 23:28:40.688 E/WindowManager( 2640): win=Window{5df9fb6 u0 com.alibaba.aliexpresshd/com.alibaba.aliexpress.android.search.ProductListActivity} destroySurfaces: appStopped=true cleanupOnResume=false win.mWindowRemovalAllowed=false win.mRemoveOnExit=false win.mViewVisibility=8 caller=com.android.server.wm.ActivityRecord.destroySurfaces:25 com.android.server.wm.ActivityRecord.activityStopped:192 com.android.server.wm.ActivityClientController.activityStopped:97 android.app.IActivityClientController$Stub.onTransact:740 com.android.server.wm.ActivityClientController.onTransact:1 android.os.Binder.execTransactInternal:1462 android.os.Binder.execTransact:1401 
02-09 23:28:40.746 E/ba.aliexpresshd( 6073): No package ID ff found for resource ID 0xffffffff.
02-09 23:28:40.747 E/ba.aliexpresshd( 6073): No package ID ff found for resource ID 0xffffffff.
02-09 23:28:41.418 E/HeatmapThread( 1776): ECT Thread time in milliseconds: 1770668921
02-09 23:28:41.423 E/HeatmapThread( 1776): !@ CAM New BSOH: 100
02-09 23:28:41.423 E/HeatmapThread( 1776): !@ CAM is Working
02-09 23:28:41.561 E/SemWifiLinkQualityMonitor( 2640): Too old or invalid TMI: currentTime=1770668921561 lastDateWindow=1770658852000
02-09 23:28:41.563 E/InsController( 2640): Error in onOutageCountUpdate: android.net.VpnTransportInfo cannot be cast to android.net.wifi.WifiInfo
02-09 23:28:41.627 E/e:iwhInfService(11726): Not starting debugger since process cannot load the jdwp agent.
02-09 23:28:41.783 E/NativeCustomFrequencyManager( 1804): [NativeCFMS] BpCustomFrequencyManager::acquire()
02-09 23:28:42.043 E/DWBg    (25119): LocalPkgManager MemoryTrimmable
02-09 23:28:42.043 E/DWBn    (25119): UsageDataManager MemoryTrimmable
02-09 23:28:42.418 E/HeatmapThread( 1776): ECT Thread time in milliseconds: 1770668922
02-09 23:28:42.422 E/HeatmapThread( 1776): !@Entered the read from path function
02-09 23:28:42.425 E/HeatmapThread( 1776): !@Read Extended_heatmap from efs is: 23245 0 0 0 0 0 0 0 0 0 0 0 0 0 0 0 0 0 1284 0 0 0 0 0 0 0 0 0 0 0 0 0 0 0 0 0 1533 0 0 0 0 0 0 0 0 0 0 0 0 0 0 0 0 0 1456 0 0 0 0 0 0 0 0 0 0 0 0 0 0 0 0 0 1516 0 0 0 0 0 0 0 0 0 0 0 0 0 0 0 0 0 1529 0 0 0 0 0 0 0 0 0 0 0 0 0 0 0 0 0 1460 0 0 0 0 0 0 0 0 0 0 0 0 0 0 0 0 0 1540 0 0 0 0 0 0 0 0 0 0 0 0 0 0 0 0 0 1557 0 0 0 0 0 0 0 0 0 0 0 0 0 0 0 0 0 1603 0 0 0 0 0 0 0 0 0 0 0 0 0 0 0 0 0 1382 0 0 0 0 0 0 0 0 0 0 0 0 0 0 0 0 0 5973 0 0 0 0 0 0 0 0 0 0 0 0 0 0 0 0 0 20012 0 0 0 0 0 0 0 0 0 0 0 0 0 0 0 0 0 23274 0 0 0 0 0 0 0 0 0 0 0 0 0 0 0 0 0 23297 0 0 0 0 0 0 0 0 0 0 0 0 0 0 0 0 0 21725 0 0 0 0 0 0 0 0 0 0 0 0 0 0 0 0 0 18370 0 0 0 0 0 0 0 0 0 0 0 0 0 0 0 0 0 13747 0 0 0 0 0 0 0 0 0 0 0 0 0 0 0 0 0 4246 0 0 0 0 0 0 0 0 0 0 0 0 0 0 0 0 0 2985 0 0 0 0 0 0 0 0 0 0 0 0 0 0 0 0 0 1552 0 0 0 0 0 0 0 0 0 0 0 0 0 0 0 0 0 589 0 0 0 0 0 0 0 0 0 0 0 0 0 0 0 0 0 62 0 0 0 0 0 0 0 0 0 0 0 0 0 0 0 0 0 51 0 0 0 0 0 0 0 0 0 0 0 0 0 0 0 0 0 52 0 0 0 0 0 0 0 0 0 0 0 0 0 0 0 0 0 18 0 0 0 0 
02-09 23:28:42.425 E/HeatmapThread( 1776): !@Write Extended Heatmap to efs is: 23245 0 0 0 0 0 0 0 0 0 0 0 0 0 0 0 0 0 1284 0 0 0 0 0 0 0 0 0 0 0 0 0 0 0 0 0 1533 0 0 0 0 0 0 0 0 0 0 0 0 0 0 0 0 0 1456 0 0 0 0 0 0 0 0 0 0 0 0 0 0 0 0 0 1516 0 0 0 0 0 0 0 0 0 0 0 0 0 0 0 0 0 1529 0 0 0 0 0 0 0 0 0 0 0 0 0 0 0 0 0 1460 0 0 0 0 0 0 0 0 0 0 0 0 0 0 0 0 0 1540 0 0 0 0 0 0 0 0 0 0 0 0 0 0 0 0 0 1557 0 0 0 0 0 0 0 0 0 0 0 0 0 0 0 0 0 1603 0 0 0 0 0 0 0 0 0 0 0 0 0 0 0 0 0 1382 0 0 0 0 0 0 0 0 0 0 0 0 0 0 0 0 0 5973 0 0 0 0 0 0 0 0 0 0 0 0 0 0 0 0 0 20013 0 0 0 0 0 0 0 0 0 0 0 0 0 0 0 0 0 23274 0 0 0 0 0 0 0 0 0 0 0 0 0 0 0 0 0 23297 0 0 0 0 0 0 0 0 0 0 0 0 0 0 0 0 0 21725 0 0 0 0 0 0 0 0 0 0 0 0 0 0 0 0 0 18370 0 0 0 0 0 0 0 0 0 0 0 0 0 0 0 0 0 13747 0 0 0 0 0 0 0 0 0 0 0 0 0 0 0 0 0 4246 0 0 0 0 0 0 0 0 0 0 0 0 0 0 0 0 0 2985 0 0 0 0 0 0 0 0 0 0 0 0 0 0 0 0 0 1552 0 0 0 0 0 0 0 0 0 0 0 0 0 0 0 0 0 589 0 0 0 0 0 0 0 0 0 0 0 0 0 0 0 0 0 62 0 0 0 0 0 0 0 0 0 0 0 0 0 0 0 0 0 51 0 0 0 0 0 0 0 0 0 0 0 0 0 0 0 0 0 52 0 0 0 0 0 0 0 0 0 0 0 0 0 0 0 0 0 18 0 0 0 0 0
02-09 23:28:42.426 E/HeatmapThread( 1776): !@ CAM New BSOH: 100
02-09 23:28:42.426 E/HeatmapThread( 1776): !@ CAM is Working
02-09 23:28:43.149 E/HwcComposer( 1804): getLuts failed Status(-129, EX_TRANSACTION_FAILED): 'UNKNOWN_TRANSACTION: '
02-09 23:28:43.288 E/NativeCustomFrequencyManager( 1804): [NativeCFMS] BpCustomFrequencyManager::acquire()
02-09 23:28:43.371 E/TaskPersister( 2640): File error accessing recents directory (directory doesn't exist?).
02-09 23:28:43.371 E/TaskPersister( 2640): File error accessing recents directory (directory doesn't exist?).
02-09 23:28:43.371 E/TaskPersister( 2640): File error accessing recents directory (directory doesn't exist?).
02-09 23:28:43.419 E/HeatmapThread( 1776): ECT Thread time in milliseconds: 1770668923
02-09 23:28:43.424 E/HeatmapThread( 1776): !@ CAM New BSOH: 100
02-09 23:28:43.425 E/HeatmapThread( 1776): !@ CAM is Working
02-09 23:28:44.162 E/HandwritingModeController( 2640): Cannot get requestId: Handwriting was not initialized.
02-09 23:28:44.207 E/SurfaceFlinger( 1804): alpha changed 1.000 -> 0.000 - Surface(name=TransientLaunchOverlayToken{5f24774 token=android.os.BinderProxy@7795347})/@0xa5f8a65_transition-leash#8523
02-09 23:28:44.207 E/SurfaceFlinger( 1804): alpha changed 1.000 -> 0.000 - Surface(name=Task=1)/@0x5f6e33a_transition-leash#8524
02-09 23:28:44.207 E/AppIconSolution( 4611): Couldn't get theme package resources, package is null
02-09 23:28:44.209 E/HandwritingModeController( 2640): Cannot get requestId: Handwriting was not initialized.
02-09 23:28:44.212 E/[AirCmd]_MediaControlStateMonitor( 6728): getActiveNotificationPackageName : notification service monitor is null
02-09 23:28:44.215 E/SurfaceFlinger( 1804): alpha changed 0.000 -> 1.000 - Surface(name=TransientLaunchOverlayToken{5f24774 token=android.os.BinderProxy@7795347})/@0xa5f8a65_transition-leash#8523
02-09 23:28:44.215 E/SurfaceFlinger( 1804): alpha changed 0.000 -> 1.000 - Surface(name=Task=1)/@0x5f6e33a_transition-leash#8524
02-09 23:28:44.232 E/SecVibrator-HAL-AIDL-EXT( 1739): V_5_0: performPrebakedHapticPattern 22 : 8000 : 0
02-09 23:28:44.232 E/SecVibrator-HAL-AIDL-CORE( 1739): HW_API: [setForceFeedbackAmplitude]amplitude: 8000
02-09 23:28:44.248 E/SecVibrator-HAL-AIDL-CORE( 1739): HW_API: [uploadForceFeedbackeffect]ioctl success ,uploaded effect with ID: 0
02-09 23:28:44.248 E/SecVibrator-HAL-AIDL-CORE( 1739): HW_API: do_on for timeoutMs: 1000
02-09 23:28:44.248 E/SecVibrator-HAL-AIDL-CORE( 1739): HW_API: [triggerForceFeedbackVibration]on: 1
02-09 23:28:44.356 E/SecVibrator-HAL-AIDL-CORE( 1739): V_2_0: Vibrator off
02-09 23:28:44.356 E/SecVibrator-HAL-AIDL-CORE( 1739): HW_API: do_off
02-09 23:28:44.356 E/SecVibrator-HAL-AIDL-CORE( 1739): HW_API: [triggerForceFeedbackVibration]on: 0
02-09 23:28:44.418 E/HeatmapThread( 1776): ECT Thread time in milliseconds: 1770668924
02-09 23:28:44.422 E/HeatmapThread( 1776): !@ CAM New BSOH: 100
02-09 23:28:44.422 E/HeatmapThread( 1776): !@ CAM is Working
02-09 23:28:44.586 E/SemWifiLinkQualityMonitor( 2640): Too old or invalid TMI: currentTime=1770668924586 lastDateWindow=1770658852000
02-09 23:28:44.587 E/InsController( 2640): Error in onOutageCountUpdate: android.net.VpnTransportInfo cannot be cast to android.net.wifi.WifiInfo
02-09 23:28:44.781 E/SurfaceFlinger( 1804): alpha changed 0.000 -> 0.000 - Surface(name=Task=91)/@0xc369beb_transition-leash#8525
02-09 23:28:44.794 E/NativeCustomFrequencyManager( 1804): [NativeCFMS] BpCustomFrequencyManager::acquire()
02-09 23:28:45.033 E/I u4proc( 6073): ApplicationStatus onStateChange - app: PAUSED, activity: PAUSED[com.aliexpress.detailbase.ui.ProductDetailActivity@c4e64b3]
02-09 23:28:45.039 E/SurfaceFlinger( 1804): alpha changed 1.000 -> 0.000 - Surface(name=WindowToken{5a75977 type=2019 android.os.BinderProxy@52b211})/@0xcb5fc70 - animation-leash of token_transform#8528
02-09 23:28:45.039 E/SurfaceFlinger( 1804): alpha changed 0.000 -> 0.000 - Surface(name=WindowToken{5a75977 type=2019 android.os.BinderProxy@52b211})/@0xcb5fc70 - animation-leash of token_transform#8528
02-09 23:28:45.040 E/I u4proc( 6073): CrBrowserMain [proc_setting.cc:193 SetApplicationState] ApplicationStateChange: RUNNING(1) -> PAUSED(0)
02-09 23:28:45.040 E/I [Render0]u4proc( 6685): Chrome_ChildIOThread [proc_setting.cc:193 SetApplicationState] ApplicationStateChange: RUNNING(1) -> PAUSED(0)
02-09 23:28:45.042 E/I [GPU]u4proc(32622): Chrome_ChildIOThread [proc_setting.cc:193 SetApplicationState] ApplicationStateChange: RUNNING(1) -> PAUSED(0)
02-09 23:28:45.043 E/I [GPU]u4proc(32622): GpuWatchdog [gpu_watchdog_thread.cc:479 StopWatchdogTimeoutTask] background, stop watchdog, timeout: 30.0s
02-09 23:28:45.043 E/PerfOptimize( 6073):  [!] ProxyRenderSetStopped, proxySetStopped, renderProxy: 0x71d1543f10, stop: 1
02-09 23:28:45.043 E/PerfOptimize( 6073):  [!] ProxyRenderSetStopped, execute originRenderSetStopped, stop: 1
02-09 23:28:45.047 E/SurfaceFlinger( 1804): alpha changed 0.000 -> 0.245 - Surface(name=WindowToken{5a75977 type=2019 android.os.BinderProxy@52b211})/@0xcb5fc70 - animation-leash of token_transform#8528
02-09 23:28:45.064 E/SurfaceFlinger( 1804): alpha changed 1.000 -> 0.000 - Surface(name=26e1d8 InputMethod)/@0x460d433 - animation-leash of insets_animation#8529
02-09 23:28:45.069 E/I u4proc( 6073): ApplicationStatus onStateChange - app: STOPPED, activity: STOPPED[com.aliexpress.detailbase.ui.ProductDetailActivity@c4e64b3]
02-09 23:28:45.072 E/I u4proc( 6073): CrBrowserMain [proc_setting.cc:193 SetApplicationState] ApplicationStateChange: PAUSED(0) -> STOPPED(0)
02-09 23:28:45.074 E/I [Render0]u4proc( 6685): Chrome_ChildIOThread [proc_setting.cc:193 SetApplicationState] ApplicationStateChange: PAUSED(0) -> STOPPED(0)
02-09 23:28:45.074 E/I [GPU]u4proc(32622): Chrome_ChildIOThread [proc_setting.cc:193 SetApplicationState] ApplicationStateChange: PAUSED(0) -> STOPPED(0)
02-09 23:28:45.098 E/WindowManager( 2640): win=Window{4efe44a u0 com.alibaba.aliexpresshd/com.aliexpress.detailbase.ui.ProductDetailActivity} destroySurfaces: appStopped=true cleanupOnResume=false win.mWindowRemovalAllowed=false win.mRemoveOnExit=false win.mViewVisibility=8 caller=com.android.server.wm.ActivityRecord.destroySurfaces:25 com.android.server.wm.ActivityRecord.activityStopped:192 com.android.server.wm.ActivityClientController.activityStopped:97 android.app.IActivityClientController$Stub.onTransact:740 com.android.server.wm.ActivityClientController.onTransact:1 android.os.Binder.execTransactInternal:1462 android.os.Binder.execTransact:1401 
02-09 23:28:45.418 E/HeatmapThread( 1776): ECT Thread time in milliseconds: 1770668925
02-09 23:28:45.422 E/HeatmapThread( 1776): !@ CAM New BSOH: 100
02-09 23:28:45.422 E/HeatmapThread( 1776): !@ CAM is Working
02-09 23:28:46.304 E/NativeCustomFrequencyManager( 1804): [NativeCFMS] BpCustomFrequencyManager::acquire()
02-09 23:28:46.418 E/HeatmapThread( 1776): ECT Thread time in milliseconds: 1770668926
02-09 23:28:46.425 E/HeatmapThread( 1776): !@ CAM New BSOH: 100
02-09 23:28:46.425 E/HeatmapThread( 1776): !@ CAM is Working
02-09 23:28:46.715 E/BatteryDump( 1714): !@new_battery_dump : 4179,10,1125,3331,84,336,331,354,336,0,349,354,0,Not-charging,NO_CHARGING,Normal,Good,PDIC,0,Normal,0,0,9300,0x8000,0x11010000,0x0,0,0,0000,0000,00000000,0,0,0,0,329,4180,8380,990,0,
02-09 23:28:47.418 E/HeatmapThread( 1776): ECT Thread time in milliseconds: 1770668927
02-09 23:28:47.423 E/HeatmapThread( 1776): !@ CAM New BSOH: 100
02-09 23:28:47.423 E/HeatmapThread( 1776): !@ CAM is Working
02-09 23:28:47.604 E/SemWifiLinkQualityMonitor( 2640): Too old or invalid TMI: currentTime=1770668927604 lastDateWindow=1770658852000
02-09 23:28:47.606 E/InsController( 2640): Error in onOutageCountUpdate: android.net.VpnTransportInfo cannot be cast to android.net.wifi.WifiInfo
02-09 23:28:47.807 E/NativeCustomFrequencyManager( 1804): [NativeCFMS] BpCustomFrequencyManager::acquire()
02-09 23:28:48.179 E/pageboostd( 5224): alp start : app comsankuaisailorafooddelivery
02-09 23:28:48.216 E/pageboostd( 5224): comsankuaisailorafooddelivery, amt 10162176 scnt 4 fcnt 0
02-09 23:28:48.220 E/r.afooddelivery(11993): Not starting debugger since process cannot load the jdwp agent.
02-09 23:28:48.277 E/pageboostd( 5224): comsankuaisailorafooddelivery, amt 60211200 scnt 296 fcnt 124
02-09 23:28:48.277 E/pageboostd( 5224): alp end : app comsankuaisailorafooddelivery data_amount 70373376
02-09 23:28:48.279 E/pageboostd( 5224): Received HALT command code 2
02-09 23:28:48.339 E/ashmem  (11993): Pinning is deprecated since Android Q. Please use trim or other methods.
02-09 23:28:48.405 E/r.afooddelivery(11993): No package ID 6a found for resource ID 0x6a0b0013.
02-09 23:28:48.419 E/HeatmapThread( 1776): ECT Thread time in milliseconds: 1770668928
02-09 23:28:48.425 E/HeatmapThread( 1776): !@ CAM New BSOH: 100
02-09 23:28:48.425 E/HeatmapThread( 1776): !@ CAM is Working
02-09 23:28:48.479 E/y:dppushservice(12343): Not starting debugger since process cannot load the jdwp agent.
02-09 23:28:48.657 E/ashmem  (12343): Pinning is deprecated since Android Q. Please use trim or other methods.
02-09 23:28:48.702 E/keystore2( 1275): system/security/keystore2/src/error.rs:185 - Rc(r#KEY_NOT_FOUND), "system/security/keystore2/src/service.rs:178: In get_key_entry, while trying to load key info. 10350, Some(\"icg-72b1a739-ab6d-4b8a-8984-19e871975b05\")"
02-09 23:28:48.749 E/ActivityTaskManager( 2640): Checking for the Active launch isPkgEverLaunched :false, isPkgStopped : true, isPkgSuspended : false
02-09 23:28:48.750 E/pageboostd( 5224): alp start : app orgvoxmatrixapp
02-09 23:28:48.751 E/pageboostd( 5224): orgvoxmatrixapp, amt 2406236 scnt 3 fcnt 0
02-09 23:28:48.751 E/pageboostd( 5224): orgvoxmatrixapp, amt 0 scnt 0 fcnt 0
02-09 23:28:48.751 E/pageboostd( 5224): alp end : app orgvoxmatrixapp data_amount 2406236
02-09 23:28:48.856 E/lowmemorykiller(  998): process_mrelease 27514 failed: No such process
02-09 23:28:48.892 E/SurfaceFlinger( 1804): alpha changed 1.000 -> 0.000 - Surface(name=Task=93)/@0x228b713_transition-leash#8538
02-09 23:28:48.899 E/QC-time-services( 1094): Receive Passed == base = 13, unit = 1, operation = 2, result = 0
02-09 23:28:48.902 E/QC-time-services( 1534): Daemon: Time-services: Waiting to acceptconnection
02-09 23:28:48.907 E/QC-time-services( 1534): Daemon: Time-services: Waiting to acceptconnection
02-09 23:28:48.917 E/SurfaceFlinger( 1804): alpha changed 0.000 -> 0.681 - Surface(name=Task=93)/@0x228b713_transition-leash#8538
02-09 23:28:48.927 E/g.voxmatrix.app(12675): Not starting debugger since process cannot load the jdwp agent.
02-09 23:28:48.983 E/ashmem  (12675): Pinning is deprecated since Android Q. Please use trim or other methods.
02-09 23:28:48.983 E/QCOM-OEMCrypto( 1743): Error at _oecc125 : 1171
02-09 23:28:48.990 E/[AirCmd]_MediaControlStateMonitor( 6728): getActiveNotificationPackageName : notification service monitor is null
02-09 23:28:48.998 E/Adreno-AppProfiles(12675): QSPM AIDL service doesn't exist
02-09 23:28:48.998 E/SPL     ( 1094): unknown cmd id [57005]
02-09 23:28:49.001 E/pageboostd( 5224): Received HALT command code 2
02-09 23:28:49.027 E/SPL     ( 1094): unknown cmd id [57005]
02-09 23:28:49.043 I/flutter (12675): [IMPORTANT:flutter/shell/platform/android/android_context_vk_impeller.cc(62)] Using the Impeller rendering backend (Vulkan).
02-09 23:28:49.100 E/g.voxmatrix.app(12675): Unable to open libpenguin.so: dlopen failed: library "libpenguin.so" not found.
02-09 23:28:49.105 E/Gralloc4(12675): isSupported(1, 1, 59, 1, ...) failed with 7
02-09 23:28:49.105 E/GraphicBufferAllocator(12675): Failed to allocate (4 x 4) layerCount 1 format 59 usage b00: 2
02-09 23:28:49.105 E/AHardwareBuffer(12675): GraphicBuffer(w=4, h=4, lc=1) failed (Unknown error -2), handle=0x0
02-09 23:28:49.105 E/Gralloc4(12675): isSupported(1, 1, 59, 1, ...) failed with 7
02-09 23:28:49.105 E/GraphicBufferAllocator(12675): Failed to allocate (4 x 4) layerCount 1 format 59 usage b00: 2
02-09 23:28:49.105 E/AHardwareBuffer(12675): GraphicBuffer(w=4, h=4, lc=1) failed (Unknown error -2), handle=0x0
02-09 23:28:49.189 E/keystore2( 1275): system/security/keystore2/src/error.rs:185 - Rc(r#KEY_NOT_FOUND), "system/security/keystore2/src/service.rs:178: In get_key_entry, while trying to load key info. 10469, Some(\"org.voxmatrix.app.FlutterSecureStoragePluginKey\")"
02-09 23:28:49.209 E/pageboostd( 5224): Received HALT command code 2
02-09 23:28:49.312 E/NativeCustomFrequencyManager( 1804): [NativeCFMS] BpCustomFrequencyManager::acquire()
02-09 23:28:49.373 E/SPL     ( 1094): unknown cmd id [57005]
02-09 23:28:49.375 E/SurfaceFlinger( 1804): alpha changed 1.000 -> 0.000 - Surface(name=26e1d8 InputMethod)/@0x460d433 - animation-leash of insets_animation#8550
02-09 23:28:49.389 E/SPL     ( 1094): unknown cmd id [57005]
02-09 23:28:49.418 E/HeatmapThread( 1776): ECT Thread time in milliseconds: 1770668929
02-09 23:28:49.422 E/HeatmapThread( 1776): !@ CAM New BSOH: 100
02-09 23:28:49.422 E/HeatmapThread( 1776): !@ CAM is Working
02-09 23:28:49.468 E/WVCdm   ( 1743): [wv_content_decryption_module.cpp(563):GetCurrentMetricsInternal] Cdm Identifier not found
02-09 23:28:49.469 E/WVCdm   ( 1743): [wv_content_decryption_module.cpp(646):CloseCdm] Cdm Identifier not found
02-09 23:28:49.469 E/WVCdm   ( 1743): Failed to close cdm. status 12
02-09 23:28:49.509 E/amsung.drmboost(12814): Not starting debugger since process cannot load the jdwp agent.
02-09 23:28:49.611 E/WindowManager( 2640): win=Window{f617943 u0 com.sec.android.app.launcher/com.sec.android.app.launcher.activities.LauncherActivity} destroySurfaces: appStopped=true cleanupOnResume=false win.mWindowRemovalAllowed=false win.mRemoveOnExit=false win.mViewVisibility=8 caller=com.android.server.wm.ActivityRecord.destroySurfaces:25 com.android.server.wm.ActivityRecord.activityStopped:192 com.android.server.wm.ActivityClientController.activityStopped:97 android.app.IActivityClientController$Stub.onTransact:740 com.android.server.wm.ActivityClientController.onTransact:1 android.os.Binder.execTransactInternal:1462 android.os.Binder.execTransact:1401 
02-09 23:28:49.712 E/imsdk   (11993): TIM: |-TIMPush-TIMPushManagerImpl                                                      |Note: registrationID is c10000033463920
02-09 23:28:49.717 E/liteav  (11993): [E][02-09/23:28:49.717+3.0][11993,11993][TIMPush-TIMPushManagerImpl:0]Tuikit: [imsdk]||Note: registrationID is c10000033463920
02-09 23:28:49.719 E/imsdk   (11993): TIM: |-TIMPush-TokenRequester                                                          |register failed: 2002, errorCode = -1, errorMessagecan't find service : TIMFCMPushPlugin
02-09 23:28:49.719 E/liteav  (11993): [E][02-09/23:28:49.719+3.0][11993,11993][TIMPush-TokenRequester:0]Tuikit: [imsdk]||register failed: 2002, errorCode = -1, errorMessagecan't find service : TIMFCMPushPlugin
02-09 23:28:49.995 E/imsdk   (11993): TIM: |-group_list_fetcher.cpp:85               HandleJoinedGroupListResponse           |error_code:11000|error_message:community group not open|offset:0|count:500
02-09 23:28:49.995 E/imsdk   (11993): TIM: |-group_list_provider.cpp:58              HandleJoinedCommunityGroupList          |error_code:11000|error_message:community group not open
02-09 23:28:49.995 E/liteav  (11993): [E][02-09/23:28:49.995+3.0][11993,11993][group_list_fetcher.cpp:85]Tuikit: [imsdk]|HandleJoinedGroupListResponse|error_code:11000|error_message:community group not open|offset:0|count:500
02-09 23:28:49.996 E/liteav  (11993): [E][02-09/23:28:49.996+3.0][11993,11993][group_list_provider.cpp:58]Tuikit: [imsdk]|HandleJoinedCommunityGroupList|error_code:11000|error_message:community group not open
02-09 23:28:50.378 E/MediaDrm(11993): Object Already unbinded 
02-09 23:28:50.378 E/MediaDrm(11993): Object Already unbinded 
02-09 23:28:50.409 E/u4native(10005): [InfoLevelMessage] [INFO:not_a_file.cc(0)] BrowserIOThread heartbeat, pid/tid: 10005/11216, interval/index: 30s/1, ucCoreSoImplVersion: 5.18.9.0_250713225318
02-09 23:28:50.418 E/HeatmapThread( 1776): ECT Thread time in milliseconds: 1770668930
02-09 23:28:50.424 E/HeatmapThread( 1776): !@ CAM New BSOH: 100
02-09 23:28:50.424 E/HeatmapThread( 1776): !@ CAM is Working
02-09 23:28:50.438 E/u4native(10005): [InfoLevelMessage] [INFO:not_a_file.cc(0)] NetworkServiceThread heartbeat, pid/tid: 10005/11236, interval/index: 30s/1
02-09 23:28:50.616 E/SemWifiLinkQualityMonitor( 2640): Too old or invalid TMI: currentTime=1770668930616 lastDateWindow=1770658852000
02-09 23:28:50.618 E/InsController( 2640): Error in onOutageCountUpdate: android.net.VpnTransportInfo cannot be cast to android.net.wifi.WifiInfo
02-09 23:28:50.691 E/BluetoothRemoteDevices(16699): getSecMetadata : return SUPPORTED_FEATURES
02-09 23:28:50.691 E/A2dpService(16699): isSupportLowLatencyMode: DataPacket is too short.
02-09 23:28:50.731 E/SurfaceFlinger( 1804): alpha changed 0.000 -> 1.000 - Surface(name=26e1d8 InputMethod)/@0x460d433 - animation-leash of insets_animation#8550
02-09 23:28:50.818 E/NativeCustomFrequencyManager( 1804): [NativeCFMS] BpCustomFrequencyManager::acquire()
02-09 23:28:51.150 E/TransitionChain( 2640): Can't collect into a chain with no transition
02-09 23:28:51.418 E/HeatmapThread( 1776): ECT Thread time in milliseconds: 1770668931
02-09 23:28:51.422 E/HeatmapThread( 1776): !@ CAM New BSOH: 100
02-09 23:28:51.422 E/HeatmapThread( 1776): !@ CAM is Working
02-09 23:28:51.856 E/TaskPersister( 2640): File error accessing recents directory (directory doesn't exist?).
02-09 23:28:51.861 E/TaskPersister( 2640): File error accessing recents directory (directory doesn't exist?).
02-09 23:28:51.861 E/TaskPersister( 2640): File error accessing recents directory (directory doesn't exist?).
02-09 23:28:51.931 E/VRI[dismiss-button-overlay-Type_Pip]@689ac37( 3998): Attempting to destroy the window while drawing!
02-09 23:28:51.931 E/VRI[dismiss-button-overlay-Type_Pip]@689ac37( 3998):   window=android.view.ViewRootImpl@9681127, title=dismiss-button-overlay-Type_Pip
02-09 23:28:52.006 E/TransitionChain( 2640): Can't collect into a chain with no transition
02-09 23:28:52.323 E/NativeCustomFrequencyManager( 1804): [NativeCFMS] BpCustomFrequencyManager::acquire()
02-09 23:28:52.391 E/FrameEvents( 3998): addRelease: Did not find frame.
02-09 23:28:52.396 E/SurfaceFlinger( 1804): Out of order buffers detected for RequestedLayerState{PipMenuView#8053 parentId=8052} producedId=510 frameNumber=73 -> producedId=510 frameNumber=2
02-09 23:28:52.404 E/SurfaceFlinger( 1804): Out of order buffers detected for RequestedLayerState{PipMenuView#8053 parentId=8052} producedId=510 frameNumber=73 -> producedId=510 frameNumber=3
02-09 23:28:52.413 E/SurfaceFlinger( 1804): Out of order buffers detected for RequestedLayerState{PipMenuView#8053 parentId=8052} producedId=510 frameNumber=73 -> producedId=510 frameNumber=4
02-09 23:28:52.418 E/HeatmapThread( 1776): ECT Thread time in milliseconds: 1770668932
02-09 23:28:52.421 E/SurfaceFlinger( 1804): Out of order buffers detected for RequestedLayerState{PipMenuView#8053 parentId=8052} producedId=510 frameNumber=73 -> producedId=510 frameNumber=5
02-09 23:28:52.424 E/HeatmapThread( 1776): !@ CAM New BSOH: 100
02-09 23:28:52.424 E/HeatmapThread( 1776): !@ CAM is Working
02-09 23:28:52.429 E/SurfaceFlinger( 1804): Out of order buffers detected for RequestedLayerState{PipMenuView#8053 parentId=8052} producedId=510 frameNumber=73 -> producedId=510 frameNumber=6
02-09 23:28:52.437 E/SurfaceFlinger( 1804): Out of order buffers detected for RequestedLayerState{PipMenuView#8053 parentId=8052} producedId=510 frameNumber=73 -> producedId=510 frameNumber=7
02-09 23:28:52.446 E/SurfaceFlinger( 1804): Out of order buffers detected for RequestedLayerState{PipMenuView#8053 parentId=8052} producedId=510 frameNumber=73 -> producedId=510 frameNumber=8
02-09 23:28:52.454 E/SurfaceFlinger( 1804): Out of order buffers detected for RequestedLayerState{PipMenuView#8053 parentId=8052} producedId=510 frameNumber=73 -> producedId=510 frameNumber=9
02-09 23:28:52.462 E/SurfaceFlinger( 1804): Out of order buffers detected for RequestedLayerState{PipMenuView#8053 parentId=8052} producedId=510 frameNumber=73 -> producedId=510 frameNumber=10
02-09 23:28:52.471 E/SurfaceFlinger( 1804): Out of order buffers detected for RequestedLayerState{PipMenuView#8053 parentId=8052} producedId=510 frameNumber=73 -> producedId=510 frameNumber=11
02-09 23:28:52.479 E/SurfaceFlinger( 1804): Out of order buffers detected for RequestedLayerState{PipMenuView#8053 parentId=8052} producedId=510 frameNumber=73 -> producedId=510 frameNumber=12
02-09 23:28:52.487 E/SurfaceFlinger( 1804): Out of order buffers detected for RequestedLayerState{PipMenuView#8053 parentId=8052} producedId=510 frameNumber=73 -> producedId=510 frameNumber=13
02-09 23:28:52.496 E/SurfaceFlinger( 1804): Out of order buffers detected for RequestedLayerState{PipMenuView#8053 parentId=8052} producedId=510 frameNumber=73 -> producedId=510 frameNumber=14
02-09 23:28:52.504 E/SurfaceFlinger( 1804): Out of order buffers detected for RequestedLayerState{PipMenuView#8053 parentId=8052} producedId=510 frameNumber=73 -> producedId=510 frameNumber=15
02-09 23:28:52.512 E/SurfaceFlinger( 1804): Out of order buffers detected for RequestedLayerState{PipMenuView#8053 parentId=8052} producedId=510 frameNumber=73 -> producedId=510 frameNumber=16
02-09 23:28:53.245 E/u4native( 6073): [InfoLevelMessage] [INFO:not_a_file.cc(0)] BrowserIOThread heartbeat, pid/tid: 6073/6688, interval/index: 30s/90, ucCoreSoImplVersion: 5.12.11.0_250212150536
02-09 23:28:53.256 E/u4native( 6073): [InfoLevelMessage] [INFO:not_a_file.cc(0)] NetworkServiceThread heartbeat, pid/tid: 6073/6702, interval/index: 30s/90
02-09 23:28:53.418 E/HeatmapThread( 1776): ECT Thread time in milliseconds: 1770668933
02-09 23:28:53.423 E/HeatmapThread( 1776): !@ CAM New BSOH: 100
02-09 23:28:53.423 E/HeatmapThread( 1776): !@ CAM is Working
02-09 23:28:53.629 E/SemWifiLinkQualityMonitor( 2640): Too old or invalid TMI: currentTime=1770668933629 lastDateWindow=1770658852000
02-09 23:28:53.632 E/InsController( 2640): Error in onOutageCountUpdate: android.net.VpnTransportInfo cannot be cast to android.net.wifi.WifiInfo
02-09 23:28:53.826 E/NativeCustomFrequencyManager( 1804): [NativeCFMS] BpCustomFrequencyManager::acquire()
02-09 23:28:53.849 E/u4native( 6685): [InfoLevelMessage] [INFO:not_a_file.cc(0)] RenderIOThread heartbeat, pid/tid: 6685/32630, interval/index: 30s/10
02-09 23:28:53.863 E/u4native( 6685): [InfoLevelMessage] [INFO:not_a_file.cc(0)] RenderMainThread heartbeat, pid/tid: 6685/6738, interval/index: 30s/10, ucCoreSoImplVersion: 5.12.11.0_250212150536
02-09 23:28:53.931 E/u4native(32622): [InfoLevelMessage] [INFO:not_a_file.cc(0)] GpuMainThread heartbeat, pid/tid: 32622/32665, interval/index: 30s/10, ucCoreSoImplVersion: 5.12.11.0_250212150536
02-09 23:28:54.002 E/SurfaceFlinger( 1804): Out of order buffers detected for RequestedLayerState{PipMenuView#8053 parentId=8052} producedId=510 frameNumber=73 -> producedId=510 frameNumber=17
02-09 23:28:54.010 E/SurfaceFlinger( 1804): Out of order buffers detected for RequestedLayerState{PipMenuView#8053 parentId=8052} producedId=510 frameNumber=73 -> producedId=510 frameNumber=18
02-09 23:28:54.018 E/SurfaceFlinger( 1804): Out of order buffers detected for RequestedLayerState{PipMenuView#8053 parentId=8052} producedId=510 frameNumber=73 -> producedId=510 frameNumber=19
02-09 23:28:54.027 E/SurfaceFlinger( 1804): Out of order buffers detected for RequestedLayerState{PipMenuView#8053 parentId=8052} producedId=510 frameNumber=73 -> producedId=510 frameNumber=20
02-09 23:28:54.035 E/SurfaceFlinger( 1804): Out of order buffers detected for RequestedLayerState{PipMenuView#8053 parentId=8052} producedId=510 frameNumber=73 -> producedId=510 frameNumber=21
02-09 23:28:54.043 E/SurfaceFlinger( 1804): Out of order buffers detected for RequestedLayerState{PipMenuView#8053 parentId=8052} producedId=510 frameNumber=73 -> producedId=510 frameNumber=22
02-09 23:28:54.052 E/SurfaceFlinger( 1804): Out of order buffers detected for RequestedLayerState{PipMenuView#8053 parentId=8052} producedId=510 frameNumber=73 -> producedId=510 frameNumber=23
02-09 23:28:54.060 E/SurfaceFlinger( 1804): Out of order buffers detected for RequestedLayerState{PipMenuView#8053 parentId=8052} producedId=510 frameNumber=73 -> producedId=510 frameNumber=24
02-09 23:28:54.068 E/SurfaceFlinger( 1804): Out of order buffers detected for RequestedLayerState{PipMenuView#8053 parentId=8052} producedId=510 frameNumber=73 -> producedId=510 frameNumber=25
02-09 23:28:54.077 E/SurfaceFlinger( 1804): Out of order buffers detected for RequestedLayerState{PipMenuView#8053 parentId=8052} producedId=510 frameNumber=73 -> producedId=510 frameNumber=26
02-09 23:28:54.085 E/SurfaceFlinger( 1804): Out of order buffers detected for RequestedLayerState{PipMenuView#8053 parentId=8052} producedId=510 frameNumber=73 -> producedId=510 frameNumber=27
02-09 23:28:54.093 E/SurfaceFlinger( 1804): Out of order buffers detected for RequestedLayerState{PipMenuView#8053 parentId=8052} producedId=510 frameNumber=73 -> producedId=510 frameNumber=28
02-09 23:28:54.102 E/SurfaceFlinger( 1804): Out of order buffers detected for RequestedLayerState{PipMenuView#8053 parentId=8052} producedId=510 frameNumber=73 -> producedId=510 frameNumber=29
02-09 23:28:54.110 E/SurfaceFlinger( 1804): Out of order buffers detected for RequestedLayerState{PipMenuView#8053 parentId=8052} producedId=510 frameNumber=73 -> producedId=510 frameNumber=30
02-09 23:28:54.119 E/SurfaceFlinger( 1804): Out of order buffers detected for RequestedLayerState{PipMenuView#8053 parentId=8052} producedId=510 frameNumber=73 -> producedId=510 frameNumber=31
02-09 23:28:54.127 E/SurfaceFlinger( 1804): Out of order buffers detected for RequestedLayerState{PipMenuView#8053 parentId=8052} producedId=510 frameNumber=73 -> producedId=510 frameNumber=32
02-09 23:28:54.135 E/SurfaceFlinger( 1804): Out of order buffers detected for RequestedLayerState{PipMenuView#8053 parentId=8052} producedId=510 frameNumber=73 -> producedId=510 frameNumber=33
02-09 23:28:54.143 E/SurfaceFlinger( 1804): Out of order buffers detected for RequestedLayerState{PipMenuView#8053 parentId=8052} producedId=510 frameNumber=73 -> producedId=510 frameNumber=34
02-09 23:28:54.152 E/SurfaceFlinger( 1804): Out of order buffers detected for RequestedLayerState{PipMenuView#8053 parentId=8052} producedId=510 frameNumber=73 -> producedId=510 frameNumber=35
02-09 23:28:54.160 E/SurfaceFlinger( 1804): Out of order buffers detected for RequestedLayerState{PipMenuView#8053 parentId=8052} producedId=510 frameNumber=73 -> producedId=510 frameNumber=36
02-09 23:28:54.168 E/SurfaceFlinger( 1804): Out of order buffers detected for RequestedLayerState{PipMenuView#8053 parentId=8052} producedId=510 frameNumber=73 -> producedId=510 frameNumber=37
02-09 23:28:54.177 E/SurfaceFlinger( 1804): Out of order buffers detected for RequestedLayerState{PipMenuView#8053 parentId=8052} producedId=510 frameNumber=73 -> producedId=510 frameNumber=38
02-09 23:28:54.185 E/SurfaceFlinger( 1804): Out of order buffers detected for RequestedLayerState{PipMenuView#8053 parentId=8052} producedId=510 frameNumber=73 -> producedId=510 frameNumber=39
02-09 23:28:54.193 E/SurfaceFlinger( 1804): Out of order buffers detected for RequestedLayerState{PipMenuView#8053 parentId=8052} producedId=510 frameNumber=73 -> producedId=510 frameNumber=40
02-09 23:28:54.202 E/SurfaceFlinger( 1804): Out of order buffers detected for RequestedLayerState{PipMenuView#8053 parentId=8052} producedId=510 frameNumber=73 -> producedId=510 frameNumber=41
02-09 23:28:54.210 E/SurfaceFlinger( 1804): Out of order buffers detected for RequestedLayerState{PipMenuView#8053 parentId=8052} producedId=510 frameNumber=73 -> producedId=510 frameNumber=42
02-09 23:28:54.218 E/SurfaceFlinger( 1804): Out of order buffers detected for RequestedLayerState{PipMenuView#8053 parentId=8052} producedId=510 frameNumber=73 -> producedId=510 frameNumber=43
02-09 23:28:54.227 E/SurfaceFlinger( 1804): Out of order buffers detected for RequestedLayerState{PipMenuView#8053 parentId=8052} producedId=510 frameNumber=73 -> producedId=510 frameNumber=44
02-09 23:28:54.235 E/SurfaceFlinger( 1804): Out of order buffers detected for RequestedLayerState{PipMenuView#8053 parentId=8052} producedId=510 frameNumber=73 -> producedId=510 frameNumber=45
02-09 23:28:54.243 E/SurfaceFlinger( 1804): Out of order buffers detected for RequestedLayerState{PipMenuView#8053 parentId=8052} producedId=510 frameNumber=73 -> producedId=510 frameNumber=46
02-09 23:28:54.252 E/SurfaceFlinger( 1804): Out of order buffers detected for RequestedLayerState{PipMenuView#8053 parentId=8052} producedId=510 frameNumber=73 -> producedId=510 frameNumber=47
02-09 23:28:54.260 E/SurfaceFlinger( 1804): Out of order buffers detected for RequestedLayerState{PipMenuView#8053 parentId=8052} producedId=510 frameNumber=73 -> producedId=510 frameNumber=48
02-09 23:28:54.268 E/SurfaceFlinger( 1804): alpha changed 0.008 -> 0.000 - Task=85#7180
02-09 23:28:54.277 E/SurfaceFlinger( 1804): Out of order buffers detected for RequestedLayerState{PipMenuView#8053 parentId=8052} producedId=510 frameNumber=73 -> producedId=510 frameNumber=49
02-09 23:28:54.285 E/SurfaceFlinger( 1804): Out of order buffers detected for RequestedLayerState{PipMenuView#8053 parentId=8052} producedId=510 frameNumber=73 -> producedId=510 frameNumber=50
02-09 23:28:54.290 E/TransitionChain( 2640): Can't collect into a chain with no transition
02-09 23:28:54.301 E/SurfaceFlinger( 1804): alpha changed 0.000 -> 1.000 - Task=85#7180
02-09 23:28:54.320 E/SensorService( 2640): BigData:Pakage) 1 already disabled. 
02-09 23:28:54.364 E/WindowManager( 2640): win=Window{98d5d23 u0 org.jellyfin.mobile/org.jellyfin.mobile.MainActivity} destroySurfaces: appStopped=true cleanupOnResume=false win.mWindowRemovalAllowed=false win.mRemoveOnExit=false win.mViewVisibility=8 caller=com.android.server.wm.ActivityRecord.destroySurfaces:25 com.android.server.wm.ActivityRecord.activityStopped:192 com.android.server.wm.ActivityClientController.activityStopped:97 android.app.IActivityClientController$Stub.onTransact:740 com.android.server.wm.ActivityClientController.onTransact:1 android.os.Binder.execTransactInternal:1462 android.os.Binder.execTransact:1401 
02-09 23:28:54.418 E/HeatmapThread( 1776): ECT Thread time in milliseconds: 1770668934
02-09 23:28:54.422 E/HeatmapThread( 1776): !@ CAM New BSOH: 100
02-09 23:28:54.422 E/HeatmapThread( 1776): !@ CAM is Working
02-09 23:28:54.605 E/SecVibrator-HAL-AIDL-EXT( 1739): V_5_0: performPrebakedHapticPattern 1 : 10000 : 0
02-09 23:28:54.605 E/SecVibrator-HAL-AIDL-CORE( 1739): HW_API: [setForceFeedbackAmplitude]amplitude: 10000
02-09 23:28:54.622 E/SecVibrator-HAL-AIDL-CORE( 1739): HW_API: [uploadForceFeedbackeffect]ioctl success ,uploaded effect with ID: 0
02-09 23:28:54.622 E/SecVibrator-HAL-AIDL-CORE( 1739): HW_API: do_on for timeoutMs: 1000
02-09 23:28:54.623 E/SecVibrator-HAL-AIDL-CORE( 1739): HW_API: [triggerForceFeedbackVibration]on: 1
02-09 23:28:54.724 E/SecVibrator-HAL-AIDL-CORE( 1739): V_2_0: Vibrator off
02-09 23:28:54.724 E/SecVibrator-HAL-AIDL-CORE( 1739): HW_API: do_off
02-09 23:28:54.724 E/SecVibrator-HAL-AIDL-CORE( 1739): HW_API: [triggerForceFeedbackVibration]on: 0
02-09 23:28:54.795 E/r.afooddelivery(11993): hiddenapi: Accessing hidden method Lcom/android/org/conscrypt/ConscryptEngineSocket;->setUseSessionTickets(Z)V (runtime_flags=CorePlatformApi, domain=core-platform, api=max-target-q,core-platform-api) from Lcom/squareup/okhttp/internal/d; (domain=app) using reflection: denied
02-09 23:28:54.795 E/r.afooddelivery(11993): hiddenapi: Accessing hidden method Lcom/android/org/conscrypt/OpenSSLSocketImpl;->setUseSessionTickets(Z)V (runtime_flags=CorePlatformApi, domain=core-platform, api=max-target-q,core-platform-api) from Lcom/squareup/okhttp/internal/d; (domain=app) using reflection: denied
02-09 23:28:54.795 E/r.afooddelivery(11993): hiddenapi: Accessing hidden method Lcom/android/org/conscrypt/AbstractConscryptSocket;->setUseSessionTickets(Z)V (runtime_flags=0, domain=core-platform, api=max-target-q) from Lcom/squareup/okhttp/internal/d; (domain=app) using reflection: denied
02-09 23:28:54.795 E/r.afooddelivery(11993): hiddenapi: Accessing hidden method Lcom/android/org/conscrypt/ConscryptEngineSocket;->setHostname(Ljava/lang/String;)V (runtime_flags=CorePlatformApi, domain=core-platform, api=max-target-q,core-platform-api) from Lcom/squareup/okhttp/internal/d; (domain=app) using reflection: denied
