02-09 23:28:54.795 E/r.afooddelivery(11993): hiddenapi: Accessing hidden method Lcom/android/org/conscrypt/OpenSSLSocketImpl;->setHostname(Ljava/lang/String;)V (runtime_flags=CorePlatformApi, domain=core-platform, api=max-target-q,core-platform-api) from Lcom/squareup/okhttp/internal/d; (domain=app) using reflection: denied
02-09 23:28:54.795 E/r.afooddelivery(11993): hiddenapi: Accessing hidden method Lcom/android/org/conscrypt/AbstractConscryptSocket;->setHostname(Ljava/lang/String;)V (runtime_flags=0, domain=core-platform, api=max-target-q) from Lcom/squareup/okhttp/internal/d; (domain=app) using reflection: denied
02-09 23:28:54.795 E/r.afooddelivery(11993): hiddenapi: Accessing hidden method Lcom/android/org/conscrypt/OpenSSLSocketImpl;->setAlpnProtocols([B)V (runtime_flags=CorePlatformApi, domain=core-platform, api=max-target-q,core-platform-api) from Lcom/squareup/okhttp/internal/d; (domain=app) using reflection: denied
02-09 23:28:54.795 E/r.afooddelivery(11993): hiddenapi: Accessing hidden method Lcom/android/org/conscrypt/AbstractConscryptSocket;->setAlpnProtocols([B)V (runtime_flags=0, domain=core-platform, api=max-target-q) from Lcom/squareup/okhttp/internal/d; (domain=app) using reflection: denied
02-09 23:28:55.042 E/r.afooddelivery(11993): hiddenapi: Accessing hidden method Lcom/android/org/conscrypt/OpenSSLSocketImpl;->getAlpnSelectedProtocol()[B (runtime_flags=CorePlatformApi, domain=core-platform, api=max-target-q,core-platform-api) from Lcom/squareup/okhttp/internal/d; (domain=app) using reflection: denied
02-09 23:28:55.042 E/r.afooddelivery(11993): hiddenapi: Accessing hidden method Lcom/android/org/conscrypt/AbstractConscryptSocket;->getAlpnSelectedProtocol()[B (runtime_flags=0, domain=core-platform, api=max-target-q) from Lcom/squareup/okhttp/internal/d; (domain=app) using reflection: denied
02-09 23:28:55.386 E/SecVibrator-HAL-AIDL-EXT( 1739): V_5_0: performPrebakedHapticPattern 1 : 10000 : 0
02-09 23:28:55.386 E/SecVibrator-HAL-AIDL-CORE( 1739): HW_API: [setForceFeedbackAmplitude]amplitude: 10000
02-09 23:28:55.390 E/SecVibrator-HAL-AIDL-CORE( 1739): HW_API: [uploadForceFeedbackeffect]ioctl success ,uploaded effect with ID: 0
02-09 23:28:55.390 E/SecVibrator-HAL-AIDL-CORE( 1739): HW_API: do_on for timeoutMs: 1000
02-09 23:28:55.390 E/SecVibrator-HAL-AIDL-CORE( 1739): HW_API: [triggerForceFeedbackVibration]on: 1
02-09 23:28:55.419 E/HeatmapThread( 1776): ECT Thread time in milliseconds: 1770668935
02-09 23:28:55.427 E/HeatmapThread( 1776): !@ CAM New BSOH: 100
02-09 23:28:55.427 E/HeatmapThread( 1776): !@ CAM is Working
02-09 23:28:55.503 E/SecVibrator-HAL-AIDL-CORE( 1739): V_2_0: Vibrator off
02-09 23:28:55.503 E/SecVibrator-HAL-AIDL-CORE( 1739): HW_API: do_off
02-09 23:28:55.503 E/SecVibrator-HAL-AIDL-CORE( 1739): HW_API: [triggerForceFeedbackVibration]on: 0
02-09 23:28:56.418 E/HeatmapThread( 1776): ECT Thread time in milliseconds: 1770668936
02-09 23:28:56.422 E/HeatmapThread( 1776): !@ CAM New BSOH: 100
02-09 23:28:56.422 E/HeatmapThread( 1776): !@ CAM is Working
02-09 23:28:56.644 E/r.afooddelivery(11993): hiddenapi: Accessing hidden method Lcom/android/org/conscrypt/ConscryptEngineSocket;->setUseSessionTickets(Z)V (runtime_flags=CorePlatformApi, domain=core-platform, api=max-target-q,core-platform-api) from Lcom/squareup/okhttp/internal/d; (domain=app) using reflection: denied
02-09 23:28:56.645 E/r.afooddelivery(11993): hiddenapi: Accessing hidden method Lcom/android/org/conscrypt/OpenSSLSocketImpl;->setUseSessionTickets(Z)V (runtime_flags=CorePlatformApi, domain=core-platform, api=max-target-q,core-platform-api) from Lcom/squareup/okhttp/internal/d; (domain=app) using reflection: denied
02-09 23:28:56.645 E/r.afooddelivery(11993): hiddenapi: Accessing hidden method Lcom/android/org/conscrypt/AbstractConscryptSocket;->setUseSessionTickets(Z)V (runtime_flags=0, domain=core-platform, api=max-target-q) from Lcom/squareup/okhttp/internal/d; (domain=app) using reflection: denied
02-09 23:28:56.645 E/r.afooddelivery(11993): hiddenapi: Accessing hidden method Lcom/android/org/conscrypt/ConscryptEngineSocket;->setHostname(Ljava/lang/String;)V (runtime_flags=CorePlatformApi, domain=core-platform, api=max-target-q,core-platform-api) from Lcom/squareup/okhttp/internal/d; (domain=app) using reflection: denied
02-09 23:28:56.645 E/r.afooddelivery(11993): hiddenapi: Accessing hidden method Lcom/android/org/conscrypt/OpenSSLSocketImpl;->setHostname(Ljava/lang/String;)V (runtime_flags=CorePlatformApi, domain=core-platform, api=max-target-q,core-platform-api) from Lcom/squareup/okhttp/internal/d; (domain=app) using reflection: denied
02-09 23:28:56.645 E/r.afooddelivery(11993): hiddenapi: Accessing hidden method Lcom/android/org/conscrypt/AbstractConscryptSocket;->setHostname(Ljava/lang/String;)V (runtime_flags=0, domain=core-platform, api=max-target-q) from Lcom/squareup/okhttp/internal/d; (domain=app) using reflection: denied
02-09 23:28:56.645 E/r.afooddelivery(11993): hiddenapi: Accessing hidden method Lcom/android/org/conscrypt/OpenSSLSocketImpl;->setAlpnProtocols([B)V (runtime_flags=CorePlatformApi, domain=core-platform, api=max-target-q,core-platform-api) from Lcom/squareup/okhttp/internal/d; (domain=app) using reflection: denied
02-09 23:28:56.646 E/r.afooddelivery(11993): hiddenapi: Accessing hidden method Lcom/android/org/conscrypt/AbstractConscryptSocket;->setAlpnProtocols([B)V (runtime_flags=0, domain=core-platform, api=max-target-q) from Lcom/squareup/okhttp/internal/d; (domain=app) using reflection: denied
02-09 23:28:56.658 E/SemWifiLinkQualityMonitor( 2640): Too old or invalid TMI: currentTime=1770668936658 lastDateWindow=1770658852000
02-09 23:28:56.668 E/InsController( 2640): Error in onOutageCountUpdate: android.net.VpnTransportInfo cannot be cast to android.net.wifi.WifiInfo
02-09 23:28:56.894 E/BatteryDump( 1714): !@new_battery_dump : 4174,-7,1125,3331,84,337,333,389,337,0,348,389,0,Not-charging,NO_CHARGING,Normal,Good,PDIC,0,Normal,0,0,9300,0x8000,0x11010000,0x0,0,0,0000,0000,00000000,0,0,0,0,329,4180,8378,990,0,
02-09 23:28:56.906 E/r.afooddelivery(11993): hiddenapi: Accessing hidden method Lcom/android/org/conscrypt/OpenSSLSocketImpl;->getAlpnSelectedProtocol()[B (runtime_flags=CorePlatformApi, domain=core-platform, api=max-target-q,core-platform-api) from Lcom/squareup/okhttp/internal/d; (domain=app) using reflection: denied
02-09 23:28:56.906 E/r.afooddelivery(11993): hiddenapi: Accessing hidden method Lcom/android/org/conscrypt/AbstractConscryptSocket;->getAlpnSelectedProtocol()[B (runtime_flags=0, domain=core-platform, api=max-target-q) from Lcom/squareup/okhttp/internal/d; (domain=app) using reflection: denied
02-09 23:28:57.418 E/HeatmapThread( 1776): ECT Thread time in milliseconds: 1770668937
02-09 23:28:57.422 E/HeatmapThread( 1776): !@ CAM New BSOH: 100
02-09 23:28:57.422 E/HeatmapThread( 1776): !@ CAM is Working
02-09 23:28:58.418 E/HeatmapThread( 1776): ECT Thread time in milliseconds: 1770668938
02-09 23:28:58.423 E/HeatmapThread( 1776): !@ CAM New BSOH: 100
02-09 23:28:58.424 E/HeatmapThread( 1776): !@ CAM is Working
02-09 23:28:58.573 E/r.afooddelivery(11993): hiddenapi: Accessing hidden method Lcom/android/org/conscrypt/ConscryptEngineSocket;->setUseSessionTickets(Z)V (runtime_flags=CorePlatformApi, domain=core-platform, api=max-target-q,core-platform-api) from Lcom/squareup/okhttp/internal/d; (domain=app) using reflection: denied
02-09 23:28:58.574 E/r.afooddelivery(11993): hiddenapi: Accessing hidden method Lcom/android/org/conscrypt/OpenSSLSocketImpl;->setUseSessionTickets(Z)V (runtime_flags=CorePlatformApi, domain=core-platform, api=max-target-q,core-platform-api) from Lcom/squareup/okhttp/internal/d; (domain=app) using reflection: denied
02-09 23:28:58.574 E/r.afooddelivery(11993): hiddenapi: Accessing hidden method Lcom/android/org/conscrypt/AbstractConscryptSocket;->setUseSessionTickets(Z)V (runtime_flags=0, domain=core-platform, api=max-target-q) from Lcom/squareup/okhttp/internal/d; (domain=app) using reflection: denied
02-09 23:28:58.574 E/r.afooddelivery(11993): hiddenapi: Accessing hidden method Lcom/android/org/conscrypt/ConscryptEngineSocket;->setHostname(Ljava/lang/String;)V (runtime_flags=CorePlatformApi, domain=core-platform, api=max-target-q,core-platform-api) from Lcom/squareup/okhttp/internal/d; (domain=app) using reflection: denied
02-09 23:28:58.574 E/r.afooddelivery(11993): hiddenapi: Accessing hidden method Lcom/android/org/conscrypt/OpenSSLSocketImpl;->setHostname(Ljava/lang/String;)V (runtime_flags=CorePlatformApi, domain=core-platform, api=max-target-q,core-platform-api) from Lcom/squareup/okhttp/internal/d; (domain=app) using reflection: denied
02-09 23:28:58.574 E/r.afooddelivery(11993): hiddenapi: Accessing hidden method Lcom/android/org/conscrypt/AbstractConscryptSocket;->setHostname(Ljava/lang/String;)V (runtime_flags=0, domain=core-platform, api=max-target-q) from Lcom/squareup/okhttp/internal/d; (domain=app) using reflection: denied
02-09 23:28:58.574 E/r.afooddelivery(11993): hiddenapi: Accessing hidden method Lcom/android/org/conscrypt/OpenSSLSocketImpl;->setAlpnProtocols([B)V (runtime_flags=CorePlatformApi, domain=core-platform, api=max-target-q,core-platform-api) from Lcom/squareup/okhttp/internal/d; (domain=app) using reflection: denied
02-09 23:28:58.574 E/r.afooddelivery(11993): hiddenapi: Accessing hidden method Lcom/android/org/conscrypt/AbstractConscryptSocket;->setAlpnProtocols([B)V (runtime_flags=0, domain=core-platform, api=max-target-q) from Lcom/squareup/okhttp/internal/d; (domain=app) using reflection: denied
02-09 23:28:58.817 E/r.afooddelivery(11993): hiddenapi: Accessing hidden method Lcom/android/org/conscrypt/ConscryptEngineSocket;->setUseSessionTickets(Z)V (runtime_flags=CorePlatformApi, domain=core-platform, api=max-target-q,core-platform-api) from Lcom/squareup/okhttp/internal/d; (domain=app) using reflection: denied
02-09 23:28:58.817 E/r.afooddelivery(11993): hiddenapi: Accessing hidden method Lcom/android/org/conscrypt/OpenSSLSocketImpl;->setUseSessionTickets(Z)V (runtime_flags=CorePlatformApi, domain=core-platform, api=max-target-q,core-platform-api) from Lcom/squareup/okhttp/internal/d; (domain=app) using reflection: denied
02-09 23:28:58.817 E/r.afooddelivery(11993): hiddenapi: Accessing hidden method Lcom/android/org/conscrypt/OpenSSLSocketImpl;->getAlpnSelectedProtocol()[B (runtime_flags=CorePlatformApi, domain=core-platform, api=max-target-q,core-platform-api) from Lcom/squareup/okhttp/internal/d; (domain=app) using reflection: denied
02-09 23:28:58.817 E/r.afooddelivery(11993): hiddenapi: Accessing hidden method Lcom/android/org/conscrypt/AbstractConscryptSocket;->getAlpnSelectedProtocol()[B (runtime_flags=0, domain=core-platform, api=max-target-q) from Lcom/squareup/okhttp/internal/d; (domain=app) using reflection: denied
02-09 23:28:58.817 E/r.afooddelivery(11993): hiddenapi: Accessing hidden method Lcom/android/org/conscrypt/AbstractConscryptSocket;->setUseSessionTickets(Z)V (runtime_flags=0, domain=core-platform, api=max-target-q) from Lcom/squareup/okhttp/internal/d; (domain=app) using reflection: denied
02-09 23:28:58.818 E/r.afooddelivery(11993): hiddenapi: Accessing hidden method Lcom/android/org/conscrypt/ConscryptEngineSocket;->setHostname(Ljava/lang/String;)V (runtime_flags=CorePlatformApi, domain=core-platform, api=max-target-q,core-platform-api) from Lcom/squareup/okhttp/internal/d; (domain=app) using reflection: denied
02-09 23:28:58.818 E/r.afooddelivery(11993): hiddenapi: Accessing hidden method Lcom/android/org/conscrypt/OpenSSLSocketImpl;->setHostname(Ljava/lang/String;)V (runtime_flags=CorePlatformApi, domain=core-platform, api=max-target-q,core-platform-api) from Lcom/squareup/okhttp/internal/d; (domain=app) using reflection: denied
02-09 23:28:58.818 E/r.afooddelivery(11993): hiddenapi: Accessing hidden method Lcom/android/org/conscrypt/AbstractConscryptSocket;->setHostname(Ljava/lang/String;)V (runtime_flags=0, domain=core-platform, api=max-target-q) from Lcom/squareup/okhttp/internal/d; (domain=app) using reflection: denied
02-09 23:28:58.818 E/r.afooddelivery(11993): hiddenapi: Accessing hidden method Lcom/android/org/conscrypt/OpenSSLSocketImpl;->setAlpnProtocols([B)V (runtime_flags=CorePlatformApi, domain=core-platform, api=max-target-q,core-platform-api) from Lcom/squareup/okhttp/internal/d; (domain=app) using reflection: denied
02-09 23:28:58.818 E/r.afooddelivery(11993): hiddenapi: Accessing hidden method Lcom/android/org/conscrypt/AbstractConscryptSocket;->setAlpnProtocols([B)V (runtime_flags=0, domain=core-platform, api=max-target-q) from Lcom/squareup/okhttp/internal/d; (domain=app) using reflection: denied
02-09 23:28:59.054 E/r.afooddelivery(11993): hiddenapi: Accessing hidden method Lcom/android/org/conscrypt/OpenSSLSocketImpl;->getAlpnSelectedProtocol()[B (runtime_flags=CorePlatformApi, domain=core-platform, api=max-target-q,core-platform-api) from Lcom/squareup/okhttp/internal/d; (domain=app) using reflection: denied
02-09 23:28:59.054 E/r.afooddelivery(11993): hiddenapi: Accessing hidden method Lcom/android/org/conscrypt/AbstractConscryptSocket;->getAlpnSelectedProtocol()[B (runtime_flags=0, domain=core-platform, api=max-target-q) from Lcom/squareup/okhttp/internal/d; (domain=app) using reflection: denied
02-09 23:28:59.143 E/SecVibrator-HAL-AIDL-EXT( 1739): V_5_0: performPrebakedHapticPattern 1 : 10000 : 0
02-09 23:28:59.143 E/SecVibrator-HAL-AIDL-CORE( 1739): HW_API: [setForceFeedbackAmplitude]amplitude: 10000
02-09 23:28:59.151 E/SecVibrator-HAL-AIDL-CORE( 1739): HW_API: [uploadForceFeedbackeffect]ioctl success ,uploaded effect with ID: 0
02-09 23:28:59.151 E/SecVibrator-HAL-AIDL-CORE( 1739): HW_API: do_on for timeoutMs: 1000
02-09 23:28:59.151 E/SecVibrator-HAL-AIDL-CORE( 1739): HW_API: [triggerForceFeedbackVibration]on: 1
02-09 23:28:59.261 E/SecVibrator-HAL-AIDL-CORE( 1739): V_2_0: Vibrator off
02-09 23:28:59.261 E/SecVibrator-HAL-AIDL-CORE( 1739): HW_API: do_off
02-09 23:28:59.261 E/SecVibrator-HAL-AIDL-CORE( 1739): HW_API: [triggerForceFeedbackVibration]on: 0
02-09 23:28:59.418 E/HeatmapThread( 1776): ECT Thread time in milliseconds: 1770668939
02-09 23:28:59.425 E/HeatmapThread( 1776): !@ CAM New BSOH: 100
02-09 23:28:59.425 E/HeatmapThread( 1776): !@ CAM is Working
02-09 23:28:59.547 E/SecVibrator-HAL-AIDL-EXT( 1739): V_5_0: performPrebakedHapticPattern 1 : 10000 : 0
02-09 23:28:59.547 E/SecVibrator-HAL-AIDL-CORE( 1739): HW_API: [setForceFeedbackAmplitude]amplitude: 10000
02-09 23:28:59.553 E/SecVibrator-HAL-AIDL-CORE( 1739): HW_API: [uploadForceFeedbackeffect]ioctl success ,uploaded effect with ID: 0
02-09 23:28:59.553 E/SecVibrator-HAL-AIDL-CORE( 1739): HW_API: do_on for timeoutMs: 1000
02-09 23:28:59.553 E/SecVibrator-HAL-AIDL-CORE( 1739): HW_API: [triggerForceFeedbackVibration]on: 1
02-09 23:28:59.587 E/SecVibrator-HAL-AIDL-CORE( 1739): V_2_0: Vibrator off
02-09 23:28:59.587 E/SecVibrator-HAL-AIDL-CORE( 1739): HW_API: do_off
02-09 23:28:59.587 E/SecVibrator-HAL-AIDL-CORE( 1739): HW_API: [triggerForceFeedbackVibration]on: 0
02-09 23:28:59.591 E/SecVibrator-HAL-AIDL-EXT( 1739): V_5_0: performPrebakedHapticPattern 1 : 10000 : 0
02-09 23:28:59.591 E/SecVibrator-HAL-AIDL-CORE( 1739): HW_API: [setForceFeedbackAmplitude]amplitude: 10000
02-09 23:28:59.596 E/SecVibrator-HAL-AIDL-CORE( 1739): HW_API: [uploadForceFeedbackeffect]ioctl success ,uploaded effect with ID: 0
02-09 23:28:59.596 E/SecVibrator-HAL-AIDL-CORE( 1739): HW_API: do_on for timeoutMs: 1000
02-09 23:28:59.596 E/SecVibrator-HAL-AIDL-CORE( 1739): HW_API: [triggerForceFeedbackVibration]on: 1
02-09 23:28:59.637 E/SecVibrator-HAL-AIDL-CORE( 1739): V_2_0: Vibrator off
02-09 23:28:59.637 E/SecVibrator-HAL-AIDL-CORE( 1739): HW_API: do_off
02-09 23:28:59.637 E/SecVibrator-HAL-AIDL-CORE( 1739): HW_API: [triggerForceFeedbackVibration]on: 0
02-09 23:28:59.640 E/SecVibrator-HAL-AIDL-EXT( 1739): V_5_0: performPrebakedHapticPattern 1 : 10000 : 0
02-09 23:28:59.640 E/SecVibrator-HAL-AIDL-CORE( 1739): HW_API: [setForceFeedbackAmplitude]amplitude: 10000
02-09 23:28:59.642 E/SecVibrator-HAL-AIDL-CORE( 1739): HW_API: [uploadForceFeedbackeffect]ioctl success ,uploaded effect with ID: 0
02-09 23:28:59.642 E/SecVibrator-HAL-AIDL-CORE( 1739): HW_API: do_on for timeoutMs: 1000
02-09 23:28:59.642 E/SecVibrator-HAL-AIDL-CORE( 1739): HW_API: [triggerForceFeedbackVibration]on: 1
02-09 23:28:59.680 E/SemWifiLinkQualityMonitor( 2640): Too old or invalid TMI: currentTime=1770668939680 lastDateWindow=1770658852000
02-09 23:28:59.681 E/InsController( 2640): Error in onOutageCountUpdate: android.net.VpnTransportInfo cannot be cast to android.net.wifi.WifiInfo
02-09 23:28:59.691 E/SecVibrator-HAL-AIDL-CORE( 1739): V_2_0: Vibrator off
02-09 23:28:59.691 E/SecVibrator-HAL-AIDL-CORE( 1739): HW_API: do_off
02-09 23:28:59.691 E/SecVibrator-HAL-AIDL-CORE( 1739): HW_API: [triggerForceFeedbackVibration]on: 0
02-09 23:28:59.692 E/SecVibrator-HAL-AIDL-EXT( 1739): V_5_0: performPrebakedHapticPattern 1 : 10000 : 0
02-09 23:28:59.692 E/SecVibrator-HAL-AIDL-CORE( 1739): HW_API: [setForceFeedbackAmplitude]amplitude: 10000
02-09 23:28:59.695 E/SecVibrator-HAL-AIDL-CORE( 1739): HW_API: [uploadForceFeedbackeffect]ioctl success ,uploaded effect with ID: 0
02-09 23:28:59.695 E/SecVibrator-HAL-AIDL-CORE( 1739): HW_API: do_on for timeoutMs: 1000
02-09 23:28:59.696 E/SecVibrator-HAL-AIDL-CORE( 1739): HW_API: [triggerForceFeedbackVibration]on: 1
02-09 23:28:59.739 E/SecVibrator-HAL-AIDL-CORE( 1739): V_2_0: Vibrator off
02-09 23:28:59.739 E/SecVibrator-HAL-AIDL-CORE( 1739): HW_API: do_off
02-09 23:28:59.740 E/SecVibrator-HAL-AIDL-CORE( 1739): HW_API: [triggerForceFeedbackVibration]on: 0
02-09 23:28:59.744 E/SecVibrator-HAL-AIDL-EXT( 1739): V_5_0: performPrebakedHapticPattern 1 : 10000 : 0
02-09 23:28:59.745 E/SecVibrator-HAL-AIDL-CORE( 1739): HW_API: [setForceFeedbackAmplitude]amplitude: 10000
02-09 23:28:59.750 E/SecVibrator-HAL-AIDL-CORE( 1739): HW_API: [uploadForceFeedbackeffect]ioctl success ,uploaded effect with ID: 0
02-09 23:28:59.751 E/SecVibrator-HAL-AIDL-CORE( 1739): HW_API: do_on for timeoutMs: 1000
02-09 23:28:59.751 E/SecVibrator-HAL-AIDL-CORE( 1739): HW_API: [triggerForceFeedbackVibration]on: 1
02-09 23:28:59.788 E/SecVibrator-HAL-AIDL-CORE( 1739): V_2_0: Vibrator off
02-09 23:28:59.788 E/SecVibrator-HAL-AIDL-CORE( 1739): HW_API: do_off
02-09 23:28:59.788 E/SecVibrator-HAL-AIDL-CORE( 1739): HW_API: [triggerForceFeedbackVibration]on: 0
02-09 23:28:59.793 E/SecVibrator-HAL-AIDL-EXT( 1739): V_5_0: performPrebakedHapticPattern 1 : 10000 : 0
02-09 23:28:59.794 E/SecVibrator-HAL-AIDL-CORE( 1739): HW_API: [setForceFeedbackAmplitude]amplitude: 10000
02-09 23:28:59.799 E/SecVibrator-HAL-AIDL-CORE( 1739): HW_API: [uploadForceFeedbackeffect]ioctl success ,uploaded effect with ID: 0
02-09 23:28:59.799 E/SecVibrator-HAL-AIDL-CORE( 1739): HW_API: do_on for timeoutMs: 1000
02-09 23:28:59.799 E/SecVibrator-HAL-AIDL-CORE( 1739): HW_API: [triggerForceFeedbackVibration]on: 1
02-09 23:28:59.839 E/SecVibrator-HAL-AIDL-CORE( 1739): V_2_0: Vibrator off
02-09 23:28:59.839 E/SecVibrator-HAL-AIDL-CORE( 1739): HW_API: do_off
02-09 23:28:59.839 E/SecVibrator-HAL-AIDL-CORE( 1739): HW_API: [triggerForceFeedbackVibration]on: 0
02-09 23:28:59.841 E/SecVibrator-HAL-AIDL-EXT( 1739): V_5_0: performPrebakedHapticPattern 1 : 10000 : 0
02-09 23:28:59.841 E/SecVibrator-HAL-AIDL-CORE( 1739): HW_API: [setForceFeedbackAmplitude]amplitude: 10000
02-09 23:28:59.843 E/SecVibrator-HAL-AIDL-CORE( 1739): HW_API: [uploadForceFeedbackeffect]ioctl success ,uploaded effect with ID: 0
02-09 23:28:59.843 E/SecVibrator-HAL-AIDL-CORE( 1739): HW_API: do_on for timeoutMs: 1000
02-09 23:28:59.843 E/SecVibrator-HAL-AIDL-CORE( 1739): HW_API: [triggerForceFeedbackVibration]on: 1
02-09 23:28:59.887 E/SecVibrator-HAL-AIDL-CORE( 1739): V_2_0: Vibrator off
02-09 23:28:59.887 E/SecVibrator-HAL-AIDL-CORE( 1739): HW_API: do_off
02-09 23:28:59.887 E/SecVibrator-HAL-AIDL-CORE( 1739): HW_API: [triggerForceFeedbackVibration]on: 0
02-09 23:28:59.890 E/SecVibrator-HAL-AIDL-EXT( 1739): V_5_0: performPrebakedHapticPattern 1 : 10000 : 0
02-09 23:28:59.890 E/SecVibrator-HAL-AIDL-CORE( 1739): HW_API: [setForceFeedbackAmplitude]amplitude: 10000
02-09 23:28:59.891 E/SecVibrator-HAL-AIDL-CORE( 1739): HW_API: [uploadForceFeedbackeffect]ioctl success ,uploaded effect with ID: 0
02-09 23:28:59.891 E/SecVibrator-HAL-AIDL-CORE( 1739): HW_API: do_on for timeoutMs: 1000
02-09 23:28:59.891 E/SecVibrator-HAL-AIDL-CORE( 1739): HW_API: [triggerForceFeedbackVibration]on: 1
02-09 23:28:59.938 E/SecVibrator-HAL-AIDL-CORE( 1739): V_2_0: Vibrator off
02-09 23:28:59.938 E/SecVibrator-HAL-AIDL-CORE( 1739): HW_API: do_off
02-09 23:28:59.938 E/SecVibrator-HAL-AIDL-CORE( 1739): HW_API: [triggerForceFeedbackVibration]on: 0
02-09 23:28:59.940 E/SecVibrator-HAL-AIDL-EXT( 1739): V_5_0: performPrebakedHapticPattern 1 : 10000 : 0
02-09 23:28:59.941 E/SecVibrator-HAL-AIDL-CORE( 1739): HW_API: [setForceFeedbackAmplitude]amplitude: 10000
02-09 23:28:59.944 E/SecVibrator-HAL-AIDL-CORE( 1739): HW_API: [uploadForceFeedbackeffect]ioctl success ,uploaded effect with ID: 0
02-09 23:28:59.944 E/SecVibrator-HAL-AIDL-CORE( 1739): HW_API: do_on for timeoutMs: 1000
02-09 23:28:59.944 E/SecVibrator-HAL-AIDL-CORE( 1739): HW_API: [triggerForceFeedbackVibration]on: 1
02-09 23:28:59.988 E/SecVibrator-HAL-AIDL-CORE( 1739): V_2_0: Vibrator off
02-09 23:28:59.988 E/SecVibrator-HAL-AIDL-CORE( 1739): HW_API: do_off
02-09 23:28:59.988 E/SecVibrator-HAL-AIDL-CORE( 1739): HW_API: [triggerForceFeedbackVibration]on: 0
02-09 23:28:59.991 E/SecVibrator-HAL-AIDL-EXT( 1739): V_5_0: performPrebakedHapticPattern 1 : 10000 : 0
02-09 23:28:59.991 E/SecVibrator-HAL-AIDL-CORE( 1739): HW_API: [setForceFeedbackAmplitude]amplitude: 10000
02-09 23:28:59.993 E/SecVibrator-HAL-AIDL-CORE( 1739): HW_API: [uploadForceFeedbackeffect]ioctl success ,uploaded effect with ID: 0
02-09 23:28:59.993 E/SecVibrator-HAL-AIDL-CORE( 1739): HW_API: do_on for timeoutMs: 1000
02-09 23:28:59.993 E/SecVibrator-HAL-AIDL-CORE( 1739): HW_API: [triggerForceFeedbackVibration]on: 1
02-09 23:29:00.037 E/SecVibrator-HAL-AIDL-CORE( 1739): V_2_0: Vibrator off
02-09 23:29:00.037 E/SecVibrator-HAL-AIDL-CORE( 1739): HW_API: do_off
02-09 23:29:00.037 E/SecVibrator-HAL-AIDL-CORE( 1739): HW_API: [triggerForceFeedbackVibration]on: 0
02-09 23:29:00.042 E/SecVibrator-HAL-AIDL-EXT( 1739): V_5_0: performPrebakedHapticPattern 1 : 10000 : 0
02-09 23:29:00.042 E/SecVibrator-HAL-AIDL-CORE( 1739): HW_API: [setForceFeedbackAmplitude]amplitude: 10000
02-09 23:29:00.044 E/SecVibrator-HAL-AIDL-CORE( 1739): HW_API: [uploadForceFeedbackeffect]ioctl success ,uploaded effect with ID: 0
02-09 23:29:00.044 E/SecVibrator-HAL-AIDL-CORE( 1739): HW_API: do_on for timeoutMs: 1000
02-09 23:29:00.044 E/SecVibrator-HAL-AIDL-CORE( 1739): HW_API: [triggerForceFeedbackVibration]on: 1
02-09 23:29:00.088 E/SecVibrator-HAL-AIDL-CORE( 1739): V_2_0: Vibrator off
02-09 23:29:00.088 E/SecVibrator-HAL-AIDL-CORE( 1739): HW_API: do_off
02-09 23:29:00.088 E/SecVibrator-HAL-AIDL-CORE( 1739): HW_API: [triggerForceFeedbackVibration]on: 0
02-09 23:29:00.091 E/SecVibrator-HAL-AIDL-EXT( 1739): V_5_0: performPrebakedHapticPattern 1 : 10000 : 0
02-09 23:29:00.091 E/SecVibrator-HAL-AIDL-CORE( 1739): HW_API: [setForceFeedbackAmplitude]amplitude: 10000
02-09 23:29:00.093 E/SecVibrator-HAL-AIDL-CORE( 1739): HW_API: [uploadForceFeedbackeffect]ioctl success ,uploaded effect with ID: 0
02-09 23:29:00.094 E/SecVibrator-HAL-AIDL-CORE( 1739): HW_API: do_on for timeoutMs: 1000
02-09 23:29:00.094 E/SecVibrator-HAL-AIDL-CORE( 1739): HW_API: [triggerForceFeedbackVibration]on: 1
02-09 23:29:00.213 E/SecVibrator-HAL-AIDL-CORE( 1739): V_2_0: Vibrator off
02-09 23:29:00.213 E/SecVibrator-HAL-AIDL-CORE( 1739): HW_API: do_off
02-09 23:29:00.213 E/SecVibrator-HAL-AIDL-CORE( 1739): HW_API: [triggerForceFeedbackVibration]on: 0
02-09 23:29:00.241 E/r.afooddelivery(11993): hiddenapi: Accessing hidden method Lcom/android/org/conscrypt/ConscryptEngineSocket;->setUseSessionTickets(Z)V (runtime_flags=CorePlatformApi, domain=core-platform, api=max-target-q,core-platform-api) from Lcom/squareup/okhttp/internal/d; (domain=app) using reflection: denied
02-09 23:29:00.241 E/r.afooddelivery(11993): hiddenapi: Accessing hidden method Lcom/android/org/conscrypt/OpenSSLSocketImpl;->setUseSessionTickets(Z)V (runtime_flags=CorePlatformApi, domain=core-platform, api=max-target-q,core-platform-api) from Lcom/squareup/okhttp/internal/d; (domain=app) using reflection: denied
02-09 23:29:00.241 E/r.afooddelivery(11993): hiddenapi: Accessing hidden method Lcom/android/org/conscrypt/AbstractConscryptSocket;->setUseSessionTickets(Z)V (runtime_flags=0, domain=core-platform, api=max-target-q) from Lcom/squareup/okhttp/internal/d; (domain=app) using reflection: denied
02-09 23:29:00.241 E/r.afooddelivery(11993): hiddenapi: Accessing hidden method Lcom/android/org/conscrypt/ConscryptEngineSocket;->setHostname(Ljava/lang/String;)V (runtime_flags=CorePlatformApi, domain=core-platform, api=max-target-q,core-platform-api) from Lcom/squareup/okhttp/internal/d; (domain=app) using reflection: denied
02-09 23:29:00.241 E/r.afooddelivery(11993): hiddenapi: Accessing hidden method Lcom/android/org/conscrypt/OpenSSLSocketImpl;->setHostname(Ljava/lang/String;)V (runtime_flags=CorePlatformApi, domain=core-platform, api=max-target-q,core-platform-api) from Lcom/squareup/okhttp/internal/d; (domain=app) using reflection: denied
02-09 23:29:00.241 E/r.afooddelivery(11993): hiddenapi: Accessing hidden method Lcom/android/org/conscrypt/AbstractConscryptSocket;->setHostname(Ljava/lang/String;)V (runtime_flags=0, domain=core-platform, api=max-target-q) from Lcom/squareup/okhttp/internal/d; (domain=app) using reflection: denied
02-09 23:29:00.241 E/r.afooddelivery(11993): hiddenapi: Accessing hidden method Lcom/android/org/conscrypt/OpenSSLSocketImpl;->setAlpnProtocols([B)V (runtime_flags=CorePlatformApi, domain=core-platform, api=max-target-q,core-platform-api) from Lcom/squareup/okhttp/internal/d; (domain=app) using reflection: denied
02-09 23:29:00.241 E/r.afooddelivery(11993): hiddenapi: Accessing hidden method Lcom/android/org/conscrypt/AbstractConscryptSocket;->setAlpnProtocols([B)V (runtime_flags=0, domain=core-platform, api=max-target-q) from Lcom/squareup/okhttp/internal/d; (domain=app) using reflection: denied
02-09 23:29:00.418 E/HeatmapThread( 1776): ECT Thread time in milliseconds: 1770668940
02-09 23:29:00.422 E/HeatmapThread( 1776): !@ CAM New BSOH: 100
02-09 23:29:00.422 E/HeatmapThread( 1776): !@ CAM is Working
02-09 23:29:00.479 E/r.afooddelivery(11993): hiddenapi: Accessing hidden method Lcom/android/org/conscrypt/OpenSSLSocketImpl;->getAlpnSelectedProtocol()[B (runtime_flags=CorePlatformApi, domain=core-platform, api=max-target-q,core-platform-api) from Lcom/squareup/okhttp/internal/d; (domain=app) using reflection: denied
02-09 23:29:00.480 E/r.afooddelivery(11993): hiddenapi: Accessing hidden method Lcom/android/org/conscrypt/AbstractConscryptSocket;->getAlpnSelectedProtocol()[B (runtime_flags=0, domain=core-platform, api=max-target-q) from Lcom/squareup/okhttp/internal/d; (domain=app) using reflection: denied
02-09 23:29:01.418 E/HeatmapThread( 1776): ECT Thread time in milliseconds: 1770668941
02-09 23:29:01.424 E/HeatmapThread( 1776): !@ CAM New BSOH: 100
02-09 23:29:01.424 E/HeatmapThread( 1776): !@ CAM is Working
02-09 23:29:02.066 E/r.afooddelivery(11993): hiddenapi: Accessing hidden method Lcom/android/org/conscrypt/ConscryptEngineSocket;->setUseSessionTickets(Z)V (runtime_flags=CorePlatformApi, domain=core-platform, api=max-target-q,core-platform-api) from Lcom/squareup/okhttp/internal/d; (domain=app) using reflection: denied
02-09 23:29:02.066 E/r.afooddelivery(11993): hiddenapi: Accessing hidden method Lcom/android/org/conscrypt/OpenSSLSocketImpl;->setUseSessionTickets(Z)V (runtime_flags=CorePlatformApi, domain=core-platform, api=max-target-q,core-platform-api) from Lcom/squareup/okhttp/internal/d; (domain=app) using reflection: denied
02-09 23:29:02.066 E/r.afooddelivery(11993): hiddenapi: Accessing hidden method Lcom/android/org/conscrypt/AbstractConscryptSocket;->setUseSessionTickets(Z)V (runtime_flags=0, domain=core-platform, api=max-target-q) from Lcom/squareup/okhttp/internal/d; (domain=app) using reflection: denied
02-09 23:29:02.067 E/r.afooddelivery(11993): hiddenapi: Accessing hidden method Lcom/android/org/conscrypt/ConscryptEngineSocket;->setHostname(Ljava/lang/String;)V (runtime_flags=CorePlatformApi, domain=core-platform, api=max-target-q,core-platform-api) from Lcom/squareup/okhttp/internal/d; (domain=app) using reflection: denied
02-09 23:29:02.067 E/r.afooddelivery(11993): hiddenapi: Accessing hidden method Lcom/android/org/conscrypt/OpenSSLSocketImpl;->setHostname(Ljava/lang/String;)V (runtime_flags=CorePlatformApi, domain=core-platform, api=max-target-q,core-platform-api) from Lcom/squareup/okhttp/internal/d; (domain=app) using reflection: denied
02-09 23:29:02.067 E/r.afooddelivery(11993): hiddenapi: Accessing hidden method Lcom/android/org/conscrypt/AbstractConscryptSocket;->setHostname(Ljava/lang/String;)V (runtime_flags=0, domain=core-platform, api=max-target-q) from Lcom/squareup/okhttp/internal/d; (domain=app) using reflection: denied
02-09 23:29:02.067 E/r.afooddelivery(11993): hiddenapi: Accessing hidden method Lcom/android/org/conscrypt/OpenSSLSocketImpl;->setAlpnProtocols([B)V (runtime_flags=CorePlatformApi, domain=core-platform, api=max-target-q,core-platform-api) from Lcom/squareup/okhttp/internal/d; (domain=app) using reflection: denied
02-09 23:29:02.067 E/r.afooddelivery(11993): hiddenapi: Accessing hidden method Lcom/android/org/conscrypt/AbstractConscryptSocket;->setAlpnProtocols([B)V (runtime_flags=0, domain=core-platform, api=max-target-q) from Lcom/squareup/okhttp/internal/d; (domain=app) using reflection: denied
02-09 23:29:02.281 E/SecVibrator-HAL-AIDL-EXT( 1739): V_5_0: performPrebakedHapticPattern 1 : 10000 : 0
02-09 23:29:02.281 E/SecVibrator-HAL-AIDL-CORE( 1739): HW_API: [setForceFeedbackAmplitude]amplitude: 10000
02-09 23:29:02.284 E/SecVibrator-HAL-AIDL-CORE( 1739): HW_API: [uploadForceFeedbackeffect]ioctl success ,uploaded effect with ID: 0
02-09 23:29:02.284 E/SecVibrator-HAL-AIDL-CORE( 1739): HW_API: do_on for timeoutMs: 1000
02-09 23:29:02.284 E/SecVibrator-HAL-AIDL-CORE( 1739): HW_API: [triggerForceFeedbackVibration]on: 1
02-09 23:29:02.320 E/r.afooddelivery(11993): hiddenapi: Accessing hidden method Lcom/android/org/conscrypt/OpenSSLSocketImpl;->getAlpnSelectedProtocol()[B (runtime_flags=CorePlatformApi, domain=core-platform, api=max-target-q,core-platform-api) from Lcom/squareup/okhttp/internal/d; (domain=app) using reflection: denied
02-09 23:29:02.320 E/r.afooddelivery(11993): hiddenapi: Accessing hidden method Lcom/android/org/conscrypt/AbstractConscryptSocket;->getAlpnSelectedProtocol()[B (runtime_flags=0, domain=core-platform, api=max-target-q) from Lcom/squareup/okhttp/internal/d; (domain=app) using reflection: denied
02-09 23:29:02.402 E/SecVibrator-HAL-AIDL-CORE( 1739): V_2_0: Vibrator off
02-09 23:29:02.402 E/SecVibrator-HAL-AIDL-CORE( 1739): HW_API: do_off
02-09 23:29:02.403 E/SecVibrator-HAL-AIDL-CORE( 1739): HW_API: [triggerForceFeedbackVibration]on: 0
02-09 23:29:02.418 E/HeatmapThread( 1776): ECT Thread time in milliseconds: 1770668942
02-09 23:29:02.422 E/HeatmapThread( 1776): !@ CAM New BSOH: 100
02-09 23:29:02.422 E/HeatmapThread( 1776): !@ CAM is Working
02-09 23:29:02.703 E/SemWifiLinkQualityMonitor( 2640): Too old or invalid TMI: currentTime=1770668942703 lastDateWindow=1770658852000
02-09 23:29:02.708 E/InsController( 2640): Error in onOutageCountUpdate: android.net.VpnTransportInfo cannot be cast to android.net.wifi.WifiInfo
02-09 23:29:03.138 E/SecVibrator-HAL-AIDL-EXT( 1739): V_5_0: performPrebakedHapticPattern 1 : 10000 : 0
02-09 23:29:03.138 E/SecVibrator-HAL-AIDL-CORE( 1739): HW_API: [setForceFeedbackAmplitude]amplitude: 10000
02-09 23:29:03.144 E/SecVibrator-HAL-AIDL-CORE( 1739): HW_API: [uploadForceFeedbackeffect]ioctl success ,uploaded effect with ID: 0
02-09 23:29:03.144 E/SecVibrator-HAL-AIDL-CORE( 1739): HW_API: do_on for timeoutMs: 1000
02-09 23:29:03.144 E/SecVibrator-HAL-AIDL-CORE( 1739): HW_API: [triggerForceFeedbackVibration]on: 1
02-09 23:29:03.259 E/SecVibrator-HAL-AIDL-CORE( 1739): V_2_0: Vibrator off
02-09 23:29:03.259 E/SecVibrator-HAL-AIDL-CORE( 1739): HW_API: do_off
02-09 23:29:03.260 E/SecVibrator-HAL-AIDL-CORE( 1739): HW_API: [triggerForceFeedbackVibration]on: 0
02-09 23:29:03.418 E/HeatmapThread( 1776): ECT Thread time in milliseconds: 1770668943
02-09 23:29:03.420 E/HeatmapThread( 1776): !@ CAM New BSOH: 100
02-09 23:29:03.420 E/HeatmapThread( 1776): !@ CAM is Working
02-09 23:29:03.844 E/r.afooddelivery(11993): hiddenapi: Accessing hidden method Lcom/android/org/conscrypt/ConscryptEngineSocket;->setUseSessionTickets(Z)V (runtime_flags=CorePlatformApi, domain=core-platform, api=max-target-q,core-platform-api) from Lcom/squareup/okhttp/internal/d; (domain=app) using reflection: denied
02-09 23:29:03.844 E/r.afooddelivery(11993): hiddenapi: Accessing hidden method Lcom/android/org/conscrypt/OpenSSLSocketImpl;->setUseSessionTickets(Z)V (runtime_flags=CorePlatformApi, domain=core-platform, api=max-target-q,core-platform-api) from Lcom/squareup/okhttp/internal/d; (domain=app) using reflection: denied
02-09 23:29:03.844 E/r.afooddelivery(11993): hiddenapi: Accessing hidden method Lcom/android/org/conscrypt/AbstractConscryptSocket;->setUseSessionTickets(Z)V (runtime_flags=0, domain=core-platform, api=max-target-q) from Lcom/squareup/okhttp/internal/d; (domain=app) using reflection: denied
02-09 23:29:03.845 E/r.afooddelivery(11993): hiddenapi: Accessing hidden method Lcom/android/org/conscrypt/ConscryptEngineSocket;->setHostname(Ljava/lang/String;)V (runtime_flags=CorePlatformApi, domain=core-platform, api=max-target-q,core-platform-api) from Lcom/squareup/okhttp/internal/d; (domain=app) using reflection: denied
02-09 23:29:03.845 E/r.afooddelivery(11993): hiddenapi: Accessing hidden method Lcom/android/org/conscrypt/OpenSSLSocketImpl;->setHostname(Ljava/lang/String;)V (runtime_flags=CorePlatformApi, domain=core-platform, api=max-target-q,core-platform-api) from Lcom/squareup/okhttp/internal/d; (domain=app) using reflection: denied
02-09 23:29:03.845 E/r.afooddelivery(11993): hiddenapi: Accessing hidden method Lcom/android/org/conscrypt/AbstractConscryptSocket;->setHostname(Ljava/lang/String;)V (runtime_flags=0, domain=core-platform, api=max-target-q) from Lcom/squareup/okhttp/internal/d; (domain=app) using reflection: denied
02-09 23:29:03.845 E/r.afooddelivery(11993): hiddenapi: Accessing hidden method Lcom/android/org/conscrypt/OpenSSLSocketImpl;->setAlpnProtocols([B)V (runtime_flags=CorePlatformApi, domain=core-platform, api=max-target-q,core-platform-api) from Lcom/squareup/okhttp/internal/d; (domain=app) using reflection: denied
02-09 23:29:03.845 E/r.afooddelivery(11993): hiddenapi: Accessing hidden method Lcom/android/org/conscrypt/AbstractConscryptSocket;->setAlpnProtocols([B)V (runtime_flags=0, domain=core-platform, api=max-target-q) from Lcom/squareup/okhttp/internal/d; (domain=app) using reflection: denied
02-09 23:29:04.156 E/r.afooddelivery(11993): hiddenapi: Accessing hidden method Lcom/android/org/conscrypt/OpenSSLSocketImpl;->getAlpnSelectedProtocol()[B (runtime_flags=CorePlatformApi, domain=core-platform, api=max-target-q,core-platform-api) from Lcom/squareup/okhttp/internal/d; (domain=app) using reflection: denied
02-09 23:29:04.156 E/r.afooddelivery(11993): hiddenapi: Accessing hidden method Lcom/android/org/conscrypt/AbstractConscryptSocket;->getAlpnSelectedProtocol()[B (runtime_flags=0, domain=core-platform, api=max-target-q) from Lcom/squareup/okhttp/internal/d; (domain=app) using reflection: denied
02-09 23:29:04.238 E/ActivityThread(14409): Failed to find provider info for org.voxmatrix.app.AutofillThirdPartyModeContentProvider
02-09 23:29:04.418 E/HeatmapThread( 1776): ECT Thread time in milliseconds: 1770668944
02-09 23:29:04.424 E/HeatmapThread( 1776): !@ CAM New BSOH: 100
02-09 23:29:04.424 E/HeatmapThread( 1776): !@ CAM is Working
02-09 23:29:05.368 E/SecVibrator-HAL-AIDL-EXT( 1739): V_5_0: performPrebakedHapticPattern 1 : 10000 : 0
02-09 23:29:05.368 E/SecVibrator-HAL-AIDL-CORE( 1739): HW_API: [setForceFeedbackAmplitude]amplitude: 10000
02-09 23:29:05.375 E/SecVibrator-HAL-AIDL-CORE( 1739): HW_API: [uploadForceFeedbackeffect]ioctl success ,uploaded effect with ID: 0
02-09 23:29:05.375 E/SecVibrator-HAL-AIDL-CORE( 1739): HW_API: do_on for timeoutMs: 1000
02-09 23:29:05.375 E/SecVibrator-HAL-AIDL-CORE( 1739): HW_API: [triggerForceFeedbackVibration]on: 1
02-09 23:29:05.418 E/HeatmapThread( 1776): ECT Thread time in milliseconds: 1770668945
02-09 23:29:05.423 E/HeatmapThread( 1776): !@ CAM New BSOH: 100
02-09 23:29:05.423 E/HeatmapThread( 1776): !@ CAM is Working
02-09 23:29:05.434 E/SecVibrator-HAL-AIDL-CORE( 1739): V_2_0: Vibrator off
02-09 23:29:05.435 E/SecVibrator-HAL-AIDL-CORE( 1739): HW_API: do_off
02-09 23:29:05.435 E/SecVibrator-HAL-AIDL-CORE( 1739): HW_API: [triggerForceFeedbackVibration]on: 0
02-09 23:29:05.438 E/SecVibrator-HAL-AIDL-EXT( 1739): V_5_0: performPrebakedHapticPattern 1 : 10000 : 0
02-09 23:29:05.438 E/SecVibrator-HAL-AIDL-CORE( 1739): HW_API: [setForceFeedbackAmplitude]amplitude: 10000
02-09 23:29:05.443 E/SecVibrator-HAL-AIDL-CORE( 1739): HW_API: [uploadForceFeedbackeffect]ioctl success ,uploaded effect with ID: 0
02-09 23:29:05.443 E/SecVibrator-HAL-AIDL-CORE( 1739): HW_API: do_on for timeoutMs: 1000
02-09 23:29:05.443 E/SecVibrator-HAL-AIDL-CORE( 1739): HW_API: [triggerForceFeedbackVibration]on: 1
02-09 23:29:05.558 E/SecVibrator-HAL-AIDL-CORE( 1739): V_2_0: Vibrator off
02-09 23:29:05.558 E/SecVibrator-HAL-AIDL-CORE( 1739): HW_API: do_off
02-09 23:29:05.558 E/SecVibrator-HAL-AIDL-CORE( 1739): HW_API: [triggerForceFeedbackVibration]on: 0
02-09 23:29:05.637 E/SecVibrator-HAL-AIDL-EXT( 1739): V_5_0: performPrebakedHapticPattern 1 : 10000 : 0
02-09 23:29:05.638 E/SecVibrator-HAL-AIDL-CORE( 1739): HW_API: [setForceFeedbackAmplitude]amplitude: 10000
02-09 23:29:05.643 E/SecVibrator-HAL-AIDL-CORE( 1739): HW_API: [uploadForceFeedbackeffect]ioctl success ,uploaded effect with ID: 0
02-09 23:29:05.643 E/SecVibrator-HAL-AIDL-CORE( 1739): HW_API: do_on for timeoutMs: 1000
02-09 23:29:05.643 E/SecVibrator-HAL-AIDL-CORE( 1739): HW_API: [triggerForceFeedbackVibration]on: 1
02-09 23:29:05.713 E/SemWifiLinkQualityMonitor( 2640): Too old or invalid TMI: currentTime=1770668945713 lastDateWindow=1770658852000
02-09 23:29:05.715 E/InsController( 2640): Error in onOutageCountUpdate: android.net.VpnTransportInfo cannot be cast to android.net.wifi.WifiInfo
02-09 23:29:05.734 E/SecVibrator-HAL-AIDL-CORE( 1739): V_2_0: Vibrator off
02-09 23:29:05.734 E/SecVibrator-HAL-AIDL-CORE( 1739): HW_API: do_off
02-09 23:29:05.734 E/SecVibrator-HAL-AIDL-CORE( 1739): HW_API: [triggerForceFeedbackVibration]on: 0
02-09 23:29:05.737 E/SecVibrator-HAL-AIDL-EXT( 1739): V_5_0: performPrebakedHapticPattern 1 : 10000 : 0
02-09 23:29:05.737 E/SecVibrator-HAL-AIDL-CORE( 1739): HW_API: [setForceFeedbackAmplitude]amplitude: 10000
02-09 23:29:05.740 E/SecVibrator-HAL-AIDL-CORE( 1739): HW_API: [uploadForceFeedbackeffect]ioctl success ,uploaded effect with ID: 0
02-09 23:29:05.740 E/SecVibrator-HAL-AIDL-CORE( 1739): HW_API: do_on for timeoutMs: 1000
02-09 23:29:05.740 E/SecVibrator-HAL-AIDL-CORE( 1739): HW_API: [triggerForceFeedbackVibration]on: 1
02-09 23:29:05.791 E/r.afooddelivery(11993): hiddenapi: Accessing hidden method Lcom/android/org/conscrypt/ConscryptEngineSocket;->setUseSessionTickets(Z)V (runtime_flags=CorePlatformApi, domain=core-platform, api=max-target-q,core-platform-api) from Lcom/squareup/okhttp/internal/d; (domain=app) using reflection: denied
02-09 23:29:05.791 E/r.afooddelivery(11993): hiddenapi: Accessing hidden method Lcom/android/org/conscrypt/OpenSSLSocketImpl;->setUseSessionTickets(Z)V (runtime_flags=CorePlatformApi, domain=core-platform, api=max-target-q,core-platform-api) from Lcom/squareup/okhttp/internal/d; (domain=app) using reflection: denied
02-09 23:29:05.791 E/r.afooddelivery(11993): hiddenapi: Accessing hidden method Lcom/android/org/conscrypt/AbstractConscryptSocket;->setUseSessionTickets(Z)V (runtime_flags=0, domain=core-platform, api=max-target-q) from Lcom/squareup/okhttp/internal/d; (domain=app) using reflection: denied
02-09 23:29:05.791 E/r.afooddelivery(11993): hiddenapi: Accessing hidden method Lcom/android/org/conscrypt/ConscryptEngineSocket;->setHostname(Ljava/lang/String;)V (runtime_flags=CorePlatformApi, domain=core-platform, api=max-target-q,core-platform-api) from Lcom/squareup/okhttp/internal/d; (domain=app) using reflection: denied
02-09 23:29:05.791 E/r.afooddelivery(11993): hiddenapi: Accessing hidden method Lcom/android/org/conscrypt/OpenSSLSocketImpl;->setHostname(Ljava/lang/String;)V (runtime_flags=CorePlatformApi, domain=core-platform, api=max-target-q,core-platform-api) from Lcom/squareup/okhttp/internal/d; (domain=app) using reflection: denied
02-09 23:29:05.791 E/r.afooddelivery(11993): hiddenapi: Accessing hidden method Lcom/android/org/conscrypt/AbstractConscryptSocket;->setHostname(Ljava/lang/String;)V (runtime_flags=0, domain=core-platform, api=max-target-q) from Lcom/squareup/okhttp/internal/d; (domain=app) using reflection: denied
02-09 23:29:05.791 E/r.afooddelivery(11993): hiddenapi: Accessing hidden method Lcom/android/org/conscrypt/OpenSSLSocketImpl;->setAlpnProtocols([B)V (runtime_flags=CorePlatformApi, domain=core-platform, api=max-target-q,core-platform-api) from Lcom/squareup/okhttp/internal/d; (domain=app) using reflection: denied
02-09 23:29:05.791 E/r.afooddelivery(11993): hiddenapi: Accessing hidden method Lcom/android/org/conscrypt/AbstractConscryptSocket;->setAlpnProtocols([B)V (runtime_flags=0, domain=core-platform, api=max-target-q) from Lcom/squareup/okhttp/internal/d; (domain=app) using reflection: denied
02-09 23:29:05.858 E/SecVibrator-HAL-AIDL-CORE( 1739): V_2_0: Vibrator off
02-09 23:29:05.858 E/SecVibrator-HAL-AIDL-CORE( 1739): HW_API: do_off
02-09 23:29:05.858 E/SecVibrator-HAL-AIDL-CORE( 1739): HW_API: [triggerForceFeedbackVibration]on: 0
02-09 23:29:06.032 E/r.afooddelivery(11993): hiddenapi: Accessing hidden method Lcom/android/org/conscrypt/OpenSSLSocketImpl;->getAlpnSelectedProtocol()[B (runtime_flags=CorePlatformApi, domain=core-platform, api=max-target-q,core-platform-api) from Lcom/squareup/okhttp/internal/d; (domain=app) using reflection: denied
02-09 23:29:06.032 E/r.afooddelivery(11993): hiddenapi: Accessing hidden method Lcom/android/org/conscrypt/AbstractConscryptSocket;->getAlpnSelectedProtocol()[B (runtime_flags=0, domain=core-platform, api=max-target-q) from Lcom/squareup/okhttp/internal/d; (domain=app) using reflection: denied
02-09 23:29:06.125 E/SecVibrator-HAL-AIDL-EXT( 1739): V_5_0: performPrebakedHapticPattern 1 : 10000 : 0
02-09 23:29:06.125 E/SecVibrator-HAL-AIDL-CORE( 1739): HW_API: [setForceFeedbackAmplitude]amplitude: 10000
02-09 23:29:06.129 E/SecVibrator-HAL-AIDL-CORE( 1739): HW_API: [uploadForceFeedbackeffect]ioctl success ,uploaded effect with ID: 0
02-09 23:29:06.130 E/SecVibrator-HAL-AIDL-CORE( 1739): HW_API: do_on for timeoutMs: 1000
02-09 23:29:06.130 E/SecVibrator-HAL-AIDL-CORE( 1739): HW_API: [triggerForceFeedbackVibration]on: 1
02-09 23:29:06.245 E/SecVibrator-HAL-AIDL-CORE( 1739): V_2_0: Vibrator off
02-09 23:29:06.245 E/SecVibrator-HAL-AIDL-CORE( 1739): HW_API: do_off
02-09 23:29:06.245 E/SecVibrator-HAL-AIDL-CORE( 1739): HW_API: [triggerForceFeedbackVibration]on: 0
02-09 23:29:06.392 E/SecVibrator-HAL-AIDL-EXT( 1739): V_5_0: performPrebakedHapticPattern 1 : 10000 : 0
02-09 23:29:06.393 E/SecVibrator-HAL-AIDL-CORE( 1739): HW_API: [setForceFeedbackAmplitude]amplitude: 10000
02-09 23:29:06.397 E/SecVibrator-HAL-AIDL-CORE( 1739): HW_API: [uploadForceFeedbackeffect]ioctl success ,uploaded effect with ID: 0
02-09 23:29:06.397 E/SecVibrator-HAL-AIDL-CORE( 1739): HW_API: do_on for timeoutMs: 1000
02-09 23:29:06.397 E/SecVibrator-HAL-AIDL-CORE( 1739): HW_API: [triggerForceFeedbackVibration]on: 1
02-09 23:29:06.418 E/HeatmapThread( 1776): ECT Thread time in milliseconds: 1770668946
02-09 23:29:06.429 E/HeatmapThread( 1776): !@ CAM New BSOH: 100
02-09 23:29:06.429 E/HeatmapThread( 1776): !@ CAM is Working
02-09 23:29:06.511 E/SecVibrator-HAL-AIDL-CORE( 1739): V_2_0: Vibrator off
02-09 23:29:06.511 E/SecVibrator-HAL-AIDL-CORE( 1739): HW_API: do_off
02-09 23:29:06.511 E/SecVibrator-HAL-AIDL-CORE( 1739): HW_API: [triggerForceFeedbackVibration]on: 0
02-09 23:29:06.828 E/ActivityThread(14409): Failed to find provider info for org.voxmatrix.app.AutofillThirdPartyModeContentProvider
02-09 23:29:07.079 E/BatteryDump( 1714): !@new_battery_dump : 4178,0,1125,3331,84,339,333,388,339,0,354,388,0,Not-charging,NO_CHARGING,Normal,Good,PDIC,0,Normal,0,0,9300,0x8000,0x11010000,0x0,0,0,0000,0000,00000000,0,0,0,0,329,4180,8378,990,0,
02-09 23:29:07.302 E/SecVibrator-HAL-AIDL-EXT( 1739): V_5_0: performPrebakedHapticPattern 1 : 10000 : 0
02-09 23:29:07.302 E/SecVibrator-HAL-AIDL-CORE( 1739): HW_API: [setForceFeedbackAmplitude]amplitude: 10000
02-09 23:29:07.306 E/SecVibrator-HAL-AIDL-CORE( 1739): HW_API: [uploadForceFeedbackeffect]ioctl success ,uploaded effect with ID: 0
02-09 23:29:07.306 E/SecVibrator-HAL-AIDL-CORE( 1739): HW_API: do_on for timeoutMs: 1000
02-09 23:29:07.306 E/SecVibrator-HAL-AIDL-CORE( 1739): HW_API: [triggerForceFeedbackVibration]on: 1
02-09 23:29:07.375 E/SecVibrator-HAL-AIDL-CORE( 1739): V_2_0: Vibrator off
02-09 23:29:07.375 E/SecVibrator-HAL-AIDL-CORE( 1739): HW_API: do_off
02-09 23:29:07.375 E/SecVibrator-HAL-AIDL-CORE( 1739): HW_API: [triggerForceFeedbackVibration]on: 0
02-09 23:29:07.378 E/SecVibrator-HAL-AIDL-EXT( 1739): V_5_0: performPrebakedHapticPattern 1 : 10000 : 0
02-09 23:29:07.379 E/SecVibrator-HAL-AIDL-CORE( 1739): HW_API: [setForceFeedbackAmplitude]amplitude: 10000
02-09 23:29:07.381 E/SecVibrator-HAL-AIDL-CORE( 1739): HW_API: [uploadForceFeedbackeffect]ioctl success ,uploaded effect with ID: 0
02-09 23:29:07.381 E/SecVibrator-HAL-AIDL-CORE( 1739): HW_API: do_on for timeoutMs: 1000
02-09 23:29:07.382 E/SecVibrator-HAL-AIDL-CORE( 1739): HW_API: [triggerForceFeedbackVibration]on: 1
02-09 23:29:07.419 E/HeatmapThread( 1776): ECT Thread time in milliseconds: 1770668947
02-09 23:29:07.425 E/HeatmapThread( 1776): !@ CAM New BSOH: 100
02-09 23:29:07.425 E/HeatmapThread( 1776): !@ CAM is Working
02-09 23:29:07.500 E/SecVibrator-HAL-AIDL-CORE( 1739): V_2_0: Vibrator off
02-09 23:29:07.500 E/SecVibrator-HAL-AIDL-CORE( 1739): HW_API: do_off
02-09 23:29:07.500 E/SecVibrator-HAL-AIDL-CORE( 1739): HW_API: [triggerForceFeedbackVibration]on: 0
02-09 23:29:07.575 E/SecVibrator-HAL-AIDL-EXT( 1739): V_5_0: performPrebakedHapticPattern 1 : 10000 : 0
02-09 23:29:07.575 E/SecVibrator-HAL-AIDL-CORE( 1739): HW_API: [setForceFeedbackAmplitude]amplitude: 10000
02-09 23:29:07.578 E/SecVibrator-HAL-AIDL-CORE( 1739): HW_API: [uploadForceFeedbackeffect]ioctl success ,uploaded effect with ID: 0
02-09 23:29:07.579 E/SecVibrator-HAL-AIDL-CORE( 1739): HW_API: do_on for timeoutMs: 1000
02-09 23:29:07.579 E/SecVibrator-HAL-AIDL-CORE( 1739): HW_API: [triggerForceFeedbackVibration]on: 1
02-09 23:29:07.696 E/SecVibrator-HAL-AIDL-CORE( 1739): V_2_0: Vibrator off
02-09 23:29:07.696 E/SecVibrator-HAL-AIDL-CORE( 1739): HW_API: do_off
02-09 23:29:07.696 E/SecVibrator-HAL-AIDL-CORE( 1739): HW_API: [triggerForceFeedbackVibration]on: 0
02-09 23:29:07.705 E/SecVibrator-HAL-AIDL-EXT( 1739): V_5_0: performPrebakedHapticPattern 1 : 10000 : 0
02-09 23:29:07.705 E/SecVibrator-HAL-AIDL-CORE( 1739): HW_API: [setForceFeedbackAmplitude]amplitude: 10000
02-09 23:29:07.707 E/SecVibrator-HAL-AIDL-CORE( 1739): HW_API: [uploadForceFeedbackeffect]ioctl success ,uploaded effect with ID: 0
02-09 23:29:07.708 E/SecVibrator-HAL-AIDL-CORE( 1739): HW_API: do_on for timeoutMs: 1000
02-09 23:29:07.708 E/SecVibrator-HAL-AIDL-CORE( 1739): HW_API: [triggerForceFeedbackVibration]on: 1
02-09 23:29:07.825 E/SecVibrator-HAL-AIDL-CORE( 1739): V_2_0: Vibrator off
02-09 23:29:07.825 E/SecVibrator-HAL-AIDL-CORE( 1739): HW_API: do_off
02-09 23:29:07.825 E/SecVibrator-HAL-AIDL-CORE( 1739): HW_API: [triggerForceFeedbackVibration]on: 0
02-09 23:29:08.315 E/SecVibrator-HAL-AIDL-EXT( 1739): V_5_0: performPrebakedHapticPattern 1 : 10000 : 0
02-09 23:29:08.315 E/SecVibrator-HAL-AIDL-CORE( 1739): HW_API: [setForceFeedbackAmplitude]amplitude: 10000
02-09 23:29:08.318 E/SecVibrator-HAL-AIDL-CORE( 1739): HW_API: [uploadForceFeedbackeffect]ioctl success ,uploaded effect with ID: 0
02-09 23:29:08.319 E/SecVibrator-HAL-AIDL-CORE( 1739): HW_API: do_on for timeoutMs: 1000
02-09 23:29:08.321 E/SecVibrator-HAL-AIDL-CORE( 1739): HW_API: [triggerForceFeedbackVibration]on: 1
02-09 23:29:08.418 E/HeatmapThread( 1776): ECT Thread time in milliseconds: 1770668948
02-09 23:29:08.425 E/HeatmapThread( 1776): !@ CAM New BSOH: 100
02-09 23:29:08.425 E/HeatmapThread( 1776): !@ CAM is Working
02-09 23:29:08.435 E/SecVibrator-HAL-AIDL-CORE( 1739): V_2_0: Vibrator off
02-09 23:29:08.435 E/SecVibrator-HAL-AIDL-CORE( 1739): HW_API: do_off
02-09 23:29:08.435 E/SecVibrator-HAL-AIDL-CORE( 1739): HW_API: [triggerForceFeedbackVibration]on: 0
02-09 23:29:08.728 E/SecVibrator-HAL-AIDL-EXT( 1739): V_5_0: performPrebakedHapticPattern 1 : 10000 : 0
02-09 23:29:08.729 E/SecVibrator-HAL-AIDL-CORE( 1739): HW_API: [setForceFeedbackAmplitude]amplitude: 10000
02-09 23:29:08.733 E/SecVibrator-HAL-AIDL-CORE( 1739): HW_API: [uploadForceFeedbackeffect]ioctl success ,uploaded effect with ID: 0
02-09 23:29:08.734 E/SecVibrator-HAL-AIDL-CORE( 1739): HW_API: do_on for timeoutMs: 1000
02-09 23:29:08.734 E/SecVibrator-HAL-AIDL-CORE( 1739): HW_API: [triggerForceFeedbackVibration]on: 1
