02-10 00:30:26.457  2640  3000 V WindowManager: Remove Window{b419258 u0 Application Not Responding: org.voxmatrix.app}: mSurfaceControl=Surface(name=Application Not Responding: org.voxmatrix.app)/@0x96a9223 mAnimatingExit=false mRemoveOnExit=false mHasSurface=true surfaceShowing=true animating=false app-animation=false callers=com.android.server.wm.Session.remove:16 android.view.ViewRootImpl.dispatchDetachedFromWindow:7915 android.view.ViewRootImpl.doDie:12278 android.view.ViewRootImpl.die:12237 android.view.WindowManagerGlobal.removeViewLocked:723 android.view.WindowManagerGlobal.removeView:654 
02-10 00:30:26.457  2640  3000 I WindowManager: Reparenting to leash, surface=Surface(name=b419258 Application Not Responding: org.voxmatrix.app)/@0x8cdb9a0, leashParent=Surface(name=WindowToken{452b3b type=2003 android.view.ViewRootImpl$W@e13ddca})/@0xfe6f959
02-10 00:30:26.457  5965  6453 D PipelineWatcher: onInputBufferReleased: frameIndex not found (70042); ignored
02-10 00:30:26.457  1804  2030 I SurfaceFlinger: id=10548 createSurf, flag=24000, Surface(name=b419258 Application Not Responding: org.voxmatrix.app)/@0x8cdb9a0 - animation-leash of window_animation#10548
02-10 00:30:26.458  2640  3000 D WindowManager: makeSurface duration=0 leash=Surface(name=Surface(name=b419258 Application Not Responding: org.voxmatrix.app)/@0x8cdb9a0 - animation-leash of window_animation)/@0x4f91320
02-10 00:30:26.458  2640  3000 I SurfaceComposerClient: captureLayers:childrenOnly:1, sync:1
02-10 00:30:26.459  2640  3004 D PowerManagerService: [api] setPowerBoost(L) boost:0, durationMs:0, caller (uid: 1000 pid: 2640) <- m() in com.android.server.display.DisplayManagerService$BinderService$$ExternalSyntheticOutline0:1
02-10 00:30:26.459  1804  1804 I SurfaceFlinger: [Display 0 name="Built-in Screen"#49] setFrameRateCategory: High
02-10 00:30:26.459  1804  1804 I SurfaceFlinger: [LayerHierarchy{RequestedLayerState{Input Consumer pip_input_consumer#10465 parentId=10 z=2147483646} no children}] reparent to LayerHierarchy{RequestedLayerState{DefaultTaskDisplayArea_d0#10 parentId=9} 10 children}
02-10 00:30:26.459  1804  1804 I SurfaceFlinger: [Surface(name=b419258 Application Not Responding: org.voxmatrix.app)/@0x8cdb9a0 - animation-leash of window_animation#10548] attach to parent LayerHierarchy{RequestedLayerState{WindowToken{452b3b type=2003 android.view.ViewRootImpl$W@e13ddca}#10542 parentId=13 z=2} 2 children}
02-10 00:30:26.460  1804  2030 I SurfaceFlinger: Capture layer list: 	 InputMethod$_6709#10522(seamlessTransition:0)
02-10 00:30:26.460  1804  2030 I CompositionEngine: [setDisplaySize] size=(1080, 2256)
02-10 00:30:26.460  1804  2044 D RenderEngine: [SEC_SF_EFFECTS] drawLayersInternal,1483, Rendering layer ScreenCaptureFillLayer at index 0
02-10 00:30:26.460  1804  2044 D RenderEngine: [SEC_SF_EFFECTS] drawLayersInternal,1483, Rendering layer InputMethod$_6709#10522 at index 1
02-10 00:30:26.461  2640  3002 I DisplayDeviceRepository: Display device changed render timings: "Built-in Screen", renderFrameRate=120.00001, presentationDeadlineNanos=9333333, appVsyncOffsetNanos=8333333, frameRateOverrides=[{uid=1000 frameRateHz=120.00001}, {uid=10049 frameRateHz=120.00001}, {uid=10178 frameRateHz=120.00001}, {uid=10442 frameRateHz=120.00001}, {uid=10474 frameRateHz=120.00001}]
02-10 00:30:26.461  2640  2640 D SGM:GameManager: onDisplayChanged. displyId: 0, state: 2
02-10 00:30:26.461  2640  2640 D SGM:GameManager: dpi: 450, longPixel: 2340, shortPixel: 1080
02-10 00:30:26.461  2640  5625 D LiftUpHandler: [LTW] Stopped already.
02-10 00:30:26.461  2640  2640 D AODManagerService: requestReCalToTSP IsSingleTouchMode = falserequestedReCalToTSP = false / previousDisplayState = ON
02-10 00:30:26.461  2640  3639 D SGM:FgCheckThread: onLooperPrepared(), msg: MSG_LCD_ON
02-10 00:30:26.461  1772 10310 D AudioFlinger: setParameters: filtered dev setParameters keyvalue screen_state=on
02-10 00:30:26.461  3998  3998 D DisplayLifecycle: updateDisplay id = 0
02-10 00:30:26.462  1641  1400 D AHAL: AudioDevice: SetParameters: 1865: enter
02-10 00:30:26.462  1641  1400 D AHAL: AudioVoice: VoiceSetParameters: 200: Enter
02-10 00:30:26.462  1641  1400 D AHAL: AudioVoice: VoiceSetParameters: 479: Exit ret: 0
02-10 00:30:26.462  1641  1400 D AHAL: hfp: hfp_set_parameters: 444: enter
02-10 00:30:26.462  1641  1400 D AHAL: AudioDevice: SetParameters: 1945:  - screen = on
02-10 00:30:26.462  1641  1400 I PAL: ResourceManager: setParameter: 10683: Screen State:1
02-10 00:30:26.462  1641  1400 D AHAL: AudioDevice: SetParameters: 2798: exit: screen_state=on
02-10 00:30:26.462  2640  3754 D AS.DesktopModeHelper: onDisplayChanged: #Id=0
02-10 00:30:26.462  1804  2031 I SurfaceFlinger: id=10549 createSurf, flag=44004, IME-snapshot-surface#10549
02-10 00:30:26.463  2640  7434 D WifiDisplayAdapter: isFitToActiveDisplayLocked : false
02-10 00:30:26.463  3998  4196 D StackScroller: onDisplayChanged for predraw skip to 2
02-10 00:30:26.463  2640  3000 D WindowManager: Changing focus from Window{b419258 u0 Application Not Responding: org.voxmatrix.app EXITING} to null displayId=0 Callers=com.android.server.wm.WindowState.removeIfPossible:602 com.android.server.wm.Session.remove:16 android.view.ViewRootImpl.dispatchDetachedFromWindow:7915 android.view.ViewRootImpl.doDie:12278 
02-10 00:30:26.463  2640  3000 I WindowManager: Cancelling animation restarting=true, leash=Surface(name=Surface(name=9ba7b39 StatusBar)/@0x73c0817 - animation-leash of insets_animation)/@0x8d14017
02-10 00:30:26.463  2640  3000 I WindowManager: Reparenting to original parent: Surface(name=WindowToken{c589700 type=2000 android.os.BinderProxy@72c9832})/@0x7d0a404, destroy=false, surface=Surface(name=9ba7b39 StatusBar)/@0x73c0817
02-10 00:30:26.463  2640  3000 I WindowManager: Reparenting to leash, surface=Surface(name=9ba7b39 StatusBar)/@0x73c0817, leashParent=Surface(name=WindowToken{c589700 type=2000 android.os.BinderProxy@72c9832})/@0x7d0a404
02-10 00:30:26.464  1804  2031 I SurfaceFlinger: id=10550 createSurf, flag=24000, Surface(name=9ba7b39 StatusBar)/@0x73c0817 - animation-leash of insets_animation#10550
02-10 00:30:26.464  2640  3000 D WindowManager: makeSurface duration=0 leash=Surface(name=Surface(name=9ba7b39 StatusBar)/@0x73c0817 - animation-leash of insets_animation)/@0xbca2d7f
02-10 00:30:26.464  2640  3000 D InsetsSourceProvider: updateControlForTarget: control=InsetsSourceControl: {f3f10000 mType=statusBars initiallyVisible mSurfacePosition=Point(0, 0) mInsetsHint=Insets{left=0, top=84, right=0, bottom=0}}, target=Window{12ea6d2 u0 org.voxmatrix.app/org.voxmatrix.app.MainActivity}, from=com.android.server.wm.InsetsStateController.onControlTargetChanged:83 com.android.server.wm.InsetsPolicy.updateBarControlTarget:212 com.android.server.wm.DisplayPolicy.updateSystemBarAttributes:262 com.android.server.wm.WindowManagerService.updateFocusedWindowLocked:372 com.android.server.wm.WindowState.removeIfPossible:602 
02-10 00:30:26.464  2640  3000 D WindowManager: updateSystemBarAttributes: displayId=0, focusedCanBeNavColorWin=false, win=Window{12ea6d2 u0 org.voxmatrix.app/org.voxmatrix.app.MainActivity}, navColorWin=Window{b419258 u0 Application Not Responding: org.voxmatrix.app EXITING}, caller=com.android.server.wm.WindowManagerService.updateFocusedWindowLocked:372 com.android.server.wm.WindowState.removeIfPossible:602 com.android.server.wm.Session.remove:16 
02-10 00:30:26.464  2640  3000 D WindowManager: updateSystemBarAttributes, bhv=1, apr=0, statusBarAprRegions=[AppearanceRegion{ bounds=[0,0][1080,2340]}], requestedVisibilities=-1
02-10 00:30:26.464  2640  3000 V SystemKeyManager: updateFocusedWindow() is called, 
02-10 00:30:26.464  2640  3000 D SurfaceComposerClient: setCornerRadius ## 98d5d23 org.jellyfin.mobile/org.jellyfin.mobile.MainActivity#7191 cornerRadius=0.000000
02-10 00:30:26.465  2640  3000 D SurfaceComposerClient: setCornerRadius ## 98d5d23 org.jellyfin.mobile/org.jellyfin.mobile.MainActivity#7191 cornerRadius=0.000000
02-10 00:30:26.465  2640  3000 D SurfaceComposerClient: setCornerRadius ## f617943 com.sec.android.app.launcher/com.sec.android.app.launcher.activities.LauncherActivity#123 cornerRadius=0.000000
02-10 00:30:26.465  2640  3000 D InputTransport: Input channel destroyed: 'b419258', fd=1281
02-10 00:30:26.465  5965  5965 I InsetsController: onStateChanged: host=org.jellyfin.mobile/org.jellyfin.mobile.MainActivity, from=android.view.ViewRootImpl.onInsetsStateChanged:3026, state=InsetsState: {mDisplayFrame=Rect(0, 0 - 1080, 2340), mDisplayCutout=DisplayCutout{insets=Rect(0, 84 - 0, 0) waterfall=Insets{left=0, top=0, right=0, bottom=0} boundingRect={Bounds=[Rect(0, 0 - 0, 0), Rect(515, 0 - 566, 84), Rect(0, 0 - 0, 0), Rect(0, 0 - 0, 0)]} cutoutPathParserInfo={CutoutPathParserInfo{displayWidth=1080 displayHeight=2340 physicalDisplayWidth=1080 physicalDisplayHeight=2340 density={2.8125} cutoutSpec={M 0,0 H -9.066666666666667 V 29.86666666666667 H 9.066666666666667 V 0 H 0 Z @dp} rotation={0} scale={1.0} physicalPixelDisplaySizeRatio={1.0}}} sideOverrides={}}, mRoundedCorners=RoundedCorners{[RoundedCorner{position=TopLeft, radius=6, center=Point(6, 6)}, RoundedCorner{position=TopRight, radius=6, center=Point(1074, 6)}, RoundedCorner{position=BottomRight, radius=6, center=Point(1074, 2334)}, RoundedCorner{position=BottomLeft, radius=6, center=Point(6, 2334)}]}  mRoundedCornerFrame=Rect(0, 0 - 0, 0), mPrivacyIndicatorBounds=PrivacyIndicatorBounds {static bounds=Rect(956, 0 - 1080, 84) rotation=0}, mDisplayShape=DisplayShape{ spec=1406003047 displayWidth=1080 displayHeight=2340 physicalPixelDisplaySizeRatio=0.75 rotation=0 offsetX=0 offsetY=0 scale=1.0}, mSources= {  }
02-10 00:30:26.465  3998  4106 D WindowManagerShell: onKeepClearAreasChanged: restricted={}, unrestricted={Rect(0, 1447 - 1080, 2340)}
02-10 00:30:26.465  2640  3003 D SurfaceComposerClient: setCornerRadius ## 98d5d23 org.jellyfin.mobile/org.jellyfin.mobile.MainActivity#7191 cornerRadius=0.000000
02-10 00:30:26.465  2640  3003 D SurfaceComposerClient: setCornerRadius ## f617943 com.sec.android.app.launcher/com.sec.android.app.launcher.activities.LauncherActivity#123 cornerRadius=0.000000
02-10 00:30:26.465  2640  7553 D InputDispatcher: Focus left window (0): b419258 Application Not Responding: org.voxmatrix.app
02-10 00:30:26.467  2640  3002 V WindowManager: Unknown focus tokens, dropping reportFocusChanged
02-10 00:30:26.467  5965  5965 I VRI[MainActivity]@cc40df9: handleResized, frames=ClientWindowFrames{frame=[260,129][1035,565] display=[260,129][1035,565] parentFrame=[0,0][0,0]} displayId=0 dragResizing=false compatScale=1.0 frameChanged=false attachedFrameChanged=false configChanged=false displayChanged=false compatScaleChanged=false dragResizingChanged=false
02-10 00:30:26.467  1804  1804 I SurfaceFlinger: RequestedLayer [IME-snapshot-surface#10549] hidden!! flag  from(1) --> to(0)
02-10 00:30:26.467  1804  1804 I SurfaceFlinger: [LayerHierarchy{RequestedLayerState{ImeContainer#15 parentId=10473 relativeParentId=10473 z=1} 1 children}] RelativeParent to null
02-10 00:30:26.467  1804  1804 I SurfaceFlinger: [LayerHierarchy{RequestedLayerState{9ba7b39 StatusBar#95 parentId=10550} 1 children}] reparent to LayerHierarchy{RequestedLayerState{Surface(name=9ba7b39 StatusBar)/@0x73c0817 - animation-leash of insets_animation#10550 parentId=94} 1 children}
02-10 00:30:26.467  1804  1804 I SurfaceFlinger: [LayerHierarchy{RequestedLayerState{b419258 Application Not Responding: org.voxmatrix.app#10543 parentId=10548} 2 children}] reparent to LayerHierarchy{RequestedLayerState{Surface(name=b419258 Application Not Responding: org.voxmatrix.app)/@0x8cdb9a0 - animation-leash of window_animation#10548 parentId=10542} 1 children}
02-10 00:30:26.467  1804  1804 I SurfaceFlinger: [LayerHierarchy{RequestedLayerState{Surface(name=9ba7b39 StatusBar)/@0x73c0817 - animation-leash of insets_animation#10544} no children}] reparent to OffscreenRoot
02-10 00:30:26.467  1804  1804 I SurfaceFlinger: [LayerHierarchy{RequestedLayerState{Surface(name=9ba7b39 StatusBar)/@0x73c0817 - animation-leash of insets_animation#10544} no children}] RelativeParent to null
02-10 00:30:26.467  1804  1804 I SurfaceFlinger: [IME-snapshot-surface#10549] attach to parent LayerHierarchy{RequestedLayerState{ActivityRecord{256305995 u0 org.voxmatrix.app/.MainActivity t117}#10473 parentId=10472} 4 children}
02-10 00:30:26.467  1804  1804 I SurfaceFlinger: [Surface(name=9ba7b39 StatusBar)/@0x73c0817 - animation-leash of insets_animation#10550] attach to parent LayerHierarchy{RequestedLayerState{WindowToken{c589700 type=2000 android.os.BinderProxy@72c9832}#94 parentId=17} 1 children}
02-10 00:30:26.467  2640  3004 D SurfaceComposerClient: [SEC_SF_EFFECTS] setBackgroundBlurRadius ## Dim Layer for - Display 0 name="Built-in Screen"#10547 backgroundBlurRadius=0
02-10 00:30:26.467  2640  3004 D SurfaceComposerClient: [SEC_SF_EFFECTS] setBackgroundBlurRadius ## Dim Layer for - Display 0 name="Built-in Screen"#10547 backgroundBlurRadius=0
02-10 00:30:26.467  2640  3003 D SurfaceComposerClient: setCornerRadius ## 98d5d23 org.jellyfin.mobile/org.jellyfin.mobile.MainActivity#7191 cornerRadius=0.000000
02-10 00:30:26.467  2640  3003 D SurfaceComposerClient: setCornerRadius ## f617943 com.sec.android.app.launcher/com.sec.android.app.launcher.activities.LauncherActivity#123 cornerRadius=0.000000
02-10 00:30:26.468  2640  3003 I ImeTracker: system_server:ae78d0eb: onRequestShow at ORIGIN_SERVER reason CONTROLS_CHANGED fromUser false
02-10 00:30:26.468  2640  3000 I InsetsController: onStateChanged: host=Application Not Responding: org.voxmatrix.app, from=android.view.ViewRootImpl.onInsetsStateChanged:3026, state=InsetsState: {mDisplayFrame=Rect(0, 0 - 1080, 2340), mDisplayCutout=DisplayCutout{insets=Rect(0, 84 - 0, 0) waterfall=Insets{left=0, top=0, right=0, bottom=0} boundingRect={Bounds=[Rect(0, 0 - 0, 0), Rect(515, 0 - 566, 84), Rect(0, 0 - 0, 0), Rect(0, 0 - 0, 0)]} cutoutPathParserInfo={CutoutPathParserInfo{displayWidth=1080 displayHeight=2340 physicalDisplayWidth=1080 physicalDisplayHeight=2340 density={2.8125} cutoutSpec={M 0,0 H -9.066666666666667 V 29.86666666666667 H 9.066666666666667 V 0 H 0 Z @dp} rotation={0} scale={1.0} physicalPixelDisplaySizeRatio={1.0}}} sideOverrides={}}, mRoundedCorners=RoundedCorners{[RoundedCorner{position=TopLeft, radius=6, center=Point(6, 6)}, RoundedCorner{position=TopRight, radius=6, center=Point(1074, 6)}, RoundedCorner{position=BottomRight, radius=6, center=Point(1074, 2334)}, RoundedCorner{position=BottomLeft, radius=6, center=Point(6, 2334)}]}  mRoundedCornerFrame=Rect(0, 0 - 0, 0), mPrivacyIndicatorBounds=PrivacyIndicatorBounds {static bounds=Rect(956, 0 - 1080, 84) rotation=0}, mDisplayShape=DisplayShape{ spec=1406003047 displayWidth=1080 displayHeight=2340 physicalPixelDisplaySizeRatio=0.75 rotation=0 offsetX=0 offsetY=0 scale=1.0}, mSources= { InsetsSource: {b78c0001 mType=navigationBars mFrame=[0,2298][1080,2340] mVisible=true mFlags=SUPPRESS_SCRIM mSideHint=BOTTOM mBoundingRects=null}, InsetsSource: {b78c0004 mType=systemGestures mFrame=[0,0][84,2340] mVisible=true mFlags= mSideHint=LEFT mBoundingRects=null}, InsetsSource: {b78c0005 mType=mandatorySystemGestures mFrame=[0,2250][1080,2340] mVisible=true mFlags= mSideHint=BOTTOM mBoundingRects=null}, InsetsSource: {b78c0006 mType=tappableElement mFrame=[0,0][0,0] mVisible=true mFlags= mSideHint=NONE mBoundingRects=null}, InsetsSource: {b78c0024 mType=systemGestures mFrame=[996,0][1080,2340] mVisible=true mFlags= mSideHint=RIGHT mBoundingRects=null}, InsetsSource: {f3f10000 mType=statusBars mFrame=[0,0][1080,84] mVisible=true mFlags= mSideHint=TOP mBoundingRects=null}, InsetsSource: {f3f10005 mType=mandatorySystemGestures mFrame=[0,0][1080,118] mVisible=true mFlags= mSideHint=TOP mBoundingRects=null}, InsetsSource: {f3f10006 mType=tappableElement mFrame=[0,0][1080,84] mVisible=true mFlags= mSideHint=TOP mBoundingRects=null}, InsetsSource: {3 mType=ime mFrame=[0,1447][1080,2340] mVisible=true mFlags= mSideHint=BOTTOM mBoundingRects=null}, InsetsSource: {27 mType=displayCutout mFrame=[0,0][1080,84] mVisible=true mFlags= mSideHint=TOP mBoundingRects=null} }
02-10 00:30:26.471  1804  1804 D SurfaceFlinger: Display 4630946315032985731 HWC layers:
02-10 00:30:26.471  1804  1804 D SurfaceFlinger:        CLIENT |           43950400339982 | 00000102 | RGBA_8888    |    0.0    0.0 1080.0 2340.0 |    0    0 1080 2340 | 5d01000 SurfaceView[org.voxmatrix.ap[...]rix.app.MainActivity]@0(BLAST)#10489 (2868)
02-10 00:30:26.471  1804  1804 D SurfaceFlinger:        CLIENT |           43950400339986 | 00002100 | RGBA_8888    |    0.0    0.0 1080.0 2340.0 |    0    0 1080 2340 | org.voxmatrix.app/org.voxmatrix.app.MainActivity$_10233#10484 (118)
02-10 00:30:26.471  1804  1804 D SurfaceFlinger:        CLIENT |           28814935589206 | 00002100 | RGBA_8888    |    0.0    0.0 1080.0 2256.0 |    0   84 1080 2340 | InputMethod$_6709#10522 (48)
02-10 00:30:26.471  1804  1804 D SurfaceFlinger:        CLIENT |            7748121011875 | 00000000 | RGBA_8888    |    0.0    0.0 1080.0 2256.0 |    0   84 1080 2340 | IME-snapshot-surface#10549 (100)
02-10 00:30:26.471  1804  1804 D SurfaceFlinger:        CLIENT |                        0 | 00000000 | N/A          |    0.0    0.0    0.0    0.0 |  232  101 1063  593 | Task=85#7180 (0)
02-10 00:30:26.471  1804  1804 D SurfaceFlinger:        CLIENT |                        0 | 00000002 | N/A          |    0.0    0.0    0.0    0.0 |  260  129 1035  565 | Background for 922a364 Su
02-10 00:30:26.471  1804  1804 D SurfaceFlinger: rfaceView[o[...]jellyfin.mobile.MainActivity]@0#9592 (0)
02-10 00:30:26.471  1804  1804 D SurfaceFlinger:        CLIENT |           25619479942700 | 00000102 | 0x7fa30c09   |    0.0    0.0 1920.0 1080.0 |  260  129 1035  565 | 922a364 SurfaceView[org.jellyfin.mob[...]n.mobile.MainActivity]@0(BLAST)#9591 (48112)
02-10 00:30:26.471  1804  1804 D SurfaceFlinger:        CLIENT |           25619479989370 | 00002100 | RGBA_8888    |    0.0    0.0  775.0  436.0 |  260  129 1035  565 | org.jellyfin.mobile/org.jellyfin.mobile.MainActivity$_5965#9588 (344)
02-10 00:30:26.471  1804  1804 D SurfaceFlinger:        CLIENT |                        0 | 00000000 | N/A          |    0.0    0.0    0.0    0.0 |    0    0 1080 2340 | Dim Layer for - Display 0 name="Built-in Screen"#10547 (0)
02-10 00:30:26.471  1804  1804 D SurfaceFlinger:        DEVICE |           11338713662692 | 00002100 | RGBA_8888    |   40.0    0.0 1120.0  731.0 |    0 1520 1080 2251 | Application Not Responding: org.voxmatrix.app#10545 (blurRegions) (8)
02-10 00:30:26.471  1804  1804 D SurfaceFlinger:        DEVICE |           17171279260758 | 00002100 | RGBA_8888    |    0.0    0.0 1080.0   84.0 |    0    0 1080   84 | StatusBar$_3998#104 (18082)
02-10 00:30:26.471  1804  1804 D SurfaceFlinger:        DEVICE |           17171279260709 | 00002
02-10 00:30:26.471  1804  1804 D SurfaceFlinger: 100 | RGBA_8888    |    0.0    0.0 1080.0  135.0 |    0 2205 1080 2340 | NavigationBar0$_3998#100 (24521)
02-10 00:30:26.471  1804  1804 D SurfaceFlinger: 
02-10 00:30:26.471  1804  3112 I SurfaceFlinger: id=10544 Removed Surface(name=9ba7b39 StatusBar)/@0x73c0817 - animation-leash of insets_animation#10544 (199)
02-10 00:30:26.472 30491 30959 E msys    : E[N mns]_OnDiskCacheGetData(632)=>Start post callback cache refresh DNS resolution
02-10 00:30:26.473  2640  3896 D NetdEventListenerService: DNS Requested by 111, 10394(com.instagram.android), 4(FAIL), isBlocked=true, 0ms
02-10 00:30:26.475  1804  1804 I SurfaceFlinger: destroyed Surface(name=9ba7b39 StatusBar)/@0x73c0817 - animation-leash of insets_animation#10544 form LifecycleManager
02-10 00:30:26.475  1804  1804 I SurfaceFlinger: [LayerHierarchy{RequestedLayerState{Input Consumer pip_input_consumer#10465 parentId=10 z=2147483646} no children}] reparent to LayerHierarchy{RequestedLayerState{DefaultTaskDisplayArea_d0#10 parentId=9} 10 children}
02-10 00:30:26.475  1804  1804 I SurfaceFlinger: id=10544 onLayerDestroyed from LayerHierarchyBuilder(RequestedLayerState{Surface(name=9ba7b39 StatusBar)/@0x73c0817 - animation-leash of insets_animation#10544 !handle})
02-10 00:30:26.475  2640  3004 D SurfaceComposerClient: [SEC_SF_EFFECTS] setBackgroundBlurRadius ## Dim Layer for - Display 0 name="Built-in Screen"#10547 backgroundBlurRadius=0
02-10 00:30:26.476  1804  1804 I Layer   : id=10544 Destroyed Surface(name=9ba7b39 StatusBar)/@0x73c0817 - animation-leash of insets_animation#10544
02-10 00:30:26.479  1804  2275 D SurfaceFlinger: [input] setFocusedWindow: <null>
02-10 00:30:26.479  2640  7553 D InputDispatcher: Once focus requested (0): <null>
02-10 00:30:26.480 30491 30959 E msys    : E[N mns]_LogError(228)=>Failed to resolve using system DNS resolver, getaddrinfo(): No address associated with hostname
02-10 00:30:26.484  1804  1804 I SurfaceFlinger: [LayerHierarchy{RequestedLayerState{Input Consumer pip_input_consumer#10465 parentId=10 z=2147483646} no children}] reparent to LayerHierarchy{RequestedLayerState{DefaultTaskDisplayArea_d0#10 parentId=9} 10 children}
02-10 00:30:26.484  2640  3004 D SurfaceComposerClient: [SEC_SF_EFFECTS] setBackgroundBlurRadius ## Dim Layer for - Display 0 name="Built-in Screen"#10547 backgroundBlurRadius=0
02-10 00:30:26.484  1804  2044 W qdgralloc: getInterlacedFlag: getMetaData returned 3, defaulting to interlaced_flag = 0
02-10 00:30:26.492  2640  3004 D SurfaceComposerClient: [SEC_SF_EFFECTS] setBackgroundBlurRadius ## Dim Layer for - Display 0 name="Built-in Screen"#10547 backgroundBlurRadius=0
02-10 00:30:26.501  2640  3004 D SurfaceComposerClient: [SEC_SF_EFFECTS] setBackgroundBlurRadius ## Dim Layer for - Display 0 name="Built-in Screen"#10547 backgroundBlurRadius=0
02-10 00:30:26.509  2640  3004 D SurfaceComposerClient: [SEC_SF_EFFECTS] setBackgroundBlurRadius ## Dim Layer for - Display 0 name="Built-in Screen"#10547 backgroundBlurRadius=0
02-10 00:30:26.517  2640  3004 D SurfaceComposerClient: [SEC_SF_EFFECTS] setBackgroundBlurRadius ## Dim Layer for - Display 0 name="Built-in Screen"#10547 backgroundBlurRadius=0
02-10 00:30:26.525  2640  3004 D SurfaceComposerClient: [SEC_SF_EFFECTS] setBackgroundBlurRadius ## Dim Layer for - Display 0 name="Built-in Screen"#10547 backgroundBlurRadius=0
02-10 00:30:26.526  1804  2044 W qdgralloc: getInterlacedFlag: getMetaData returned 3, defaulting to interlaced_flag = 0
02-10 00:30:26.534  2640  3004 D SurfaceComposerClient: [SEC_SF_EFFECTS] setBackgroundBlurRadius ## Dim Layer for - Display 0 name="Built-in Screen"#10547 backgroundBlurRadius=0
02-10 00:30:26.542  2640  3004 D SurfaceComposerClient: [SEC_SF_EFFECTS] setBackgroundBlurRadius ## Dim Layer for - Display 0 name="Built-in Screen"#10547 backgroundBlurRadius=0
02-10 00:30:26.546  1804  2219 I CompositionEngine: [setDisplaySize] size=(434, 42)
02-10 00:30:26.550  2640  3004 D SurfaceComposerClient: [SEC_SF_EFFECTS] setBackgroundBlurRadius ## Dim Layer for - Display 0 name="Built-in Screen"#10547 backgroundBlurRadius=0
02-10 00:30:26.559  2640  3004 D SurfaceComposerClient: [SEC_SF_EFFECTS] setBackgroundBlurRadius ## Dim Layer for - Display 0 name="Built-in Screen"#10547 backgroundBlurRadius=0
02-10 00:30:26.567  2640  3004 D SurfaceComposerClient: [SEC_SF_EFFECTS] setBackgroundBlurRadius ## Dim Layer for - Display 0 name="Built-in Screen"#10547 backgroundBlurRadius=0
02-10 00:30:26.567  1804  2044 W qdgralloc: getInterlacedFlag: getMetaData returned 3, defaulting to interlaced_flag = 0
02-10 00:30:26.575  1804  1804 E SurfaceFlinger: alpha changed 0.000 -> 0.000 - Surface(name=b419258 Application Not Responding: org.voxmatrix.app)/@0x8cdb9a0 - animation-leash of window_animation#10548
02-10 00:30:26.576  2640  3004 D SurfaceComposerClient: [SEC_SF_EFFECTS] setBackgroundBlurRadius ## Dim Layer for - Display 0 name="Built-in Screen"#10547 backgroundBlurRadius=0
02-10 00:30:26.584  2640  3004 D SurfaceComposerClient: [SEC_SF_EFFECTS] setBackgroundBlurRadius ## Dim Layer for - Display 0 name="Built-in Screen"#10547 backgroundBlurRadius=0
02-10 00:30:26.592  2640  3004 D SurfaceComposerClient: [SEC_SF_EFFECTS] setBackgroundBlurRadius ## Dim Layer for - Display 0 name="Built-in Screen"#10547 backgroundBlurRadius=0
02-10 00:30:26.600  2640  3004 D SurfaceComposerClient: [SEC_SF_EFFECTS] setBackgroundBlurRadius ## Dim Layer for - Display 0 name="Built-in Screen"#10547 backgroundBlurRadius=0
02-10 00:30:26.609  2640  3004 D SurfaceComposerClient: [SEC_SF_EFFECTS] setBackgroundBlurRadius ## Dim Layer for - Display 0 name="Built-in Screen"#10547 backgroundBlurRadius=0
02-10 00:30:26.609  1804  2044 W qdgralloc: getInterlacedFlag: getMetaData returned 3, defaulting to interlaced_flag = 0
02-10 00:30:26.617  2640  3004 D SurfaceComposerClient: [SEC_SF_EFFECTS] setBackgroundBlurRadius ## Dim Layer for - Display 0 name="Built-in Screen"#10547 backgroundBlurRadius=0
02-10 00:30:26.625  2640  3004 D SurfaceComposerClient: [SEC_SF_EFFECTS] setBackgroundBlurRadius ## Dim Layer for - Display 0 name="Built-in Screen"#10547 backgroundBlurRadius=0
02-10 00:30:26.634  2640  3004 D SurfaceComposerClient: [SEC_SF_EFFECTS] setBackgroundBlurRadius ## Dim Layer for - Display 0 name="Built-in Screen"#10547 backgroundBlurRadius=0
02-10 00:30:26.642  2640  3004 D SurfaceComposerClient: [SEC_SF_EFFECTS] setBackgroundBlurRadius ## Dim Layer for - Display 0 name="Built-in Screen"#10547 backgroundBlurRadius=0
02-10 00:30:26.642  2640  3608 D InputTransport: Input channel destroyed: '12ea6d2', fd=1395
02-10 00:30:26.646  1804  2219 I CompositionEngine: [setDisplaySize] size=(434, 42)
02-10 00:30:26.650  2640  3004 D SurfaceComposerClient: [SEC_SF_EFFECTS] setBackgroundBlurRadius ## Dim Layer for - Display 0 name="Built-in Screen"#10547 backgroundBlurRadius=0
02-10 00:30:26.650  1804  2044 W qdgralloc: getInterlacedFlag: getMetaData returned 3, defaulting to interlaced_flag = 0
02-10 00:30:26.651  5396  5396 I adbd    : Remote process closed the socket (on MSG_PEEK)
02-10 00:30:26.659  2640  3004 D SurfaceComposerClient: [SEC_SF_EFFECTS] setBackgroundBlurRadius ## Dim Layer for - Display 0 name="Built-in Screen"#10547 backgroundBlurRadius=0
02-10 00:30:26.660  2640  3050 I libprocessgroup: Removed cgroup /sys/fs/cgroup/apps/uid_10474/pid_10233
02-10 00:30:26.660  1581  1581 I Zygote  : Process 10233 exited due to signal 9 (Killed)
02-10 00:30:26.661  6709  6709 D InputTransport: Input channel destroyed: 'ClientS', fd=146
02-10 00:30:26.661  1804  2540 I SurfaceFlinger: id=10487 Removed Bounds for - org.voxmatrix.app/org.voxmatrix.app.MainActivity@0#10487 (198)
02-10 00:30:26.661  1804  2540 I SurfaceFlinger: id=10488 Removed 5d01000 SurfaceView[org.voxmatrix.app/org.voxmatrix.app.MainActivity]@0#10488 (198)
02-10 00:30:26.661  1804  2540 I SurfaceFlinger: id=10489 Removed 5d01000 SurfaceView[org.voxmatrix.app/org.voxmatrix.app.MainActivity]@0(BLAST)#10489 (198)
02-10 00:30:26.661  1804  2540 I SurfaceFlinger: id=10490 Removed Background for 5d01000 SurfaceView[org.voxmatrix.app/org.voxmatrix.app.MainActivity]@0#10490 (198)
02-10 00:30:26.661  1804  2540 I SurfaceFlinger: id=10485 Removed Surface(name=9ba7b39 StatusBar)/@0x73c0817 - animation-leash of insets_animation#10485 (198)
02-10 00:30:26.661  1804  2540 I SurfaceFlinger: id=10540 Removed Surface(name=9ba7b39 StatusBar)/@0x73c0817 - animation-leash of insets_animation#10540 (198)
02-10 00:30:26.661  2640  5181 I WindowManager: WIN DEATH: Window{12ea6d2 u0 org.voxmatrix.app/org.voxmatrix.app.MainActivity}
02-10 00:30:26.661  2640  5181 V WindowManager: Remove Window{12ea6d2 u0 org.voxmatrix.app/org.voxmatrix.app.MainActivity}: mSurfaceControl=Surface(name=org.voxmatrix.app/org.voxmatrix.app.MainActivity$_10233)/@0x8237d7c mAnimatingExit=false mRemoveOnExit=false mHasSurface=true surfaceShowing=true animating=false app-animation=false callers=com.android.server.wm.Session.binderDied:85 android.os.IBinder$DeathRecipient.binderDied:346 android.os.BinderProxy.sendDeathNotice:848 <bottom of call stack> <bottom of call stack> <bottom of call stack> 
02-10 00:30:26.662  2640  7859 D InputTransport: Input channel destroyed: 'ClientS', fd=1403
02-10 00:30:26.662  2640  5181 D SurfaceComposerClient: setCornerRadius ## 98d5d23 org.jellyfin.mobile/org.jellyfin.mobile.MainActivity#7191 cornerRadius=0.000000
02-10 00:30:26.662  2640  7859 D InputMethodManagerService: onClientRemovedInternalLocked
02-10 00:30:26.662  2640  7859 I ImeTracker: org.voxmatrix.app:104f77aa: onRequestHide at ORIGIN_SERVER reason HIDE_REMOVE_CLIENT fromUser false
02-10 00:30:26.662  2640  7117 D AutofillSession: handling death of Token{cf3b641 ActivityRecord{256305995 u0 org.voxmatrix.app/.MainActivity t117 f}}} when saving=false
02-10 00:30:26.662  2640  7859 V InputMethodManagerService: setWindowStateInner, windowToken=android.os.BinderProxy@c43d5d, state=ImeTargetWindowState{ imeToken android.os.Binder@6ab7376 imeFocusChanged false hasEditorFocused false requestedImeVisible false imeDisplayId 0 softInputModeState STATE_UNSPECIFIED|ADJUST_RESIZE|IS_FORWARD_NAVIGATION isStartInputByGainFocus false}
02-10 00:30:26.662  2640  7859 V InputMethodManagerService: Calling com.android.server.inputmethod.IInputMethodInvoker@86b4510.hideSoftInput(0, android.os.BinderProxy@c43d5d, null) for reason: HIDE_REMOVE_CLIENT
02-10 00:30:26.662  2640  5181 D SurfaceComposerClient: setCornerRadius ## 98d5d23 org.jellyfin.mobile/org.jellyfin.mobile.MainActivity#7191 cornerRadius=0.000000
02-10 00:30:26.662  2640  5181 D SurfaceComposerClient: setCornerRadius ## f617943 com.sec.android.app.launcher/com.sec.android.app.launcher.activities.LauncherActivity#123 cornerRadius=0.000000
02-10 00:30:26.662  1667  1695 I HYPER-HAL: [RequestManager.cpp]acquire(): Acquired ID : 14543249  [1671 / 3721]    HINT :      list : [TID_LOW_LATENCY / 0] [TID / 10413] [TID / 10416] [TID / 10233] [TID / 10299] 
02-10 00:30:26.663  6709  6709 I InputMethod: hideSoftInput(): flags=0
02-10 00:30:26.663  1667  1695 I HYPER-HAL: [RequestManager.cpp]acquire(): Acquired ID : 14548643  [1671 / 3722]    HINT :      list : [UCLAMP_MIN_BOOST / 0] [TID / 10413] [TID / 10416] [TID / 10233] [TID / 10299] 
02-10 00:30:26.663  1667  1695 E HYPER-HAL: [HandlerUClamp.cpp]set_uclamp_min(): sched_setattr failed for thread 10413, err = -1
02-10 00:30:26.663  1667  1695 E HYPER-HAL: [HandlerUClamp.cpp]set_uclamp_min(): sched_setattr failed for thread 10416, err = -1
02-10 00:30:26.663  1667  1695 E HYPER-HAL: [HandlerUClamp.cpp]set_uclamp_min(): sched_setattr failed for thread 10233, err = -1
02-10 00:30:26.663  1667  1695 E HYPER-HAL: [HandlerUClamp.cpp]set_uclamp_min(): sched_setattr failed for thread 10299, err = -1
02-10 00:30:26.663  1667  1695 I HYPER-HAL: [RequestManager.cpp]releaseLocked(): Released ID : 14543249
02-10 00:30:26.663  1667  1695 E HYPER-HAL: [HandlerUClamp.cpp]set_uclamp_min(): sched_setattr failed for thread 10413, err = -1
02-10 00:30:26.663  1667  1695 E HYPER-HAL: [HandlerUClamp.cpp]set_uclamp_min(): sched_setattr failed for thread 10416, err = -1
02-10 00:30:26.663  1667  1695 E HYPER-HAL: [HandlerUClamp.cpp]set_uclamp_min(): sched_setattr failed for thread 10233, err = -1
02-10 00:30:26.663  1667  1695 E HYPER-HAL: [HandlerUClamp.cpp]set_uclamp_min(): sched_setattr failed for thread 10299, err = -1
02-10 00:30:26.663  1667  1695 I HYPER-HAL: [RequestManager.cpp]releaseLocked(): Released ID : 14548643
02-10 00:30:26.664  2640  7164 I ActivityManager: Changes in 10474 2 to 19, 255 to 0
02-10 00:30:26.665  2640  7164 V WindowManager: Collecting in transition 883: Task{3e53928 #117 type=standard I=org.voxmatrix.app/.MainActivity}, caller=com.android.server.wm.Transition.collectClose:12 com.android.server.wm.WindowProcessController.handleAppDied$1:465 com.android.server.am.ActivityManagerService.handleAppDiedLocked:248 com.android.server.am.ActivityManagerService.appDiedLocked:570 com.android.server.am.ActivityManagerService$AppDeathRecipient.binderDied:17 
02-10 00:30:26.665  1696  1735 E ANDR-PERF-UTIL: ANDR-PERF-UTIL: change_node_val() 319: Failed to update node /proc/sys/walt/sched_low_latency with value 10299 0
02-10 00:30:26.665  2640  7164 V WindowManager: Collecting in transition 883: ActivityRecord{256305995 u0 org.voxmatrix.app/.MainActivity t117 f}}, caller=com.android.server.wm.TransitionController.collect:7 com.android.server.wm.ActivityRecord.onRemovedFromDisplay:258 com.android.server.wm.ActivityRecord.removeFromHistory:173 com.android.server.wm.WindowProcessController.handleAppDied$1:507 com.android.server.am.ActivityManagerService.handleAppDiedLocked:248 
02-10 00:30:26.665  1696  1735 E ANDR-PERF-OPTSHANDLER: ANDR-PERF-OPTSHANDLER: sched_reset_low_latency() 3683: can't reset low latency for tid 10299
02-10 00:30:26.665  1696  1735 E ANDR-PERF-RESOURCEQS: ANDR-PERF-RESOURCEQS: RemovePendingRequest() 434: Failed to reset optimization [3, 52]
02-10 00:30:26.665  1696  1735 E ANDR-PERF-UTIL: ANDR-PERF-UTIL: change_node_val() 319: Failed to update node /proc/sys/walt/sched_low_latency with value 10233 0
02-10 00:30:26.665  1696  1735 E ANDR-PERF-OPTSHANDLER: ANDR-PERF-OPTSHANDLER: sched_reset_low_latency() 3683: can't reset low latency for tid 10233
02-10 00:30:26.665  1696  1735 E ANDR-PERF-RESOURCEQS: ANDR-PERF-RESOURCEQS: RemovePendingRequest() 434: Failed to reset optimization [3, 52]
02-10 00:30:26.665  1696  1735 E ANDR-PERF-UTIL: ANDR-PERF-UTIL: change_node_val() 319: Failed to update node /proc/sys/walt/sched_low_latency with value 10416 0
02-10 00:30:26.665  1696  1735 E ANDR-PERF-OPTSHANDLER: ANDR-PERF-OPTSHANDLER: sched_reset_low_latency() 3683: can't reset low latency for tid 10416
02-10 00:30:26.665  2640  7164 D SGM:FgCheckThread: TaskStackListener.onTaskFocusChanged(), taskId=117, focused=false
02-10 00:30:26.665  1696  1735 E ANDR-PERF-RESOURCEQS: ANDR-PERF-RESOURCEQS: RemovePendingRequest() 434: Failed to reset optimization [3, 52]
02-10 00:30:26.665  1696  1735 E ANDR-PERF-UTIL: ANDR-PERF-UTIL: change_node_val() 319: Failed to update node /proc/sys/walt/sched_low_latency with value 10413 0
02-10 00:30:26.665  1696  1735 E ANDR-PERF-OPTSHANDLER: ANDR-PERF-OPTSHANDLER: sched_reset_low_latency() 3683: can't reset low latency for tid 10413
02-10 00:30:26.665  1696  1735 E ANDR-PERF-RESOURCEQS: ANDR-PERF-RESOURCEQS: RemovePendingRequest() 434: Failed to reset optimization [3, 52]
02-10 00:30:26.665  6709  6709 E IPCThreadState: Binder transaction failure. id: 19431299, BR_*: 29189, error: -22 (Invalid argument)
02-10 00:30:26.665  5871  5899 V OsAgent : broadcastSystemEvent - 7
02-10 00:30:26.666  6709  6709 D InputMethodService: unregisterCompatOnBackInvokedCallback : android.inputmethodservice.InputMethodService$$ExternalSyntheticLambda2@250cef4
02-10 00:30:26.666  6709  6709 E IPCThreadState: Binder transaction failure. id: 19431308, BR_*: 29189, error: -22 (Invalid argument)
02-10 00:30:26.666  6709  6709 D ActivityThread: Too many transaction errors, throttling freezer binder callback.
02-10 00:30:26.666  6709  6709 D InputMethodService: sendBroadcastImeShownState: isInputViewShown=false candidatesVisibility=4
02-10 00:30:26.666  2640  7117 W ActivityManager: pid 6709 org.futo.inputmethod.latin sent binder code 9 with flags 1 to frozen apps and got error -32
02-10 00:30:26.667  1804  1804 I SurfaceFlinger: destroyed Surface(name=9ba7b39 StatusBar)/@0x73c0817 - animation-leash of insets_animation#10485 form LifecycleManager
02-10 00:30:26.667  1804  1804 I SurfaceFlinger: destroyed Surface(name=9ba7b39 StatusBar)/@0x73c0817 - animation-leash of insets_animation#10540 form LifecycleManager
02-10 00:30:26.667  1804  1804 I SurfaceFlinger: id=10485 onLayerDestroyed from LayerHierarchyBuilder(RequestedLayerState{Surface(name=9ba7b39 StatusBar)/@0x73c0817 - animation-leash of insets_animation#10485 !handle})
02-10 00:30:26.667  1804  1804 I SurfaceFlinger: id=10540 onLayerDestroyed from LayerHierarchyBuilder(RequestedLayerState{Surface(name=9ba7b39 StatusBar)/@0x73c0817 - animation-leash of insets_animation#10540 !handle})
02-10 00:30:26.667  2640  3004 D SurfaceComposerClient: [SEC_SF_EFFECTS] setBackgroundBlurRadius ## Dim Layer for - Display 0 name="Built-in Screen"#10547 backgroundBlurRadius=0
02-10 00:30:26.667  1804  1804 I Layer   : id=10485 Destroyed Surface(name=9ba7b39 StatusBar)/@0x73c0817 - animation-leash of insets_animation#10485
02-10 00:30:26.667  1804  1804 I Layer   : id=10540 Destroyed Surface(name=9ba7b39 StatusBar)/@0x73c0817 - animation-leash of insets_animation#10540
02-10 00:30:26.668  2640  7164 I SemDvfsHyPerManager: acquire hyper - AMS_APP_HOME/2640@27, type = -999
02-10 00:30:26.669  2640  7164 D ActivityManagerPerformance: AMP_acquire() HOME
02-10 00:30:26.669  2640  7164 D SGM:FgCheckThread: TaskStackListener.onTaskFocusChanged(), taskId=8, focused=true
02-10 00:30:26.669  2640  7164 D SGM:FgCheckThread:   sendRunningComponentFocus(), pkgName: com.sec.android.app.launcher, userId: 0
02-10 00:30:26.669  2640  3639 D SGM:FgCheckThread: onLooperPrepared(), msg: MSG_TASK_FOCUSED, pkgName: com.sec.android.app.launcher, userId: 0
02-10 00:30:26.669  2640  3639 D SGM:FgCheckThread: handleTaskFocused().
02-10 00:30:26.669  2640  3639 D SGM:FgCheckThread: sendFocusOutConditionally() - mPrevNotiPkg: (unknown), userId: 0
02-10 00:30:26.670  2640  3639 D SGM:FgCheckThread:   handleTaskFocused(), pkgName: com.sec.android.app.launcher, userID:0 mResumedPkgMap does not containsKey.
02-10 00:30:26.670  2640  3754 D AS.MultiSoundManager: mForegroundUid = 10158
02-10 00:30:26.670  2640  7164 D InputDispatcher: Focused application(0): ActivityRecord{243601927 u0 com.sec.android.app.launcher/.activities.LauncherActivity t8}
02-10 00:30:26.670  2640  7164 V WindowManager: rotationForOrientation(orient=SCREEN_ORIENTATION_UNSPECIFIED (-1), last=ROTATION_0 (0)); user=ROTATION_0 (0) USER_ROTATION_LOCKED
02-10 00:30:26.670  1667  1695 I HYPER-HAL: [RequestManager.cpp]acquire(): Acquired ID : 3557805  [2640 / 27]    HINT : AMS_APP_HOME    list : 
02-10 00:30:26.671  2640  7164 D WindowManager: rotationForOrientation, orientationSource=ActivityRecord{243601927 u0 com.sec.android.app.launcher/.activities.LauncherActivity t8}
02-10 00:30:26.671  2640  7164 V WindowManager: Computed rotation=ROTATION_0 (0) for display id=0 based on lastOrientation=SCREEN_ORIENTATION_UNSPECIFIED (-1) and oldRotation=ROTATION_0 (0), caller=com.android.server.wm.DisplayRotation.updateOrientation:79 com.android.server.wm.DisplayContent.updateOrientation:41 com.android.server.wm.DisplayContent.updateOrientationAndComputeConfig:48 com.android.server.wm.RootWindowContainer.ensureVisibilityAndConfig:7 com.android.server.wm.TaskFragment.resumeTopActivity:1724 com.android.server.wm.Task.resumeTopActivityInnerLocked:119 
02-10 00:30:26.671  2640  7164 D BLASTSyncEngine: SyncGroup 883: Set ready true, caller=com.android.server.wm.BLASTSyncEngine.setReady:32 com.android.server.wm.Transition.applyReady:54 com.android.server.wm.Transition.setReady:72 com.android.server.wm.TransitionController.setReady:6 com.android.server.wm.DisplayContent.executeAppTransition:4 com.android.server.wm.ActivityRecord.completeResumeLocked:115 
02-10 00:30:26.672  2640  7164 D WindowManagerServiceExt: updateTaskbarTargetIfNeeded: reset
02-10 00:30:26.672  2640  7164 D SurfaceComposerClient: setCornerRadius ## 98d5d23 org.jellyfin.mobile/org.jellyfin.mobile.MainActivity#7191 cornerRadius=0.000000
02-10 00:30:26.672  2640  7164 D SurfaceComposerClient: setCornerRadius ## f617943 com.sec.android.app.launcher/com.sec.android.app.launcher.activities.LauncherActivity#123 cornerRadius=0.000000
02-10 00:30:26.672  2640  7164 D BLASTSyncEngine: SyncGroup 883:  Unfinished container: ActivityRecord{243601927 u0 com.sec.android.app.launcher/.activities.LauncherActivity t8} mSyncState=2
02-10 00:30:26.672  4611  4611 I VRI[LauncherActivity]@1c31908: stopped(false) old = true
02-10 00:30:26.673  2640  3002 W ActivityManager: setHasOverlayUi called on unknown pid: 10233
02-10 00:30:26.673  4611  4611 I HoneySpace.Launcher: !@Boot_EBS_D: Launcher.onStart()
02-10 00:30:26.673  2640  3002 D SGM:FgCheckThread: getForegroundApp(), foregroundPkgName=com.sec.android.app.launcher
02-10 00:30:26.673  2640  3002 D SGM:FgCheckThread: pkgName: org.voxmatrix.app is not in foreground
02-10 00:30:26.673  2640  3002 D SGM:FgCheckThread: noteStopComponent(), received pkgName: org.voxmatrix.app, focusedPkgName: com.sec.android.app.launcher, userId: 0
02-10 00:30:26.674  4611  4611 I HoneySpace.Launcher: !@Boot_EBS_D: Launcher.onResume()
02-10 00:30:26.675  4611  4611 I HoneySpace.Launcher: updateLauncherShowing false -> true
02-10 00:30:26.675  4611 10068 I HoneySpace.Memory-Monitor: cancelTrimIfNeeded
02-10 00:30:26.675  1804  1804 I SurfaceFlinger: [LayerHierarchy{RequestedLayerState{Input Consumer pip_input_consumer#10465 parentId=10 z=2147483646} no children}] reparent to LayerHierarchy{RequestedLayerState{DefaultTaskDisplayArea_d0#10 parentId=9} 10 children}
02-10 00:30:26.675  2640  3004 D SurfaceComposerClient: [SEC_SF_EFFECTS] setBackgroundBlurRadius ## Dim Layer for - Display 0 name="Built-in Screen"#10547 backgroundBlurRadius=0
02-10 00:30:26.676  4611 10068 I HoneySpace.Memory-Monitor: updateMaxHeap isHighScreenSize=false
02-10 00:30:26.676  4611 10068 I HoneySpace.Memory-Monitor: PROPERTY_HOME_MEMORY_CACHE_LEVEL: -1
02-10 00:30:26.676  4611 10068 I HoneySpace.Memory-Monitor: updateGraphicResourceCache curMemoryCacheLevel=1
02-10 00:30:26.676  2640  2640 I GestureDetector: handleMessage TAP
02-10 00:30:26.676  2640  3000 I GestureDetector: handleMessage TAP
02-10 00:30:26.677  2640  7859 I ActivityManager: Changes in 10178 5 to 7, 255 to 128
02-10 00:30:26.677  2640  7859 I ActivityManager: Changes in 10158 5 to 2, 184 to 255
02-10 00:30:26.677  4611  4611 I HoneySpace.ShellTransitionManager: myHomeResumed
02-10 00:30:26.677  4611  1627 I HoneySpace.PredictionDataSourceImpl: requestPredictionUpdate 0 true
02-10 00:30:26.677  4611  4611 I HoneySpace.ResumeTimer: last resume updated : 21907777
02-10 00:30:26.677  6709  6709 D InputMethodService: sendInputViewShownStateSSRM(): false
02-10 00:30:26.677  2640  7859 D InputMethodManagerService: onClientRemovedInternalLocked
02-10 00:30:26.678  2640  7553 V InputMethodManagerService: IME window vis: 0 active: 0 visible: 0 displayId: 0
02-10 00:30:26.678  2640  7553 D InputMethodManagerService: isImeSwitcherDisabledPackage : false
02-10 00:30:26.678  6709  6709 I InputMethodService: scheduleImeSurfaceRemoval: removeImeSurface is posted.
02-10 00:30:26.678  6709  6709 I ImeTracker: org.voxmatrix.app:104f77aa: onHidden
02-10 00:30:26.678  6709  6709 I BLASTBufferQueue_Java: update, w= 1080 h= 2256 mName = VRI[InputMethod]@f3f57b0 mNativeObject= 0xb4000073c17faa10 sc.mNativeObject= 0xb400007421474810 format= -2 caller= android.view.ViewRootImpl.updateBlastSurfaceIfNeeded:3574 android.view.ViewRootImpl.relayoutWindow:11685 android.view.ViewRootImpl.performTraversals:4804 android.view.ViewRootImpl.doTraversal:3924 android.view.ViewRootImpl$TraversalRunnable.run:12903 android.view.Choreographer$CallbackRecord.run:1901 
02-10 00:30:26.678  6709  6709 I VRI[InputMethod]@f3f57b0: Relayout returned: old=(0,84,1080,2340) new=(0,84,1080,2340) relayoutAsync=true req=(1080,2256)0 dur=0 res=0x0 s={true 0xb4000072f147f780} ch=false seqId=0
02-10 00:30:26.678  2640  2828 I WindowManager: Relayout Window{26e1d8 u0 InputMethod}: viewVisibility=0 req=1080x2256 ty=2011 d0
02-10 00:30:26.678  6709  6709 I VRI[InputMethod]@f3f57b0: registerCallbackForPendingTransactions
02-10 00:30:26.679  6728 27702 I [AirCmd]_ActivitySwitchDetector: onTaskFocusChanged : taskId=8, componentName=ComponentInfo{com.sec.android.app.launcher/com.sec.android.app.launcher.Launcher}
02-10 00:30:26.679  6728 27702 I [AirCmd]_ActivitySwitchDetector: onTaskFocusChanged :mTopMostActivity = ComponentInfo{org.voxmatrix.app/org.voxmatrix.app.MainActivity}
02-10 00:30:26.679  2640  2828 D SurfaceComposerClient: setCornerRadius ## 98d5d23 org.jellyfin.mobile/org.jellyfin.mobile.MainActivity#7191 cornerRadius=0.000000
02-10 00:30:26.679  2640  7553 I InputMethodManagerService: setImeWindowStatus: vis=0, backDisposition=0
02-10 00:30:26.679  2640  2828 D SurfaceComposerClient: setCornerRadius ## 98d5d23 org.jellyfin.mobile/org.jellyfin.mobile.MainActivity#7191 cornerRadius=0.000000
02-10 00:30:26.679  2640  2828 D SurfaceComposerClient: setCornerRadius ## f617943 com.sec.android.app.launcher/com.sec.android.app.launcher.activities.LauncherActivity#123 cornerRadius=0.000000
02-10 00:30:26.679  6709  7132 I VRI[InputMethod]@f3f57b0: mWNT: t=0xb4000073015235d0 mBlastBufferQueue=0xb4000073c17faa10 fn= 49 HdrRenderState mRenderHdrSdrRatio=1.0 caller= android.view.ViewRootImpl$10.onFrameDraw:6536 android.view.ViewRootImpl$4.onFrameDraw:2489 android.view.ThreadedRenderer$1.onFrameDraw:718 
02-10 00:30:26.679  2640  2828 D BLASTSyncEngine: SyncGroup 883:  Unfinished container: ActivityRecord{243601927 u0 com.sec.android.app.launcher/.activities.LauncherActivity t8} mSyncState=2
02-10 00:30:26.679  4611 10213 I HoneySpace.LiveIconSupplier: time tick - 27, CLOCK, 00:30 - 00:29, view: #dc8e36b, parent: ApplistCellLayout#ee3d32f
02-10 00:30:26.679  4611  4611 I HoneySpace.StackedWidgetFastRecyclerView: playShowAndHideIndicatorAnimation
02-10 00:30:26.680  2640  2828 I WindowManager: Relayout hash=26e1d8, pid=0, syncId=-1: mAttrs={(0,0)(fillxfill) gr=BOTTOM CENTER_VERTICAL sim={adjust=pan} ty=INPUT_METHOD fmt=TRANSPARENT wanim=0x1030056 preferredMinDisplayRefreshRate=60.0 receive insets ignoring z-order
02-10 00:30:26.680  2640  2828 I WindowManager:   fl=81800108
02-10 00:30:26.680  2640  2828 I WindowManager:   pfl=14000000
02-10 00:30:26.680  2640  2828 I WindowManager:   bhv=1
02-10 00:30:26.680  2640  2828 I WindowManager:   fitTypes=3
02-10 00:30:26.680  2640  2828 I WindowManager:   fitSides=7
02-10 00:30:26.680  2640  2828 I WindowManager:   fitIgnoreVis
02-10 00:30:26.680  2640  2828 I WindowManager:   frameRateBoostOnTouch=true
02-10 00:30:26.680  2640  2828 I WindowManager:   dvrrWindowFrameRateHint=true
02-10 00:30:26.680  2640  2828 I WindowManager:  dimAmount=0.18 dimDuration=150 naviIconColor=0}
02-10 00:30:26.680  2640  5181 D WindowManager: setInsetsWindow Window{26e1d8 u0 InputMethod}, contentInsets=Rect(0, 1363 - 0, 0) -> Rect(0, 1363 - 0, 0), visibleInsets=Rect(0, 1363 - 0, 0) -> Rect(0, 1363 - 0, 0), touchableRegion=SkRegion() -> SkRegion(), touchableInsets 1 -> 1
02-10 00:30:26.680  4611  4611 I HoneySpace.StackedWidgetFastRecyclerView: playShowIndicatorAnimation
02-10 00:30:26.680  4611  4611 I HoneySpace.StackedWidgetAdapter: updateLabelVisibility false true
02-10 00:30:26.680  2640  5181 D SurfaceComposerClient: setCornerRadius ## 98d5d23 org.jellyfin.mobile/org.jellyfin.mobile.MainActivity#7191 cornerRadius=0.000000
02-10 00:30:26.680  2640  5181 D SurfaceComposerClient: setCornerRadius ## 98d5d23 org.jellyfin.mobile/org.jellyfin.mobile.MainActivity#7191 cornerRadius=0.000000
02-10 00:30:26.680  2640  5181 D SurfaceComposerClient: setCornerRadius ## f617943 com.sec.android.app.launcher/com.sec.android.app.launcher.activities.LauncherActivity#123 cornerRadius=0.000000
02-10 00:30:26.680  2640  5181 D BLASTSyncEngine: SyncGroup 883:  Unfinished container: ActivityRecord{243601927 u0 com.sec.android.app.launcher/.activities.LauncherActivity t8} mSyncState=2
02-10 00:30:26.680  4611  4611 I SearchHoneyPot: onViewCreated: onResume
02-10 00:30:26.681  2640  3167 D AnalyticsContainerHandler: handleMessage : { when=0 what=1 target=com.android.server.knox.KnoxAnalyticsContainer$AnalyticsHandler }
02-10 00:30:26.681  2640  7859 I WindowManager: Relayout Window{f617943 u0 com.sec.android.app.launcher/com.sec.android.app.launcher.activities.LauncherActivity}: viewVisibility=0 req=1080x2340 ty=1 d0
02-10 00:30:26.681  1804  3112 I SurfaceFlinger: id=10551 createSurf, flag=44004, com.sec.android.app.launcher/com.sec.android.app.launcher.activities.LauncherActivity$_4611#10551
02-10 00:30:26.681  2640  7859 D WindowManager: makeSurface duration=0 name=com.sec.android.app.launcher/com.sec.android.app.launcher.activities.LauncherActivity$_4611
02-10 00:30:26.681  4611 10213 I LauncherActivityInfo: Trying to load live icon for com.sec.android.app.clockpackage
02-10 00:30:26.681  2640  7859 D SurfaceComposerClient: setCornerRadius ## 98d5d23 org.jellyfin.mobile/org.jellyfin.mobile.MainActivity#7191 cornerRadius=0.000000
02-10 00:30:26.681  2640  7859 D SurfaceComposerClient: setCornerRadius ## f617943 com.sec.android.app.launcher/com.sec.android.app.launcher.activities.LauncherActivity#123 cornerRadius=0.000000
02-10 00:30:26.682  2640  7859 D SurfaceComposerClient: setCornerRadius ## 98d5d23 org.jellyfin.mobile/org.jellyfin.mobile.MainActivity#7191 cornerRadius=0.000000
02-10 00:30:26.682  2640  7859 D SurfaceComposerClient: setCornerRadius ## f617943 com.sec.android.app.launcher/com.sec.android.app.launcher.activities.LauncherActivity#123 cornerRadius=0.000000
02-10 00:30:26.682  2640  7859 D BLASTSyncEngine: SyncGroup 883:  Unfinished container: ActivityRecord{243601927 u0 com.sec.android.app.launcher/.activities.LauncherActivity t8} mSyncState=2
02-10 00:30:26.682  5871  5899 V OsAgent : broadcastSystemEvent - 7
02-10 00:30:26.682  2640  7859 D WindowManager: Changing focus from null to Window{f617943 u0 com.sec.android.app.launcher/com.sec.android.app.launcher.activities.LauncherActivity} displayId=0 Callers=com.android.server.wm.WindowManagerService.relayoutWindow:1350 com.android.server.wm.Session.relayout:27 android.view.IWindowSession$Stub.onTransact:829 com.android.server.wm.Session.onTransact:1 
02-10 00:30:26.682  2640  7859 I WindowManager: Cancelling animation restarting=true, leash=Surface(name=Surface(name=9ba7b39 StatusBar)/@0x73c0817 - animation-leash of insets_animation)/@0xbca2d7f
