02-10 00:30:23.065  2640  3536 V Configuration: Updating configuration, locales updated from [] to [en_GB]
02-10 00:30:23.065  2640  3536 V Configuration: Updating configuration, locales updated from [] to [en_GB]
02-10 00:30:23.065  2640  3536 V Configuration: Updating configuration, locales updated from [] to [en_GB]
02-10 00:30:23.070  2640  3536 D IntervalStats: Unable to parse usage stats packages: [1237, 1615, 1617, 1618]
02-10 00:30:23.071  2640  3536 V Configuration: Updating configuration, locales updated from [] to [en_GB]
02-10 00:30:23.071  2640  3536 V Configuration: Updating configuration, locales updated from [] to [en_GB]
02-10 00:30:23.071  2640  3536 V Configuration: Updating configuration, locales updated from [] to [en_GB]
02-10 00:30:23.071  2640  3536 V Configuration: Updating configuration, locales updated from [] to [en_GB]
02-10 00:30:23.071  2640  3536 V Configuration: Updating configuration, locales updated from [] to [en_GB]
02-10 00:30:23.071  2640  3536 V Configuration: Updating configuration, locales updated from [] to [en_GB]
02-10 00:30:23.075  2640  3536 D IntervalStats: Unable to parse usage stats packages: [1237, 1618, 1619]
02-10 00:30:23.076  1804  2219 I CompositionEngine: [setDisplaySize] size=(434, 42)
02-10 00:30:23.105  1804  2044 W qdgralloc: getInterlacedFlag: getMetaData returned 3, defaulting to interlaced_flag = 0
02-10 00:30:23.147  1804  2044 W qdgralloc: getInterlacedFlag: getMetaData returned 3, defaulting to interlaced_flag = 0
02-10 00:30:23.162  2640  3720 D InetDiagMessage: Destroyed 0 sockets, proto=IPPROTO_TCP, family=AF_INET, states=14
02-10 00:30:23.162  2640  3720 D InetDiagMessage: Destroyed 0 sockets, proto=IPPROTO_TCP, family=AF_INET6, states=14
02-10 00:30:23.162  2640  3720 D InetDiagMessage: Destroyed live tcp sockets for uids={10062} in 1ms
02-10 00:30:23.163  1731  1731 I thermal_service: getTemperaturesWithType TemperatureType: 3
02-10 00:30:23.163  2640  3720 D InetDiagMessage: Destroyed 0 sockets, proto=IPPROTO_TCP, family=AF_INET, states=14
02-10 00:30:23.163  2640  3720 D InetDiagMessage: Destroyed 0 sockets, proto=IPPROTO_TCP, family=AF_INET6, states=14
02-10 00:30:23.164  2640  3720 D InetDiagMessage: Destroyed live tcp sockets for uids={20062} in 1ms
02-10 00:30:23.176  1804  2219 I CompositionEngine: [setDisplaySize] size=(434, 42)
02-10 00:30:23.188  1804  2044 W qdgralloc: getInterlacedFlag: getMetaData returned 3, defaulting to interlaced_flag = 0
02-10 00:30:23.203 10233 10233 E DartVM  : Exhausted heap space, trying to allocate 81936 bytes.
02-10 00:30:23.230  1804  2044 W qdgralloc: getInterlacedFlag: getMetaData returned 3, defaulting to interlaced_flag = 0
02-10 00:30:23.252  1214  1214 D io_stats: !@   8,0 r 3007094 61761944 w 876508 21043108 d 116058 20168400 f 32887 72295 iot 674032 0 th 0 0 0 pt 0 inp 0 0 21904.351
02-10 00:30:23.272  1804  2044 W qdgralloc: getInterlacedFlag: getMetaData returned 3, defaulting to interlaced_flag = 0
02-10 00:30:23.276  1804  2219 I CompositionEngine: [setDisplaySize] size=(434, 42)
02-10 00:30:23.313  1804  2044 W qdgralloc: getInterlacedFlag: getMetaData returned 3, defaulting to interlaced_flag = 0
02-10 00:30:23.355  1804  2044 W qdgralloc: getInterlacedFlag: getMetaData returned 3, defaulting to interlaced_flag = 0
02-10 00:30:23.396  1804  2044 W qdgralloc: getInterlacedFlag: getMetaData returned 3, defaulting to interlaced_flag = 0
02-10 00:30:23.399  1804  2219 I CompositionEngine: [setDisplaySize] size=(434, 42)
02-10 00:30:23.418  1776  1783 E HeatmapThread: ECT Thread time in milliseconds: 1770672623
02-10 00:30:23.420  1776  1783 D HeatmapThread: !@ batteryplugType : 2
02-10 00:30:23.421  1776  1783 D HeatmapThread: !@ batteryLevel : 84  batteryTemperature : 370 
02-10 00:30:23.421  1776  1783 D HeatmapThread: !@ Heatmap currtime: 29511210
02-10 00:30:23.421  1776  1783 D HeatmapThread: !@ Heatmap prevtime: 29511183
02-10 00:30:23.421  1776  1783 D HeatmapThread: !@ Heatmap plugstarttime: 29511000
02-10 00:30:23.421  1776  1783 D HeatmapThread: !@ Heatmap prevv_dsoh_update_time: 29511180
02-10 00:30:23.422  1776  1783 E HeatmapThread: !@ CAM New BSOH: 100
02-10 00:30:23.422  1776  1783 E HeatmapThread: !@ CAM is Working
02-10 00:30:23.438  1804  2044 W qdgralloc: getInterlacedFlag: getMetaData returned 3, defaulting to interlaced_flag = 0
02-10 00:30:23.479  1804  2044 W qdgralloc: getInterlacedFlag: getMetaData returned 3, defaulting to interlaced_flag = 0
02-10 00:30:23.500  1804  2219 I CompositionEngine: [setDisplaySize] size=(434, 42)
02-10 00:30:23.521  1804  1804 D SurfaceFlinger: GPIS:: requestGPISForClientComposition
02-10 00:30:23.521  1804  2044 W qdgralloc: getInterlacedFlag: getMetaData returned 3, defaulting to interlaced_flag = 0
02-10 00:30:23.529  1642 17025 I vendor.qti.bluetooth@1.1-ibs_handler: ProcessIbsCmd: Received IBS_SLEEP_IND: 0xFE
02-10 00:30:23.530  1642 17025 I vendor.qti.bluetooth@1.1-ibs_handler: ProcessIbsCmd: Received IBS_WAKE_IND: 0xFD
02-10 00:30:23.530  1642 17025 I vendor.qti.bluetooth@1.1-ibs_handler: ProcessIbsCmd: Writing IBS_WAKE_ACK
02-10 00:30:23.563  1804  2044 W qdgralloc: getInterlacedFlag: getMetaData returned 3, defaulting to interlaced_flag = 0
02-10 00:30:23.600  1804  2219 I CompositionEngine: [setDisplaySize] size=(434, 42)
02-10 00:30:23.605  1804  2044 W qdgralloc: getInterlacedFlag: getMetaData returned 3, defaulting to interlaced_flag = 0
02-10 00:30:23.646  1804  2044 W qdgralloc: getInterlacedFlag: getMetaData returned 3, defaulting to interlaced_flag = 0
02-10 00:30:23.688  1804  2044 W qdgralloc: getInterlacedFlag: getMetaData returned 3, defaulting to interlaced_flag = 0
02-10 00:30:23.700  1804  2219 I CompositionEngine: [setDisplaySize] size=(434, 42)
02-10 00:30:23.729  1804  2044 W qdgralloc: getInterlacedFlag: getMetaData returned 3, defaulting to interlaced_flag = 0
02-10 00:30:23.742  1656 27406 I sensors-hal: handle_sns_client_event:375, [0][10279] accel_sample [-0.129,  3.998,  9.064] 25019870148142
02-10 00:30:23.771  1804  2044 W qdgralloc: getInterlacedFlag: getMetaData returned 3, defaulting to interlaced_flag = 0
02-10 00:30:23.785  1642 17025 I vendor.qti.bluetooth@1.1-ibs_handler: ProcessIbsCmd: Received IBS_SLEEP_IND: 0xFE
02-10 00:30:23.792  1642 17025 I vendor.qti.bluetooth@1.1-ibs_handler: ProcessIbsCmd: Received IBS_WAKE_IND: 0xFD
02-10 00:30:23.793  1642 17025 I vendor.qti.bluetooth@1.1-ibs_handler: ProcessIbsCmd: Writing IBS_WAKE_ACK
02-10 00:30:23.800 16699 17041 I ScanController: onScanResult to scannerId: 2- eventType=0x1b, addressType=1, address=XX:XX:XX:XX:73:F9, primaryPhy=1, secondaryPhy=0, advertisingSid=0xff, txPower=127, rssi=-54, periodicAdvInt=0x0
02-10 00:30:23.800  1804  2219 I CompositionEngine: [setDisplaySize] size=(434, 42)
02-10 00:30:23.813  1804  2044 W qdgralloc: getInterlacedFlag: getMetaData returned 3, defaulting to interlaced_flag = 0
02-10 00:30:23.854  1804  2044 W qdgralloc: getInterlacedFlag: getMetaData returned 3, defaulting to interlaced_flag = 0
02-10 00:30:23.896  1804  2044 W qdgralloc: getInterlacedFlag: getMetaData returned 3, defaulting to interlaced_flag = 0
02-10 00:30:23.937  1804  2044 W qdgralloc: getInterlacedFlag: getMetaData returned 3, defaulting to interlaced_flag = 0
02-10 00:30:23.939  1804  2219 I CompositionEngine: [setDisplaySize] size=(434, 42)
02-10 00:30:23.979  1804  2044 W qdgralloc: getInterlacedFlag: getMetaData returned 3, defaulting to interlaced_flag = 0
02-10 00:30:24.016  6856  6856 I AudioPathManager: loadAudioPath() : loaded audio path is bluetooth (2)
02-10 00:30:24.017  6856  6856 I EffectManager: isSupportDolbyAtmosOnThisAudioPath() : path is bluetooth (2)
02-10 00:30:24.017  6856  6856 I UHQUpscalerManager: isUHQCompatibleBluetooth() : support is 0, mode is 1
02-10 00:30:24.017  6856  6856 I AudioPathManager: loadAudioPath() : loaded audio path is bluetooth (2)
02-10 00:30:24.017  6856  6856 I EffectManager: isSupportVolumeNormalizationOnCurrentAudioPath() : path is bluetooth (2)
02-10 00:30:24.017  6856  6856 I DVFSHelper: isNecessaryToBoostCPU() : isDolbyOn? false, isUHQUpscalerOn? false, isVoiceBoostOn? false, isVolumeNormalizationOn? false
02-10 00:30:24.021  1804  2044 W qdgralloc: getInterlacedFlag: getMetaData returned 3, defaulting to interlaced_flag = 0
02-10 00:30:24.040  1804  2219 I CompositionEngine: [setDisplaySize] size=(434, 42)
02-10 00:30:24.062  1804  1804 D SurfaceFlinger: GPIS:: requestGPISForClientComposition
02-10 00:30:24.062  1804  2044 W qdgralloc: getInterlacedFlag: getMetaData returned 3, defaulting to interlaced_flag = 0
02-10 00:30:24.104  1804  2044 W qdgralloc: getInterlacedFlag: getMetaData returned 3, defaulting to interlaced_flag = 0
02-10 00:30:24.140  1804  2219 I CompositionEngine: [setDisplaySize] size=(434, 42)
02-10 00:30:24.145  1804  2044 W qdgralloc: getInterlacedFlag: getMetaData returned 3, defaulting to interlaced_flag = 0
02-10 00:30:24.168  1731  1731 I thermal_service: getTemperaturesWithType TemperatureType: 3
02-10 00:30:24.187  1804  2044 W qdgralloc: getInterlacedFlag: getMetaData returned 3, defaulting to interlaced_flag = 0
02-10 00:30:24.199  2124  2124 I CNSS    : /sys/wifi/max_chipset_log_size doesn't exist
02-10 00:30:24.223  6897  7619 I SDHMS:x : SIOP:: AP:490 BAT:370 USB:348 CHG:460 PA:473 WIFI:441 CF:395 BLK:0 SUBBAT:0 LRPTHM:385 SKIN:402 SKINF:375 SKINB:402 LRP2:402 LRF2:375 LRB2:402 AP2:402 CHG2:394 WIFI2:401 RCV2:351 SPK2:326 FCAM:345 UPSPK:380 DNSPK:344 VAP02:472 VWIFI:403 AMB2:290 AVGCUR:-373 POWER:-1561
02-10 00:30:24.229  1804  2044 W qdgralloc: getInterlacedFlag: getMetaData returned 3, defaulting to interlaced_flag = 0
02-10 00:30:24.240  1804  2219 I CompositionEngine: [setDisplaySize] size=(434, 42)
02-10 00:30:24.270  1804  2044 W qdgralloc: getInterlacedFlag: getMetaData returned 3, defaulting to interlaced_flag = 0
02-10 00:30:24.280  2233  6476 D BufferPoolAccessor2.0: bufferpool2 0xb400007bb9263328 : 6(24576 size) total buffers - 1(4096 size) used buffers - 136515/136588 (recycle/alloc) - 506/136587 (fetch/transfer)
02-10 00:30:24.312  1804  2044 W qdgralloc: getInterlacedFlag: getMetaData returned 3, defaulting to interlaced_flag = 0
02-10 00:30:24.315  1804  5058 D NativeSemDvfsManager: acquire:: timeout = 2000 mIsAcquired = 1  mTagName : SurfaceFlinger 
02-10 00:30:24.316  1804  5058 E NativeCustomFrequencyManager: [NativeCFMS] BpCustomFrequencyManager::acquire()
02-10 00:30:24.317  1667  1695 I HYPER-HAL: [RequestManager.cpp]acquire(): Acquired ID : 3933610  [1804 / 1000]    HINT : SF_GPU_MINLOCK    list : [TIMEOUT / 2000] 
02-10 00:30:24.340  1804  2219 I CompositionEngine: [setDisplaySize] size=(434, 42)
02-10 00:30:24.341  1642 17025 I vendor.qti.bluetooth@1.1-ibs_handler: ProcessIbsCmd: Received IBS_SLEEP_IND: 0xFE
02-10 00:30:24.342  1642 17025 I vendor.qti.bluetooth@1.1-ibs_handler: ProcessIbsCmd: Received IBS_WAKE_IND: 0xFD
02-10 00:30:24.342  1642 17025 I vendor.qti.bluetooth@1.1-ibs_handler: ProcessIbsCmd: Writing IBS_WAKE_ACK
02-10 00:30:24.354  1804  2044 W qdgralloc: getInterlacedFlag: getMetaData returned 3, defaulting to interlaced_flag = 0
02-10 00:30:24.395  1804  2044 W qdgralloc: getInterlacedFlag: getMetaData returned 3, defaulting to interlaced_flag = 0
02-10 00:30:24.418  1776  1783 E HeatmapThread: ECT Thread time in milliseconds: 1770672624
02-10 00:30:24.421  1776  1783 D HeatmapThread: !@ batteryplugType : 2
02-10 00:30:24.421  1776  1783 D HeatmapThread: !@ batteryLevel : 84  batteryTemperature : 370 
02-10 00:30:24.421  1776  1783 D HeatmapThread: !@ Heatmap currtime: 29511210
02-10 00:30:24.421  1776  1783 D HeatmapThread: !@ Heatmap prevtime: 29511183
02-10 00:30:24.421  1776  1783 D HeatmapThread: !@ Heatmap plugstarttime: 29511000
02-10 00:30:24.421  1776  1783 D HeatmapThread: !@ Heatmap prevv_dsoh_update_time: 29511180
02-10 00:30:24.421  1776  1783 E HeatmapThread: !@ CAM New BSOH: 100
02-10 00:30:24.422  1776  1783 E HeatmapThread: !@ CAM is Working
02-10 00:30:24.437  1804  2044 W qdgralloc: getInterlacedFlag: getMetaData returned 3, defaulting to interlaced_flag = 0
02-10 00:30:24.441  1804  2219 I CompositionEngine: [setDisplaySize] size=(434, 42)
02-10 00:30:24.478  1804  2044 W qdgralloc: getInterlacedFlag: getMetaData returned 3, defaulting to interlaced_flag = 0
02-10 00:30:24.493  2640  6428 D SemWifiUsabilityStatsMonitor: onWifiUsabilityStats - seqNum 3282, isSameBssidAndFreq true
02-10 00:30:24.494  2640  3838 E SemWifiLinkQualityMonitor: Too old or invalid TMI: currentTime=1770672624494 lastDateWindow=1770658852000
02-10 00:30:24.495  2640  3838 I SemWifiLinkQualityMonitor: Link stat: 1547 / 20 / 1.16 (73) / 576 / -65.0 || 100.0 : 576.00 / 0.5 : 0.86 / 0.55 : 0.01 / G (G) || 9c2716de5500: 0.087 / 92.132 / N || N V / 0 0 / N 2.0 / N X 0 / 21905593 0 || 2026-02-09 20:40:52  / 0: 0 0 0 0 0 0 / 0: 0 0 0 0 0 0 / 0: 0 0 0 0 0 0
02-10 00:30:24.495  2640  3839 D InsDataManager: onOutageCountUpdate() - Outage Data: 0, LQ : N. Outage Triggered: false
02-10 00:30:24.495  2640  3839 E InsController: Error in onOutageCountUpdate: android.net.VpnTransportInfo cannot be cast to android.net.wifi.WifiInfo
02-10 00:30:24.495  2640  3839 D SemInsManager: {"bssid": "9c2716de5500","rssi": -65.0,"latency": 0.08683191442916394,"outage_count": 0,"lq_callback_triggered": false,"outage_log": "Link stat: 1547 / 20 / 1.16 (73) / 576 / -65.0 || 100.0 : 576.00 / 0.5 : 0.86 / 0.55 : 0.01 / G (G) || 9c2716de5500: 0.087 / 92.132 / N || N V / 0 0 / N 2.0 / N X 0 / 21905593 0 || 2026-02-09 20:40:52  / 0: 0 0 0 0 0 0 / 0: 0 0 0 0 0 0 / 0: 0 0 0 0 0 0""Magnetic Sensor Events size": "0""Pressure Sensor Events size": "0"}
02-10 00:30:24.496  2640  3856 D SGM:GameManager: identifyGamePackage. org.voxmatrix.app, mCurrentUserId: 0, callingMethodInfo: com.samsung.android.game.SemGameManager.isGamePackage(SemGameManager.java:106)
02-10 00:30:24.497  2640  3856 D SGM:SemGameManager: isGamePackage(), pkgName=org.voxmatrix.app, ret=false
02-10 00:30:24.497  2640  3856 I SemWifiIntelligentConnectionManager: HQ: s3CBdIgsSD / 16:de / 5500 / -65 / 576 / 428 | 91 / 1026 / 1 / R / F / F / T / 3142 / 69 | 0 / 0 (-75.0)
02-10 00:30:24.509  3961  4581 D SatelliteController: isInCarrierRoamingNbIotNtn: satellite is disabled
02-10 00:30:24.521  1804  2044 W qdgralloc: getInterlacedFlag: getMetaData returned 3, defaulting to interlaced_flag = 0
02-10 00:30:24.541  1804  2219 I CompositionEngine: [setDisplaySize] size=(434, 42)
02-10 00:30:24.561  1804  2044 W qdgralloc: getInterlacedFlag: getMetaData returned 3, defaulting to interlaced_flag = 0
02-10 00:30:24.603  1804  1804 D SurfaceFlinger: GPIS:: requestGPISForClientComposition
02-10 00:30:24.603  1804  2044 W qdgralloc: getInterlacedFlag: getMetaData returned 3, defaulting to interlaced_flag = 0
02-10 00:30:24.641  1804  2219 I CompositionEngine: [setDisplaySize] size=(434, 42)
02-10 00:30:24.645  1804  2044 W qdgralloc: getInterlacedFlag: getMetaData returned 3, defaulting to interlaced_flag = 0
02-10 00:30:24.686  1804  2044 W qdgralloc: getInterlacedFlag: getMetaData returned 3, defaulting to interlaced_flag = 0
02-10 00:30:24.729  1804  2044 W qdgralloc: getInterlacedFlag: getMetaData returned 3, defaulting to interlaced_flag = 0
02-10 00:30:24.769  1804  2044 W qdgralloc: getInterlacedFlag: getMetaData returned 3, defaulting to interlaced_flag = 0
02-10 00:30:24.772  1804  2219 I CompositionEngine: [setDisplaySize] size=(434, 42)
02-10 00:30:24.811  1804  2044 W qdgralloc: getInterlacedFlag: getMetaData returned 3, defaulting to interlaced_flag = 0
02-10 00:30:24.853  1804  2044 W qdgralloc: getInterlacedFlag: getMetaData returned 3, defaulting to interlaced_flag = 0
02-10 00:30:24.872  1804  2219 I CompositionEngine: [setDisplaySize] size=(434, 42)
02-10 00:30:24.894  1804  2044 W qdgralloc: getInterlacedFlag: getMetaData returned 3, defaulting to interlaced_flag = 0
02-10 00:30:24.911 30491 30959 E msys    : E[N mns]_OnDiskCacheGetData(632)=>Start post callback cache refresh DNS resolution
02-10 00:30:24.914  2640  3896 D NetdEventListenerService: DNS Requested by 111, 10394(com.instagram.android), 4(FAIL), isBlocked=true, 0ms
02-10 00:30:24.922 30491 30959 E msys    : E[N mns]_LogError(228)=>Failed to resolve using system DNS resolver, getaddrinfo(): No address associated with hostname
02-10 00:30:24.922 30491 30959 E msys    : E[N mns]_OnDiskCacheGetData(632)=>Start post callback cache refresh DNS resolution
02-10 00:30:24.923  2640  3896 D NetdEventListenerService: DNS Requested by 111, 10394(com.instagram.android), 4(FAIL), isBlocked=true, 0ms
02-10 00:30:24.924 30491 30959 E msys    : E[N mns]_LogError(228)=>Failed to resolve using system DNS resolver, getaddrinfo(): No address associated with hostname
02-10 00:30:24.936  1804  2044 W qdgralloc: getInterlacedFlag: getMetaData returned 3, defaulting to interlaced_flag = 0
02-10 00:30:24.972  1804  2219 I CompositionEngine: [setDisplaySize] size=(434, 42)
02-10 00:30:24.978  1804  2044 W qdgralloc: getInterlacedFlag: getMetaData returned 3, defaulting to interlaced_flag = 0
02-10 00:30:25.018  6856  6856 I AudioPathManager: loadAudioPath() : loaded audio path is bluetooth (2)
02-10 00:30:25.018  6856  6856 I EffectManager: isSupportDolbyAtmosOnThisAudioPath() : path is bluetooth (2)
02-10 00:30:25.018  6856  6856 I UHQUpscalerManager: isUHQCompatibleBluetooth() : support is 0, mode is 1
02-10 00:30:25.018  6856  6856 I AudioPathManager: loadAudioPath() : loaded audio path is bluetooth (2)
02-10 00:30:25.018  6856  6856 I EffectManager: isSupportVolumeNormalizationOnCurrentAudioPath() : path is bluetooth (2)
02-10 00:30:25.018  6856  6856 I DVFSHelper: isNecessaryToBoostCPU() : isDolbyOn? false, isUHQUpscalerOn? false, isVoiceBoostOn? false, isVolumeNormalizationOn? false
02-10 00:30:25.018  6856  6856 I DVFSHelper: acquireBoostingCPU() : stop boosting cpu
02-10 00:30:25.019  6856  6856 I AudioPathManager: loadAudioPath() : loaded audio path is bluetooth (2)
02-10 00:30:25.019  6856  6856 I EffectManager: isSupportDolbyAtmosOnThisAudioPath() : path is bluetooth (2)
02-10 00:30:25.019  6856  6856 I UHQUpscalerManager: isUHQCompatibleBluetooth() : support is 0, mode is 1
02-10 00:30:25.019  6856  6856 I AudioPathManager: loadAudioPath() : loaded audio path is bluetooth (2)
02-10 00:30:25.019  6856  6856 I EffectManager: isSupportVolumeNormalizationOnCurrentAudioPath() : path is bluetooth (2)
02-10 00:30:25.019  6856  6856 I DVFSHelper: isNecessaryToBoostCPU() : isDolbyOn? false, isUHQUpscalerOn? false, isVoiceBoostOn? false, isVolumeNormalizationOn? false
02-10 00:30:25.019  1804  2044 W qdgralloc: getInterlacedFlag: getMetaData returned 3, defaulting to interlaced_flag = 0
02-10 00:30:25.061  1804  2044 W qdgralloc: getInterlacedFlag: getMetaData returned 3, defaulting to interlaced_flag = 0
02-10 00:30:25.072  1804  2219 I CompositionEngine: [setDisplaySize] size=(434, 42)
02-10 00:30:25.095  5965  5965 D EventLogger: loading [eventTime=7625.07, mediaPos=353.71, window=0, period=0, true]
02-10 00:30:25.102  1804  2044 W qdgralloc: getInterlacedFlag: getMetaData returned 3, defaulting to interlaced_flag = 0
02-10 00:30:25.103  5965  5965 D EventLogger: loading [eventTime=7625.08, mediaPos=353.71, window=0, period=0, false]
02-10 00:30:25.109 10233 10233 E DartVM  : Exhausted heap space, trying to allocate 81936 bytes.
02-10 00:30:25.144  1804  1804 D SurfaceFlinger: GPIS:: requestGPISForClientComposition
02-10 00:30:25.144  1804  2044 W qdgralloc: getInterlacedFlag: getMetaData returned 3, defaulting to interlaced_flag = 0
02-10 00:30:25.147  5965  6473 D BufferPoolAccessor2.0: bufferpool2 0xb4000073a1467f28 : 5(40960 size) total buffers - 1(8192 size) used buffers - 136627/136652 (recycle/alloc) - 121/136636 (fetch/transfer)
02-10 00:30:25.173  1731  1731 I thermal_service: getTemperaturesWithType TemperatureType: 3
02-10 00:30:25.173  1804  2219 I CompositionEngine: [setDisplaySize] size=(434, 42)
02-10 00:30:25.186  1804  2044 W qdgralloc: getInterlacedFlag: getMetaData returned 3, defaulting to interlaced_flag = 0
02-10 00:30:25.227  1804  2044 W qdgralloc: getInterlacedFlag: getMetaData returned 3, defaulting to interlaced_flag = 0
02-10 00:30:25.253  1214  1214 D io_stats: !@   8,0 r 3007186 61762948 w 876515 21043148 d 116059 20168412 f 32887 72296 iot 674060 0 th 0 0 0 pt 0 inp 0 0 21906.352
02-10 00:30:25.253  1214  1214 D io_stats: !@ Read_top(KB): system_server(2640) 868 cebook.services(9790) 508 earchbox:search(16429) 232
02-10 00:30:25.253  1214  1214 D io_stats: !@ Write_top(KB): system_server(2640) 28 earchbox:search(16429) 24
02-10 00:30:25.269  1804  2044 W qdgralloc: getInterlacedFlag: getMetaData returned 3, defaulting to interlaced_flag = 0
02-10 00:30:25.273  1804  2219 I CompositionEngine: [setDisplaySize] size=(434, 42)
02-10 00:30:25.311  1804  2044 W qdgralloc: getInterlacedFlag: getMetaData returned 3, defaulting to interlaced_flag = 0
02-10 00:30:25.319  3998  4196 D Tile.SoundModeTile: handleSetListening: listening true
02-10 00:30:25.321  3998  4196 D Tile.SoundModeTile: handleUpdateState: profile 2, muteAllSound false
02-10 00:30:25.323  3998  4196 D Tile.SoundModeTile: handleSetListening: listening false
02-10 00:30:25.326  3998  4196 D SRotationLockTile:  mRotationLocked: true handleUpdateState: false orientation = true
02-10 00:30:25.326  3998  4196 D SRotationLockTile:  mRotationLocked: true handleUpdateState: false orientation = true
02-10 00:30:25.327  3998  4196 D SRotationLockTile:  mRotationLocked: true handleUpdateState: false orientation = true
02-10 00:30:25.334  4705 10802 I NearbyMediums: No BLE Fast/GATT advertisements found in the latest cycle.
02-10 00:30:25.335  4705 10802 I NearbyMediums: Current Tracked Scanning Clients are : {NearbyConnections.EnvironmentMonitor, NearbySharing, NearbyConnections.TxAdvertisement}
02-10 00:30:25.346  3998  3998 D SBluetoothControllerImpl: handleMessage : 3
02-10 00:30:25.346  3998  3998 D SBluetoothControllerImpl: handleMessage : 2
02-10 00:30:25.352  1804  2044 W qdgralloc: getInterlacedFlag: getMetaData returned 3, defaulting to interlaced_flag = 0
02-10 00:30:25.357  3998  4196 D SBluetoothTile:  handleUpdateState enabled = true connected = true connecting = false changedState =false bluetoothState = 12 enabledChanging = false state = QSTile$BooleanState[spec=Bluetooth,icon=ResourceIcon[resId=0x7f080f78],nextIcon=null,iconSupplier=null,label=Bluetooth,secondaryLabel=2 devices
02-10 00:30:25.357  3998  4196 D SBluetoothTile: connected,contentDescription=Bluetooth,stateDescription=null,dualLabelContentDescription=Connected to 2 devices
02-10 00:30:25.357  3998  4196 D SBluetoothTile: connected.,expandedAccessibilityClassName=null,disabledByPolicy=false,dualTarget=true,isTransient=false,handlesSecondaryClick=false,state=2,sideViewCustomDrawable=null,tileClassName=null,value=true,forceExpandIcon=false]
02-10 00:30:25.365  3998  4196 D SBluetoothTile:  handleUpdateState enabled = true connected = true connecting = false changedState =false bluetoothState = 12 enabledChanging = false state = QSTile$BooleanState[spec=Bluetooth,icon=ResourceIcon[resId=0x7f080f78],nextIcon=null,iconSupplier=null,label=Bluetooth,secondaryLabel=2 devices
02-10 00:30:25.365  3998  4196 D SBluetoothTile: connected,contentDescription=Bluetooth,stateDescription=null,dualLabelContentDescription=Connected to 2 devices
02-10 00:30:25.365  3998  4196 D SBluetoothTile: connected.,expandedAccessibilityClassName=null,disabledByPolicy=false,dualTarget=true,isTransient=false,handlesSecondaryClick=false,state=2,sideViewCustomDrawable=null,tileClassName=null,value=true,forceExpandIcon=false]
02-10 00:30:25.368  3998  3998 D SBluetoothControllerImpl: handleMessage : 4
02-10 00:30:25.373  1804  2219 I CompositionEngine: [setDisplaySize] size=(434, 42)
02-10 00:30:25.377  3998  3998 D ZenModeController: Added callback class com.android.systemui.qs.tiles.DndTile$5
02-10 00:30:25.380  3998  4196 D Tile.MobileDataTile: handleUpdateState : state false
02-10 00:30:25.380  3998  4196 D Tile.DndTile: handleUpdateState zen 0  state = QSTile$BooleanState[spec=Dnd,icon=ResourceIcon[resId=0x7f080f7d],nextIcon=null,iconSupplier=null,label=Do not disturb,secondaryLabel=null,contentDescription=null,stateDescription=null,dualLabelContentDescription=null,expandedAccessibilityClassName=null,disabledByPolicy=false,dualTarget=true,isTransient=false,handlesSecondaryClick=false,state=1,sideViewCustomDrawable=null,tileClassName=null,value=false,forceExpandIcon=false]
02-10 00:30:25.383  3998  3998 D ZenModeController: Removed callback class com.android.systemui.qs.tiles.DndTile$5
02-10 00:30:25.394  1804  2044 W qdgralloc: getInterlacedFlag: getMetaData returned 3, defaulting to interlaced_flag = 0
02-10 00:30:25.397  2640  7434 E BatteryStatsService: Invalid uid for waking network packet: -1
02-10 00:30:25.418  1776  1783 E HeatmapThread: ECT Thread time in milliseconds: 1770672625
02-10 00:30:25.420  3998  4196 D Tile.SecDeviceControlsTile: handleUpdateState appName = SmartThings
02-10 00:30:25.421  1776  1783 D HeatmapThread: !@ batteryplugType : 2
02-10 00:30:25.421  1776  1783 D HeatmapThread: !@ batteryLevel : 84  batteryTemperature : 370 
02-10 00:30:25.422  1776  1783 D HeatmapThread: !@ Heatmap currtime: 29511210
02-10 00:30:25.422  1776  1783 D HeatmapThread: !@ Heatmap prevtime: 29511183
02-10 00:30:25.422  1776  1783 D HeatmapThread: !@ Heatmap plugstarttime: 29511000
02-10 00:30:25.422  1776  1783 D HeatmapThread: !@ Heatmap prevv_dsoh_update_time: 29511180
02-10 00:30:25.423  1776  1783 E HeatmapThread: !@ CAM New BSOH: 100
02-10 00:30:25.423  1776  1783 E HeatmapThread: !@ CAM is Working
02-10 00:30:25.435  1656 26828 I sensors-hal: handle_sns_std_sensor_event:409, [SSC_LIGHT] P: 1(1),c:0,b:26,m:13,cl:0,l:1,s:0,l0:384,l1:0,s0:0,s1:0,acl:1,opr:0.12,f(r):94,u(bl):100,if:0,wi:0,si:0,po:0(N:0)
02-10 00:30:25.435  1656  3945 I sensors-hal: handle_sns_std_sensor_event:131, [SSC_LIGHT] A: 1(1),c:0,b:26,m:13,cl:0,l:1,s:0,l0:384,l1:0,s0:0,s1:0,acl:1,opr:0.12,f(r):94,u(bl):100,if:0,wi:0,si:0,po:0(N:0)
02-10 00:30:25.436  1804  2044 W qdgralloc: getInterlacedFlag: getMetaData returned 3, defaulting to interlaced_flag = 0
02-10 00:30:25.473  1804  2219 I CompositionEngine: [setDisplaySize] size=(434, 42)
02-10 00:30:25.477  1804  2044 W qdgralloc: getInterlacedFlag: getMetaData returned 3, defaulting to interlaced_flag = 0
02-10 00:30:25.519  1804  2044 W qdgralloc: getInterlacedFlag: getMetaData returned 3, defaulting to interlaced_flag = 0
02-10 00:30:25.560  1804  2044 W qdgralloc: getInterlacedFlag: getMetaData returned 3, defaulting to interlaced_flag = 0
02-10 00:30:25.602  1804  2044 W qdgralloc: getInterlacedFlag: getMetaData returned 3, defaulting to interlaced_flag = 0
02-10 00:30:25.606  1804  2219 I CompositionEngine: [setDisplaySize] size=(434, 42)
02-10 00:30:25.644  1804  2044 W qdgralloc: getInterlacedFlag: getMetaData returned 3, defaulting to interlaced_flag = 0
02-10 00:30:25.660  2640  3849 I SemTwtInfo: Deact. reason: 4
02-10 00:30:25.685  1804  1804 D SurfaceFlinger: GPIS:: requestGPISForClientComposition
02-10 00:30:25.685  1804  2044 W qdgralloc: getInterlacedFlag: getMetaData returned 3, defaulting to interlaced_flag = 0
02-10 00:30:25.706  1804  2219 I CompositionEngine: [setDisplaySize] size=(434, 42)
02-10 00:30:25.727  1804  2044 W qdgralloc: getInterlacedFlag: getMetaData returned 3, defaulting to interlaced_flag = 0
02-10 00:30:25.727  1642 17025 I vendor.qti.bluetooth@1.1-ibs_handler: ProcessIbsCmd: Received IBS_SLEEP_IND: 0xFE
02-10 00:30:25.734  1642 17025 I vendor.qti.bluetooth@1.1-ibs_handler: ProcessIbsCmd: Received IBS_WAKE_IND: 0xFD
02-10 00:30:25.734  1642 17025 I vendor.qti.bluetooth@1.1-ibs_handler: ProcessIbsCmd: Writing IBS_WAKE_ACK
02-10 00:30:25.768  1804  2044 W qdgralloc: getInterlacedFlag: getMetaData returned 3, defaulting to interlaced_flag = 0
02-10 00:30:25.778  1656 27406 I sensors-hal: handle_sns_client_event:375, [0][10289] accel_sample [-1.541,  4.355,  8.747] 25021905755278
02-10 00:30:25.806  1804  2219 I CompositionEngine: [setDisplaySize] size=(434, 42)
02-10 00:30:25.810  1804  2044 W qdgralloc: getInterlacedFlag: getMetaData returned 3, defaulting to interlaced_flag = 0
02-10 00:30:25.852  1804  2044 W qdgralloc: getInterlacedFlag: getMetaData returned 3, defaulting to interlaced_flag = 0
02-10 00:30:25.855  1804  5058 D NativeSemDvfsManager: acquire:: timeout = 2000 mIsAcquired = 1  mTagName : SurfaceFlinger 
02-10 00:30:25.855  1804  5058 E NativeCustomFrequencyManager: [NativeCFMS] BpCustomFrequencyManager::acquire()
02-10 00:30:25.856  1667  1695 I HYPER-HAL: [RequestManager.cpp]acquire(): Acquired ID : 3933610  [1804 / 1000]    HINT : SF_GPU_MINLOCK    list : [TIMEOUT / 2000] 
02-10 00:30:25.868 16699 16789 I bluetooth: system/gd/hci/le_advertising_manager.cc:903 set_advertising_set_random_address_on_timer: Scheduling address rotation for advertiser_id=2
02-10 00:30:25.868 16699 16789 I bluetooth: system/gd/hci/le_address_manager.cc:581 GetNextPrivateAddressIntervalRange: client=advertising_set_2, nonwake=7m35s, wake=14m27s
02-10 00:30:25.870 16699 16789 I bluetooth: system/gd/hci/le_advertising_manager.cc:1868 on_set_advertising_set_random_address_complete: update random address for advertising set 2 : xx:xx:xx:xx:d5:09
02-10 00:30:25.893  1804  2044 W qdgralloc: getInterlacedFlag: getMetaData returned 3, defaulting to interlaced_flag = 0
02-10 00:30:25.906  1804  2219 I CompositionEngine: [setDisplaySize] size=(434, 42)
02-10 00:30:25.935  1804  2044 W qdgralloc: getInterlacedFlag: getMetaData returned 3, defaulting to interlaced_flag = 0
02-10 00:30:25.985  1804  2044 W qdgralloc: getInterlacedFlag: getMetaData returned 3, defaulting to interlaced_flag = 0
02-10 00:30:26.021  6856  6856 I AudioPathManager: loadAudioPath() : loaded audio path is bluetooth (2)
02-10 00:30:26.021  6856  6856 I EffectManager: isSupportDolbyAtmosOnThisAudioPath() : path is bluetooth (2)
02-10 00:30:26.021  6856  6856 I UHQUpscalerManager: isUHQCompatibleBluetooth() : support is 0, mode is 1
02-10 00:30:26.021  6856  6856 I AudioPathManager: loadAudioPath() : loaded audio path is bluetooth (2)
02-10 00:30:26.021  6856  6856 I EffectManager: isSupportVolumeNormalizationOnCurrentAudioPath() : path is bluetooth (2)
02-10 00:30:26.021  6856  6856 I DVFSHelper: isNecessaryToBoostCPU() : isDolbyOn? false, isUHQUpscalerOn? false, isVoiceBoostOn? false, isVolumeNormalizationOn? false
02-10 00:30:26.027  1804  2044 W qdgralloc: getInterlacedFlag: getMetaData returned 3, defaulting to interlaced_flag = 0
02-10 00:30:26.030  1804  2219 I CompositionEngine: [setDisplaySize] size=(434, 42)
02-10 00:30:26.044 16699 17041 I ScanController: onScanResult to scannerId: 2- eventType=0x1b, addressType=1, address=XX:XX:XX:XX:73:F9, primaryPhy=1, secondaryPhy=0, advertisingSid=0xff, txPower=127, rssi=-48, periodicAdvInt=0x0
02-10 00:30:26.068  1804  2044 W qdgralloc: getInterlacedFlag: getMetaData returned 3, defaulting to interlaced_flag = 0
02-10 00:30:26.110  1804  2044 W qdgralloc: getInterlacedFlag: getMetaData returned 3, defaulting to interlaced_flag = 0
02-10 00:30:26.130  1804  2219 I CompositionEngine: [setDisplaySize] size=(434, 42)
02-10 00:30:26.151  1804  2044 W qdgralloc: getInterlacedFlag: getMetaData returned 3, defaulting to interlaced_flag = 0
02-10 00:30:26.177  1731  1731 I thermal_service: getTemperaturesWithType TemperatureType: 3
02-10 00:30:26.193  1804  1804 D SurfaceFlinger: GPIS:: requestGPISForClientComposition
02-10 00:30:26.193  1804  2044 W qdgralloc: getInterlacedFlag: getMetaData returned 3, defaulting to interlaced_flag = 0
02-10 00:30:26.230  1804  2219 I CompositionEngine: [setDisplaySize] size=(434, 42)
02-10 00:30:26.234  1804  2044 W qdgralloc: getInterlacedFlag: getMetaData returned 3, defaulting to interlaced_flag = 0
02-10 00:30:26.236  3961  4667 D PhoneInterfaceManager: setDataEnabledForReason() Reason=1 Pid=2640 App=system
02-10 00:30:26.250  6897  7619 I SDHMS:x : SIOP:: AP:492 BAT:370 USB:348 CHG:462 PA:474 WIFI:442 CF:396 BLK:0 SUBBAT:0 LRPTHM:386 SKIN:403 SKINF:376 SKINB:403 LRP2:403 LRF2:376 LRB2:403 AP2:403 CHG2:394 WIFI2:402 RCV2:352 SPK2:326 FCAM:345 UPSPK:380 DNSPK:344 VAP02:474 VWIFI:404 AMB2:290 AVGCUR:-373 POWER:-1561
02-10 00:30:26.276  1804  2044 W qdgralloc: getInterlacedFlag: getMetaData returned 3, defaulting to interlaced_flag = 0
02-10 00:30:26.315  1667  1695 I HYPER-HAL: [RequestManager.cpp]acquire(): Acquired ID : 14662148  [1671 / 3743]    HINT :      list : [TID_LOW_LATENCY / 1] [TID / 22198] [TID / 22199] [TID / 3000] [TID / 15287] 
02-10 00:30:26.317  1667  1695 I HYPER-HAL: [RequestManager.cpp]acquire(): Acquired ID : 14662148  [1671 / 3743]    HINT :      list : [TID_LOW_LATENCY / 0] [TID / 22198] [TID / 22199] [TID / 3000] [TID / 15287] 
02-10 00:30:26.318  1667  1695 I HYPER-HAL: [RequestManager.cpp]acquire(): Acquired ID : 14667564  [1671 / 3744]    HINT :      list : [UCLAMP_MIN_BOOST / 0] [TID / 22198] [TID / 22199] [TID / 3000] [TID / 15287] 
02-10 00:30:26.318  1804  2044 W qdgralloc: getInterlacedFlag: getMetaData returned 3, defaulting to interlaced_flag = 0
02-10 00:30:26.318  1667  1695 I HYPER-HAL: [RequestManager.cpp]releaseLocked(): Released ID : 14662148
02-10 00:30:26.318  1667  1695 I HYPER-HAL: [RequestManager.cpp]releaseLocked(): Released ID : 14667564
02-10 00:30:26.323  1642 17025 I vendor.qti.bluetooth@1.1-ibs_handler: ProcessIbsCmd: Received IBS_SLEEP_IND: 0xFE
02-10 00:30:26.326  1642 17025 I vendor.qti.bluetooth@1.1-ibs_handler: ProcessIbsCmd: Received IBS_WAKE_IND: 0xFD
02-10 00:30:26.326  1642 17025 I vendor.qti.bluetooth@1.1-ibs_handler: ProcessIbsCmd: Writing IBS_WAKE_ACK
02-10 00:30:26.331  1804  2219 I CompositionEngine: [setDisplaySize] size=(434, 42)
02-10 00:30:26.359  1804  2044 W qdgralloc: getInterlacedFlag: getMetaData returned 3, defaulting to interlaced_flag = 0
02-10 00:30:26.371  2640  3609 D InputReader: Btn_touch(6): value=1 when=21907.470803
02-10 00:30:26.371  2640  3609 I InputReader: Touch event's action is 0x0 (id=6, t=0) [pCnt=1, s=0.6503 ] when=21907.470803
02-10 00:30:26.372  2640  3608 I InputDispatcher: Delivering touch to (3998): action: 0x4, f=0x0, d=0, '8909249', t=1 
02-10 00:30:26.373  2640  3608 I InputDispatcher: Delivering touch to (2640): action: 0x0, f=0x0, d=0, 'b419258', t=1 +(-6,-1566)
02-10 00:30:26.373  2640  3000 I VRI[app]@e13ddca: ViewPostIme pointer 0
02-10 00:30:26.373  2640  3608 D PowerManagerService: [api] userActivityFromNative : touch displayId=0 eventTime=21907470
02-10 00:30:26.374  4611  4611 I HoneySpace.GestureInputHandler: inputConsumers = [com.honeyspace.gesture.inputconsumer.InputConsumer$Companion$NO_OP$1@9410a5b]
02-10 00:30:26.374  2640  3608 D PowerManagerService: UserActivityStateListenerState: 1
02-10 00:30:26.374  4611  4611 I HoneySpace.InputSession: inputConsumers = NO_OP
02-10 00:30:26.374  4611  4611 I HoneySpace.InputSession: open
02-10 00:30:26.374  2640  3002 I DisplayDeviceRepository: Display device changed render timings: "Built-in Screen", renderFrameRate=120.00001, presentationDeadlineNanos=9333333, appVsyncOffsetNanos=8333333, frameRateOverrides=[{uid=10442 frameRateHz=120.00001}]
02-10 00:30:26.375  2640  3000 I VRI[app]@e13ddca: call setFrameRateCategory for touch hint category=high hint, reason=touch, vri=VRI[app]@e13ddca
02-10 00:30:26.375  1804  1804 I SurfaceFlinger: [Application Not Responding: org.voxmatrix.app#10545] setFrameRateCategory: HighHint
02-10 00:30:26.376  2640  3000 I GestureDetector: obtain mCurrentDownEvent. id: 738658789 caller: com.android.server.wm.SystemGesturesPointerEventListener.onPointerEvent:17 com.android.server.wm.PointerEventDispatcher.onInputEvent:51 android.view.InputEventReceiver.dispatchInputEvent:392 
02-10 00:30:26.376  2640  3000 I GestureDetector: obtain mCurrentDownEvent. id: 738658789 caller: com.android.server.wm.SystemPerformancePointerEventListener.onPointerEvent:13 com.android.server.wm.PointerEventDispatcher.onInputEvent:51 android.view.InputEventReceiver.dispatchInputEvent:392 
02-10 00:30:26.376  2640  3003 D SurfaceComposerClient: setCornerRadius ## 98d5d23 org.jellyfin.mobile/org.jellyfin.mobile.MainActivity#7191 cornerRadius=0.000000
02-10 00:30:26.376  2640  3003 D SurfaceComposerClient: setCornerRadius ## 12ea6d2 org.voxmatrix.app/org.voxmatrix.app.MainActivity#10483 cornerRadius=0.000000
02-10 00:30:26.378  2640 15287 W qdgralloc: getInterlacedFlag: getMetaData returned 3, defaulting to interlaced_flag = 0
02-10 00:30:26.380  2640  3000 I GestureDetector: obtain mCurrentMotionEventRaw. action: 2 id: 216489240
02-10 00:30:26.380  2640  3000 I GestureDetector: obtain mCurrentMotionEventRaw. action: 2 id: 216489240
02-10 00:30:26.392  1804  1804 I SurfaceFlinger: [LayerHierarchy{RequestedLayerState{Input Consumer pip_input_consumer#10465 parentId=10 z=2147483646} no children}] reparent to LayerHierarchy{RequestedLayerState{DefaultTaskDisplayArea_d0#10 parentId=9} 10 children}
02-10 00:30:26.394  2640 15287 W qdgralloc: getInterlacedFlag: getMetaData returned 3, defaulting to interlaced_flag = 0
02-10 00:30:26.401  1804  2044 W qdgralloc: getInterlacedFlag: getMetaData returned 3, defaulting to interlaced_flag = 0
02-10 00:30:26.418  1776  1783 E HeatmapThread: ECT Thread time in milliseconds: 1770672626
02-10 00:30:26.420  1776  1783 D HeatmapThread: !@ batteryplugType : 2
02-10 00:30:26.421  1776  1783 D HeatmapThread: !@ batteryLevel : 84  batteryTemperature : 370 
02-10 00:30:26.422  1776  1783 D HeatmapThread: !@ Heatmap currtime: 29511210
02-10 00:30:26.422  1776  1783 D HeatmapThread: !@ Heatmap prevtime: 29511183
02-10 00:30:26.422  1776  1783 D HeatmapThread: !@ Heatmap plugstarttime: 29511000
02-10 00:30:26.422  1776  1783 D HeatmapThread: !@ Heatmap prevv_dsoh_update_time: 29511180
02-10 00:30:26.422  1776  1783 E HeatmapThread: !@ CAM New BSOH: 100
02-10 00:30:26.422  1776  1783 E HeatmapThread: !@ CAM is Working
02-10 00:30:26.438  2640  3609 D InputReader: Btn_touch(6): value=0 when=21907.537256
02-10 00:30:26.438  2640  3609 I InputReader: Touch event's action is 0x1 (id=6, t=0) [pCnt=1, s=] when=21907.537256
02-10 00:30:26.438  2640  3608 I InputDispatcher: Delivering touch to (2640): action: 0x1, f=0x0, d=0, 'b419258', t=1 +(-6,-1566)
02-10 00:30:26.438  2640  3000 I VRI[app]@e13ddca: ViewPostIme pointer 1
02-10 00:30:26.438  4611  4611 I HoneySpace.GestureInputHandler: reset
02-10 00:30:26.438  4611  4611 I HoneySpace.InputSession: close
02-10 00:30:26.439  2640  3000 W ActivityTaskManager:   Force finishing activity org.voxmatrix.app/.MainActivity
02-10 00:30:26.440  2640  3000 D WindowManager: Transition is created, t=TransitionRecord{ac6afb4 id=-1 type=CLOSE flags=0x10}, caller=com.android.server.wm.Transition.<init>:182 com.android.server.wm.TransitionController.createTransition:17 com.android.server.wm.TransitionController.requestTransitionIfNeeded:48 com.android.server.wm.RootWindowContainer$$ExternalSyntheticLambda34.accept:176 com.android.server.wm.Task.forAllLeafTasks:6 
02-10 00:30:26.440  2640  3000 D BLASTSyncEngine: SyncGroup is created, id=883, name=Transition-CLOSE, caller=com.android.server.wm.BLASTSyncEngine$SyncGroup.<init>:52 com.android.server.wm.TransitionController.moveToCollecting:79 com.android.server.wm.TransitionController.createTransition:46 com.android.server.wm.TransitionController.requestTransitionIfNeeded:48 com.android.server.wm.RootWindowContainer$$ExternalSyntheticLambda34.accept:176 com.android.server.wm.Task.forAllLeafTasks:6 com.android.server.wm.WindowContainer.forAllLeafTasks:4 
02-10 00:30:26.440  2640  3000 W BLASTSyncEngine: setSyncMethod, id=883, method=0, caller=com.android.server.wm.TransitionController.moveToCollecting:91 com.android.server.wm.TransitionController.createTransition:46 com.android.server.wm.TransitionController.requestTransitionIfNeeded:48 
02-10 00:30:26.440  2640  3000 V WindowManager: Start collecting in Transition: TransitionRecord{ac6afb4 id=883 type=CLOSE flags=0x10}, caller=com.android.server.wm.TransitionController.createTransition:46 com.android.server.wm.TransitionController.requestTransitionIfNeeded:48 com.android.server.wm.RootWindowContainer$$ExternalSyntheticLambda34.accept:176 com.android.server.wm.Task.forAllLeafTasks:6 com.android.server.wm.WindowContainer.forAllLeafTasks:4 
02-10 00:30:26.440  2640  3000 V WindowManager: Requesting StartTransition: TransitionRecord{ac6afb4 id=883 type=CLOSE flags=0x10}, caller=com.android.server.wm.TransitionController.requestTransitionIfNeeded:56 com.android.server.wm.RootWindowContainer$$ExternalSyntheticLambda34.accept:176 com.android.server.wm.Task.forAllLeafTasks:6 com.android.server.wm.WindowContainer.forAllLeafTasks:4 com.android.server.wm.DisplayArea.forAllLeafTasks:4 
02-10 00:30:26.441  2640  3000 V WindowManager: Collecting in transition 883: Task{3e53928 #117 type=standard I=org.voxmatrix.app/.MainActivity}, caller=com.android.server.wm.Transition.collectExistenceChange:40 com.android.server.wm.Transition.collectClose:7 com.android.server.wm.ActivityRecord.finishIfPossible:50 com.android.server.wm.ActivityRecord.finishIfPossible:1 com.android.server.wm.RootWindowContainer$$ExternalSyntheticLambda34.accept:179 
02-10 00:30:26.441  2640  3000 D WindowManager: prepareSync <SYNC_STATE_WAITING_FOR_DRAW>, mPrepareSyncSeqId=0, win=Window{12ea6d2 u0 org.voxmatrix.app/org.voxmatrix.app.MainActivity}
02-10 00:30:26.441  3998  4106 V WindowManagerShell: Transition requested (#883): android.os.BinderProxy@2180bf TransitionRequestInfo { type = CLOSE, triggerTask = TaskInfo{userId=0 taskId=117 effectiveUid=10474 displayId=0 isRunning=true baseIntent=Intent { act=android.intent.action.MAIN cat=[android.intent.category.LAUNCHER] flg=0x10200000 cmp=org.voxmatrix.app/.MainActivity } baseActivity=ComponentInfo{org.voxmatrix.app/org.voxmatrix.app.MainActivity} topActivity=ComponentInfo{org.voxmatrix.app/org.voxmatrix.app.MainActivity} origActivity=null realActivity=ComponentInfo{org.voxmatrix.app/org.voxmatrix.app.MainActivity} numActivities=1 lastActiveTime=24959670 supportsMultiWindow=true resizeMode=1 isResizeable=true minWidth=-1 minHeight=-1 maxWidth=-1 maxHeight=-1 defaultMinSize=220 desktopDefaultMinSize=304 token=WCT{android.window.IWindowContainerToken$Stub$Proxy@638338c} topActivityType=1 pictureInPictureParams=null shouldDockBigOverlays=false launchIntoPipHostTaskId=-1 lastParentTaskIdBeforePip=-1 displayCutoutSafeInsets=Rect(0, 0 - 0, 0) topActivityInfo=ActivityInfo{feacad5 org.voxmatrix.app.MainActivity} launchCookies=[android.os.BinderProxy@85295e4] positionInParent=Point(0, 0) parentTaskId=-1 isFocused=true isVisible=true isVisibleRequested=true isTopActivityNoDisplay=false isSleeping=false locusId=null displayAreaFeatureId=1 isTopActivityTransparent=false isActivityStackTransparent=false lastNonFullscreenBounds=Rect(81, 606 - 999, 1776) capturedLink=null capturedLinkTimestamp=0 requestedVisibleTypes=-1 topActivityRequestOpenInBrowserEducationTimestamp=0 appCompatTaskInfo=AppCompatTaskInfo { topActivityInSizeCompat=false eligibleForLetterboxEducation= false isLetterboxEducationEnabled= false isLetterboxDoubleTapEnabled= false eligibleForUserAspectRatioButton= false topActivityBoundsLetterboxed= false isFromLetterboxDoubleTap= false topActivityLetterboxVerticalPosition= -1 topActivityLetterboxHorizontalPosition= -1 topActivityLetterboxWidth=-1 topActivityLetterboxHeight=-1 topActivityAppBounds=Rect(0, 0 - 1080, 2340) isUserFullscreenOverrideEnabled=false isSystemFullscreenOverrideEnabled=false hasMinAspectRatioOverride=false topActivityLetterboxBounds=null cameraCompatTaskInfo=CameraCompatTaskInfo { freeformCameraCompatMode=inactive} topActivityBounds=null topActivityInDisplayCompat=false singleTapFromLetterbox=false} topActivityMainWindowFrame=null originallySupportedMultiWindow=true hasWallpaper=false rootAffinity=null isTopTaskInStage=false CoverLauncherWidgetTask=false LaunchedFromAppsCoverLauncherTask=false LaunchedFromMultistarCoverLauncherTask=false isAllowedSeamlessRotation=false isTopTransparentActivity=true isAliasManaged=false hasConfigChanged=false snappingGuideBounds=null isAiKeyRemoveAppTask=false lastDesktopWindowingBounds=null lastExternalDesktopWindowingBounds=null safeCutoutInsets=null}, pipChange = null, remoteTransition = null, displayChange = null, flags = 16, debugId = 883 }
02-10 00:30:26.442  2640  3000 D ActivityTaskManager: scheduleTopResumedActivityChanged, onTop=false, r=ActivityRecord{256305995 u0 org.voxmatrix.app/.MainActivity t117 f}}, caller=com.android.server.wm.ActivityTaskSupervisor.scheduleTopResumedActivityStateLossIfNeeded:19 com.android.server.wm.ActivityTaskSupervisor.updateTopResumedActivityIfNeeded:20 com.android.server.wm.TaskDisplayArea.positionChildAt:252 com.android.server.wm.WindowContainer.positionChildAt:84 com.android.server.wm.Task.positionChildAt:19 com.android.server.wm.Task.moveToFront:40 
02-10 00:30:26.442  2640  3000 V WindowManager: Collecting in transition 883: ActivityRecord{256305995 u0 org.voxmatrix.app/.MainActivity t117 f}}, caller=com.android.server.wm.TransitionController.collect:7 com.android.server.wm.ActivityRecord.setVisibility:132 com.android.server.wm.ActivityRecord.finishIfPossible:87 com.android.server.wm.ActivityRecord.finishIfPossible:1 com.android.server.wm.RootWindowContainer$$ExternalSyntheticLambda34.accept:179 
02-10 00:30:26.443  1804  2044 W qdgralloc: getInterlacedFlag: getMetaData returned 3, defaulting to interlaced_flag = 0
02-10 00:30:26.444  2640  3000 V WindowManager: Collecting in transition 883: ActivityRecord{243601927 u0 com.sec.android.app.launcher/.activities.LauncherActivity t8}, caller=com.android.server.wm.TransitionController.collect:7 com.android.server.wm.ActivityRecord.setVisibility:132 com.android.server.wm.ActivityRecord.makeVisibleIfNeeded:36 com.android.server.wm.EnsureActivitiesVisibleHelper.process:538 com.android.server.wm.TaskFragment.updateActivityVisibilities:12 
02-10 00:30:26.444  2640  3000 D WindowManager: prepareSync <SYNC_STATE_WAITING_FOR_DRAW>, mPrepareSyncSeqId=0, win=Window{f617943 u0 com.sec.android.app.launcher/com.sec.android.app.launcher.activities.LauncherActivity}
02-10 00:30:26.444  2640  3000 V WindowManager: Setting visibility of Window{f617943 u0 com.sec.android.app.launcher/com.sec.android.app.launcher.activities.LauncherActivity}: true, caller=com.android.server.wm.WindowContainer.sendAppVisibilityToClients:19 com.android.server.wm.WindowToken.setClientVisible:48 com.android.server.wm.ActivityRecord.setVisibility:486 com.android.server.wm.ActivityRecord.makeVisibleIfNeeded:36 com.android.server.wm.EnsureActivitiesVisibleHelper.process:538 
02-10 00:30:26.444  2640  3000 D SurfaceComposerClient: setCornerRadius ## 98d5d23 org.jellyfin.mobile/org.jellyfin.mobile.MainActivity#7191 cornerRadius=0.000000
02-10 00:30:26.445  2640  3000 D SurfaceComposerClient: setCornerRadius ## 98d5d23 org.jellyfin.mobile/org.jellyfin.mobile.MainActivity#7191 cornerRadius=0.000000
02-10 00:30:26.445  2640  3000 D SurfaceComposerClient: setCornerRadius ## f617943 com.sec.android.app.launcher/com.sec.android.app.launcher.activities.LauncherActivity#123 cornerRadius=0.000000
02-10 00:30:26.446  4611  4611 I VRI[LauncherActivity]@1c31908: handleAppVisibility mAppVisible = false visible = true
02-10 00:30:26.446  1804  2219 I CompositionEngine: [setDisplaySize] size=(434, 42)
02-10 00:30:26.447  2640  3000 I ActivityManager: Killing 10233:org.voxmatrix.app/u0a474 (adj 0): user request after error
02-10 00:30:26.448  2640  3000 I WindowManager: WindowManagerGlobal#removeView, ty=2003, view=com.android.internal.policy.DecorView{9e09535 V.E...... R......D 0,0-1068,639}[app], caller=android.view.WindowManagerGlobal.removeView:654 android.view.WindowManagerImpl.removeViewImmediate:216 android.app.Dialog.dismissDialog:850 
02-10 00:30:26.449  2640  3000 W WindowOnBackDispatcher: sendCancelIfRunning: isInProgress=false callback=android.app.Dialog$$ExternalSyntheticLambda4@4474d7a
02-10 00:30:26.449  2640  3000 D CoreBackPreview: Window{b419258 u0 Application Not Responding: org.voxmatrix.app}: Setting back callback null
02-10 00:30:26.450  3998  4106 V ShellDesktopMode: DesktopTasksController: isDesktopModeShowing: hasVisibleTasks=false hasTopTransparentFullscreenTask=false
02-10 00:30:26.450  3998  4106 V ShellDesktopMode: DesktopTasksController: isDesktopModeShowing: hasVisibleTasks=false hasTopTransparentFullscreenTask=false
02-10 00:30:26.450  3998  4106 D ShellDesktopMode: handleRequest: TransitionRequestInfo {type=2, tid=117, f=16, debugId=883}
02-10 00:30:26.450  3998  4106 V ShellDesktopMode: DesktopTasksController: skipping handleRequest reason=transition type not handled (2)
02-10 00:30:26.451  4611  4735 I HoneySpace.TopTaskSource: onTaskMovedToFront : taskId = 8, displayId = 0
02-10 00:30:26.451  2640  7434 V WindowManager: Starting Transition 883, caller=com.android.server.wm.WindowOrganizerController.startTransition:47 com.android.server.wm.WindowOrganizerController.startTransition:1 android.window.IWindowOrganizerController$Stub.onTransact:259 
02-10 00:30:26.452  4611  4737 I HoneySpace.TopTaskUseCase: topTasks 8 ComponentInfo{com.sec.android.app.launcher/com.sec.android.app.launcher.Launcher}[displayId=0]
02-10 00:30:26.453  3998  4106 D WindowManagerShell: onKeepClearAreasChanged: restricted={}, unrestricted={}
02-10 00:30:26.455  4611  9531 I HoneySpace.RecentTasks: onRecentTasksChanged
02-10 00:30:26.455  2640 15287 D HWUI    : endAllActiveAnimators on 0xb4000072f14c1db0 (RippleDrawable) with handle 0xb4000072915989e0
02-10 00:30:26.455  2640 15287 D HWUI    : CacheManager::trimMemory(20)
02-10 00:30:26.457  2640  3000 I VRI[app]@e13ddca: dispatchDetachedFromWindow
02-10 00:30:26.457  2640  3000 D InputTransport: Input channel destroyed: 'b419258', fd=1140
