02-10 00:00:06.411 I/SurfaceFlinger( 1804): Capture layer list: 	 Background for 922a364 SurfaceView[org.jellyfin.mobile/org.jellyfin.mobile.MainActivity]@0#9592(seamlessTransition:0)
02-10 00:00:06.411 I/SurfaceFlinger( 1804): Capture layer list: 	 922a364 SurfaceView[org.jellyfin.mobile/org.jellyfin.mobile.MainActivity]@0(BLAST)#9591(seamlessTransition:0)
02-10 00:00:06.411 I/SurfaceFlinger( 1804): Capture layer list: 	 org.jellyfin.mobile/org.jellyfin.mobile.MainActivity$_5965#9588(seamlessTransition:0)
02-10 00:00:06.411 I/SurfaceFlinger( 1804): Capture layer list: 	 StatusBar$_3998#104(seamlessTransition:0)
02-10 00:00:06.411 I/SurfaceFlinger( 1804): Capture layer list: 	 NavigationBar0$_3998#100(seamlessTransition:0)
02-10 00:00:06.411 I/CompositionEngine( 1804): [setDisplaySize] size=(1080, 2340)
02-10 00:00:06.411 E/HwcComposer( 1804): getLuts failed Status(-129, EX_TRANSACTION_FAILED): 'UNKNOWN_TRANSACTION: '
02-10 00:00:06.412 D/RenderEngine( 1804): [SEC_SF_EFFECTS] drawLayersInternal,1483, Rendering layer ScreenCaptureFillLayer at index 0
02-10 00:00:06.412 D/RenderEngine( 1804): [SEC_SF_EFFECTS] drawLayersInternal,1483, Rendering layer com.instagram.android/com.instagram.android.activity.MainTabActivity$_18221#9654 at index 1
02-10 00:00:06.412 D/RenderEngine( 1804): [SEC_SF_EFFECTS] drawLayersInternal,1483, Rendering layer Task=85#7180 at index 2
02-10 00:00:06.412 D/RenderEngine( 1804): [SEC_SF_EFFECTS] drawLayersInternal,1483, Rendering layer Background for 922a364 SurfaceView[org.jellyfin.mobile/org.jellyfin.mobile.MainActivity]@0#9592 at index 3
02-10 00:00:06.412 D/RenderEngine( 1804): [SEC_SF_EFFECTS] drawLayersInternal,1483, Rendering layer 922a364 SurfaceView[org.jellyfin.mobile/org.jellyfin.mobile.MainActivity]@0(BLAST)#9591 at index 4
02-10 00:00:06.413 D/RenderEngine( 1804): [SEC_SF_EFFECTS] drawLayersInternal,1483, Rendering layer org.jellyfin.mobile/org.jellyfin.mobile.MainActivity$_5965#9588 at index 5
02-10 00:00:06.413 D/RenderEngine( 1804): [SEC_SF_EFFECTS] drawLayersInternal,1483, Rendering layer StatusBar$_3998#104 at index 6
02-10 00:00:06.413 D/RenderEngine( 1804): [SEC_SF_EFFECTS] drawLayersInternal,1483, Rendering layer NavigationBar0$_3998#100 at index 7
02-10 00:00:06.416 W/qdgralloc( 1804): getInterlacedFlag: getMetaData returned 3, defaulting to interlaced_flag = 0
02-10 00:00:06.417 D/system_server( 2640): mAFPC_Read - w = 1080, h = 2340, s = 8, f = 4, s_size = 10183680, luminance = 59, count = 273, captureOrientation = 0
02-10 00:00:06.418 E/HeatmapThread( 1776): ECT Thread time in milliseconds: 1770670806
02-10 00:00:06.422 D/HeatmapThread( 1776): !@ batteryplugType : 2
02-10 00:00:06.422 D/HeatmapThread( 1776): !@ batteryLevel : 84  batteryTemperature : 337 
02-10 00:00:06.423 D/HeatmapThread( 1776): !@ Heatmap currtime: 29511180
02-10 00:00:06.423 D/HeatmapThread( 1776): !@ Heatmap prevtime: 29511153
02-10 00:00:06.423 D/HeatmapThread( 1776): !@ Heatmap plugstarttime: 29511000
02-10 00:00:06.423 D/HeatmapThread( 1776): !@ Heatmap prevv_dsoh_update_time: 29511150
02-10 00:00:06.423 E/HeatmapThread( 1776): !@ CAM New BSOH: 100
02-10 00:00:06.423 E/HeatmapThread( 1776): !@ CAM is Working
02-10 00:00:06.427 I/ScanController(16699): onScanResult to scannerId: 4- eventType=0x10, addressType=1, address=XX:XX:XX:XX:97:CA, primaryPhy=1, secondaryPhy=0, advertisingSid=0xff, txPower=127, rssi=-85, periodicAdvInt=0x0
02-10 00:00:06.466 W/qdgralloc( 1804): getInterlacedFlag: getMetaData returned 3, defaulting to interlaced_flag = 0
02-10 00:00:06.500 W/qdgralloc( 1804): getInterlacedFlag: getMetaData returned 3, defaulting to interlaced_flag = 0
02-10 00:00:06.509 I/CompositionEngine( 1804): [setDisplaySize] size=(434, 42)
02-10 00:00:06.514 I/vendor.qti.bluetooth@1.1-ibs_handler( 1642): ProcessIbsCmd: Received IBS_SLEEP_IND: 0xFE
02-10 00:00:06.525 I/vendor.qti.bluetooth@1.1-ibs_handler( 1642): ProcessIbsCmd: Received IBS_WAKE_IND: 0xFD
02-10 00:00:06.526 I/vendor.qti.bluetooth@1.1-ibs_handler( 1642): ProcessIbsCmd: Writing IBS_WAKE_ACK
02-10 00:00:06.550 W/qdgralloc( 1804): getInterlacedFlag: getMetaData returned 3, defaulting to interlaced_flag = 0
02-10 00:00:06.574 D/WifiConnectivityMonitor.DnsThread( 2640):  [|213] []
02-10 00:00:06.575 D/WifiConnectivityMonitor.NetworkStatsAnalyzer( 2640): DNS resultType : 0, responseTime : 213
02-10 00:00:06.576 D/OpenNetworkQos[4.00]( 2640): updateBssidLatestDnsResultType - result: 0
02-10 00:00:06.577 D/OpenNetworkQos[4.00]( 2640): updateBssidNoInternet: mBssidNoInternet = false
02-10 00:00:06.577 D/OpenNetworkQos[4.00]( 2640): getOpenNetworkQosNoInternetStatus: false
02-10 00:00:06.577 D/OpenNetworkQos[4.00]( 2640): getOpenNetworkQosScores: 26 30 30 
02-10 00:00:06.577 D/KNOX_MDM_SettingsProvider( 2640): isChangeAllowed() : name = wifi_wcm_qos_sharing_score_summary
02-10 00:00:06.578 I/WifiProfileShare( 2640): network QoS data was changed (internet), updateQoSData networkType: true, qosData: false
02-10 00:00:06.578 D/WifiProfileShare( 2640): nearby scanning settings stop
02-10 00:00:06.578 V/WifiProfileShare.Caster( 2640): checkAndGetShareData - nearby scanning
02-10 00:00:06.583 W/qdgralloc( 1804): getInterlacedFlag: getMetaData returned 3, defaulting to interlaced_flag = 0
02-10 00:00:06.610 I/CompositionEngine( 1804): [setDisplaySize] size=(434, 42)
02-10 00:00:06.633 W/qdgralloc( 1804): getInterlacedFlag: getMetaData returned 3, defaulting to interlaced_flag = 0
02-10 00:00:06.666 W/qdgralloc( 1804): getInterlacedFlag: getMetaData returned 3, defaulting to interlaced_flag = 0
02-10 00:00:06.698 D/PhoneInterfaceManager( 3961): setDataEnabledForReason() Reason=1 Pid=2640 App=system
02-10 00:00:06.703 I/vendor.qti.bluetooth@1.1-ibs_handler( 1642): ProcessIbsCmd: Received IBS_SLEEP_IND: 0xFE
02-10 00:00:06.710 I/CompositionEngine( 1804): [setDisplaySize] size=(434, 42)
02-10 00:00:06.713 I/vendor.qti.bluetooth@1.1-ibs_handler( 1642): ProcessIbsCmd: Received IBS_WAKE_IND: 0xFD
02-10 00:00:06.713 I/vendor.qti.bluetooth@1.1-ibs_handler( 1642): ProcessIbsCmd: Writing IBS_WAKE_ACK
02-10 00:00:06.713 I/StatsHandler( 1710): [hvcD_231] Stats: Pending(0) i/p-done(0) Works: Q: 26447/Done 26436|Work-Rate: Q(24.0/s Avg=4.6/s) Done(23.996/s Avg=4.553/s)| Stream: 23.98fps 2.1Mbps
02-10 00:00:06.713 I/StatsHandler( 1710): [hvcD_231] Mem-usage:  [In-1D: 16 bufs 128.000 MB] [1D-363: 42 bufs 0.656 MB] [2D-364: 26 bufs 104.406 MB] | Total: 233.062 MB
02-10 00:00:06.713 I/StatsHandler( 1710): [av1D_368] Stats: Pending(0) i/p-done(0) Works: Q: 28/Done 28|Work-Rate: Q(0.0/s Avg=1.8/s) Done(0.000/s Avg=1.827/s)| Stream: 30.00fps 251.7Kbps
02-10 00:00:06.713 I/StatsHandler( 1710): [av1D_368] Mem-usage:  [In-1D: 12 bufs 96.000 MB] [1D-621: 34 bufs 0.531 MB] [2D-622: 22 bufs 31.453 MB] | Total: 127.984 MB
02-10 00:00:06.716 W/qdgralloc( 1804): getInterlacedFlag: getMetaData returned 3, defaulting to interlaced_flag = 0
02-10 00:00:06.749 W/qdgralloc( 1804): getInterlacedFlag: getMetaData returned 3, defaulting to interlaced_flag = 0
02-10 00:00:06.800 W/qdgralloc( 1804): getInterlacedFlag: getMetaData returned 3, defaulting to interlaced_flag = 0
02-10 00:00:06.811 I/CompositionEngine( 1804): [setDisplaySize] size=(434, 42)
02-10 00:00:06.833 W/qdgralloc( 1804): getInterlacedFlag: getMetaData returned 3, defaulting to interlaced_flag = 0
02-10 00:00:06.883 W/qdgralloc( 1804): getInterlacedFlag: getMetaData returned 3, defaulting to interlaced_flag = 0
02-10 00:00:06.892 D/InetDiagMessage( 2640): Destroyed 0 sockets, proto=IPPROTO_TCP, family=AF_INET, states=14
02-10 00:00:06.898 D/InetDiagMessage( 2640): Destroyed 0 sockets, proto=IPPROTO_TCP, family=AF_INET6, states=14
02-10 00:00:06.899 D/InetDiagMessage( 2640): Destroyed live tcp sockets for uids={10333} in 17ms
02-10 00:00:06.901 D/InetDiagMessage( 2640): Destroyed 0 sockets, proto=IPPROTO_TCP, family=AF_INET, states=14
02-10 00:00:06.903 D/InetDiagMessage( 2640): Destroyed 0 sockets, proto=IPPROTO_TCP, family=AF_INET6, states=14
02-10 00:00:06.903 D/InetDiagMessage( 2640): Destroyed live tcp sockets for uids={20333} in 4ms
02-10 00:00:06.911 I/CompositionEngine( 1804): [setDisplaySize] size=(434, 42)
02-10 00:00:06.915 W/qdgralloc( 1804): getInterlacedFlag: getMetaData returned 3, defaulting to interlaced_flag = 0
02-10 00:00:06.915 D/DisplayModeController( 1804): setDesiredMode 4630946315032985731 {mode={fps=24.00 Hz, modePtr={id=12, vsyncRate=24.00 Hz, peakRefreshRate=24.00 Hz}}, emitEvent=true, force=false}
02-10 00:00:06.916 I/LayerHistory( 1804): 922a364 SurfaceView[org.jellyfin.mobile/org.jellyfin.mobile.MainActivity]@0(BLAST)#9591 voted ExplicitExactOrMultiple (23.98 Hz)
02-10 00:00:06.916 I/SurfaceFlinger( 1804): scored - choose 24.00 Hz
02-10 00:00:06.916 I/HWComposer( 1804): [4630946315032985731] ActiveConfigToHWC, ID : 12
02-10 00:00:06.917 I/SDM     ( 1687): HWDeviceDRM::SetDisplaySwitchMode: [DispConfigs] check hs_mode 1
02-10 00:00:06.917 W/SDM     ( 1687): HWDeviceDRM::GetSupportedBitClkRate: Requested rate not supported: 1362080000
02-10 00:00:06.917 I/SDM     ( 1687): HWDeviceDRM::SetDisplaySwitchMode: [DispConfigs] Set mode index:12 1080x2340x24xcmdHS, hs_mode(1), found_mode(1)
02-10 00:00:06.917 I/SDM     ( 1687): HWDeviceDRM::UpdateMixerAttributes: Mixer WxH 1080x2340-1 for Peripheral
02-10 00:00:06.918 I/SDM     ( 1687): HWCDisplay::SubmitDisplayConfig: Active configuration changed from config 9 to 12
02-10 00:00:06.920 I/DisplayDeviceRepository( 2640): Display device changed render timings: "Built-in Screen", renderFrameRate=60.000004, presentationDeadlineNanos=17666666, appVsyncOffsetNanos=16666666, frameRateOverrides=[{uid=10442 frameRateHz=24.000002}]
02-10 00:00:06.923 I/SurfaceFlinger( 1804): finalizeDisplayModeChange 4630946315032985731
02-10 00:00:06.924 D/LocalDisplayAdapter( 2640): updateActiveModeLocked for d=4630946315032985731, mActiveModeId=13, mActiveSfDisplayMode=DisplayMode{id=12, width=1080, height=2340, xDpi=381.0, yDpi=378.573, peakRefreshRate=24.000002, vsyncRate=24.000002, appVsyncOffsetNanos=41666666, presentationDeadlineNanos=42666666, supportedHdrTypes=[4, 2, 3], group=1080}
02-10 00:00:06.925 I/DisplayDeviceRepository( 2640): Display device changed render timings: "Built-in Screen", renderFrameRate=24.000002, presentationDeadlineNanos=42666666, appVsyncOffsetNanos=41666666, frameRateOverrides=[{uid=10442 frameRateHz=24.000002}]
02-10 00:00:06.926 D/SurfaceComposerClient( 2640): setCornerRadius ## 98d5d23 org.jellyfin.mobile/org.jellyfin.mobile.MainActivity#7191 cornerRadius=0.000000
02-10 00:00:06.926 D/SurfaceComposerClient( 2640): setCornerRadius ## c96e6 com.instagram.android/com.instagram.android.activity.MainTabActivity#9653 cornerRadius=0.000000
02-10 00:00:06.927 D/AudioFlinger( 1772): setParameters: filtered dev setParameters keyvalue screen_state=on
02-10 00:00:06.927 D/LiftUpHandler( 2640): [LTW] Stopped already.
02-10 00:00:06.927 D/AHAL: AudioDevice( 1641): SetParameters: 1865: enter
02-10 00:00:06.927 D/AHAL: AudioVoice( 1641): VoiceSetParameters: 200: Enter
02-10 00:00:06.927 D/AHAL: AudioVoice( 1641): VoiceSetParameters: 479: Exit ret: 0
02-10 00:00:06.927 D/AHAL: hfp( 1641): hfp_set_parameters: 444: enter
02-10 00:00:06.927 D/AHAL: AudioDevice( 1641): SetParameters: 1945:  - screen = on
02-10 00:00:06.927 I/PAL: ResourceManager( 1641): setParameter: 10683: Screen State:1
02-10 00:00:06.927 D/AHAL: AudioDevice( 1641): SetParameters: 2798: exit: screen_state=on
02-10 00:00:06.928 D/AS.DesktopModeHelper( 2640): onDisplayChanged: #Id=0
02-10 00:00:06.929 I/HoneySpace.Memory-Monitor( 4611): current state = 2, didTrim = false
02-10 00:00:06.929 I/HoneySpace.RefreshRateSource( 4611): singleFrameMs 41
02-10 00:00:06.930 D/WindowManager( 2640): DeferredDisplayUpdater: partially applying DisplayInfo(1080 x 2340) immediately
02-10 00:00:06.932 I/VSyncReactor( 1804): Current= 60, Period= 24, hwcPeriod= 24
02-10 00:00:06.934 D/DisplayLifecycle( 3998): updateDisplay id = 0
02-10 00:00:06.934 D/StackScroller( 3998): onDisplayChanged for predraw skip to 2
02-10 00:00:06.934 D/WifiDisplayAdapter( 2640): isFitToActiveDisplayLocked : false
02-10 00:00:06.936 D/SurfaceComposerClient( 2640): setCornerRadius ## 98d5d23 org.jellyfin.mobile/org.jellyfin.mobile.MainActivity#7191 cornerRadius=0.000000
02-10 00:00:06.936 D/SurfaceComposerClient( 2640): setCornerRadius ## c96e6 com.instagram.android/com.instagram.android.activity.MainTabActivity#9653 cornerRadius=0.000000
02-10 00:00:06.940 I/SurfaceFlinger( 1804): [LayerHierarchy{RequestedLayerState{Input Consumer pip_input_consumer#9635 parentId=10 z=2147483646} no children}] reparent to LayerHierarchy{RequestedLayerState{DefaultTaskDisplayArea_d0#10 parentId=9} 11 children}
02-10 00:00:06.940 D/SGM:GameManager( 2640): onDisplayChanged. displyId: 0, state: 2
02-10 00:00:06.941 D/SGM:GameManager( 2640): dpi: 450, longPixel: 2340, shortPixel: 1080
02-10 00:00:06.941 D/AODManagerService( 2640): requestReCalToTSP IsSingleTouchMode = falserequestedReCalToTSP = false / previousDisplayState = ON
02-10 00:00:06.941 D/SGM:FgCheckThread( 2640): onLooperPrepared(), msg: MSG_LCD_ON
02-10 00:00:06.941 W/qdgralloc( 1804): getInterlacedFlag: getMetaData returned 3, defaulting to interlaced_flag = 0
02-10 00:00:06.999 I/ScanController(16699): onScanResult to scannerId: 4- eventType=0x10, addressType=1, address=XX:XX:XX:XX:97:CA, primaryPhy=1, secondaryPhy=0, advertisingSid=0xff, txPower=127, rssi=-87, periodicAdvInt=0x0
02-10 00:00:07.011 I/CompositionEngine( 1804): [setDisplaySize] size=(434, 42)
02-10 00:00:07.015 I/SurfaceFlinger( 1804): [LayerHierarchy{RequestedLayerState{Input Consumer pip_input_consumer#9635 parentId=10 z=2147483646} no children}] reparent to LayerHierarchy{RequestedLayerState{DefaultTaskDisplayArea_d0#10 parentId=9} 11 children}
02-10 00:00:07.017 W/qdgralloc( 1804): getInterlacedFlag: getMetaData returned 3, defaulting to interlaced_flag = 0
02-10 00:00:07.035 I/sensors-hal( 1656): handle_sns_std_sensor_event:409, [SSC_LIGHT] P: 13(13),c:18,b:49,m:13,cl:2,l:11,s:13,l0:1920,l1:0,s0:2000,s1:0,acl:1,opr:0.32,f(r):94,u(bl):100,if:0,wi:0,si:0,po:0(N:0)
02-10 00:00:07.058 W/qdgralloc( 1804): getInterlacedFlag: getMetaData returned 3, defaulting to interlaced_flag = 0
02-10 00:00:07.072 I/NSLocationMonitor( 2640): getGPSUsingApps() called
02-10 00:00:07.072 I/NSLocationManager_FLP( 5123): getGPSUsingApps, No change
02-10 00:00:07.079 D/FreecessHandler( 2640): freeze com.prayerly.app(10062) result : 18
02-10 00:00:07.099 W/qdgralloc( 1804): getInterlacedFlag: getMetaData returned 3, defaulting to interlaced_flag = 0
02-10 00:00:07.112 I/CompositionEngine( 1804): [setDisplaySize] size=(434, 42)
02-10 00:00:07.141 W/qdgralloc( 1804): getInterlacedFlag: getMetaData returned 3, defaulting to interlaced_flag = 0
02-10 00:00:07.182 W/qdgralloc( 1804): getInterlacedFlag: getMetaData returned 3, defaulting to interlaced_flag = 0
02-10 00:00:07.212 I/CompositionEngine( 1804): [setDisplaySize] size=(434, 42)
02-10 00:00:07.224 W/qdgralloc( 1804): getInterlacedFlag: getMetaData returned 3, defaulting to interlaced_flag = 0
02-10 00:00:07.265 W/qdgralloc( 1804): getInterlacedFlag: getMetaData returned 3, defaulting to interlaced_flag = 0
02-10 00:00:07.285 I/ScanController(16699): onScanResult to scannerId: 4- eventType=0x10, addressType=1, address=XX:XX:XX:XX:97:CA, primaryPhy=1, secondaryPhy=0, advertisingSid=0xff, txPower=127, rssi=-91, periodicAdvInt=0x0
02-10 00:00:07.307 W/qdgralloc( 1804): getInterlacedFlag: getMetaData returned 3, defaulting to interlaced_flag = 0
02-10 00:00:07.314 I/CompositionEngine( 1804): [setDisplaySize] size=(434, 42)
02-10 00:00:07.323 I/ActivityManager( 2640): Changes in 10327 5 to 15, 144 to 0
02-10 00:00:07.330 I/ActivityManager( 2640): Changes in 10114 5 to 15, 144 to 0
02-10 00:00:07.349 W/qdgralloc( 1804): getInterlacedFlag: getMetaData returned 3, defaulting to interlaced_flag = 0
02-10 00:00:07.378 I/AudioPathManager( 6856): loadAudioPath() : loaded audio path is bluetooth (2)
02-10 00:00:07.378 I/EffectManager( 6856): isSupportDolbyAtmosOnThisAudioPath() : path is bluetooth (2)
02-10 00:00:07.378 I/UHQUpscalerManager( 6856): isUHQCompatibleBluetooth() : support is 0, mode is 1
02-10 00:00:07.378 I/AudioPathManager( 6856): loadAudioPath() : loaded audio path is bluetooth (2)
02-10 00:00:07.378 I/EffectManager( 6856): isSupportVolumeNormalizationOnCurrentAudioPath() : path is bluetooth (2)
02-10 00:00:07.378 I/DVFSHelper( 6856): isNecessaryToBoostCPU() : isDolbyOn? false, isUHQUpscalerOn? false, isVoiceBoostOn? false, isVolumeNormalizationOn? false
02-10 00:00:07.390 W/qdgralloc( 1804): getInterlacedFlag: getMetaData returned 3, defaulting to interlaced_flag = 0
02-10 00:00:07.415 I/CompositionEngine( 1804): [setDisplaySize] size=(434, 42)
02-10 00:00:07.417 I/wpa_supplicant(16738): Heartbeat 1545
02-10 00:00:07.418 E/HeatmapThread( 1776): ECT Thread time in milliseconds: 1770670807
02-10 00:00:07.423 D/HeatmapThread( 1776): !@ batteryplugType : 2
02-10 00:00:07.423 D/HeatmapThread( 1776): !@ batteryLevel : 84  batteryTemperature : 337 
02-10 00:00:07.423 D/HeatmapThread( 1776): !@ Heatmap currtime: 29511180
02-10 00:00:07.423 D/HeatmapThread( 1776): !@ Heatmap prevtime: 29511153
02-10 00:00:07.423 D/HeatmapThread( 1776): !@ Heatmap plugstarttime: 29511000
02-10 00:00:07.423 D/HeatmapThread( 1776): !@ Heatmap prevv_dsoh_update_time: 29511150
02-10 00:00:07.423 E/HeatmapThread( 1776): !@ CAM New BSOH: 100
02-10 00:00:07.423 E/HeatmapThread( 1776): !@ CAM is Working
02-10 00:00:07.433 W/qdgralloc( 1804): getInterlacedFlag: getMetaData returned 3, defaulting to interlaced_flag = 0
02-10 00:00:07.474 W/qdgralloc( 1804): getInterlacedFlag: getMetaData returned 3, defaulting to interlaced_flag = 0
02-10 00:00:07.484 D/SemWifiUsabilityStatsMonitor( 2640): onWifiUsabilityStats - seqNum 2680, isSameBssidAndFreq true
02-10 00:00:07.485 E/SemWifiLinkQualityMonitor( 2640): Too old or invalid TMI: currentTime=1770670807485 lastDateWindow=1770658852000
02-10 00:00:07.486 I/SemWifiLinkQualityMonitor( 2640): Link stat: 1215 / 16 / 1.05 (87) / 720 / -55.0 || 100.0 : 720.00 / 0.5 : 0.95 / 0.55 : 0.01 / G (G) || 9c2716de5500: 0.084 / 95.157 / N || N V / 0 0 / N 2.0 / N X 0 / 20088584 0 || 2026-02-09 20:40:52  / 0: 0 0 0 0 0 0 / 0: 0 0 0 0 0 0 / 0: 0 0 0 0 0 0
02-10 00:00:07.487 D/InsDataManager( 2640): onOutageCountUpdate() - Outage Data: 0, LQ : N. Outage Triggered: false
02-10 00:00:07.488 E/InsController( 2640): Error in onOutageCountUpdate: android.net.VpnTransportInfo cannot be cast to android.net.wifi.WifiInfo
02-10 00:00:07.488 D/SemInsManager( 2640): {"bssid": "9c2716de5500","rssi": -55.0,"latency": 0.08407191177833379,"outage_count": 0,"lq_callback_triggered": false,"outage_log": "Link stat: 1215 / 16 / 1.05 (87) / 720 / -55.0 || 100.0 : 720.00 / 0.5 : 0.95 / 0.55 : 0.01 / G (G) || 9c2716de5500: 0.084 / 95.157 / N || N V / 0 0 / N 2.0 / N X 0 / 20088584 0 || 2026-02-09 20:40:52  / 0: 0 0 0 0 0 0 / 0: 0 0 0 0 0 0 / 0: 0 0 0 0 0 0""Magnetic Sensor Events size": "0""Pressure Sensor Events size": "0"}
02-10 00:00:07.492 D/SGM:GameManager( 2640): identifyGamePackage. com.instagram.android, mCurrentUserId: 0, callingMethodInfo: com.samsung.android.game.SemGameManager.isGamePackage(SemGameManager.java:106)
02-10 00:00:07.492 D/SGM:SemGameManager( 2640): isGamePackage(), pkgName=com.instagram.android, ret=false
02-10 00:00:07.516 W/qdgralloc( 1804): getInterlacedFlag: getMetaData returned 3, defaulting to interlaced_flag = 0
02-10 00:00:07.523 I/CompositionEngine( 1804): [setDisplaySize] size=(434, 42)
02-10 00:00:07.534 D/ActivityManager( 2640): Received BROADCAST intent 0xa7e16dc Key{broadcastIntent pkg=com.sec.android.app.shealth intent=act=com.samsung.android.app.shealth.intent.action.ACTION_STEP_DATA_DELAYED xflg=0x4 pkg=com.sec.android.app.shealth flags=0x4000000 u=0} requestCode=70000000 sent=0 from uid 1000
02-10 00:00:07.541 I/SHEALTH#OOBEManager( 9920): getState :NOT_NEEDED / remote
02-10 00:00:07.541 I/SHEALTH#OOBEManager( 9920): getState :NOT_NEEDED / remote
02-10 00:00:07.546 I/SamsungAccount( 9662): [AccountManagerProvider] getSamsungAccountId
02-10 00:00:07.548 I/SamsungAccount( 9662): [AccountManagerProvider] Calling package : app.shealth.
02-10 00:00:07.557 W/qdgralloc( 1804): getInterlacedFlag: getMetaData returned 3, defaulting to interlaced_flag = 0
02-10 00:00:07.558 I/SamsungAccount( 9662): [SignatureInfoDbHelper] searchOnUser(fromDb) - [10/1y90e][app.shealth.][64/14aaf] => matched
02-10 00:00:07.558 I/SamsungAccount( 9662): [AccountManagerProvider] This is the access of the allowed application
02-10 00:00:07.565 I/SamsungAccount( 9662): [AccountManagerProvider] isChildAccount
02-10 00:00:07.566 I/SamsungAccount( 9662): [AccountManagerProvider] Calling package : app.shealth.
02-10 00:00:07.568 I/SamsungAccount( 9662): [SignatureInfoDbHelper] searchOnUser(fromDb) - [10/1y90e][app.shealth.][64/14aaf] => matched
02-10 00:00:07.568 I/SamsungAccount( 9662): [AccountManagerProvider] This is the access of the allowed application
02-10 00:00:07.569 I/SamsungAccount( 9662): [AccountManagerUtil] isSamsungAccountSignedIn : true
02-10 00:00:07.570 I/vendor.qti.bluetooth@1.1-ibs_handler( 1642): ProcessIbsCmd: Received IBS_SLEEP_IND: 0xFE
02-10 00:00:07.570 I/SamsungAccount( 9662): [TPMU]  SIMState     :SIM_STATE_READY
02-10 00:00:07.570 I/SamsungAccount( 9662): [CountryCodeUtil] isChinaCountryCode : false
02-10 00:00:07.570 I/vendor.qti.bluetooth@1.1-ibs_handler( 1642): ProcessIbsCmd: Received IBS_WAKE_IND: 0xFD
02-10 00:00:07.571 I/vendor.qti.bluetooth@1.1-ibs_handler( 1642): ProcessIbsCmd: Writing IBS_WAKE_ACK
02-10 00:00:07.573 I/SamsungAccount( 9662): [TPMU] getMccFromUsim
02-10 00:00:07.573 I/SamsungAccount( 9662): [MccManager] saveMccToPreference Start
02-10 00:00:07.573 I/SamsungAccount( 9662): [MccManager] saveMccToPreference, mcc is same with previous mcc
02-10 00:00:07.574 I/SamsungAccount( 9662): [ChildAccountSupportedListManager] getSupportedListFromPreference from cache
02-10 00:00:07.575 I/SamsungAccount( 9662): [TPMU]  SIMState     :SIM_STATE_READY
02-10 00:00:07.575 I/SamsungAccount( 9662): [CountryCodeUtil] isChinaCountryCode : false
02-10 00:00:07.577 I/SamsungAccount( 9662): [TPMU] getMccFromUsim
02-10 00:00:07.577 I/SamsungAccount( 9662): [MccManager] saveMccToPreference Start
02-10 00:00:07.578 I/SamsungAccount( 9662): [MccManager] saveMccToPreference, mcc is same with previous mcc
02-10 00:00:07.578 I/SamsungAccount( 9662): [FamilyGroupUtil] meetKoreaCountryCondition(beforeSignUp=false): false
02-10 00:00:07.579 I/SamsungAccount( 9662): [ChildAccountSupportedListManager] getSupportedListFromPreference from cache
02-10 00:00:07.580 I/SamsungAccount( 9662): [TPMU]  SIMState     :SIM_STATE_READY
02-10 00:00:07.581 I/SamsungAccount( 9662): [CountryCodeUtil] isChinaCountryCode : false
02-10 00:00:07.582 I/SamsungAccount( 9662): [TPMU] getMccFromUsim
02-10 00:00:07.582 I/SamsungAccount( 9662): [MccManager] saveMccToPreference Start
02-10 00:00:07.583 I/SamsungAccount( 9662): [MccManager] saveMccToPreference, mcc is same with previous mcc
02-10 00:00:07.583 I/SamsungAccount( 9662): [FamilyGroupUtil] meetServerCountryCondition(beforeSignUp=false): true
02-10 00:00:07.584 I/SamsungAccount( 9662): [TPMU]  SIMState     :SIM_STATE_READY
02-10 00:00:07.584 I/SamsungAccount( 9662): [CountryCodeUtil] isChinaCountryCode : false
02-10 00:00:07.586 I/SamsungAccount( 9662): [TPMU] getMccFromUsim
02-10 00:00:07.586 I/SamsungAccount( 9662): [MccManager] saveMccToPreference Start
02-10 00:00:07.586 I/SamsungAccount( 9662): [MccManager] saveMccToPreference, mcc is same with previous mcc
02-10 00:00:07.586 I/SamsungAccount( 9662): [FamilyGroupUtil] meetKoreaOneUiCondition: false
02-10 00:00:07.587 I/SamsungAccount( 9662): [ChildAccountSupportedListManager] getSupportedListFromPreference from cache
02-10 00:00:07.587 I/SamsungAccount( 9662): [FamilyGroupUtil] meetServerOneUiCondition: true
02-10 00:00:07.587 I/SamsungAccount( 9662): [FamilyGroupUtil] isSupportFamilyService: true
02-10 00:00:07.593 I/Health.Hsp-DataSyncManager( 9920): insertOrUpdateDataToHsp - data type : com.samsung.shealth.tracker.pedometer_day_summary
02-10 00:00:07.595 I/SHEALTH#OOBEManager( 9920): getState :NOT_NEEDED / remote
02-10 00:00:07.595 I/MARsListManager( 2640): com.sec.android.app.shealth is exempted from MARs
02-10 00:00:07.598 W/qdgralloc( 1804): getInterlacedFlag: getMetaData returned 3, defaulting to interlaced_flag = 0
02-10 00:00:07.602 I/Health.Hsp-DataSyncManager( 9920): First Server is NOT Done
02-10 00:00:07.623 I/CompositionEngine( 1804): [setDisplaySize] size=(434, 42)
02-10 00:00:07.641 W/qdgralloc( 1804): getInterlacedFlag: getMetaData returned 3, defaulting to interlaced_flag = 0
02-10 00:00:07.682 W/qdgralloc( 1804): getInterlacedFlag: getMetaData returned 3, defaulting to interlaced_flag = 0
02-10 00:00:07.723 W/qdgralloc( 1804): getInterlacedFlag: getMetaData returned 3, defaulting to interlaced_flag = 0
02-10 00:00:07.729 I/CompositionEngine( 1804): [setDisplaySize] size=(434, 42)
02-10 00:00:07.765 W/qdgralloc( 1804): getInterlacedFlag: getMetaData returned 3, defaulting to interlaced_flag = 0
02-10 00:00:07.807 W/qdgralloc( 1804): getInterlacedFlag: getMetaData returned 3, defaulting to interlaced_flag = 0
02-10 00:00:07.829 I/CompositionEngine( 1804): [setDisplaySize] size=(434, 42)
02-10 00:00:07.837 I/SemWifiServiceDetector( 2640): NSD results: [1, 1, 0, 1, 0, 1, -1, 1, 0] Traff. type 3 Thr 0
02-10 00:00:07.839 I/SemTwtInfo( 2640): NRTA/CG 1 0
02-10 00:00:07.842 I/vendor.qti.bluetooth@1.1-ibs_handler( 1642): ProcessIbsCmd: Received IBS_SLEEP_IND: 0xFE
02-10 00:00:07.842 I/wpa_sslib(16738): wake_dur 0 wake_intvl_mantis 0 wake_time_tsf 0x0
02-10 00:00:07.843 I/vendor.qti.bluetooth@1.1-ibs_handler( 1642): ProcessIbsCmd: Received IBS_WAKE_IND: 0xFD
02-10 00:00:07.843 I/vendor.qti.bluetooth@1.1-ibs_handler( 1642): ProcessIbsCmd: Writing IBS_WAKE_ACK
02-10 00:00:07.844 I/wpa_sslib(16738): oem_data_cmd=33
02-10 00:00:07.849 W/qdgralloc( 1804): getInterlacedFlag: getMetaData returned 3, defaulting to interlaced_flag = 0
02-10 00:00:07.852 I/wpa_sslib(16738): OEM DATA RESPONSE RECEIVED
02-10 00:00:07.891 W/qdgralloc( 1804): getInterlacedFlag: getMetaData returned 3, defaulting to interlaced_flag = 0
02-10 00:00:07.932 W/qdgralloc( 1804): getInterlacedFlag: getMetaData returned 3, defaulting to interlaced_flag = 0
02-10 00:00:07.937 I/CompositionEngine( 1804): [setDisplaySize] size=(434, 42)
02-10 00:00:07.962 I/sensors-hal( 1656): handle_sns_client_event:375, [0][1303] accel_sample [-1.133,  5.005,  8.363] 23204156254091
02-10 00:00:07.973 W/qdgralloc( 1804): getInterlacedFlag: getMetaData returned 3, defaulting to interlaced_flag = 0
02-10 00:00:07.996 D/io_stats( 1214): !@   8,0 r 2684912 57183716 w 831493 19048740 d 114256 18211392 f 30975 68605 iot 626636 0 th 0 0 0 pt 0 inp 0 0 20089.095
02-10 00:00:07.996 D/io_stats( 1214): !@ Read_top(KB): oid.app.shealth(9624) 716 .shealth:remote(9920) 528 kworker/u16:6(3278) 388
02-10 00:00:07.997 D/io_stats( 1214): !@ Write_top(KB): kworker/u16:6(3278) 6064 android.dqagent(10571) 2392 system_server(2640) 244
02-10 00:00:08.015 W/qdgralloc( 1804): getInterlacedFlag: getMetaData returned 3, defaulting to interlaced_flag = 0
02-10 00:00:08.037 D/ActivityManager( 2640): FCA:Reclamation for pid: 26295
02-10 00:00:08.038 I/CompositionEngine( 1804): [setDisplaySize] size=(434, 42)
02-10 00:00:08.057 W/qdgralloc( 1804): getInterlacedFlag: getMetaData returned 3, defaulting to interlaced_flag = 0
02-10 00:00:08.098 W/qdgralloc( 1804): getInterlacedFlag: getMetaData returned 3, defaulting to interlaced_flag = 0
02-10 00:00:08.140 W/qdgralloc( 1804): getInterlacedFlag: getMetaData returned 3, defaulting to interlaced_flag = 0
02-10 00:00:08.145 I/CompositionEngine( 1804): [setDisplaySize] size=(434, 42)
02-10 00:00:08.182 W/qdgralloc( 1804): getInterlacedFlag: getMetaData returned 3, defaulting to interlaced_flag = 0
02-10 00:00:08.223 W/qdgralloc( 1804): getInterlacedFlag: getMetaData returned 3, defaulting to interlaced_flag = 0
02-10 00:00:08.246 I/CompositionEngine( 1804): [setDisplaySize] size=(434, 42)
02-10 00:00:08.265 W/qdgralloc( 1804): getInterlacedFlag: getMetaData returned 3, defaulting to interlaced_flag = 0
02-10 00:00:08.306 W/qdgralloc( 1804): getInterlacedFlag: getMetaData returned 3, defaulting to interlaced_flag = 0
02-10 00:00:08.338 I/SemWifiServiceDetector( 2640): NSD results: [0, 1, 0, 1, 0, 0, -1, 1, 0] Traff. type 3 Thr 0
02-10 00:00:08.338 I/seh_thermal_service( 1731): getTemperaturesWithType SehTemperatureType: 3
02-10 00:00:08.339 I/sehhealth-service( 1714): updateLrpSysfs: write: 353
02-10 00:00:08.339 E/BatteryDump( 1714): !@new_battery_dump : 4173,7,1125,3331,84,338,328,371,338,0,352,371,0,Not-charging,NO_CHARGING,Normal,Good,PDIC,0,Normal,0,0,9300,0x8000,0x11010000,0x0,0,0,0000,0000,00000000,0,0,0,0,329,4175,8345,990,0,
02-10 00:00:08.347 W/qdgralloc( 1804): getInterlacedFlag: getMetaData returned 3, defaulting to interlaced_flag = 0
02-10 00:00:08.352 I/CompositionEngine( 1804): [setDisplaySize] size=(434, 42)
02-10 00:00:08.359 I/vendor.qti.bluetooth@1.1-ibs_handler( 1642): ProcessIbsCmd: Received IBS_SLEEP_IND: 0xFE
02-10 00:00:08.360 I/vendor.qti.bluetooth@1.1-ibs_handler( 1642): ProcessIbsCmd: Received IBS_WAKE_IND: 0xFD
02-10 00:00:08.360 I/vendor.qti.bluetooth@1.1-ibs_handler( 1642): ProcessIbsCmd: Writing IBS_WAKE_ACK
02-10 00:00:08.380 I/AudioPathManager( 6856): loadAudioPath() : loaded audio path is bluetooth (2)
02-10 00:00:08.381 I/EffectManager( 6856): isSupportDolbyAtmosOnThisAudioPath() : path is bluetooth (2)
02-10 00:00:08.381 I/UHQUpscalerManager( 6856): isUHQCompatibleBluetooth() : support is 0, mode is 1
02-10 00:00:08.381 I/AudioPathManager( 6856): loadAudioPath() : loaded audio path is bluetooth (2)
02-10 00:00:08.381 I/EffectManager( 6856): isSupportVolumeNormalizationOnCurrentAudioPath() : path is bluetooth (2)
02-10 00:00:08.381 I/DVFSHelper( 6856): isNecessaryToBoostCPU() : isDolbyOn? false, isUHQUpscalerOn? false, isVoiceBoostOn? false, isVolumeNormalizationOn? false
02-10 00:00:08.381 I/DVFSHelper( 6856): acquireBoostingCPU() : stop boosting cpu
02-10 00:00:08.383 I/AudioPathManager( 6856): loadAudioPath() : loaded audio path is bluetooth (2)
02-10 00:00:08.383 I/EffectManager( 6856): isSupportDolbyAtmosOnThisAudioPath() : path is bluetooth (2)
02-10 00:00:08.383 I/UHQUpscalerManager( 6856): isUHQCompatibleBluetooth() : support is 0, mode is 1
02-10 00:00:08.383 I/AudioPathManager( 6856): loadAudioPath() : loaded audio path is bluetooth (2)
02-10 00:00:08.383 I/EffectManager( 6856): isSupportVolumeNormalizationOnCurrentAudioPath() : path is bluetooth (2)
02-10 00:00:08.383 I/DVFSHelper( 6856): isNecessaryToBoostCPU() : isDolbyOn? false, isUHQUpscalerOn? false, isVoiceBoostOn? false, isVolumeNormalizationOn? false
02-10 00:00:08.390 W/qdgralloc( 1804): getInterlacedFlag: getMetaData returned 3, defaulting to interlaced_flag = 0
02-10 00:00:08.401 E/BatteryStatsService( 2640): Invalid uid for waking network packet: -1
02-10 00:00:08.418 E/HeatmapThread( 1776): ECT Thread time in milliseconds: 1770670808
02-10 00:00:08.420 D/HeatmapThread( 1776): !@ batteryplugType : 2
02-10 00:00:08.420 D/HeatmapThread( 1776): !@ batteryLevel : 84  batteryTemperature : 338 
02-10 00:00:08.420 D/HeatmapThread( 1776): !@ Heatmap currtime: 29511180
02-10 00:00:08.420 D/HeatmapThread( 1776): !@ Heatmap prevtime: 29511153
02-10 00:00:08.420 D/HeatmapThread( 1776): !@ Heatmap plugstarttime: 29511000
02-10 00:00:08.420 D/HeatmapThread( 1776): !@ Heatmap prevv_dsoh_update_time: 29511150
02-10 00:00:08.420 E/HeatmapThread( 1776): !@ CAM New BSOH: 100
02-10 00:00:08.420 E/HeatmapThread( 1776): !@ CAM is Working
02-10 00:00:08.430 W/qdgralloc( 1804): getInterlacedFlag: getMetaData returned 3, defaulting to interlaced_flag = 0
02-10 00:00:08.438 I/PlayCommon(21188): [148] Preparing logs for uploading
02-10 00:00:08.438 W/PlayCommon(21188): [148] No account for auth token provided
02-10 00:00:08.439 I/PlayCommon(21188): [148] Connecting to server: https://play.googleapis.com/play/log?format=raw&proto_v2=true
02-10 00:00:08.451 I/CompositionEngine( 1804): [setDisplaySize] size=(434, 42)
02-10 00:00:08.472 W/qdgralloc( 1804): getInterlacedFlag: getMetaData returned 3, defaulting to interlaced_flag = 0
02-10 00:00:08.476 D/NetdEventListenerService( 2640): DNS Requested by 111, 10259(com.android.vending), SUCCESS, 35ms
02-10 00:00:08.513 W/qdgralloc( 1804): getInterlacedFlag: getMetaData returned 3, defaulting to interlaced_flag = 0
02-10 00:00:08.517 I/stagram.android(18221): Background concurrent mark compact GC freed 19MB AllocSpace bytes, 73(29MB) LOS objects, 42% free, 65MB/113MB, paused 545us,1.374ms total 141.258ms
02-10 00:00:08.556 W/qdgralloc( 1804): getInterlacedFlag: getMetaData returned 3, defaulting to interlaced_flag = 0
02-10 00:00:08.563 I/CompositionEngine( 1804): [setDisplaySize] size=(434, 42)
02-10 00:00:08.598 W/qdgralloc( 1804): getInterlacedFlag: getMetaData returned 3, defaulting to interlaced_flag = 0
02-10 00:00:08.639 W/qdgralloc( 1804): getInterlacedFlag: getMetaData returned 3, defaulting to interlaced_flag = 0
02-10 00:00:08.663 I/CompositionEngine( 1804): [setDisplaySize] size=(434, 42)
02-10 00:00:08.682 W/qdgralloc( 1804): getInterlacedFlag: getMetaData returned 3, defaulting to interlaced_flag = 0
02-10 00:00:08.692 I/vendor.qti.bluetooth@1.1-ibs_handler( 1642): ProcessIbsCmd: Received IBS_SLEEP_IND: 0xFE
02-10 00:00:08.701 I/vendor.qti.bluetooth@1.1-ibs_handler( 1642): ProcessIbsCmd: Received IBS_WAKE_IND: 0xFD
02-10 00:00:08.701 I/vendor.qti.bluetooth@1.1-ibs_handler( 1642): ProcessIbsCmd: Writing IBS_WAKE_ACK
02-10 00:00:08.712 I/ScanController(16699): onScanResult to scannerId: 2- eventType=0x1b, addressType=1, address=XX:XX:XX:XX:73:F9, primaryPhy=1, secondaryPhy=0, advertisingSid=0xff, txPower=127, rssi=-53, periodicAdvInt=0x0
02-10 00:00:08.722 W/qdgralloc( 1804): getInterlacedFlag: getMetaData returned 3, defaulting to interlaced_flag = 0
02-10 00:00:08.764 W/qdgralloc( 1804): getInterlacedFlag: getMetaData returned 3, defaulting to interlaced_flag = 0
02-10 00:00:08.768 I/CompositionEngine( 1804): [setDisplaySize] size=(434, 42)
02-10 00:00:08.792 D/EventLogger( 5965): loading [eventTime=5808.77, mediaPos=1127.33, window=0, period=0, true]
02-10 00:00:08.806 W/qdgralloc( 1804): getInterlacedFlag: getMetaData returned 3, defaulting to interlaced_flag = 0
02-10 00:00:08.819 D/EventLogger( 5965): loading [eventTime=5808.80, mediaPos=1127.35, window=0, period=0, false]
02-10 00:00:08.847 W/qdgralloc( 1804): getInterlacedFlag: getMetaData returned 3, defaulting to interlaced_flag = 0
02-10 00:00:08.863 I/PlayCommon(21188): [148] Successfully uploaded logs.
02-10 00:00:08.868 I/CompositionEngine( 1804): [setDisplaySize] size=(434, 42)
02-10 00:00:08.889 W/qdgralloc( 1804): getInterlacedFlag: getMetaData returned 3, defaulting to interlaced_flag = 0
02-10 00:00:08.912 I/ScanController(16699): onScanResult to scannerId: 2- eventType=0x1b, addressType=1, address=XX:XX:XX:XX:73:F9, primaryPhy=1, secondaryPhy=0, advertisingSid=0xff, txPower=127, rssi=-53, periodicAdvInt=0x0
02-10 00:00:08.931 W/qdgralloc( 1804): getInterlacedFlag: getMetaData returned 3, defaulting to interlaced_flag = 0
02-10 00:00:08.972 W/qdgralloc( 1804): getInterlacedFlag: getMetaData returned 3, defaulting to interlaced_flag = 0
02-10 00:00:08.977 I/CompositionEngine( 1804): [setDisplaySize] size=(434, 42)
02-10 00:00:09.013 W/qdgralloc( 1804): getInterlacedFlag: getMetaData returned 3, defaulting to interlaced_flag = 0
02-10 00:00:09.055 W/qdgralloc( 1804): getInterlacedFlag: getMetaData returned 3, defaulting to interlaced_flag = 0
02-10 00:00:09.077 I/CompositionEngine( 1804): [setDisplaySize] size=(434, 42)
02-10 00:00:09.097 W/qdgralloc( 1804): getInterlacedFlag: getMetaData returned 3, defaulting to interlaced_flag = 0
02-10 00:00:09.139 W/qdgralloc( 1804): getInterlacedFlag: getMetaData returned 3, defaulting to interlaced_flag = 0
02-10 00:00:09.181 W/qdgralloc( 1804): getInterlacedFlag: getMetaData returned 3, defaulting to interlaced_flag = 0
02-10 00:00:09.187 I/CompositionEngine( 1804): [setDisplaySize] size=(434, 42)
02-10 00:00:09.222 W/qdgralloc( 1804): getInterlacedFlag: getMetaData returned 3, defaulting to interlaced_flag = 0
02-10 00:00:09.263 W/qdgralloc( 1804): getInterlacedFlag: getMetaData returned 3, defaulting to interlaced_flag = 0
02-10 00:00:09.288 I/CompositionEngine( 1804): [setDisplaySize] size=(434, 42)
02-10 00:00:09.305 W/qdgralloc( 1804): getInterlacedFlag: getMetaData returned 3, defaulting to interlaced_flag = 0
02-10 00:00:09.343 I/SemWifiServiceDetector( 2640): NSD results: [0, 1, 2, 0, 0, 0, -1, 1, 0] Traff. type 3 Thr 2176
02-10 00:00:09.346 D/SemWifiOptimizer( 2640): enable=0 state=0x10 prev=0x10 new=0x00 force=0 mode=0
02-10 00:00:09.347 W/qdgralloc( 1804): getInterlacedFlag: getMetaData returned 3, defaulting to interlaced_flag = 0
02-10 00:00:09.368 I/bt_shim_scanner(16699): system/main/shim/le_scanning_manager.cc:151 Scan: in shim layer stopped
02-10 00:00:09.368 W/bluetooth(16699): system/gd/hci/le_scanning_manager.cc:716 scan: address_manager_registered_
02-10 00:00:09.368 W/bluetooth(16699): system/gd/hci/le_scanning_manager.cc:768 stop_scan: stop_scan
02-10 00:00:09.368 I/bluetooth(16699): system/gd/hci/le_address_manager.cc:278 unregister_client: Client unregistered
02-10 00:00:09.369 I/bt_shim_scanner(16699): system/main/shim/le_scanning_manager.cc:335 SetScanParameters: in shim layer, scannerId1m=1, scannerIdCoded=0
02-10 00:00:09.369 W/bt_shim_scanner(16699): system/main/shim/le_scanning_manager.cc:365 SetScanParameters: Set scan params scan_int_1m : 1860.625, scan_win_1m : 202.5, Duty : 10.88% | scan_int_coded : 0, scan_win_coded : 0, Duty : nan%
02-10 00:00:09.369 I/bt_shim_scanner(16699): system/main/shim/le_scanning_manager.cc:151 Scan: in shim layer started
02-10 00:00:09.370 I/bluetooth(16699): system/gd/hci/le_scanning_manager.cc:765 stop_scan: Scanning already stopped, return!
02-10 00:00:09.370 W/bluetooth(16699): system/gd/hci/le_scanning_manager.cc:732 start_scan: start_scan
02-10 00:00:09.370 W/bluetooth(16699): system/gd/hci/le_scanning_manager.cc:735 start_scan: Register address manager
02-10 00:00:09.370 I/bluetooth(16699): system/gd/hci/le_address_manager.cc:263 register_client: Client registered
02-10 00:00:09.385 I/AudioPathManager( 6856): loadAudioPath() : loaded audio path is bluetooth (2)
02-10 00:00:09.385 I/EffectManager( 6856): isSupportDolbyAtmosOnThisAudioPath() : path is bluetooth (2)
02-10 00:00:09.385 I/UHQUpscalerManager( 6856): isUHQCompatibleBluetooth() : support is 0, mode is 1
02-10 00:00:09.385 I/AudioPathManager( 6856): loadAudioPath() : loaded audio path is bluetooth (2)
02-10 00:00:09.385 I/EffectManager( 6856): isSupportVolumeNormalizationOnCurrentAudioPath() : path is bluetooth (2)
02-10 00:00:09.385 I/DVFSHelper( 6856): isNecessaryToBoostCPU() : isDolbyOn? false, isUHQUpscalerOn? false, isVoiceBoostOn? false, isVolumeNormalizationOn? false
02-10 00:00:09.388 W/qdgralloc( 1804): getInterlacedFlag: getMetaData returned 3, defaulting to interlaced_flag = 0
02-10 00:00:09.395 I/CompositionEngine( 1804): [setDisplaySize] size=(434, 42)
02-10 00:00:09.418 E/HeatmapThread( 1776): ECT Thread time in milliseconds: 1770670809
02-10 00:00:09.423 D/HeatmapThread( 1776): !@ batteryplugType : 2
02-10 00:00:09.424 D/HeatmapThread( 1776): !@ batteryLevel : 84  batteryTemperature : 338 
02-10 00:00:09.424 D/HeatmapThread( 1776): !@ Heatmap currtime: 29511180
02-10 00:00:09.424 D/HeatmapThread( 1776): !@ Heatmap prevtime: 29511153
02-10 00:00:09.424 D/HeatmapThread( 1776): !@ Heatmap plugstarttime: 29511000
02-10 00:00:09.424 D/HeatmapThread( 1776): !@ Heatmap prevv_dsoh_update_time: 29511150
02-10 00:00:09.424 E/HeatmapThread( 1776): !@ CAM New BSOH: 100
02-10 00:00:09.424 E/HeatmapThread( 1776): !@ CAM is Working
02-10 00:00:09.431 W/qdgralloc( 1804): getInterlacedFlag: getMetaData returned 3, defaulting to interlaced_flag = 0
02-10 00:00:09.471 W/qdgralloc( 1804): getInterlacedFlag: getMetaData returned 3, defaulting to interlaced_flag = 0
02-10 00:00:09.495 I/CompositionEngine( 1804): [setDisplaySize] size=(434, 42)
02-10 00:00:09.513 W/qdgralloc( 1804): getInterlacedFlag: getMetaData returned 3, defaulting to interlaced_flag = 0
02-10 00:00:09.555 W/qdgralloc( 1804): getInterlacedFlag: getMetaData returned 3, defaulting to interlaced_flag = 0
02-10 00:00:09.579 I/ScanController(16699): onScanResult to scannerId: 4- eventType=0x10, addressType=1, address=XX:XX:XX:XX:97:CA, primaryPhy=1, secondaryPhy=0, advertisingSid=0xff, txPower=127, rssi=-87, periodicAdvInt=0x0
02-10 00:00:09.596 W/qdgralloc( 1804): getInterlacedFlag: getMetaData returned 3, defaulting to interlaced_flag = 0
02-10 00:00:09.599 I/sensors-hal( 1656): handle_sns_client_event:190, auto_rotation_debug_2 mode,255, type,1,0 acc,-1.043,5.030,8.547, ar,0, ver,14, pedo,1,e,1,i,3
02-10 00:00:09.602 I/CompositionEngine( 1804): [setDisplaySize] size=(434, 42)
02-10 00:00:09.636 D/BufferPoolAccessor2.0( 5965): bufferpool2 0xb4000073a1467f28 : 5(40960 size) total buffers - 1(8192 size) used buffers - 51535/51560 (recycle/alloc) - 97/51558 (fetch/transfer)
02-10 00:00:09.638 W/qdgralloc( 1804): getInterlacedFlag: getMetaData returned 3, defaulting to interlaced_flag = 0
02-10 00:00:09.679 W/qdgralloc( 1804): getInterlacedFlag: getMetaData returned 3, defaulting to interlaced_flag = 0
02-10 00:00:09.703 I/CompositionEngine( 1804): [setDisplaySize] size=(434, 42)
02-10 00:00:09.721 W/qdgralloc( 1804): getInterlacedFlag: getMetaData returned 3, defaulting to interlaced_flag = 0
02-10 00:00:09.763 W/qdgralloc( 1804): getInterlacedFlag: getMetaData returned 3, defaulting to interlaced_flag = 0
02-10 00:00:09.805 W/qdgralloc( 1804): getInterlacedFlag: getMetaData returned 3, defaulting to interlaced_flag = 0
02-10 00:00:09.810 I/CompositionEngine( 1804): [setDisplaySize] size=(434, 42)
02-10 00:00:09.847 W/qdgralloc( 1804): getInterlacedFlag: getMetaData returned 3, defaulting to interlaced_flag = 0
02-10 00:00:09.887 W/qdgralloc( 1804): getInterlacedFlag: getMetaData returned 3, defaulting to interlaced_flag = 0
02-10 00:00:09.911 I/CompositionEngine( 1804): [setDisplaySize] size=(434, 42)
02-10 00:00:09.915 I/sensors-hal( 1656): handle_sns_std_sensor_event:409, [SSC_LIGHT] P: 11(11),c:7,b:49,m:13,cl:0,l:11,s:10,l0:1696,l1:0,s0:1500,s1:0,acl:1,opr:0.32,f(r):94,u(bl):100,if:0,wi:0,si:0,po:0(N:0)
02-10 00:00:09.929 W/qdgralloc( 1804): getInterlacedFlag: getMetaData returned 3, defaulting to interlaced_flag = 0
02-10 00:00:09.971 W/qdgralloc( 1804): getInterlacedFlag: getMetaData returned 3, defaulting to interlaced_flag = 0
02-10 00:00:09.997 I/sensors-hal( 1656): handle_sns_client_event:375, [0][1333] accel_sample [-0.998,  5.040,  8.491] 23206191591955
02-10 00:00:09.998 D/io_stats( 1214): !@   8,0 r 2684929 57183784 w 831505 19049152 d 114256 18211392 f 30975 68607 iot 626704 0 th 0 0 0 pt 0 inp 0 0 20091.097
02-10 00:00:10.011 D/ActivityManager( 2640): Received SERVICE intent 0x56ce010 Key{startService pkg=com.samsung.android.forest intent=act=com.samsung.android.forest.common.util.alarm.WALARM_EXPIRED id=midnightAlarm flg=0x20 xflg=0x4 pkg=com.samsung.android.forest flags=0x4000000 u=0} requestCode=0 from uid 1000
02-10 00:00:10.013 W/qdgralloc( 1804): getInterlacedFlag: getMetaData returned 3, defaulting to interlaced_flag = 0
02-10 00:00:10.019 I/CompositionEngine( 1804): [setDisplaySize] size=(434, 42)
02-10 00:00:10.026 D/ActivityManager( 2640): Received SERVICE intent 0x24a1b1b Key{startService pkg=com.samsung.android.forest intent=act=com.samsung.android.forest.common.util.alarm.WALARM_EXPIRED id=midnightAlarm flg=0x20 xflg=0x4 pkg=com.samsung.android.forest flags=0x4000000 u=11} requestCode=0 from uid 1000
02-10 00:00:10.028 I/DWBWAlarmIntentService(25119): onHandleIntent. action[com.samsung.android.forest.common.util.alarm.WALARM_EXPIRED]
02-10 00:00:10.029 I/Zygote  ( 1581): Entering forkRepeatedly native zygote loop
02-10 00:00:10.035 D/BackgroundInstallControlService( 2640): Package event received: 0
02-10 00:00:10.046 D/BackgroundInstallControlService( 2640): Package event received: 0
02-10 00:00:10.045 I/DWBContentProvider(25119): update (content://com.samsung.android.forest.db/persistenceParentalcontrol)
02-10 00:00:10.047 D/BackgroundInstallControlService( 2640): Package event received: 0
02-10 00:00:10.047 I/DWBd    (25119): isChild ? false
02-10 00:00:10.047 I/DWBWAlarmIntentService(25119): alarm name[midnightAlarm]
02-10 00:00:10.048 D/PerProcessNandswap$NandswapHandler( 2640): nandswap start for non-activity com.sec.android.daemonapp:weather_content_provider(pid 23101) action:6 adj:100 type:2
02-10 00:00:10.048 I/DWBt    (25119): disabledDWBFeature(): false
02-10 00:00:10.049 D/BackgroundInstallControlService( 2640): Package event received: 0
02-10 00:00:10.050 D/BackgroundInstallControlService( 2640): Package event received: 0
02-10 00:00:10.054 W/qdgralloc( 1804): getInterlacedFlag: getMetaData returned 3, defaulting to interlaced_flag = 0
02-10 00:00:10.055 D/Zygote  ( 1581): Forked child process 29601
02-10 00:00:10.056 I/ActivityManager( 2640): Start proc 29601:com.samsung.android.forest/u11s1000 for service {com.samsung.android.forest/com.samsung.android.forest.common.manager.alarm.WAlarmIntentService}
02-10 00:00:10.056 I/ActivityManager( 2640): ProcessObserver broadcast disabled
02-10 00:00:10.062 D/PerProcessNandswapNative( 2640): enable WriteBooster
02-10 00:00:10.078 D/PerProcessNandswap$NandswapHandler( 2640): nandswap end for non-activity com.sec.android.daemonapp:weather_content_provider(pid 23101) ret:19971727360 adj:100
02-10 00:00:10.080 W/ContextImpl(25119): Calling a method in the system process without a qualified user: android.app.ContextImpl.startService:2068 android.content.ContextWrapper.startService:872 m6.j.l:24 com.samsung.android.forest.common.manager.alarm.WAlarmIntentService.onHandleIntent:228 android.app.IntentService$ServiceHandler.handleMessage:77 
02-10 00:00:10.084 I/DWBt    (25119): disabledDWBFeature(): false
02-10 00:00:10.085 I/DWBDwWidgetService(25119): onCreate
02-10 00:00:10.086 I/DWBDwWidgetService(25119): com.samsung.android.forest.widget.UPDATE_DW_WIDGET_SCREEN_TIME 1
02-10 00:00:10.090 I/.android.forest(29601): Using CollectorTypeCMC GC.
02-10 00:00:10.092 D/BackgroundInstallControlService( 2640): Package event received: 0
02-10 00:00:10.093 E/.android.forest(29601): Not starting debugger since process cannot load the jdwp agent.
02-10 00:00:10.095 W/qdgralloc( 1804): getInterlacedFlag: getMetaData returned 3, defaulting to interlaced_flag = 0
02-10 00:00:10.118 I/CompositionEngine( 1804): [setDisplaySize] size=(434, 42)
02-10 00:00:10.120 I/AppWidgetServiceImpl( 2640): getInstalledProvidersForProfiles lock in com.samsung.android.forest
02-10 00:00:10.120 I/AppWidgetServiceImpl( 2640): getInstalledProvidersForProfiles lock exit 4
02-10 00:00:10.122 I/AppWidgetServiceImpl( 2640): handleSaveMessage 0
02-10 00:00:10.122 I/DWBDwWidgetService(25119): widget can't start
02-10 00:00:10.122 I/DWBDwWidgetService(25119): try stop: current 0 jobs are still remaining...
02-10 00:00:10.122 I/DWBDwWidgetService(25119): good to stop. all jobs completed.
02-10 00:00:10.123 I/DWBDwWidgetService(25119): onDestroy
02-10 00:00:10.124 I/Finsky  (21188): [2] SCH: job service start with id 9094.
02-10 00:00:10.128 I/Finsky  (21188): [409] SCH: Satisfied jobs for 9094 are: 12-1
02-10 00:00:10.129 I/Finsky  (21188): [418] SCH: Job 12-1 starting
02-10 00:00:10.130 I/Finsky  (21188): [2] WM::SCH: Logging work start for 12-1
02-10 00:00:10.130 I/Finsky  (21188): [2] [ContentSync] job started
02-10 00:00:10.137 W/qdgralloc( 1804): getInterlacedFlag: getMetaData returned 3, defaulting to interlaced_flag = 0
02-10 00:00:10.146 E/Watchdog( 2640): !@Sync: 670 heap(MB): 167 / 186 FD: 1470 [2026-02-10 00:00:10.146]
02-10 00:00:10.148 I/FirebaseApp(29601): Device unlocked: initializing all Firebase APIs for app [DEFAULT]
02-10 00:00:10.151 I/FirebaseInitProvider(29601): FirebaseApp initialization successful
02-10 00:00:10.152 I/DWBB    (29601): all 21 persistence tables built.
02-10 00:00:10.152 I/DWBContentProvider(29601): onCreate
02-10 00:00:10.160 E/ashmem  (29601): Pinning is deprecated since Android Q. Please use trim or other methods.
02-10 00:00:10.161 I/BTAudioSessionAidl( 1641): GetAudioConfig A2DP_SOFTWARE_ENCODING_DATAPATH SehAudioConfiguration{pcmConfig: SehPcmConfiguration{sampleRateHz: 44100, channelMode: STEREO, bitsPerSample: 16, dataIntervalUs: 0}}
02-10 00:00:10.161 I/DWBl    (29601): when(FIRST_DAY_OF_WEEK=1, day=2026-02-16)
02-10 00:00:10.167 I/BTAudioSessionAidl( 1641): GetAudioConfig A2DP_SOFTWARE_ENCODING_DATAPATH SehAudioConfiguration{pcmConfig: SehPcmConfiguration{sampleRateHz: 44100, channelMode: STEREO, bitsPerSample: 16, dataIntervalUs: 0}}
02-10 00:00:10.167 I/BTAudioSessionAidl( 1641): GetAudioConfig A2DP_SOFTWARE_ENCODING_DATAPATH SehAudioConfiguration{pcmConfig: SehPcmConfiguration{sampleRateHz: 44100, channelMode: STEREO, bitsPerSample: 16, dataIntervalUs: 0}}
02-10 00:00:10.168 I/DWBf    (29601): inspecting 'no such table' error
02-10 00:00:10.169 W/JobInfo (25119): Requested important-while-foreground flag for job60015532 is ignored and takes no effect
02-10 00:00:10.170 I/BTAudioSessionAidl( 1641): GetAudioConfig A2DP_SOFTWARE_ENCODING_DATAPATH SehAudioConfiguration{pcmConfig: SehPcmConfiguration{sampleRateHz: 44100, channelMode: STEREO, bitsPerSample: 16, dataIntervalUs: 0}}
02-10 00:00:10.170 I/BTAudioSessionAidl( 1641): GetAudioConfig A2DP_SOFTWARE_ENCODING_DATAPATH SehAudioConfiguration{pcmConfig: SehPcmConfiguration{sampleRateHz: 44100, channelMode: STEREO, bitsPerSample: 16, dataIntervalUs: 0}}
