02-10 00:30:26.758  3998  3998 D RemoteViewPack: OnSetRemoteView RemoteViewShortcut(requestClass=com.android.wm.shell.controlpanel.activity.FlexPanelActivity, remoteViews=null, position=0, priority=11)
02-10 00:30:26.758  3998  3998 D NavBarStateManager: NavBarStates(0) isGameMode: false
02-10 00:30:26.758  1804  1804 I SurfaceFlinger: [Surface(name=26e1d8 InputMethod)/@0x460d433 - animation-leash of insets_animation#10557] attach to parent LayerHierarchy{RequestedLayerState{WindowToken{5806324 type=2011 android.os.Binder@24cfb7}#4185 parentId=15} 2 children}
02-10 00:30:26.758  1804  1804 I SurfaceFlinger: [Surface(name=8909249 NavigationBar0)/@0xbef0eb3 - animation-leash of insets_animation#10558] attach to parent LayerHierarchy{RequestedLayerState{WindowToken{5a75977 type=2019 android.os.BinderProxy@52b211}#87 parentId=34} 2 children}
02-10 00:30:26.759  3998  3998 I VRI[StatusBar]@b017bd6: handleResized, frames=ClientWindowFrames{frame=[0,0][1080,84] display=[0,0][1080,2340] parentFrame=[0,0][0,0]} displayId=0 dragResizing=false compatScale=1.0 frameChanged=false attachedFrameChanged=false configChanged=false displayChanged=false compatScaleChanged=false dragResizingChanged=false
02-10 00:30:26.759  2640  7553 I WindowManager: Relayout hash=65b9173, pid=4121, syncId=-1: mAttrs={(0,0)(fillxfill) gr=TOP START CENTER layoutInDisplayCutoutMode=always ty=WALLPAPER fmt=RGBA_8888 wanim=0x1030328
02-10 00:30:26.759  2640  7553 I WindowManager:   fl=10318
02-10 00:30:26.759  2640  7553 I WindowManager:   pfl=14
02-10 00:30:26.759  2640  7553 I WindowManager:   bhv=1
02-10 00:30:26.759  2640  7553 I WindowManager:   frameRateBoostOnTouch=true
02-10 00:30:26.759  2640  7553 I WindowManager:   dvrrWindowFrameRateHint=true naviIconColor=0}
02-10 00:30:26.759  4611  4611 I HoneySpace.FloatingAnimator: [Player:A(26.724)] container x: 19.383917, y: 96.997375, scale : 0.9516178
02-10 00:30:26.759  3998  3998 I VRI[NavigationBar0]@f215cb7: handleResized, frames=ClientWindowFrames{frame=[0,2205][1080,2340] display=[0,0][1080,2340] parentFrame=[0,0][0,0]} displayId=0 dragResizing=false compatScale=1.0 frameChanged=false attachedFrameChanged=false configChanged=false displayChanged=false compatScaleChanged=false dragResizingChanged=false
02-10 00:30:26.759  4611  4611 I HoneySpace.FloatingAnimator: [Player:A(26.724)] container x: 37.0596, y: 131.18312, scale : 0.9190292
02-10 00:30:26.759  4611  4611 I HoneySpace.FloatingAnimator: [Player:A(26.724)] container x: 29.973051, y: 131.18312, scale : 0.9190293
02-10 00:30:26.759  4611  7054 I VRI[LauncherActivity]@1c31908: mWNT: t=0xb400007301551f50 mBlastBufferQueue=0xb4000073c17e9900 fn= 8 HdrRenderState mRenderHdrSdrRatio=1.0 caller= com.android.systemui.shared.launcher.ViewRootImplCompat.mergeWithNextTransaction:4 com.honeyspace.transition.utils.SurfaceTransactionApplier.scheduleApply$lambda$1:16 com.honeyspace.transition.utils.SurfaceTransactionApplier.b:0 
02-10 00:30:26.759  4611  7054 I VRI[LauncherActivity]@1c31908: mWNT: t=0xb40000730151ce90 mBlastBufferQueue=0xb4000073c17e9900 fn= 8 HdrRenderState mRenderHdrSdrRatio=1.0 caller= com.android.systemui.shared.launcher.ViewRootImplCompat.mergeWithNextTransaction:4 com.honeyspace.transition.utils.SurfaceTransactionApplier.scheduleApply$lambda$1:16 com.honeyspace.transition.utils.SurfaceTransactionApplier.b:0 
02-10 00:30:26.759  4611  7054 I VRI[LauncherActivity]@1c31908: mWNT: t=0xb4000073014b1b90 mBlastBufferQueue=0xb4000073c17e9900 fn= 8 HdrRenderState mRenderHdrSdrRatio=1.0 caller= com.android.systemui.shared.launcher.ViewRootImplCompat.mergeWithNextTransaction:4 com.honeyspace.transition.utils.SurfaceTransactionApplier.scheduleApply$lambda$1:16 com.honeyspace.transition.utils.SurfaceTransactionApplier.b:0 
02-10 00:30:26.759  2640  3004 D SurfaceComposerClient: [SEC_SF_EFFECTS] setBackgroundBlurRadius ## Dim Layer for - Display 0 name="Built-in Screen"#10547 backgroundBlurRadius=0
02-10 00:30:26.759  4611  4611 I InsetsController: onStateChanged: host=com.sec.android.app.launcher/com.sec.android.app.launcher.activities.LauncherActivity, from=android.view.ViewRootImpl.onInsetsStateChanged:3026, state=InsetsState: {mDisplayFrame=Rect(0, 0 - 1080, 2340), mDisplayCutout=DisplayCutout{insets=Rect(0, 84 - 0, 0) waterfall=Insets{left=0, top=0, right=0, bottom=0} boundingRect={Bounds=[Rect(0, 0 - 0, 0), Rect(515, 0 - 566, 84), Rect(0, 0 - 0, 0), Rect(0, 0 - 0, 0)]} cutoutPathParserInfo={CutoutPathParserInfo{displayWidth=1080 displayHeight=2340 physicalDisplayWidth=1080 physicalDisplayHeight=2340 density={2.8125} cutoutSpec={M 0,0 H -9.066666666666667 V 29.86666666666667 H 9.066666666666667 V 0 H 0 Z @dp} rotation={0} scale={1.0} physicalPixelDisplaySizeRatio={1.0}}} sideOverrides={}}, mRoundedCorners=RoundedCorners{[RoundedCorner{position=TopLeft, radius=6, center=Point(6, 6)}, RoundedCorner{position=TopRight, radius=6, center=Point(1074, 6)}, RoundedCorner{position=BottomRight, radius=6, center=Point(1074, 2334)}, RoundedCorner{position=BottomLeft, radius=6, center=Point(6, 2334)}]}  mRoundedCornerFrame=Rect(0, 0 - 1080, 2340), mPrivacyIndicatorBounds=PrivacyIndicatorBounds {static bounds=Rect(956, 0 - 1080, 84) rotation=0}, mDisplayShape=DisplayShape{ spec=1406003047 displayWidth=1080 displayHeight=2340 physicalPixelDisplaySizeRatio=0.75 rotation=0 offsetX=0 offsetY=0 scale=1.0}, mSources= { InsetsSource: {b78c0001 mType=navigationBars mFrame=[0,2298][1080,2340] mVisible=true mFlags=SUPPRESS_SCRIM mSideHint=BOTTOM mBoundingRects=null}, InsetsSource: {b78c0004 mType=systemGestures mFrame=[0,0][84,2340] mVisible=true mFlags= mSideHint=LEFT mBoundingRects=null}, InsetsSource: {b78c0005 mType=mandatorySystemGestures mFrame=[0,2250][1080,2340] mVisible=true mFlags= mSideHint=BOTTOM mBoundingRects=null}, InsetsSource: {b78c0006 mType=tappableElement mFrame=[0,0][0,0] mVisible=true mFlags= mSideHint=NONE mBoundingRects=null}, InsetsSource: {b78c0024 mType=systemGestures mFrame=[996,0][1080,2340] mVisible=true mFlags= mSideHint=RIGHT mBoundingRects=null}, InsetsSource: {f3f10000 mType=statusBars mFrame=[0,0][1080,84] mVisible=true mFlags= mSideHint=TOP mBoundingRects=null}, InsetsSource: {f3f10005 mType=mandatorySystemGestures mFrame=[0,0][1080,118] mVisible=true mFlags= mSideHint=TOP mBoundingRects=null}, InsetsSource: {f3f10006 mType=tappableElement mFrame=[0,0][1080,84] mVisible=true mFlags= mSideHint=TOP mBoundingRects=null}, InsetsSource: {3 mType=ime mFrame=[0,1447][1080,2340] mVisible=false mFlags= mSideHint=BOTTOM mBoundingRects=null}, InsetsSource: {27 mType=displayCutout mFrame=[0,0][1080,84] mVisible=true mFlags= mSideHint=TOP mBoundingRects=null} }
02-10 00:30:26.759  4611  4611 I VRI[LauncherActivity]@1c31908: handleResized, frames=ClientWindowFrames{frame=[0,0][1080,2340] display=[0,0][1080,2340] parentFrame=[0,0][0,0]} displayId=0 dragResizing=false compatScale=1.0 frameChanged=false attachedFrameChanged=false configChanged=false displayChanged=false compatScaleChanged=false dragResizingChanged=false
02-10 00:30:26.760  3998  4106 I VRI[PipMenuView]@e258de8: Relayout returned: old=(0,0,775,436) new=(0,0,775,436) relayoutAsync=false req=(775,436)8 dur=1 res=0x0 s={false 0x0} ch=false seqId=0
02-10 00:30:26.760  4121  4121 I BLASTBufferQueue_Java: update, w= 1080 h= 2340 mName = Wallpaper mNativeObject= 0xb4000073c147a240 sc.mNativeObject= 0xb400007421452850 format= 1 caller= android.service.wallpaper.WallpaperService$Engine.getOrCreateBLASTSurface:2929 android.service.wallpaper.WallpaperService$Engine.updateSurface:1682 android.service.wallpaper.WallpaperService$IWallpaperEngineWrapper.handleResized:3540 android.service.wallpaper.WallpaperService$IWallpaperEngineWrapper.executeMessage:3459 com.android.internal.os.HandlerCaller$MyHandler.handleMessage:44 android.os.Handler.dispatchMessage:110 
02-10 00:30:26.767  1804  1804 I SurfaceFlinger: RequestedLayer [Surface(name=26e1d8 InputMethod)/@0x[...]tion-leash of insets_animation#10557] hidden!! flag  from(1) --> to(0)
02-10 00:30:26.767  1804  1804 E SurfaceFlinger: alpha changed 1.000 -> 0.000 - Surface(name=26e1d8 InputMethod)/@0x460d433 - animation-leash of insets_animation#10557
02-10 00:30:26.767  1804  1804 I SurfaceFlinger: [LayerHierarchy{RequestedLayerState{ImeContainer#15 parentId=122 relativeParentId=123 z=1} 1 children}] reparent to LayerHierarchy{RequestedLayerState{ActivityRecord{243601927 u0 com.sec.android.app.launcher/.activities.LauncherActivity t8}#122 parentId=121} 3 children}
02-10 00:30:26.767  1804  1804 I SurfaceFlinger: [LayerHierarchy{RequestedLayerState{ImeContainer#15 parentId=122 relativeParentId=123 z=1} 1 children}] RelativeParent to LayerHierarchy{RequestedLayerState{f617943 com.sec.android.app.launcher/com.sec.android.app.launcher.activities.LauncherActivity#123 parentId=122} 2 children}
02-10 00:30:26.767  1804  1804 I SurfaceFlinger: [LayerHierarchy{RequestedLayerState{8909249 NavigationBar0#88 parentId=10558} 1 children}] reparent to LayerHierarchy{RequestedLayerState{Surface(name=8909249 NavigationBar0)/@0xbef0eb3 - animation-leash of insets_animation#10558 parentId=87} 1 children}
02-10 00:30:26.767  1804  1804 I SurfaceFlinger: [LayerHierarchy{RequestedLayerState{26e1d8 InputMethod#4186 parentId=10557} 1 children}] reparent to LayerHierarchy{RequestedLayerState{Surface(name=26e1d8 InputMethod)/@0x460d433 - animation-leash of insets_animation#10557 parentId=4185} 1 children}
02-10 00:30:26.767  1804  1804 I SurfaceFlinger: [LayerHierarchy{RequestedLayerState{Surface(name=26e1d8 InputMethod)/@0x460d433 - animation-leash of insets_animation#10521} no children}] reparent to OffscreenRoot
02-10 00:30:26.767  1804  1804 I SurfaceFlinger: [LayerHierarchy{RequestedLayerState{Surface(name=26e1d8 InputMethod)/@0x460d433 - animation-leash of insets_animation#10521} no children}] RelativeParent to null
02-10 00:30:26.767  1804  1804 I SurfaceFlinger: [LayerHierarchy{RequestedLayerState{Surface(name=8909249 NavigationBar0)/@0xbef0eb3 - animation-leash of insets_animation#10523} no children}] reparent to OffscreenRoot
02-10 00:30:26.767  1804  1804 I SurfaceFlinger: [LayerHierarchy{RequestedLayerState{Surface(name=8909249 NavigationBar0)/@0xbef0eb3 - animation-leash of insets_animation#10523} no children}] RelativeParent to null
02-10 00:30:26.767  1804  1804 I SurfaceFlinger: [LayerHierarchy{RequestedLayerState{Input Consumer pip_input_consumer#10465 parentId=10 z=2147483646} no children}] reparent to LayerHierarchy{RequestedLayerState{DefaultTaskDisplayArea_d0#10 parentId=9} 9 children}
02-10 00:30:26.767  2640  3004 D SurfaceComposerClient: [SEC_SF_EFFECTS] setBackgroundBlurRadius ## Dim Layer for - Display 0 name="Built-in Screen"#10547 backgroundBlurRadius=0
02-10 00:30:26.767  4611  4611 I HoneySpace.FloatingAnimator: [Player:A(26.724)] container x: 29.973051, y: 154.39217, scale : 0.9190293
02-10 00:30:26.767  4611  4611 I HoneySpace.FloatingAnimator: [Player:A(26.724)] container x: 50.198948, y: 193.35442, scale : 0.88189614
02-10 00:30:26.767  4611  4611 I HoneySpace.FloatingAnimator: [Player:A(26.724)] container x: 41.165073, y: 193.35442, scale : 0.88189614
02-10 00:30:26.767  2640  3003 I WindowManager: Reparenting to original parent: Surface(name=WindowToken{452b3b type=2003 android.view.ViewRootImpl$W@e13ddca})/@0xfe6f959, destroy=true, surface=Surface(name=b419258 Application Not Responding: org.voxmatrix.app)/@0x8cdb9a0
02-10 00:30:26.767  4611  4611 I HoneySpace.HoneySpaceManagerContainer: getWindowBounds, key = (com.sec.android.app.launcher.Launcher, 0)
02-10 00:30:26.767  4611  4611 I HoneySpace.WindowBounds: immersiveNavigation? false
02-10 00:30:26.767  4611  4611 I HoneySpace.WindowBounds: onApplyWindowInsets, Insets{left=0, top=84, right=0, bottom=42} -> Insets{left=0, top=84, right=0, bottom=42}
02-10 00:30:26.767  4611  4611 I HoneySpace.WindowBounds: opposite = WindowInsets{
02-10 00:30:26.767  4611  4611 I HoneySpace.WindowBounds:     statusBars=Insets{left=0, top=84, right=0, bottom=0} max=Insets{left=0, top=84, right=0, bottom=0} vis=true boundingRects=[Rect(0, 0 - 1080, 84)] maxBoundingRects=[Rect(0, 0 - 1080, 84)]
02-10 00:30:26.767  4611  4611 I HoneySpace.WindowBounds:     navigationBars=Insets{left=0, top=0, right=0, bottom=42} max=Insets{left=0, top=0, right=0, bottom=42} vis=true boundingRects=[Rect(0, 2298 - 1080, 2340)] maxBoundingRects=[Rect(0, 2298 - 1080, 2340)]
02-10 00:30:26.767  4611  4611 I HoneySpace.WindowBounds:     captionBar=null max=null vis=false boundingRects=null maxBoundingRects=null
02-10 00:30:26.767  4611  4611 I HoneySpace.WindowBounds:     ime=null max=null vis=false boundingRects=null maxBoundingRects=null
02-10 00:30:26.767  4611  4611 I HoneySpace.WindowBounds:     systemGestures=Insets{left=84, top=118, right=84, bottom=90} max=Insets{left=84, top=118, right=84, bottom=90} vis=true boundingRects=[Rect(0, 0 - 1080, 118), Rect(996, 0 - 1080, 2340), Rect(0, 2250 - 1080, 2340), Rect(0, 0 - 84, 2340)] maxBoundingRects=[Rect(0, 0 - 1080, 118), Rect(996, 0 - 1080, 2340), Rect(0, 2250 - 1080, 2340), Rect(0, 0 - 84, 2340)]
02-10 00:30:26.767  4611  4611 I HoneySpace.WindowBounds:     mandatorySystemGestures=Insets{left=0, top=118, right=0, bottom=90} max=Insets{left=0, top=118, right=0, bottom=90} vis=true boundingRects=[Rect(0, 0 - 1080, 118), Rect(0, 2250 - 1080, 2340)] maxBoundingRects=[Rect(0, 0 - 1080, 118), Rect(0, 2250 - 1080, 2340)]
02-10 00:30:26.767  4611  4611 I HoneySpace.WindowBounds:     tappableElement=Insets{left=0, top=84, right=0, bottom=0} max=Insets{left=0, top=84, right=0, bottom=0} vis=true boundingRects=[Rect(0, 0 - 1080, 84)] maxBoundingRects=[Rect(0, 0 - 1080, 84)]
02-10 00:30:26.767  4611  4611 I HoneySpace.WindowBounds:     displayCutout=Insets{left=0, top=84, right=0, bottom=0} max=Insets{left=0, top=84, right=0, bottom=0} vis=true boundingRects=[Rect(0, 0 - 1080, 84)] maxBoundingRects=[Rect(0, 0 - 1080, 84)]
02-10 00:30:26.767  4611  4611 I HoneySpace.WindowBounds:     windowDecor=null max=null vis=false boundingRects=null maxBoundingRects=null
02-10 00:30:26.767  4611  4611 I HoneySpace.WindowBounds:     systemOverlays=null max=null vis=false boundingRects=null maxBoundingRects=null
02-10 00:30:26.767  4611  4611 I HoneySpace.WindowBounds:     cutout=DisplayCutout{insets=Rect(0, 84 - 0, 0) waterfall=Insets{left=0, top=0, right=0, bottom=0} boundingRect={Bounds=[Rect(0, 0 - 0, 0), Rect(515, 0 - 566, 84), Rect(0, 0 - 0, 0), Rect(0, 0 - 0, 0)]} cutoutPathParserInfo={CutoutPathParserInfo{displayWidth=1080 displayHeight=2340 physicalDisplayWidth=1080 physicalDisplayHeight=2340 density={2.8125} cutoutSpec={M 0,0 H -9.066666666666667 V 29.86666666666667 H 9.066666666666667 V 0 H 0 Z @dp} rotation={0} scale={1.0} physicalPixelDisplaySizeRatio={1.0}}} sideOverrides={}}
02-10 00:30:26.767  4611  4611 I HoneySpace.WindowBounds:     
02-10 00:30:26.767  4611  4611 I HoneySpace.WindowBounds:     roundedCorners=RoundedCorners{[RoundedCorner{position=TopLeft, radius=6, center=Point(6, 6)}, RoundedCorner{position=TopRight, radius=6, center=Point(1074, 6)}, RoundedCorner{position=BottomRight, radius=6, center=Point(1074, 2334)}, RoundedCorner{position=BottomLeft, radius=6, center=Point(6, 2334)}]}
02-10 00:30:26.767  4611  4611 I HoneySpace.WindowBounds:     privacyIndicatorBounds=PrivacyIndicatorBounds {static bounds=Rect(956, 0 - 1080, 84) rotation=0}
02-10 00:30:26.767  4611  4611 I HoneySpace.WindowBounds:     displayShape=DisplayShape{ spec=1406003047 displayWidth=1080 displayHeight=2340 physicalPixelDisplaySizeRatio=0.75 rotation=0 offsetX=0 offsetY=0 scale=1.0}
02-10 00:30:26.767  4611  4611 I HoneySpace.WindowBounds:     forceConsumingTypes=
02-10 00:30:26.767  4611  4611 I HoneySpace.WindowBounds:     forceConsumingOpaqueCaptionBar=false
02-10 00:30:26.767  4611  4611 I HoneySpace.WindowBounds:     suppressScrimTypes=navigationBars
02-10 00:30:26.767  4611  4611 I HoneySpace.WindowBounds:     compatInsetsTypes=statusBars navigationBars captionBar displayCutout systemOverlays
02-10 00:30:26.767  4611  4611 I HoneySpace.WindowBounds:     compatIgnoreVisibility=false
02-10 00:30:26.767  4611  4611 I HoneySpace.WindowBounds:     systemWindowInsetsConsumed=false
02-10 00:30:26.767  4611  4611 I HoneySpace.WindowBounds:     stableInsetsConsumed=false
02-10 00:30:26.767  4611  4611 I HoneySpace.WindowBounds:     displayCutoutConsumed=false
02-10 00:30:26.767  4611  4611 I HoneySpace.WindowBounds:     
02-10 00:30:26.767  4611  4611 I HoneySpace.WindowBounds:     frameWidth=1080
02-10 00:30:26.767  4611  4611 I HoneySpace.WindowBounds:     frameHeight=2340}
02-10 00:30:26.767  4611  4611 I HoneySpace.WindowBounds: needToUpdate? false
02-10 00:30:26.767  2640  3003 D SurfaceComposerClient: [SEC_SF_EFFECTS] setBackgroundBlurRadius ## Dim Layer for - Display 0 name="Built-in Screen"#10547 backgroundBlurRadius=0
02-10 00:30:26.768  2640  3003 D SurfaceComposerClient: setCornerRadius ## 98d5d23 org.jellyfin.mobile/org.jellyfin.mobile.MainActivity#7191 cornerRadius=0.000000
02-10 00:30:26.768  2640  3003 D SurfaceComposerClient: setCornerRadius ## f617943 com.sec.android.app.launcher/com.sec.android.app.launcher.activities.LauncherActivity#123 cornerRadius=0.000000
02-10 00:30:26.768  2640  3002 I DisplayDeviceRepository: Display device changed render timings: "Built-in Screen", renderFrameRate=120.00001, presentationDeadlineNanos=9333333, appVsyncOffsetNanos=8333333, frameRateOverrides=[{uid=1000 frameRateHz=120.00001}, {uid=10049 frameRateHz=120.00001}, {uid=10144 frameRateHz=120.00001}, {uid=10158 frameRateHz=120.00001}, {uid=10442 frameRateHz=120.00001}, {uid=10474 frameRateHz=120.00001}]
02-10 00:30:26.768  2640  3003 D SurfaceComposerClient: setCornerRadius ## 98d5d23 org.jellyfin.mobile/org.jellyfin.mobile.MainActivity#7191 cornerRadius=0.000000
02-10 00:30:26.768  2640  3003 D SurfaceComposerClient: setCornerRadius ## f617943 com.sec.android.app.launcher/com.sec.android.app.launcher.activities.LauncherActivity#123 cornerRadius=0.000000
02-10 00:30:26.769  2640  3003 I ImeTracker: system_server:784e6fc1: onRequestShow at ORIGIN_SERVER reason CONTROLS_CHANGED fromUser false
02-10 00:30:26.770  4611  4611 I HoneySpace.SearchUI: updateInsets Insets{left=0, top=84, right=0, bottom=42}
02-10 00:30:26.770  4611  4611 I HoneySpace.SearchUI: insetsListener keyboardHeight : 1 851 0 false Insets{left=0, top=84, right=0, bottom=42}
02-10 00:30:26.770  2640  3003 D SurfaceComposerClient: setCornerRadius ## 98d5d23 org.jellyfin.mobile/org.jellyfin.mobile.MainActivity#7191 cornerRadius=0.000000
02-10 00:30:26.770  2640  3003 D SurfaceComposerClient: setCornerRadius ## f617943 com.sec.android.app.launcher/com.sec.android.app.launcher.activities.LauncherActivity#123 cornerRadius=0.000000
02-10 00:30:26.770  4611  4611 I HoneySpace.SearchUI: resetInputUI: 0
02-10 00:30:26.770  4611  7065 I VRI[LauncherActivity]@1c31908: mWNT: t=0xb40000730150fc90 mBlastBufferQueue=0xb4000073c17e9900 fn= 9 HdrRenderState mRenderHdrSdrRatio=1.0 caller= com.android.systemui.shared.launcher.ViewRootImplCompat.mergeWithNextTransaction:4 com.honeyspace.transition.utils.SurfaceTransactionApplier.scheduleApply$lambda$1:16 com.honeyspace.transition.utils.SurfaceTransactionApplier.b:0 
02-10 00:30:26.770  4611  7065 I VRI[LauncherActivity]@1c31908: mWNT: t=0xb4000073014ffb50 mBlastBufferQueue=0xb4000073c17e9900 fn= 9 HdrRenderState mRenderHdrSdrRatio=1.0 caller= com.android.systemui.shared.launcher.ViewRootImplCompat.mergeWithNextTransaction:4 com.honeyspace.transition.utils.SurfaceTransactionApplier.scheduleApply$lambda$1:16 com.honeyspace.transition.utils.SurfaceTransactionApplier.b:0 
02-10 00:30:26.770  4611  7065 I VRI[LauncherActivity]@1c31908: mWNT: t=0xb400007301510c50 mBlastBufferQueue=0xb4000073c17e9900 fn= 9 HdrRenderState mRenderHdrSdrRatio=1.0 caller= com.android.systemui.shared.launcher.ViewRootImplCompat.mergeWithNextTransaction:4 com.honeyspace.transition.utils.SurfaceTransactionApplier.scheduleApply$lambda$1:16 com.honeyspace.transition.utils.SurfaceTransactionApplier.b:0 
02-10 00:30:26.771  1804  1804 D SurfaceFlinger: Display 4630946315032985731 HWC layers:
02-10 00:30:26.771  1804  1804 D SurfaceFlinger:        CLIENT |           17699560226830 | 00000100 | RGBA_8888    |  120.0  260.0  960.0 2080.0 |    0    0 1080 2340 | Wallpaper BBQ wrapper 7_systemlock#80 (2828)
02-10 00:30:26.771  1804  1804 D SurfaceFlinger:        CLIENT |           19804094203972 | 00002100 | RGBA_8888    |    0.0    0.0 1080.0 2340.0 |    0    0 1080 2340 | com.sec.android.app.launcher/com.sec[...]ivities.LauncherActivity$_4611#10551 (blurRegions) (8)
02-10 00:30:26.771  1804  1804 D SurfaceFlinger:        CLIENT |                        0 | 00000002 | N/A          |    0.0    0.0    0.0    0.0 |   30  131 1023 2243 | Background for 5d01000 SurfaceView[o[...].voxmatrix.app.MainActivity]@0#10490 (0)
02-10 00:30:26.771  1804  1804 D SurfaceFlinger:        CLIENT |           43950400339982 | 00000102 | RGBA_8888    |    0.0    0.0 1080.0 2298.0 |   30  131 1023 2243 | 5d01000 SurfaceView[org.voxmatrix.ap[...]rix.app.MainActivity]@0(BLAST)#10489 (2868)
02-10 00:30:26.771  1804  1804 D SurfaceFlinger:        CLIENT |           43950400339986 | 00002100 | RGBA_8888    |    0.0    0.0 1080.0 2298.0 |   30  131 1023 2243 | org.voxmatrix.app/org.voxmatrix.app.MainActivity$_10233#10484 (118)
02-10 00:30:26.771  1804  1804 D SurfaceFlinger:   
02-10 00:30:26.771  1804  1804 D SurfaceFlinger:      CLIENT |            7748121011875 | 00000000 | RGBA_8888    |    0.0    0.0 1080.0 2214.0 |   30  208 1023 2243 | IME-snapshot-surface#10549 (100)
02-10 00:30:26.771  1804  1804 D SurfaceFlinger:        CLIENT |                        0 | 00000000 | N/A          |    0.0    0.0    0.0    0.0 |  232  101 1063  593 | Task=85#7180 (0)
02-10 00:30:26.771  1804  1804 D SurfaceFlinger:        CLIENT |                        0 | 00000002 | N/A          |    0.0    0.0    0.0    0.0 |  260  129 1035  565 | Background for 922a364 SurfaceView[o[...]jellyfin.mobile.MainActivity]@0#9592 (0)
02-10 00:30:26.771  1804  1804 D SurfaceFlinger:        CLIENT |           25619479942715 | 00000102 | 0x7fa30c09   |    0.0    0.0 1920.0 1080.0 |  260  129 1035  565 | 922a364 SurfaceView[org.jellyfin.mob[...]n.mobile.MainActivity]@0(BLAST)#9591 (48119)
02-10 00:30:26.771  1804  1804 D SurfaceFlinger:        CLIENT |           25619479989370 | 00002100 | RGBA_8888    |    0.0    0.0  775.0  436.0 |  260  129 1035  565 | org.jellyfin.mobile/org.jellyfin.mobile.MainActivity$_5965#9588 (344)
02-10 00:30:26.771  1804  1804 D SurfaceFlinger:        CLIENT |                        0 | 00000000 | N/A          |    0.0    0.0    0.0    0.0 |    0    0 1080 2340 | Dim Layer f
02-10 00:30:26.771  1804  1804 D SurfaceFlinger: or - Display 0 name="Built-in Screen"#10547 (0)
02-10 00:30:26.771  1804  1804 D SurfaceFlinger:        DEVICE |           11338713662692 | 00002100 | RGBA_8888    |   40.0    0.0 1120.0  720.0 |    0 1620 1080 2340 | Application Not Responding: org.voxmatrix.app#10545 (blurRegions) (8)
02-10 00:30:26.771  1804  1804 D SurfaceFlinger:        DEVICE |           17171279260758 | 00002100 | RGBA_8888    |    0.0    0.0 1080.0   84.0 |    0    0 1080   84 | StatusBar$_3998#104 (18082)
02-10 00:30:26.771  1804  1804 D SurfaceFlinger:        DEVICE |           17171279260711 | 00002100 | RGBA_8888    |    0.0    0.0 1080.0  135.0 |    0 2205 1080 2340 | NavigationBar0$_3998#100 (24522)
02-10 00:30:26.771  1804  1804 D SurfaceFlinger: 
02-10 00:30:26.771  2640  3003 D SurfaceComposerClient: setCornerRadius ## 98d5d23 org.jellyfin.mobile/org.jellyfin.mobile.MainActivity#7191 cornerRadius=0.000000
02-10 00:30:26.771  2640  3003 D SurfaceComposerClient: setCornerRadius ## f617943 com.sec.android.app.launcher/com.sec.android.app.launcher.activities.LauncherActivity#123 cornerRadius=0.000000
02-10 00:30:26.772  2640  3002 I InsetsController: onStateChanged: host=PermanentControlTarget, from=com.android.server.wm.InsetsPolicy$ControlTarget.run:18, state=InsetsState: {mDisplayFrame=Rect(0, 0 - 1080, 2340), mDisplayCutout=DisplayCutout{insets=Rect(0, 84 - 0, 0) waterfall=Insets{left=0, top=0, right=0, bottom=0} boundingRect={Bounds=[Rect(0, 0 - 0, 0), Rect(515, 0 - 566, 84), Rect(0, 0 - 0, 0), Rect(0, 0 - 0, 0)]} cutoutPathParserInfo={CutoutPathParserInfo{displayWidth=1080 displayHeight=2340 physicalDisplayWidth=1080 physicalDisplayHeight=2340 density={2.8125} cutoutSpec={M 0,0 H -9.066666666666667 V 29.86666666666667 H 9.066666666666667 V 0 H 0 Z @dp} rotation={0} scale={1.0} physicalPixelDisplaySizeRatio={1.0}}} sideOverrides={}}, mRoundedCorners=RoundedCorners{[RoundedCorner{position=TopLeft, radius=6, center=Point(6, 6)}, RoundedCorner{position=TopRight, radius=6, center=Point(1074, 6)}, RoundedCorner{position=BottomRight, radius=6, center=Point(1074, 2334)}, RoundedCorner{position=BottomLeft, radius=6, center=Point(6, 2334)}]}  mRoundedCornerFrame=Rect(0, 0 - 0, 0), mPrivacyIndicatorBounds=PrivacyIndicatorBounds {static bounds=Rect(956, 0 - 1080, 84) rotation=0}, mDisplayShape=DisplayShape{ spec=1406003047 displayWidth=1080 displayHeight=2340 physicalPixelDisplaySizeRatio=0.75 rotation=0 offsetX=0 offsetY=0 scale=1.0}, mSources= { InsetsSource: {b78c0001 mType=navigationBars mFrame=[0,2298][1080,2340] mVisible=true mFlags=SUPPRESS_SCRIM mSideHint=BOTTOM mBoundingRects=null}, InsetsSource: {b78c0004 mType=systemGestures mFrame=[0,0][84,2340] mVisible=true mFlags= mSideHint=LEFT mBoundingRects=null}, InsetsSource: {b78c0005 mType=mandatorySystemGestures mFrame=[0,2250][1080,2340] mVisible=true mFlags= mSideHint=BOTTOM mBoundingRects=null}, InsetsSource: {b78c0006 mType=tappableElement mFrame=[0,0][0,0] mVisible=true mFlags= mSideHint=NONE mBoundingRects=null}, InsetsSource: {b78c0024 mType=systemGestures mFrame=[996,0][1080,2340] mVisible=true mFlags= mSideHint=RIGHT mBoundingRects=null}, InsetsSource: {f3f10000 mType=statusBars mFrame=[0,0][1080,84] mVisible=true mFlags= mSideHint=TOP mBoundingRects=null}, InsetsSource: {f3f10005 mType=mandatorySystemGestures mFrame=[0,0][1080,118] mVisible=true mFlags= mSideHint=TOP mBoundingRects=null}, InsetsSource: {f3f10006 mType=tappableElement mFrame=[0,0][1080,84] mVisible=true mFlags= mSideHint=TOP mBoundingRects=null}, InsetsSource: {3 mType=ime mFrame=[0,1447][1080,2340] mVisible=false mFlags= mSideHint=BOTTOM mBoundingRects=null}, InsetsSource: {27 mType=displayCutout mFrame=[0,0][1080,84] mVisible=true mFlags= mSideHint=TOP mBoundingRects=null} }
02-10 00:30:26.772  1804  3112 I SurfaceFlinger: id=10523 Removed Surface(name=8909249 NavigationBar0)/@0xbef0eb3 - animation-leash of insets_animation#10523 (203)
02-10 00:30:26.772  4611  9531 I HoneySpace.SearchUI: updateInsets Insets{left=0, top=84, right=0, bottom=42}
02-10 00:30:26.775  1804  1804 E SurfaceFlinger: alpha changed 0.005 -> 0.000 - Dim Layer for - Display 0 name="Built-in Screen"#10547
02-10 00:30:26.775  1804  1804 I SurfaceFlinger: RequestedLayer [Application Not Responding: org.voxmatrix.app#10545] hidden!! flag  from(0) --> to(1)
02-10 00:30:26.775  1804  1804 E SurfaceFlinger: alpha changed 0.000 -> 0.000 - Dim Layer for - Display 0 name="Built-in Screen"#10547
02-10 00:30:26.775  1804  1804 I SurfaceFlinger: destroyed Surface(name=8909249 NavigationBar0)/@0xbef0eb3 - animation-leash of insets_animation#10523 form LifecycleManager
02-10 00:30:26.775  1804  1804 I SurfaceFlinger: [LayerHierarchy{RequestedLayerState{Surface(name=b419258 Application Not Responding: org.voxmatrix.app)/@0x8cdb9a0 - animation-leash of window_animation#10548} 1 children}] reparent to OffscreenRoot
02-10 00:30:26.775  1804  1804 I SurfaceFlinger: [LayerHierarchy{RequestedLayerState{Surface(name=b419258 Application Not Responding: org.voxmatrix.app)/@0x8cdb9a0 - animation-leash of window_animation#10548} 1 children}] RelativeParent to null
02-10 00:30:26.775  1804  1804 I SurfaceFlinger: [LayerHierarchy{RequestedLayerState{WindowToken{452b3b type=2003 android.view.ViewRootImpl$W@e13ddca}#10542 z=2} no children}] reparent to OffscreenRoot
02-10 00:30:26.775  1804  1804 I SurfaceFlinger: [LayerHierarchy{RequestedLayerState{WindowToken{452b3b type=2003 android.view.ViewRootImpl$W@e13ddca}#10542 z=2} no children}] RelativeParent to null
02-10 00:30:26.775  1804  1804 I SurfaceFlinger: [LayerHierarchy{RequestedLayerState{b419258 Application Not Responding: org.voxmatrix.app#10543} 2 children}] reparent to OffscreenRoot
02-10 00:30:26.775  1804  1804 I SurfaceFlinger: [LayerHierarchy{RequestedLayerState{b419258 Application Not Responding: org.voxmatrix.app#10543} 2 children}] RelativeParent to null
02-10 00:30:26.775  1804  1804 I SurfaceFlinger: [LayerHierarchy{RequestedLayerState{Application Not Responding: org.voxmatrix.app#10545} no children}] reparent to OffscreenRoot
02-10 00:30:26.775  1804  1804 I SurfaceFlinger: [LayerHierarchy{RequestedLayerState{Application Not Responding: org.voxmatrix.app#10545} no children}] RelativeParent to null
02-10 00:30:26.775  1804  1804 I SurfaceFlinger: [LayerHierarchy{RequestedLayerState{Dim Layer for - Display 0 name="Built-in Screen"#10547 z=-1} no children}] reparent to OffscreenRoot
02-10 00:30:26.775  1804  1804 I SurfaceFlinger: [LayerHierarchy{RequestedLayerState{Dim Layer for - Display 0 name="Built-in Screen"#10547 z=-1} no children}] RelativeParent to null
02-10 00:30:26.775  1804  1804 I SurfaceFlinger: id=10523 onLayerDestroyed from LayerHierarchyBuilder(RequestedLayerState{Surface(name=8909249 NavigationBar0)/@0xbef0eb3 - animation-leash of insets_animation#10523 !handle})
02-10 00:30:26.775  4611  4611 I HoneySpace.FloatingAnimator: [Player:A(26.724)] container x: 41.165073, y: 219.62138, scale : 0.88189614
02-10 00:30:26.775  4611  4611 I HoneySpace.FloatingAnimator: [Player:A(26.724)] container x: 63.08394, y: 261.62085, scale : 0.84184444
02-10 00:30:26.775  4611  4611 I HoneySpace.FloatingAnimator: [Player:A(26.724)] container x: 52.457718, y: 261.62085, scale : 0.84184444
02-10 00:30:26.776  1804  1804 I Layer   : id=10523 Destroyed Surface(name=8909249 NavigationBar0)/@0xbef0eb3 - animation-leash of insets_animation#10523
02-10 00:30:26.776  1804  2044 W qdgralloc: getInterlacedFlag: getMetaData returned 3, defaulting to interlaced_flag = 0
02-10 00:30:26.776  4611  7054 I VRI[LauncherActivity]@1c31908: mWNT: t=0xb400007301522ed0 mBlastBufferQueue=0xb4000073c17e9900 fn= 10 HdrRenderState mRenderHdrSdrRatio=1.0 caller= com.android.systemui.shared.launcher.ViewRootImplCompat.mergeWithNextTransaction:4 com.honeyspace.transition.utils.SurfaceTransactionApplier.scheduleApply$lambda$1:16 com.honeyspace.transition.utils.SurfaceTransactionApplier.b:0 
02-10 00:30:26.776  4611  7054 I VRI[LauncherActivity]@1c31908: mWNT: t=0xb400007301542350 mBlastBufferQueue=0xb4000073c17e9900 fn= 10 HdrRenderState mRenderHdrSdrRatio=1.0 caller= com.android.systemui.shared.launcher.ViewRootImplCompat.mergeWithNextTransaction:4 com.honeyspace.transition.utils.SurfaceTransactionApplier.scheduleApply$lambda$1:16 com.honeyspace.transition.utils.SurfaceTransactionApplier.b:0 
02-10 00:30:26.776  4611  7054 I VRI[LauncherActivity]@1c31908: mWNT: t=0xb400007301488290 mBlastBufferQueue=0xb4000073c17e9900 fn= 10 HdrRenderState mRenderHdrSdrRatio=1.0 caller= com.android.systemui.shared.launcher.ViewRootImplCompat.mergeWithNextTransaction:4 com.honeyspace.transition.utils.SurfaceTransactionApplier.scheduleApply$lambda$1:16 com.honeyspace.transition.utils.SurfaceTransactionApplier.b:0 
02-10 00:30:26.776  1804  2030 I SurfaceFlinger: id=10543 Removed b419258 Application Not Responding: org.voxmatrix.app#10543 (202)
02-10 00:30:26.776  1804  2030 I SurfaceFlinger: id=10548 Removed Surface(name=b419258 Application Not Responding: org.voxmatrix.app)/@0x8cdb9a0 - animation-leash of window_animation#10548 (202)
02-10 00:30:26.776  1804  2030 I SurfaceFlinger: id=10547 Removed Dim Layer for - Display 0 name="Built-in Screen"#10547 (202)
02-10 00:30:26.776  1804  2030 I SurfaceFlinger: id=10542 Removed WindowToken{452b3b type=2003 android.view.ViewRootImpl$W@e13ddca}#10542 (202)
02-10 00:30:26.776  1804  2030 I SurfaceFlinger: id=10545 Removed Application Not Responding: org.voxmatrix.app#10545 (202)
02-10 00:30:26.776  4611  4611 I InsetsSourceConsumer: applyRequestedVisibilityToControl: visible=false, type=ime, host=com.sec.android.app.launcher/com.sec.android.app.launcher.activities.LauncherActivity
02-10 00:30:26.777  4611  4611 I InsetsSourceConsumer: applyRequestedVisibilityToControl: visible=true, type=navigationBars, host=com.sec.android.app.launcher/com.sec.android.app.launcher.activities.LauncherActivity
02-10 00:30:26.777  2640  7553 V InputMethodManagerService: IME window vis: 0 active: 0 visible: 0 displayId: 0
02-10 00:30:26.777  2640  7553 D InputMethodManagerService: isImeSwitcherDisabledPackage : false
02-10 00:30:26.777  4611  4611 I ImeTracker: system_server:784e6fc1: onCancelled at PHASE_CLIENT_ON_CONTROLS_CHANGED
02-10 00:30:26.777  3998  3998 D NavigationBar: setImeWindowStatus displayId=0 vis=0 backDisposition=0 showImeSwitcher=false isImeVisible=false
02-10 00:30:26.778  6709  6709 I InputMethodService: scheduleImeSurfaceRemoval: canceled, mShowInputRequested=false, mWindowVisible=false, IsmWindowNull=false, IsmImeSurfaceRemoverRunnableNotNull=true
02-10 00:30:26.779  1804  1804 D SurfaceFlinger: Display 4630946315032985731 HWC layers:
02-10 00:30:26.779  1804  1804 D SurfaceFlinger:        CLIENT |           17699560226830 | 00000100 | RGBA_8888    |  114.0  247.0  966.0 2093.0 |    0    0 1080 2340 | Wallpaper BBQ wrapper 7_systemlock#80 (2828)
02-10 00:30:26.779  1804  1804 D SurfaceFlinger:        CLIENT |           19804094203975 | 00002100 | RGBA_8888    |    0.0    0.0 1080.0 2340.0 |    0    0 1080 2340 | com.sec.android.app.launcher/com.sec[...]ivities.LauncherActivity$_4611#10551 (blurRegions) (9)
02-10 00:30:26.779  1804  1804 D SurfaceFlinger:        CLIENT |                        0 | 00000002 | N/A          |    0.0    0.0    0.0    0.0 |   41  193  994 2201 | Background for 5d01000 SurfaceView[o[...].voxmatrix.app.MainActivity]@0#10490 (0)
02-10 00:30:26.779  1804  1804 D SurfaceFlinger:        CLIENT |           43950400339982 | 00000102 | RGBA_8888    |    0.0    0.0 1080.0 2277.0 |   41  193  994 2201 | 5d01000 SurfaceView[org.voxmatrix.ap[...]rix.app.MainActivity]@0(BLAST)#10489 (2868)
02-10 00:30:26.779  1804  1804 D SurfaceFlinger:        CLIENT |           43950400339986 | 00002100 | RGBA_8888    |    0.0    0.0 1080.0 2277.0 |   41  193  994 2201 | org.voxmatrix.app/org.voxmatrix.app.MainActivity$_10233#10484 (118)
02-10 00:30:26.779  1804  1804 D SurfaceFlinger:   
02-10 00:30:26.779  1804  1804 D SurfaceFlinger:      CLIENT |            7748121011875 | 00000000 | RGBA_8888    |    0.0    0.0 1080.0 2193.0 |   41  267  994 2201 | IME-snapshot-surface#10549 (100)
02-10 00:30:26.779  1804  1804 D SurfaceFlinger:        CLIENT |                        0 | 00000000 | N/A          |    0.0    0.0    0.0    0.0 |  232  101 1063  593 | Task=85#7180 (0)
02-10 00:30:26.779  1804  1804 D SurfaceFlinger:        CLIENT |                        0 | 00000002 | N/A          |    0.0    0.0    0.0    0.0 |  260  129 1035  565 | Background for 922a364 SurfaceView[o[...]jellyfin.mobile.MainActivity]@0#9592 (0)
02-10 00:30:26.779  1804  1804 D SurfaceFlinger:        CLIENT |           25619479942702 | 00000102 | 0x7fa30c09   |    0.0    0.0 1920.0 1080.0 |  260  129 1035  565 | 922a364 SurfaceView[org.jellyfin.mob[...]n.mobile.MainActivity]@0(BLAST)#9591 (48120)
02-10 00:30:26.779  1804  1804 D SurfaceFlinger:        CLIENT |           25619479989370 | 00002100 | RGBA_8888    |    0.0    0.0  775.0  436.0 |  260  129 1035  565 | org.jellyfin.mobile/org.jellyfin.mobile.MainActivity$_5965#9588 (344)
02-10 00:30:26.779  1804  1804 D SurfaceFlinger:        DEVICE |           17171279260758 | 00002100 | RGBA_8888    |    0.0    0.0 1080.0   84.0 |    0    0 1080   84 | StatusBar$_
02-10 00:30:26.779  1804  1804 D SurfaceFlinger: 3998#104 (18082)
02-10 00:30:26.779  1804  1804 D SurfaceFlinger:        DEVICE |           17171279260711 | 00002100 | RGBA_8888    |    0.0    0.0 1080.0  135.0 |    0 2205 1080 2340 | NavigationBar0$_3998#100 (24522)
02-10 00:30:26.779  1804  1804 D SurfaceFlinger: 
02-10 00:30:26.783  1804  1804 I SurfaceFlinger: RequestedLayer [Surface(name=26e1d8 InputMethod)/@0x[...]tion-leash of insets_animation#10557] hidden!! flag  from(0) --> to(1)
02-10 00:30:26.783  1804  1804 I SurfaceFlinger: destroyed Surface(name=b419258 Application Not Responding: org.voxmatrix.app)/@0x8cdb9a0 - animation-leash of window_animation#10548 form LifecycleManager
02-10 00:30:26.783  1804  1804 I SurfaceFlinger: destroyed WindowToken{452b3b type=2003 android.view.ViewRootImpl$W@e13ddca}#10542 form LifecycleManager
02-10 00:30:26.783  1804  1804 I SurfaceFlinger: destroyed b419258 Application Not Responding: org.voxmatrix.app#10543 form LifecycleManager
02-10 00:30:26.783  1804  1804 I SurfaceFlinger: destroyed Application Not Responding: org.voxmatrix.app#10545 form LifecycleManager
02-10 00:30:26.783  1804  1804 I SurfaceFlinger: destroyed Dim Layer for - Display 0 name="Built-in Screen"#10547 form LifecycleManager
02-10 00:30:26.783  1804  1804 I SurfaceFlinger: [LayerHierarchy{RequestedLayerState{Input Consumer pip_input_consumer#10465 parentId=10 z=2147483646} no children}] reparent to LayerHierarchy{RequestedLayerState{DefaultTaskDisplayArea_d0#10 parentId=9} 9 children}
02-10 00:30:26.783  1804  1804 I SurfaceFlinger: id=10548 onLayerDestroyed from LayerHierarchyBuilder(RequestedLayerState{Surface(name=b419258 Application Not Responding: org.voxmatrix.app)/@0x8cdb9a0 - animation-leash of window_animation#10548 !handle})
02-10 00:30:26.783  1804  1804 I SurfaceFlinger: id=10542 onLayerDestroyed from LayerHierarchyBuilder(RequestedLayerState{WindowToken{452b3b type=2003 android.view.ViewRootImpl$W@e13ddca}#10542 !handle z=2})
02-10 00:30:26.783  1804  1804 I SurfaceFlinger: id=10543 onLayerDestroyed from LayerHierarchyBuilder(RequestedLayerState{b419258 Application Not Responding: org.voxmatrix.app#10543 !handle})
02-10 00:30:26.783  1804  1804 I SurfaceFlinger: id=10545 onLayerDestroyed from LayerHierarchyBuilder(RequestedLayerState{Application Not Responding: org.voxmatrix.app#10545 !handle})
02-10 00:30:26.783  1804  1804 I SurfaceFlinger: id=10547 onLayerDestroyed from LayerHierarchyBuilder(RequestedLayerState{Dim Layer for - Display 0 name="Built-in Screen"#10547 !handle z=-1})
02-10 00:30:26.784  4611  4611 I HoneySpace.FloatingAnimator: [Player:A(26.724)] container x: 52.457718, y: 294.0105, scale : 0.84184444
02-10 00:30:26.784  1804  1804 I Layer   : id=10548 Destroyed Surface(name=b419258 Application Not Responding: org.voxmatrix.app)/@0x8cdb9a0 - animation-leash of window_animation#10548
02-10 00:30:26.784  1804  1804 I Layer   : id=10542 Destroyed WindowToken{452b3b type=2003 android.view.ViewRootImpl$W@e13ddca}#10542
02-10 00:30:26.784  4611  4611 I HoneySpace.FloatingAnimator: [Player:A(26.724)] container x: 78.28148, y: 343.3032, scale : 0.7949106
02-10 00:30:26.784  1804  1804 I Layer   : id=10543 Destroyed b419258 Application Not Responding: org.voxmatrix.app#10543
02-10 00:30:26.784  4611  4611 I HoneySpace.FloatingAnimator: [Player:A(26.724)] container x: 64.81703, y: 343.3032, scale : 0.7949106
02-10 00:30:26.784  1804  1804 I Layer   : id=10545 Destroyed Application Not Responding: org.voxmatrix.app#10545
02-10 00:30:26.784  1804  1804 I Layer   : id=10547 Destroyed Dim Layer for - Display 0 name="Built-in Screen"#10547
02-10 00:30:26.785  4611  7065 I VRI[LauncherActivity]@1c31908: mWNT: t=0xb4000073014ba250 mBlastBufferQueue=0xb4000073c17e9900 fn= 11 HdrRenderState mRenderHdrSdrRatio=1.0 caller= com.android.systemui.shared.launcher.ViewRootImplCompat.mergeWithNextTransaction:4 com.honeyspace.transition.utils.SurfaceTransactionApplier.scheduleApply$lambda$1:16 com.honeyspace.transition.utils.SurfaceTransactionApplier.b:0 
02-10 00:30:26.785  4611  7065 I VRI[LauncherActivity]@1c31908: mWNT: t=0xb40000730145aa90 mBlastBufferQueue=0xb4000073c17e9900 fn= 11 HdrRenderState mRenderHdrSdrRatio=1.0 caller= com.android.systemui.shared.launcher.ViewRootImplCompat.mergeWithNextTransaction:4 com.honeyspace.transition.utils.SurfaceTransactionApplier.scheduleApply$lambda$1:16 com.honeyspace.transition.utils.SurfaceTransactionApplier.b:0 
02-10 00:30:26.785  4611  7065 I VRI[LauncherActivity]@1c31908: mWNT: t=0xb400007301517550 mBlastBufferQueue=0xb4000073c17e9900 fn= 11 HdrRenderState mRenderHdrSdrRatio=1.0 caller= com.android.systemui.shared.launcher.ViewRootImplCompat.mergeWithNextTransaction:4 com.honeyspace.transition.utils.SurfaceTransactionApplier.scheduleApply$lambda$1:16 com.honeyspace.transition.utils.SurfaceTransactionApplier.b:0 
02-10 00:30:26.792  4611  4611 I HoneySpace.FloatingAnimator: [Player:A(26.724)] container x: 64.81703, y: 373.97763, scale : 0.7949106
02-10 00:30:26.792  4611  4611 I HoneySpace.FloatingAnimator: [Player:A(26.724)] container x: 88.19947, y: 418.40762, scale : 0.75265
02-10 00:30:26.792  4611  4611 I HoneySpace.FloatingAnimator: [Player:A(26.724)] container x: 75.1988, y: 418.40762, scale : 0.75265
02-10 00:30:26.793  4611  7054 I VRI[LauncherActivity]@1c31908: mWNT: t=0xb4000073014a9a10 mBlastBufferQueue=0xb4000073c17e9900 fn= 12 HdrRenderState mRenderHdrSdrRatio=1.0 caller= com.android.systemui.shared.launcher.ViewRootImplCompat.mergeWithNextTransaction:4 com.honeyspace.transition.utils.SurfaceTransactionApplier.scheduleApply$lambda$1:16 com.honeyspace.transition.utils.SurfaceTransactionApplier.b:0 
02-10 00:30:26.793  4611  7054 I VRI[LauncherActivity]@1c31908: mWNT: t=0xb4000073014a2a10 mBlastBufferQueue=0xb4000073c17e9900 fn= 12 HdrRenderState mRenderHdrSdrRatio=1.0 caller= com.android.systemui.shared.launcher.ViewRootImplCompat.mergeWithNextTransaction:4 com.honeyspace.transition.utils.SurfaceTransactionApplier.scheduleApply$lambda$1:16 com.honeyspace.transition.utils.SurfaceTransactionApplier.b:0 
02-10 00:30:26.793  4611  7054 I VRI[LauncherActivity]@1c31908: mWNT: t=0xb40000730154c7d0 mBlastBufferQueue=0xb4000073c17e9900 fn= 12 HdrRenderState mRenderHdrSdrRatio=1.0 caller= com.android.systemui.shared.launcher.ViewRootImplCompat.mergeWithNextTransaction:4 com.honeyspace.transition.utils.SurfaceTransactionApplier.scheduleApply$lambda$1:16 com.honeyspace.transition.utils.SurfaceTransactionApplier.b:0 
02-10 00:30:26.800  4611  4611 I HoneySpace.FloatingAnimator: [Player:A(26.724)] container x: 75.1988, y: 450.3257, scale : 0.75265
02-10 00:30:26.800  4611  4611 I HoneySpace.FloatingAnimator: [Player:A(26.724)] container x: 98.5349, y: 494.34494, scale : 0.7106969
02-10 00:30:26.800  4611  4611 I HoneySpace.FloatingAnimator: [Player:A(26.724)] container x: 84.81984, y: 494.34494, scale : 0.7106969
02-10 00:30:26.801  4611  7065 I VRI[LauncherActivity]@1c31908: mWNT: t=0xb40000730153c690 mBlastBufferQueue=0xb4000073c17e9900 fn= 13 HdrRenderState mRenderHdrSdrRatio=1.0 caller= com.android.systemui.shared.launcher.ViewRootImplCompat.mergeWithNextTransaction:4 com.honeyspace.transition.utils.SurfaceTransactionApplier.scheduleApply$lambda$1:16 com.honeyspace.transition.utils.SurfaceTransactionApplier.b:0 
02-10 00:30:26.801  4611  7065 I VRI[LauncherActivity]@1c31908: mWNT: t=0xb4000073014d1550 mBlastBufferQueue=0xb4000073c17e9900 fn= 13 HdrRenderState mRenderHdrSdrRatio=1.0 caller= com.android.systemui.shared.launcher.ViewRootImplCompat.mergeWithNextTransaction:4 com.honeyspace.transition.utils.SurfaceTransactionApplier.scheduleApply$lambda$1:16 com.honeyspace.transition.utils.SurfaceTransactionApplier.b:0 
02-10 00:30:26.801  4611  7065 I VRI[LauncherActivity]@1c31908: mWNT: t=0xb40000730153f790 mBlastBufferQueue=0xb4000073c17e9900 fn= 13 HdrRenderState mRenderHdrSdrRatio=1.0 caller= com.android.systemui.shared.launcher.ViewRootImplCompat.mergeWithNextTransaction:4 com.honeyspace.transition.utils.SurfaceTransactionApplier.scheduleApply$lambda$1:16 com.honeyspace.transition.utils.SurfaceTransactionApplier.b:0 
02-10 00:30:26.808  4611  4611 I HoneySpace.FloatingAnimator: [Player:A(26.724)] container x: 84.81984, y: 531.1893, scale : 0.7106969
02-10 00:30:26.809  4611  4611 I HoneySpace.FloatingAnimator: [Player:A(26.724)] container x: 110.6056, y: 579.6619, scale : 0.66459984
02-10 00:30:26.809  4611  4611 I HoneySpace.FloatingAnimator: [Player:A(26.724)] container x: 94.590675, y: 579.6619, scale : 0.66459984
02-10 00:30:26.809  4611  7054 I VRI[LauncherActivity]@1c31908: mWNT: t=0xb4000073015449d0 mBlastBufferQueue=0xb4000073c17e9900 fn= 14 HdrRenderState mRenderHdrSdrRatio=1.0 caller= com.android.systemui.shared.launcher.ViewRootImplCompat.mergeWithNextTransaction:4 com.honeyspace.transition.utils.SurfaceTransactionApplier.scheduleApply$lambda$1:16 com.honeyspace.transition.utils.SurfaceTransactionApplier.b:0 
02-10 00:30:26.809  4611  7054 I VRI[LauncherActivity]@1c31908: mWNT: t=0xb40000730147f850 mBlastBufferQueue=0xb4000073c17e9900 fn= 14 HdrRenderState mRenderHdrSdrRatio=1.0 caller= com.android.systemui.shared.launcher.ViewRootImplCompat.mergeWithNextTransaction:4 com.honeyspace.transition.utils.SurfaceTransactionApplier.scheduleApply$lambda$1:16 com.honeyspace.transition.utils.SurfaceTransactionApplier.b:0 
02-10 00:30:26.809  4611  7054 I VRI[LauncherActivity]@1c31908: mWNT: t=0xb40000730148b710 mBlastBufferQueue=0xb4000073c17e9900 fn= 14 HdrRenderState mRenderHdrSdrRatio=1.0 caller= com.android.systemui.shared.launcher.ViewRootImplCompat.mergeWithNextTransaction:4 com.honeyspace.transition.utils.SurfaceTransactionApplier.scheduleApply$lambda$1:16 com.honeyspace.transition.utils.SurfaceTransactionApplier.b:0 
02-10 00:30:26.817  4611  4611 I HoneySpace.FloatingAnimator: [Player:A(26.724)] container x: 94.590675, y: 612.8211, scale : 0.66459984
02-10 00:30:26.817  4611  4611 I HoneySpace.FloatingAnimator: [Player:A(26.724)] container x: 116.818924, y: 654.22815, scale : 0.62508154
02-10 00:30:26.817  4611  4611 I HoneySpace.FloatingAnimator: [Player:A(26.724)] container x: 102.27098, y: 654.22815, scale : 0.6250815
02-10 00:30:26.817  1804  2044 W qdgralloc: getInterlacedFlag: getMetaData returned 3, defaulting to interlaced_flag = 0
02-10 00:30:26.817  4611  7065 I VRI[LauncherActivity]@1c31908: mWNT: t=0xb4000073014a3490 mBlastBufferQueue=0xb4000073c17e9900 fn= 15 HdrRenderState mRenderHdrSdrRatio=1.0 caller= com.android.systemui.shared.launcher.ViewRootImplCompat.mergeWithNextTransaction:4 com.honeyspace.transition.utils.SurfaceTransactionApplier.scheduleApply$lambda$1:16 com.honeyspace.transition.utils.SurfaceTransactionApplier.b:0 
02-10 00:30:26.817  4611  7065 I VRI[LauncherActivity]@1c31908: mWNT: t=0xb400007301516750 mBlastBufferQueue=0xb4000073c17e9900 fn= 15 HdrRenderState mRenderHdrSdrRatio=1.0 caller= com.android.systemui.shared.launcher.ViewRootImplCompat.mergeWithNextTransaction:4 com.honeyspace.transition.utils.SurfaceTransactionApplier.scheduleApply$lambda$1:16 com.honeyspace.transition.utils.SurfaceTransactionApplier.b:0 
02-10 00:30:26.817  4611  7065 I VRI[LauncherActivity]@1c31908: mWNT: t=0xb40000730150e790 mBlastBufferQueue=0xb4000073c17e9900 fn= 15 HdrRenderState mRenderHdrSdrRatio=1.0 caller= com.android.systemui.shared.launcher.ViewRootImplCompat.mergeWithNextTransaction:4 com.honeyspace.transition.utils.SurfaceTransactionApplier.scheduleApply$lambda$1:16 com.honeyspace.transition.utils.SurfaceTransactionApplier.b:0 
02-10 00:30:26.820  2640  3738 D MdnieScenarioControlService:  packageName : com.sec.android.app.launcher    className : com.sec.android.app.launcher.Launcher
02-10 00:30:26.821  2640  3738 V MdnieScenarioControlService: setUIMode from UI function(3)
02-10 00:30:26.825  4611  4611 I HoneySpace.FloatingAnimator: [Player:A(26.724)] container x: 101.84124, y: 687.8582, scale : 0.6261962
02-10 00:30:26.825  4611  4611 I HoneySpace.FloatingAnimator: [Player:A(26.724)] container x: 123.181595, y: 727.50586, scale : 0.5884128
02-10 00:30:26.825  4611  4611 I HoneySpace.FloatingAnimator: [Player:A(26.724)] container x: 108.50893, y: 727.50586, scale : 0.5884128
02-10 00:30:26.826  4611  7054 I VRI[LauncherActivity]@1c31908: mWNT: t=0xb40000730150b150 mBlastBufferQueue=0xb4000073c17e9900 fn= 16 HdrRenderState mRenderHdrSdrRatio=1.0 caller= com.android.systemui.shared.launcher.ViewRootImplCompat.mergeWithNextTransaction:4 com.honeyspace.transition.utils.SurfaceTransactionApplier.scheduleApply$lambda$1:16 com.honeyspace.transition.utils.SurfaceTransactionApplier.b:0 
02-10 00:30:26.826  4611  7054 I VRI[LauncherActivity]@1c31908: mWNT: t=0xb4000073014caa90 mBlastBufferQueue=0xb4000073c17e9900 fn= 16 HdrRenderState mRenderHdrSdrRatio=1.0 caller= com.android.systemui.shared.launcher.ViewRootImplCompat.mergeWithNextTransaction:4 com.honeyspace.transition.utils.SurfaceTransactionApplier.scheduleApply$lambda$1:16 com.honeyspace.transition.utils.SurfaceTransactionApplier.b:0 
02-10 00:30:26.826  4611  7054 I VRI[LauncherActivity]@1c31908: mWNT: t=0xb4000073014a94d0 mBlastBufferQueue=0xb4000073c17e9900 fn= 16 HdrRenderState mRenderHdrSdrRatio=1.0 caller= com.android.systemui.shared.launcher.ViewRootImplCompat.mergeWithNextTransaction:4 com.honeyspace.transition.utils.SurfaceTransactionApplier.scheduleApply$lambda$1:16 com.honeyspace.transition.utils.SurfaceTransactionApplier.b:0 
02-10 00:30:26.833  4611  4611 I HoneySpace.FloatingAnimator: [Player:A(26.724)] container x: 108.03468, y: 765.031, scale : 0.5884128
02-10 00:30:26.834  4611  4611 I HoneySpace.FloatingAnimator: [Player:A(26.724)] container x: 130.82945, y: 806.82184, scale : 0.5481632
02-10 00:30:26.834  4611  4611 I HoneySpace.FloatingAnimator: [Player:A(26.724)] container x: 114.346664, y: 806.82184, scale : 0.5481632
