02-10 00:00:01.330 V/Configuration( 2640): Updating configuration, locales updated from [] to [en_GB]
02-10 00:00:01.330 V/Configuration( 2640): Updating configuration, locales updated from [] to [en_GB]
02-10 00:00:01.330 V/Configuration( 2640): Updating configuration, locales updated from [] to [en_GB]
02-10 00:00:01.330 V/Configuration( 2640): Updating configuration, locales updated from [] to [en_GB]
02-10 00:00:01.330 W/qdgralloc( 1804): getInterlacedFlag: getMetaData returned 3, defaulting to interlaced_flag = 0
02-10 00:00:01.331 I/GWT:GlanceSession( 9920): [shealth] receiveEvents : capacity=2147483647,data=[(<BUFFERED>,ul0@2039818),(<BUFFERED>,ul0@2039818)]
02-10 00:00:01.331 I/GWT:GlanceSession( 9920): [shealth] receiveEvent: ul0@2039818
02-10 00:00:01.331 I/GWT:AppWidgetSession( 9920): [shealth] Received UpdateGlanceState event for session(appWidget-39)
02-10 00:00:01.331 I/GWT:GlanceStateDefinition( 9920): [shealth] getDataStore: appWidget-39, file exist: true, PreferenceStateDefinition type: true
02-10 00:00:01.331 I/GWT:GlanceSession( 9920): [shealth] receiveEvent: ul0@2039818
02-10 00:00:01.331 I/GWT:AppWidgetSession( 9920): [shealth] Received UpdateGlanceState event for session(appWidget-39)
02-10 00:00:01.331 I/GWT:GlanceStateDefinition( 9920): [shealth] getDataStore: appWidget-39, file exist: true, PreferenceStateDefinition type: true
02-10 00:00:01.334 D/IntervalStats( 2640): Unable to parse usage stats packages: [1237, 1618, 1619]
02-10 00:00:01.342 V/Configuration( 2640): Updating configuration, locales updated from [] to [en_GB]
02-10 00:00:01.342 V/Configuration( 2640): Updating configuration, locales updated from [] to [en_GB]
02-10 00:00:01.342 V/Configuration( 2640): Updating configuration, locales updated from [] to [en_GB]
02-10 00:00:01.342 V/Configuration( 2640): Updating configuration, locales updated from [] to [en_GB]
02-10 00:00:01.342 V/Configuration( 2640): Updating configuration, locales updated from [] to [en_GB]
02-10 00:00:01.342 V/Configuration( 2640): Updating configuration, locales updated from [] to [en_GB]
02-10 00:00:01.344 I/GWT:AppWidgetSession( 9920): [shealth] widget-AppWidgetId(appWidgetId=28) collectAsState gn3@bebc3c8
02-10 00:00:01.344 I/AudioPathManager( 6856): loadAudioPath() : loaded audio path is bluetooth (2)
02-10 00:00:01.344 I/EffectManager( 6856): isSupportDolbyAtmosOnThisAudioPath() : path is bluetooth (2)
02-10 00:00:01.345 I/GWT:AppWidgetUtils( 9920): [shealth] [common-1.0.22] 28-widget size dp: w=333.5111 h=71.46667, px: w=938.0.px h=201.0.px
02-10 00:00:01.345 I/GWT:AppWidgetUtils( 9920): [shealth] mode=widesmall from options
02-10 00:00:01.345 I/GWT:TemplateAppWidget( 9920): [shealth] [template-1.0.38] provideContent: widgetId=AppWidgetId(appWidgetId=28), dpsize=333.5111.dp x 71.46667.dp, size=widesmall, style=colorful, host=Home, iconLabelOn=true, widgetLabelOn=false, deviceType=phone
02-10 00:00:01.345 I/SHEALTH#OOBEManager( 9920): getState :NOT_NEEDED / remote
02-10 00:00:01.346 I/UHQUpscalerManager( 6856): isUHQCompatibleBluetooth() : support is 0, mode is 1
02-10 00:00:01.346 I/AudioPathManager( 6856): loadAudioPath() : loaded audio path is bluetooth (2)
02-10 00:00:01.346 I/EffectManager( 6856): isSupportVolumeNormalizationOnCurrentAudioPath() : path is bluetooth (2)
02-10 00:00:01.346 I/DVFSHelper( 6856): isNecessaryToBoostCPU() : isDolbyOn? false, isUHQUpscalerOn? false, isVoiceBoostOn? false, isVolumeNormalizationOn? false
02-10 00:00:01.346 I/SHEALTH#OOBEManager( 9920): getState :NOT_NEEDED / remote
02-10 00:00:01.347 I/SHEALTH#ST#StepsComplicationWidget( 9920): AfterOOBEStateWidget, the size of widget = widesmall, localWidgetSize = widesmall theme = 0 opacityLevel = 1 backgroundShape = 2
02-10 00:00:01.347 I/ST#StepsComplicationWidgetWideSmall( 9920): Widget, from = StepsComplicationWidget
02-10 00:00:01.346 D/IntervalStats( 2640): Unable to parse usage stats packages: [1237, 1618, 1619]
02-10 00:00:01.350 V/Configuration( 2640): Updating configuration, locales updated from [] to [en_GB]
02-10 00:00:01.350 V/Configuration( 2640): Updating configuration, locales updated from [] to [en_GB]
02-10 00:00:01.350 V/Configuration( 2640): Updating configuration, locales updated from [] to [en_GB]
02-10 00:00:01.350 V/Configuration( 2640): Updating configuration, locales updated from [] to [en_GB]
02-10 00:00:01.350 V/Configuration( 2640): Updating configuration, locales updated from [] to [en_GB]
02-10 00:00:01.350 V/Configuration( 2640): Updating configuration, locales updated from [] to [en_GB]
02-10 00:00:01.354 I/GlanceTemplate( 9920): [shealth] appWidgetDescription=true, appWidgetBackground=color, shape=none, appWidgetLabel=true, colors=ColorProviders(primary=[fixedColor=ffff00ff], onPrimary=[fixedColor=ffff00ff], primaryContainer=[fixedColor=ffff00ff], onPrimaryContainer=[fixedColor=ffff00ff], background=[fixedColor=bf010102], onBackground=[fixedColor=ffff00ff], surface=[fixedColor=ffff00ff], onSurface=[fixedColor=ffff00ff], surfaceVariant=[fixedColor=ffff00ff], onSurfaceVariant=[fixedColor=ffff00ff], inverseOnSurface=[fixedColor=ffff00ff], inverseSurface=[fixedColor=ffff00ff]
02-10 00:00:01.354 D/IntervalStats( 2640): Unable to parse usage stats packages: [1237, 1584, 1618, 1620]
02-10 00:00:01.361 I/GWT:TemplateAppWidget( 9920): [shealth] provideGlance AppWidgetId(appWidgetId=28) elapsed : 16 ms
02-10 00:00:01.361 I/GWT:MultiProcessSession( 9920): [shealth] processEmittableTree-appWidget-28
02-10 00:00:01.362 I/GWT:AppWidgetSession( 9920): [shealth] processEmittableTree / AppWidgetId(appWidgetId=28) / DefaultDispatcher-worker-4
02-10 00:00:01.362 I/GWT:GlanceStateDefinition( 9920): [shealth] getDataStore: appWidgetLayout-28, file exist: true, PreferenceStateDefinition type: false
02-10 00:00:01.362 I/GWT:AppWidgetSession( 9920): [shealth] widget-AppWidgetId(appWidgetId=39) collectAsState gn3@cb2e17f
02-10 00:00:01.362 I/SHEALTH#OOBEManager( 9920): getState :NOT_NEEDED / remote
02-10 00:00:01.362 I/SHEALTH#OOBEManager( 9920): getState :NOT_NEEDED / remote
02-10 00:00:01.362 I/AppWidgetServiceImpl( 2640): getAppWidgetInfo() 28, from 0
02-10 00:00:01.362 I/GWT:MultiProcessSession( 9920): [shealth] processEmittableTree-appWidget-39
02-10 00:00:01.362 I/GWT:AppWidgetSession( 9920): [shealth] processEmittableTree / AppWidgetId(appWidgetId=39) / DefaultDispatcher-worker-4
02-10 00:00:01.362 I/GWT:GlanceStateDefinition( 9920): [shealth] getDataStore: appWidgetLayout-39, file exist: true, PreferenceStateDefinition type: false
02-10 00:00:01.362 I/AppWidgetServiceImpl( 2640): getAppWidgetInfo() 39, from 0
02-10 00:00:01.366 I/GWT:AppWidgetSession( 9920): [shealth] UpdateAppWidget / 39, android.widget.RemoteViews@d54f657 / lastViewId : 7
02-10 00:00:01.366 I/AppWidgetManager( 9920): updateAppWidget() appWidgetIds = [39]
02-10 00:00:01.366 I/AppWidgetServiceImpl( 2640): Null RemoteViews on updateAppWidgetIds
02-10 00:00:01.366 I/GWT:GlanceStateDefinition( 9920): [shealth] getDataStore: appWidgetLayout-39, file exist: true, PreferenceStateDefinition type: false
02-10 00:00:01.370 I/GWT:AppWidgetSession( 9920): [shealth] UpdateAppWidget / 28, android.widget.RemoteViews@748a0f3 / lastViewId : 14
02-10 00:00:01.370 I/AppWidgetManager( 9920): updateAppWidget() appWidgetIds = [28]
02-10 00:00:01.370 I/AppWidgetServiceImpl( 2640): Null RemoteViews on updateAppWidgetIds
02-10 00:00:01.372 W/qdgralloc( 1804): getInterlacedFlag: getMetaData returned 3, defaulting to interlaced_flag = 0
02-10 00:00:01.372 I/GWT:GlanceStateDefinition( 9920): [shealth] getDataStore: appWidgetLayout-28, file exist: true, PreferenceStateDefinition type: false
02-10 00:00:01.372 I/GWT:GlanceSession( 9920): [shealth] receiveEvents : capacity=2147483647,data=[]
02-10 00:00:01.382 I/DWBn    (25119): updateDailyData of 1770152400700
02-10 00:00:01.382 I/DWBn    (25119): RETRIEVE_ALL_DATA is Progressing
02-10 00:00:01.400 I/CompositionEngine( 1804): [setDisplaySize] size=(434, 42)
02-10 00:00:01.401 V/Configuration( 2640): Updating configuration, locales updated from [] to [en_GB]
02-10 00:00:01.401 V/Configuration( 2640): Updating configuration, locales updated from [] to [en_GB]
02-10 00:00:01.402 V/Configuration( 2640): Updating configuration, locales updated from [] to [en_GB]
02-10 00:00:01.402 V/Configuration( 2640): Updating configuration, locales updated from [] to [en_GB]
02-10 00:00:01.402 V/Configuration( 2640): Updating configuration, locales updated from [] to [en_GB]
02-10 00:00:01.402 V/Configuration( 2640): Updating configuration, locales updated from [] to [en_GB]
02-10 00:00:01.402 V/Configuration( 2640): Updating configuration, locales updated from [] to [en_GB]
02-10 00:00:01.406 D/IntervalStats( 2640): Unable to parse usage stats packages: [1237, 1615, 1617, 1618]
02-10 00:00:01.414 W/qdgralloc( 1804): getInterlacedFlag: getMetaData returned 3, defaulting to interlaced_flag = 0
02-10 00:00:01.414 V/Configuration( 2640): Updating configuration, locales updated from [] to [en_GB]
02-10 00:00:01.414 V/Configuration( 2640): Updating configuration, locales updated from [] to [en_GB]
02-10 00:00:01.414 V/Configuration( 2640): Updating configuration, locales updated from [] to [en_GB]
02-10 00:00:01.414 V/Configuration( 2640): Updating configuration, locales updated from [] to [en_GB]
02-10 00:00:01.414 V/Configuration( 2640): Updating configuration, locales updated from [] to [en_GB]
02-10 00:00:01.414 V/Configuration( 2640): Updating configuration, locales updated from [] to [en_GB]
02-10 00:00:01.414 V/Configuration( 2640): Updating configuration, locales updated from [] to [en_GB]
02-10 00:00:01.418 E/HeatmapThread( 1776): ECT Thread time in milliseconds: 1770670801
02-10 00:00:01.419 D/IntervalStats( 2640): Unable to parse usage stats packages: [1237, 1615, 1617, 1618]
02-10 00:00:01.419 D/HeatmapThread( 1776): !@ batteryplugType : 2
02-10 00:00:01.419 D/HeatmapThread( 1776): !@ batteryLevel : 84  batteryTemperature : 337 
02-10 00:00:01.419 D/HeatmapThread( 1776): !@ Heatmap currtime: 29511180
02-10 00:00:01.419 D/HeatmapThread( 1776): !@ Heatmap prevtime: 29511153
02-10 00:00:01.419 D/HeatmapThread( 1776): !@ Heatmap plugstarttime: 29511000
02-10 00:00:01.419 D/HeatmapThread( 1776): !@ Heatmap prevv_dsoh_update_time: 29511150
02-10 00:00:01.419 E/HeatmapThread( 1776): !@ CAM New BSOH: 100
02-10 00:00:01.419 E/HeatmapThread( 1776): !@ CAM is Working
02-10 00:00:01.420 V/Configuration( 2640): Updating configuration, locales updated from [] to [en_GB]
02-10 00:00:01.421 V/Configuration( 2640): Updating configuration, locales updated from [] to [en_GB]
02-10 00:00:01.421 V/Configuration( 2640): Updating configuration, locales updated from [] to [en_GB]
02-10 00:00:01.421 V/Configuration( 2640): Updating configuration, locales updated from [] to [en_GB]
02-10 00:00:01.421 V/Configuration( 2640): Updating configuration, locales updated from [] to [en_GB]
02-10 00:00:01.421 V/Configuration( 2640): Updating configuration, locales updated from [] to [en_GB]
02-10 00:00:01.425 D/IntervalStats( 2640): Unable to parse usage stats packages: [1237, 1618, 1619]
02-10 00:00:01.441 W/WifiNetworkFactory( 2640): Connected to unknown network * ID: 31 SSID: "Youssif_Saleh" PROVIDER-NAME: null BSSID: null FQDN: null HOME-PROVIDER-NETWORK: false PRIO: 0 HIDDEN: false PMF: false CarrierId: -1 SubscriptionId: -1 SubscriptionGroup: null Currently Connected: true User Selected: false
02-10 00:00:01.441 W/WifiNetworkFactory( 2640):  NetworkSelectionStatus NETWORK_SELECTION_ENABLED
02-10 00:00:01.441 W/WifiNetworkFactory( 2640):  connect choice: "Fazam7p"WPA_PSK connect choice rssi: -19 hasEverConnected: true
02-10 00:00:01.441 W/WifiNetworkFactory( 2640):  hasNeverDetectedCaptivePortal: true
02-10 00:00:01.441 W/WifiNetworkFactory( 2640):  hasEverValidatedInternetAccess: true
02-10 00:00:01.441 W/WifiNetworkFactory( 2640):  mCandidateSecurityParams: Security Parameters:
02-10 00:00:01.441 W/WifiNetworkFactory( 2640):  Type: 2
02-10 00:00:01.441 W/WifiNetworkFactory( 2640):  Enabled: true
02-10 00:00:01.441 W/WifiNetworkFactory( 2640):  KeyMgmt: WPA_PSK
02-10 00:00:01.441 W/WifiNetworkFactory( 2640):  Protocols: WPA RSN
02-10 00:00:01.441 W/WifiNetworkFactory( 2640):  AuthAlgorithms:
02-10 00:00:01.441 W/WifiNetworkFactory( 2640):  PairwiseCiphers: TKIP CCMP
02-10 00:00:01.441 W/WifiNetworkFactory( 2640):  GroupCiphers: WEP40 WEP104 TKIP CCMP
02-10 00:00:01.441 W/WifiNetworkFactory( 2640):  GroupMgmtCiphers:
02-10 00:00:01.441 W/WifiNetworkFactory( 2640):  SuiteBCiphers:
02-10 00:00:01.441 W/WifiNetworkFactory( 2640):  RequirePmf: false
02-10 00:00:01.441 W/WifiNetworkFactory( 2640):  IsAddedByAutoUpgrade: false
02-10 00:00:01.441 W/WifiNetworkFactory( 2640):  IsSaeH2eOnlyMode: false
02-10 00:00:01.441 W/WifiNetworkFactory( 2640):  IsSaePkOnlyMode: false
02-10 00:00:01.441 W/WifiNetworkFactory( 2640):  mLastUsedSecurityParams: Security Parameters:
02-10 00:00:01.441 W/WifiNetworkFactory( 2640):  Type: 2
02-10 00:00:01.441 W/WifiNetworkFactory( 2640):  Enabled: true
02-10 00:00:01.441 W/WifiNetworkFactory( 2640):  KeyMgmt: WPA_PSK
02-10 00:00:01.441 W/WifiNetworkFactory( 2640):  Protocols: WPA RSN
02-10 00:00:01.441 W/WifiNetworkFactory( 2640):  AuthAlgorithms:
02-10 00:00:01.441 W/WifiNetworkFactory( 2640):  PairwiseCiphers: TKIP CCMP
02-10 00:00:01.441 W/WifiNetworkFactory( 2640):  GroupCiphers: WEP40 WEP104 TKIP CCMP
02-10 00:00:01.441 W/WifiNetworkFactory( 2640):  GroupMgmtCiphers:
02-10 00:00:01.441 W/WifiNetworkFactory( 2640):  SuiteBCiphers:
02-10 00:00:01.441 W/WifiNetworkFactory( 2640):  RequirePmf: false
02-10 00:00:01.441 W/WifiNetworkFactory( 2640):  IsAddedByAutoUpgrade: false
02-10 00:00:01.441 W/WifiNetworkFactory( 2640):  IsSaeH2eOnlyMode: false
02-10 00:00:01.441 W/WifiNetworkFactory( 2640):  IsSaePkOnlyMode: false
02-10 00:00:01.441 W/WifiNetworkFactory( 2640):  numAssociation 2
02-10 00:00:01.441 W/WifiNetworkFactory( 2640):  validatedInternetAccess shared trusted
02-10 00:00:01.441 W/WifiNetworkFactory( 2640):  macRandomizationSetting: 3
02-10 00:00:01.441 W/WifiNetworkFactory( 2640):  mRandomizedMacAddress: ba:f6:2c:b9:5c:08
02-10 00:00:01.441 W/WifiNetworkFactory( 2640):  randomizedMacExpirationTimeMs: 2026-02-10T20:37:10.650
02-10 00:00:01.441 W/WifiNetworkFactory( 2640):  randomizedMacLastModifiedTimeMs: <none>
02-10 00:00:01.441 W/WifiNetworkFactory( 2640):  mIsSendDhcpHostnameEnabled: true
02-10 00:00:01.441 W/WifiNetworkFactory( 2640):  deletionPriority: 0
02-10 00:00:01.441 W/WifiNetworkFactory( 2640):  KeyMgmt: WPA_PSK Protocols: WPA RSN
02-10 00:00:01.441 W/WifiNetworkFactory( 2640):  AuthAlgorithms:
02-10 00:00:01.441 W/WifiNetworkFactory( 2640):  PairwiseCiphers: TKIP CCMP
02-10 00:00:01.441 W/WifiNetworkFactory( 2640):  GroupCiphers: WEP40 WEP104 TKIP CCMP
02-10 00:00:01.441 W/WifiNetworkFactory( 2640):  GroupMgmtCiphers:
02-10 00:00:01.441 W/WifiNetworkFactory( 2640):  SuiteBCiphers:
02-10 00:00:01.441 W/WifiNetworkFactory( 2640):  PSK/SAE: *
02-10 00:00:01.441 W/WifiNetworkFactory( 2640): SecurityParams List:
02-10 00:00:01.441 W/WifiNetworkFactory( 2640): Security Parameters:
02-10 00:00:01.441 W/WifiNetworkFactory( 2640):  Type: 2
02-10 00:00:01.441 W/WifiNetworkFactory( 2640):  Enabled: true
02-10 00:00:01.441 W/WifiNetworkFactory( 2640):  KeyMgmt: WPA_PSK
02-10 00:00:01.441 W/WifiNetworkFactory( 2640):  Protocols: WPA RSN
02-10 00:00:01.441 W/WifiNetworkFactory( 2640):  AuthAlgorithms:
02-10 00:00:01.441 W/WifiNetworkFactory( 2640):  PairwiseCiphers: TKIP CCMP
02-10 00:00:01.441 W/WifiNetworkFactory( 2640):  GroupCiphers: WEP40 WEP104 TKIP CCMP
02-10 00:00:01.441 W/WifiNetworkFactory( 2640):  GroupMgmtCiphers:
02-10 00:00:01.441 W/WifiNetworkFactory( 2640):  SuiteBCiphers:
02-10 00:00:01.441 W/WifiNetworkFactory( 2640):  RequirePmf: false
02-10 00:00:01.441 W/WifiNetworkFactory( 2640):  IsAddedByAutoUpgrade: false
02-10 00:00:01.441 W/WifiNetworkFactory( 2640):  IsSaeH2eOnlyMode: false
02-10 00:00:01.441 W/WifiNetworkFactory( 2640):  IsSaePkOnlyMode: false
02-10 00:00:01.441 W/WifiNetworkFactory( 2640): Security Parameters:
02-10 00:00:01.441 W/WifiNetworkFactory( 2640):  Type: 4
02-10 00:00:01.441 W/WifiNetworkFactory( 2640):  Enabled: true
02-10 00:00:01.441 W/WifiNetworkFactory( 2640):  KeyMgmt: SAE
02-10 00:00:01.441 W/WifiNetworkFactory( 2640):  Protocols: RSN
02-10 00:00:01.441 W/WifiNetworkFactory( 2640):  AuthAlgorithms:
02-10 00:00:01.441 W/WifiNetworkFactory( 2640):  PairwiseCiphers: CCMP GCMP_256 GCMP_128
02-10 00:00:01.441 W/WifiNetworkFactory( 2640):  GroupCiphers: CCMP GCMP_256 GCMP_128
02-10 00:00:01.441 W/WifiNetworkFactory( 2640):  GroupMgmtCiphers:
02-10 00:00:01.441 W/WifiNetworkFactory( 2640):  SuiteBCiphers:
02-10 00:00:01.441 W/WifiNetworkFactory( 2640):  RequirePmf: true
02-10 00:00:01.441 W/WifiNetworkFactory( 2640):  IsAddedByAutoUpgrade: true
02-10 00:00:01.441 W/WifiNetworkFactory( 2640):  IsSaeH2eOnlyMode: false
02-10 00:00:01.441 W/WifiNetworkFactory( 2640):  IsSaePkOnlyMode: false
02-10 00:00:01.441 W/WifiNetworkFactory( 2640): 
02-10 00:00:01.441 W/WifiNetworkFactory( 2640): Enterprise config:
02-10 00:00:01.441 W/WifiNetworkFactory( 2640):  ocsp: 0
02-10 00:00:01.441 W/WifiNetworkFactory( 2640):  trust_on_first_use: false
02-10 00:00:01.441 W/WifiNetworkFactory( 2640):  user_approve_no_ca_cert: false
02-10 00:00:01.441 W/WifiNetworkFactory( 2640):  selected_rcoi: 0
02-10 00:00:01.441 W/WifiNetworkFactory( 2640):  minimum_tls_version: 0
02-10 00:00:01.441 W/WifiNetworkFactory( 2640):  enable_conservative_peer_mode: false
02-10 00:00:01.441 W/WifiNetworkFactory( 2640):  tofu_dialog_state: 0
02-10 00:00:01.441 W/WifiNetworkFactory( 2640):  tofu_connection_state: 0
02-10 00:00:01.441 W/WifiNetworkFactory( 2640): IP config:
02-10 00:00:01.441 W/WifiNetworkFactory( 2640): IP assignment: DHCP
02-10 00:00:01.441 W/WifiNetworkFactory( 2640): Proxy settings: NONE
02-10 00:00:01.441 W/WifiNetworkFactory( 2640):  cuid=1000 cname=android.uid.system:1000 luid=1000 lname=android.uid.system:1000 lcuid=1000 allowAutojoin=true noInternetAccessExpected=false mostRecentlyConnected=false 
02-10 00:00:01.441 W/WifiNetworkFactory( 2640): lastConnected: 2026-02-09T20:37:10.664 
02-10 00:00:01.441 W/WifiNetworkFactory( 2640): 
02-10 00:00:01.441 W/WifiNetworkFactory( 2640): numRebootsSinceLastUse: 0
02-10 00:00:01.441 W/WifiNetworkFactory( 2640): recentFailure: Association Rejection code: 0, last update time: 0
02-10 00:00:01.441 W/WifiNetworkFactory( 2640): bssidAllowlist unset
02-10 00:00:01.441 W/WifiNetworkFactory( 2640): vendorData unset
02-10 00:00:01.441 W/WifiNetworkFactory( 2640): IsDppConfigurator: true
02-10 00:00:01.441 W/WifiNetworkFactory( 2640): HasEncryptedPreSharedKey: false
02-10 00:00:01.441 W/WifiNetworkFactory( 2640):  setWifi7Enabled=true:86:cc:9c:27:16:de. Ignoring...
02-10 00:00:01.442 D/SemWifiUsabilityStatsMonitor( 2640): onWifiUsabilityStats - seqNum 2678, isSameBssidAndFreq true
02-10 00:00:01.442 E/SemWifiLinkQualityMonitor( 2640): Too old or invalid TMI: currentTime=1770670801442 lastDateWindow=1770658852000
02-10 00:00:01.443 D/ConnectivityService( 2640): notifyType CALLBACK_CAP_CHANGED for [109 WIFI]
02-10 00:00:01.444 D/SemWifiApNsd:Client( 2640): lpInterface:wlan0
02-10 00:00:01.444 D/SemWifiSwitchForIndividualAppsService( 2640): stopTCPMonitoring : already stopped
02-10 00:00:01.444 I/WifiConnectivityMonitor.NCC( 2640): sNetworkCallback(oCC) FULL : 109(valid: true/captive: false)
02-10 00:00:01.444 I/WifiConnectivityMonitor.NCC( 2640): [ Transports: WIFI Capabilities: NOT_METERED&INTERNET&NOT_RESTRICTED&TRUSTED&NOT_VPN&VALIDATED&NOT_ROAMING&FOREGROUND&NOT_CONGESTED&NOT_SUSPENDED&NOT_VCN_MANAGED&NOT_BANDWIDTH_CONSTRAINED LinkUpBandwidth>=74793Kbps LinkDnBandwidth>=52443Kbps TransportInfo: <SSID: <unknown ssid>, BSSID: 02:00:00:**:**:00, MAC: 02:00:00:**:**:00, IP: /192.***.**.5, Security type: 2, Supplicant state: COMPLETED, Wi-Fi standard: 11ax, RSSI: -56, Link speed: 720Mbps, Tx Link speed: 720Mbps, Max Supported Tx Link speed: 1200Mbps, Rx Link speed: 648Mbps, Max Supported Rx Link speed: 1200Mbps, Frequency: 5500MHz, Net ID: -1, Metered hint: false, score: 60, isUsable: true, CarrierMerged: false, SubscriptionId: -1, IsPrimary: 1, Trusted: true, Restricted: false, Ephemeral: false, OEM paid: false, OEM private: false, OSU AP: false, FQDN: <none>, Provider friendly name: <none>, Requesting package name: <none><none>MLO Information: , Is TID-To-Link negotiation supported by the AP: false, AP MLD Address: <none>, AP MLO Link Id: <none>, AP MLO Affiliated links: <none>, Vendor Data: <none>> SignalStrength: -56 AdminUids: [1000] SSID: "Youssif_Saleh" UnderlyingNetworks: Null]
02-10 00:00:01.445 I/WifiPickerTracker( 3998): NetworkCallback : onCapabilitiesChanged
02-10 00:00:01.445 D/WifiPickerTracker( 3998): updateWifiEntries capabilities
02-10 00:00:01.449 D/SGM:GameManager( 2640): identifyGamePackage. com.instagram.android, mCurrentUserId: 0, callingMethodInfo: com.samsung.android.game.SemGameManager.isGamePackage(SemGameManager.java:106)
02-10 00:00:01.449 D/SGM:SemGameManager( 2640): isGamePackage(), pkgName=com.instagram.android, ret=false
02-10 00:00:01.449 D/SemApeService( 2640): Deducted link capacity (M: R=453 T=503) RSSI=-56
02-10 00:00:01.449 D/SemApeService( 2640): Deducted link capacity (M: R=453 T=503) on (wlan0) GoogleAPI(M: R=52 T=74) RSSI=-56 isDefault=false isMlo=false
02-10 00:00:01.450 D/WifiConnectivityMonitor( 2640): HANDLE_ON_CAPABILITIES_CHANGED
02-10 00:00:01.450 I/WifiConnectivityMonitor( 2640): determineMode : MODE_NON_SWITCHABLE_BY_POOR_NETWORK_DETECTION_DISABLED
02-10 00:00:01.450 D/OpenNetworkQos[4.00]( 2640): updateBssidNoInternet: mBssidNoInternet = false
02-10 00:00:01.450 D/OpenNetworkQos[4.00]( 2640): getOpenNetworkQosNoInternetStatus: false
02-10 00:00:01.450 D/OpenNetworkQos[4.00]( 2640): getOpenNetworkQosScores: 26 30 30 
02-10 00:00:01.450 D/KNOX_MDM_SettingsProvider( 2640): isChangeAllowed() : name = wifi_wcm_qos_sharing_score_summary
02-10 00:00:01.450 I/WifiProfileShare( 2640): network QoS data was changed (internet), updateQoSData networkType: true, qosData: false
02-10 00:00:01.450 D/WifiProfileShare( 2640): nearby scanning settings stop
02-10 00:00:01.450 V/WifiProfileShare.Caster( 2640): checkAndGetShareData - nearby scanning
02-10 00:00:01.451 D/WifiPickerTracker( 3998): update AutoHotspot Entries() : bleAccessPoints -> 0
02-10 00:00:01.451 I/EPDG -- SIM0 [NetController]( 4169): WifiNetworkCallback onCapabilitiesChanged(): validated true
02-10 00:00:01.451 D/WifiPickerTracker( 3998): handleNetworkCapabilitiesChanged
02-10 00:00:01.452 I/EPDG -- SIM0 [SMARTWIFI]( 4169): mWiFiValidateNetworkCallback onCapabilitiesChanged(): validated true captiveportal false
02-10 00:00:01.455 W/qdgralloc( 1804): getInterlacedFlag: getMetaData returned 3, defaulting to interlaced_flag = 0
02-10 00:00:01.459 D/Tile.WifiTile( 3998): handleUpdateState isTransient=false transientEnabling =false cb.isTransient=false state.state = 2 mStateBeforeClick.value =false enabled =true
02-10 00:00:01.460 D/ConnectivityService( 2640): notifyType CALLBACK_CAP_CHANGED for [111 WIFI|VPN]
02-10 00:00:01.462 I/WifiPickerTracker( 3998): DefaultNetworkCallback : onCapabilitiesChanged
02-10 00:00:01.464 I/WfcEpdgManager( 4285): mDefaultNetworkCallback onCapabilitiesChanged(): isWifi :true,validated :true
02-10 00:00:01.465 W/JobService(26295): onNetworkChanged() not implemented in androidx.work.impl.background.systemjob.SystemJobService. Must override in a subclass.
02-10 00:00:01.465 I/WfcEpdgManager( 4285): [Connected] processMessage WIFI_CONNECTED
02-10 00:00:01.466 I/SemWifiLinkQualityMonitor( 2640): Link stat: 1954 / 14 / 1.31 (38) / 720 / -56.0 || 100.0 : 720.00 / 0.5 : 0.76 / 0.55 : 0.01 / G (G) || 9c2716de5500: 0.084 / 95.659 / N || N N / 0 0 / N 2.0 / N X 0 / 20082541 0 || 2026-02-09 20:40:52  / 0: 0 0 0 0 0 0 / 0: 0 0 0 0 0 0 / 0: 0 0 0 0 0 0
02-10 00:00:01.467 D/InsDataManager( 2640): onOutageCountUpdate() - Outage Data: 0, LQ : N. Outage Triggered: false
02-10 00:00:01.467 E/InsController( 2640): Error in onOutageCountUpdate: android.net.VpnTransportInfo cannot be cast to android.net.wifi.WifiInfo
02-10 00:00:01.467 D/SemInsManager( 2640): {"bssid": "9c2716de5500","rssi": -56.0,"latency": 0.08363069873997708,"outage_count": 0,"lq_callback_triggered": false,"outage_log": "Link stat: 1954 / 14 / 1.31 (38) / 720 / -56.0 || 100.0 : 720.00 / 0.5 : 0.76 / 0.55 : 0.01 / G (G) || 9c2716de5500: 0.084 / 95.659 / N || N N / 0 0 / N 2.0 / N X 0 / 20082541 0 || 2026-02-09 20:40:52  / 0: 0 0 0 0 0 0 / 0: 0 0 0 0 0 0 / 0: 0 0 0 0 0 0""Magnetic Sensor Events size": "0""Pressure Sensor Events size": "0"}
02-10 00:00:01.471 D/WM-NetworkStateTracker(26295): Network capabilities changed: [ Transports: WIFI|VPN Capabilities: NOT_METERED&INTERNET&NOT_RESTRICTED&TRUSTED&VALIDATED&NOT_ROAMING&FOREGROUND&NOT_CONGESTED&NOT_SUSPENDED&NOT_VCN_MANAGED&NOT_BANDWIDTH_CONSTRAINED LinkUpBandwidth>=74793Kbps LinkDnBandwidth>=52443Kbps TransportInfo: <VpnTransportInfo{type=1, sessionId=null, bypassable=false longLivedTcpConnectionsExpensive=false}> UnderlyingNetworks: Null]
02-10 00:00:01.475 I/DWBn    (25119): updateDailyData of 1770066000700
02-10 00:00:01.475 I/DWBn    (25119): RETRIEVE_ALL_DATA is Progressing
02-10 00:00:01.476 I/NearbyMediums( 4705): [WifiNetworkV2] defaultNetworkCallback onCapabilitiesChanged network:111 [ WIFI VPN ] isNonBypassable:true
02-10 00:00:01.497 W/qdgralloc( 1804): getInterlacedFlag: getMetaData returned 3, defaulting to interlaced_flag = 0
02-10 00:00:01.498 I/id.app.launcher( 4611): Explicit concurrent mark compact GC freed 11MB AllocSpace bytes, 8(448KB) LOS objects, 66% free, 19MB/57MB, paused 430us,1.719ms total 87.202ms
02-10 00:00:01.499 I/SurfaceFlinger( 1804): id=9578 Removed Surface(name=Task=10)/@0x1891967_transition-leash#9578 (175)
02-10 00:00:01.500 I/CompositionEngine( 1804): [setDisplaySize] size=(434, 42)
02-10 00:00:01.501 V/Configuration( 2640): Updating configuration, locales updated from [] to [en_GB]
02-10 00:00:01.502 V/Configuration( 2640): Updating configuration, locales updated from [] to [en_GB]
02-10 00:00:01.502 V/Configuration( 2640): Updating configuration, locales updated from [] to [en_GB]
02-10 00:00:01.502 V/Configuration( 2640): Updating configuration, locales updated from [] to [en_GB]
02-10 00:00:01.502 V/Configuration( 2640): Updating configuration, locales updated from [] to [en_GB]
02-10 00:00:01.502 V/Configuration( 2640): Updating configuration, locales updated from [] to [en_GB]
02-10 00:00:01.502 V/Configuration( 2640): Updating configuration, locales updated from [] to [en_GB]
02-10 00:00:01.502 V/Configuration( 2640): Updating configuration, locales updated from [] to [en_GB]
02-10 00:00:01.505 I/SurfaceFlinger( 1804): destroyed Surface(name=Task=10)/@0x1891967_transition-leash#9578 form LifecycleManager
02-10 00:00:01.505 I/SurfaceFlinger( 1804): id=9578 onLayerDestroyed from LayerHierarchyBuilder(RequestedLayerState{Surface(name=Task=10)/@0x1891967_transition-leash#9578 !handle z=12})
02-10 00:00:01.505 I/Layer   ( 1804): id=9578 Destroyed Surface(name=Task=10)/@0x1891967_transition-leash#9578
02-10 00:00:01.509 D/IntervalStats( 2640): Unable to parse usage stats packages: [1237, 1536, 1611, 1612, 1613, 1614, 1615]
02-10 00:00:01.509 D/IntervalStats( 2640): Unable to parse event packages: [1536]
02-10 00:00:01.510 W/System  ( 4611): A resource failed to call release. 
02-10 00:00:01.510 W/System  ( 4611): A resource failed to call release. 
02-10 00:00:01.510 W/System  ( 4611): A resource failed to call release. 
02-10 00:00:01.510 W/System  ( 4611): A resource failed to call release. 
02-10 00:00:01.510 W/System  ( 4611): A resource failed to call release. 
02-10 00:00:01.510 W/System  ( 4611): A resource failed to call release. 
02-10 00:00:01.510 W/System  ( 4611): A resource failed to call release. 
02-10 00:00:01.510 W/System  ( 4611): A resource failed to call release. 
02-10 00:00:01.510 W/System  ( 4611): A resource failed to call release. 
02-10 00:00:01.510 W/System  ( 4611): A resource failed to call release. 
02-10 00:00:01.510 V/Configuration( 2640): Updating configuration, locales updated from [] to [en_GB]
02-10 00:00:01.510 V/Configuration( 2640): Updating configuration, locales updated from [] to [en_GB]
02-10 00:00:01.510 V/Configuration( 2640): Updating configuration, locales updated from [] to [en_GB]
02-10 00:00:01.510 V/Configuration( 2640): Updating configuration, locales updated from [] to [en_GB]
02-10 00:00:01.510 V/Configuration( 2640): Updating configuration, locales updated from [] to [en_GB]
02-10 00:00:01.510 V/Configuration( 2640): Updating configuration, locales updated from [] to [en_GB]
02-10 00:00:01.510 V/Configuration( 2640): Updating configuration, locales updated from [] to [en_GB]
02-10 00:00:01.511 I/HoneySpace.Memory-Monitor( 4611): trimMemory 20
02-10 00:00:01.513 D/IntervalStats( 2640): Unable to parse usage stats packages: [1237, 1615, 1617, 1618]
02-10 00:00:01.517 W/keymint_tee( 1277): [WRN]begin req PARAMS: A32, BM32, PD1, 
02-10 00:00:01.519 D/keymint_swd( 1277): keymint_swd keymint [WRN] (km_add_tag:528) skip: non repetable tag already exists with different value: 268435458
02-10 00:00:01.519 D/keymint_swd( 1277): keymint_swd keymint [WRN] (swd_run_cb:267) swd_begin() returns 0
02-10 00:00:01.519 D/android.hardware.security.keymint-service( 1277): begin: ret 0
02-10 00:00:01.519 I/keystore2( 1275): system/security/keystore2/src/security_level.rs:466 - In create_operation. Success to create IKeystoreOperation. 10333, None
02-10 00:00:01.522 D/keymint_swd( 1277): keymint_swd keymint [WRN] (swd_run_cb:267) swd_update() returns 0
02-10 00:00:01.522 D/android.hardware.security.keymint-service( 1277): update: ret 0
02-10 00:00:01.526 D/keymint_swd( 1277): keymint_swd keymint [WRN] (swd_run_cb:267) swd_finish() returns 0
02-10 00:00:01.527 D/android.hardware.security.keymint-service( 1277): finish: ret 0
02-10 00:00:01.531 W/keymint_tee( 1277): [WRN]begin req PARAMS: A32, BM32, PD1, 
02-10 00:00:01.533 D/keymint_swd( 1277): keymint_swd keymint [WRN] (km_add_tag:528) skip: non repetable tag already exists with different value: 268435458
02-10 00:00:01.533 D/keymint_swd( 1277): keymint_swd keymint [WRN] (swd_run_cb:267) swd_begin() returns 0
02-10 00:00:01.533 D/android.hardware.security.keymint-service( 1277): begin: ret 0
02-10 00:00:01.533 I/keystore2( 1275): system/security/keystore2/src/security_level.rs:466 - In create_operation. Success to create IKeystoreOperation. 10333, None
02-10 00:00:01.536 D/keymint_swd( 1277): keymint_swd keymint [WRN] (swd_run_cb:267) swd_update() returns 0
02-10 00:00:01.536 D/android.hardware.security.keymint-service( 1277): update: ret 0
02-10 00:00:01.538 D/keymint_swd( 1277): keymint_swd keymint [WRN] (swd_run_cb:267) swd_finish() returns 0
02-10 00:00:01.538 D/android.hardware.security.keymint-service( 1277): finish: ret 0
02-10 00:00:01.538 W/qdgralloc( 1804): getInterlacedFlag: getMetaData returned 3, defaulting to interlaced_flag = 0
02-10 00:00:01.546 I/GWT:GlanceStateDefinition( 9920): [shealth] getDataStore: appWidget-39, file exist: true, PreferenceStateDefinition type: true
02-10 00:00:01.548 I/SHEALTH#[SHW] SleepWidgetReceiver( 9920): update(context, id = AppWidgetId(appWidgetId=39))
02-10 00:00:01.549 I/AppWidgetServiceImpl( 2640): getAppWidgetInfo() 39, from 0
02-10 00:00:01.550 I/GWT:MultiProcess( 9920): [shealth] Update 39 at not default process / true
02-10 00:00:01.550 I/GWT:MultiProcessSession( 9920): [shealth] updateGlance-appWidget-39
02-10 00:00:01.550 I/GWT:GlanceSession( 9920): [shealth] sendEvent:ul0@2039818, eventChannel:false, false
02-10 00:00:01.558 I/DWBn    (25119): updateDailyData of 1769979600700
02-10 00:00:01.558 I/DWBn    (25119): RETRIEVE_ALL_DATA is Progressing
02-10 00:00:01.565 W/.shealth:remote( 9920): Suspending all threads took: 10.364ms
02-10 00:00:01.566 I/system_server( 2640): Background young concurrent mark compact GC freed 46MB AllocSpace bytes, 59(6336KB) LOS objects, 25% free, 138MB/186MB, paused 1.745ms,4.021ms total 119.387ms
02-10 00:00:01.566 I/GWT:GlanceSession( 9920): [shealth] receiveEvent: ul0@2039818
02-10 00:00:01.566 I/GWT:AppWidgetSession( 9920): [shealth] Received UpdateGlanceState event for session(appWidget-39)
02-10 00:00:01.566 I/GWT:GlanceStateDefinition( 9920): [shealth] getDataStore: appWidget-39, file exist: true, PreferenceStateDefinition type: true
02-10 00:00:01.567 I/GWT:GlanceStateDefinition( 9920): [shealth] getDataStore: appWidget-39, file exist: true, PreferenceStateDefinition type: true
02-10 00:00:01.568 I/GWT:GlanceStateDefinition( 9920): [shealth] getDataStore: appWidget-39, file exist: true, PreferenceStateDefinition type: true
02-10 00:00:01.569 I/SHEALTH#[SHW] SleepWidgetReceiver( 9920): update(context, id = AppWidgetId(appWidgetId=39))
02-10 00:00:01.569 I/AppWidgetServiceImpl( 2640): getAppWidgetInfo() 39, from 0
02-10 00:00:01.569 I/GWT:AppWidgetSession( 9920): [shealth] widget-AppWidgetId(appWidgetId=39) collectAsState gn3@cb2e17f
02-10 00:00:01.569 I/GWT:MultiProcessSession( 9920): [shealth] processEmittableTree-appWidget-39
02-10 00:00:01.570 I/GWT:AppWidgetSession( 9920): [shealth] processEmittableTree / AppWidgetId(appWidgetId=39) / DefaultDispatcher-worker-4
02-10 00:00:01.570 I/GWT:GlanceStateDefinition( 9920): [shealth] getDataStore: appWidgetLayout-39, file exist: true, PreferenceStateDefinition type: false
02-10 00:00:01.570 I/AppWidgetServiceImpl( 2640): getAppWidgetInfo() 39, from 0
02-10 00:00:01.570 I/GWT:MultiProcess( 9920): [shealth] Update 39 at not default process / true
02-10 00:00:01.570 I/GWT:MultiProcessSession( 9920): [shealth] updateGlance-appWidget-39
02-10 00:00:01.570 I/GWT:GlanceSession( 9920): [shealth] sendEvent:ul0@2039818, eventChannel:false, false
02-10 00:00:01.570 I/SHEALTH#[SHW] SleepWidgetReceiver( 9920): update(context, id = AppWidgetId(appWidgetId=39))
02-10 00:00:01.571 I/AppWidgetServiceImpl( 2640): getAppWidgetInfo() 39, from 0
02-10 00:00:01.572 I/GWT:MultiProcess( 9920): [shealth] Update 39 at not default process / true
02-10 00:00:01.572 I/GWT:MultiProcessSession( 9920): [shealth] updateGlance-appWidget-39
02-10 00:00:01.572 I/GWT:GlanceSession( 9920): [shealth] sendEvent:ul0@2039818, eventChannel:false, false
02-10 00:00:01.573 I/GWT:AppWidgetSession( 9920): [shealth] UpdateAppWidget / 39, android.widget.RemoteViews@759e8a7 / lastViewId : 7
02-10 00:00:01.573 I/AppWidgetManager( 9920): updateAppWidget() appWidgetIds = [39]
02-10 00:00:01.573 I/AppWidgetServiceImpl( 2640): Null RemoteViews on updateAppWidgetIds
02-10 00:00:01.574 I/GWT:GlanceStateDefinition( 9920): [shealth] getDataStore: appWidgetLayout-39, file exist: true, PreferenceStateDefinition type: false
02-10 00:00:01.574 I/GWT:GlanceSession( 9920): [shealth] receiveEvent: ul0@2039818
02-10 00:00:01.574 I/GWT:AppWidgetSession( 9920): [shealth] Received UpdateGlanceState event for session(appWidget-39)
02-10 00:00:01.574 I/GWT:GlanceStateDefinition( 9920): [shealth] getDataStore: appWidget-39, file exist: true, PreferenceStateDefinition type: true
02-10 00:00:01.574 I/GWT:GlanceSession( 9920): [shealth] receiveEvent: ul0@2039818
02-10 00:00:01.574 I/GWT:AppWidgetSession( 9920): [shealth] Received UpdateGlanceState event for session(appWidget-39)
02-10 00:00:01.574 I/GWT:GlanceStateDefinition( 9920): [shealth] getDataStore: appWidget-39, file exist: true, PreferenceStateDefinition type: true
02-10 00:00:01.579 I/SHEALTH#OOBEManager( 9624): getState :NOT_NEEDED / main
02-10 00:00:01.580 W/qdgralloc( 1804): getInterlacedFlag: getMetaData returned 3, defaulting to interlaced_flag = 0
02-10 00:00:01.580 I/SHEALTH#OOBEManager( 9624): getState :NOT_NEEDED / main
02-10 00:00:01.581 I/SHEALTH#OOBEManager( 9920): getState :NOT_NEEDED / remote
02-10 00:00:01.585 I/SHEALTH#SleepBroadcastReceiver( 9920): onReceive() start : com.samsung.android.intent.action.DATA_INSERTED
02-10 00:00:01.585 I/SHEALTH#SleepBroadcastReceiver( 9920): onReceive() end : com.samsung.android.intent.action.DATA_INSERTED
02-10 00:00:01.589 I/SHEALTH#OOBEManager( 9920): getState :NOT_NEEDED / remote
02-10 00:00:01.589 I/SHEALTH#OOBEManager( 9920): getState :NOT_NEEDED / remote
02-10 00:00:01.596 I/SamsungAccount( 9662): [AccountManagerProvider] getSamsungAccountId
02-10 00:00:01.597 I/SamsungAccount( 9662): [AccountManagerProvider] Calling package : app.shealth.
02-10 00:00:01.598 I/SamsungAccount( 9662): [SignatureInfoDbHelper] searchOnUser(fromDb) - [10/1y90e][app.shealth.][64/14aaf] => matched
02-10 00:00:01.598 I/SamsungAccount( 9662): [AccountManagerProvider] This is the access of the allowed application
02-10 00:00:01.599 I/SamsungAccount( 9662): [AccountManagerProvider] isChildAccount
02-10 00:00:01.599 I/SamsungAccount( 9662): [AccountManagerProvider] Calling package : app.shealth.
02-10 00:00:01.599 I/SamsungAccount( 9662): [SignatureInfoDbHelper] searchOnUser(fromDb) - [10/1y90e][app.shealth.][64/14aaf] => matched
02-10 00:00:01.599 I/SamsungAccount( 9662): [AccountManagerProvider] This is the access of the allowed application
02-10 00:00:01.599 I/SamsungAccount( 9662): [AccountManagerUtil] isSamsungAccountSignedIn : true
02-10 00:00:01.600 I/SamsungAccount( 9662): [TPMU]  SIMState     :SIM_STATE_READY
02-10 00:00:01.600 I/SamsungAccount( 9662): [CountryCodeUtil] isChinaCountryCode : false
02-10 00:00:01.600 I/CompositionEngine( 1804): [setDisplaySize] size=(434, 42)
02-10 00:00:01.601 I/SamsungAccount( 9662): [TPMU] getMccFromUsim
02-10 00:00:01.601 I/SamsungAccount( 9662): [MccManager] saveMccToPreference Start
02-10 00:00:01.601 I/SamsungAccount( 9662): [MccManager] saveMccToPreference, mcc is same with previous mcc
02-10 00:00:01.601 I/SamsungAccount( 9662): [ChildAccountSupportedListManager] getSupportedListFromPreference from cache
02-10 00:00:01.602 I/SamsungAccount( 9662): [TPMU]  SIMState     :SIM_STATE_READY
02-10 00:00:01.602 I/SamsungAccount( 9662): [CountryCodeUtil] isChinaCountryCode : false
02-10 00:00:01.602 I/SamsungAccount( 9662): [TPMU] getMccFromUsim
02-10 00:00:01.602 I/SamsungAccount( 9662): [MccManager] saveMccToPreference Start
02-10 00:00:01.602 I/SamsungAccount( 9662): [MccManager] saveMccToPreference, mcc is same with previous mcc
02-10 00:00:01.602 I/SamsungAccount( 9662): [FamilyGroupUtil] meetKoreaCountryCondition(beforeSignUp=false): false
02-10 00:00:01.603 I/SamsungAccount( 9662): [ChildAccountSupportedListManager] getSupportedListFromPreference from cache
02-10 00:00:01.603 I/SamsungAccount( 9662): [TPMU]  SIMState     :SIM_STATE_READY
02-10 00:00:01.603 I/SamsungAccount( 9662): [CountryCodeUtil] isChinaCountryCode : false
02-10 00:00:01.603 I/SamsungAccount( 9662): [TPMU] getMccFromUsim
02-10 00:00:01.604 I/SamsungAccount( 9662): [MccManager] saveMccToPreference Start
02-10 00:00:01.604 I/SamsungAccount( 9662): [MccManager] saveMccToPreference, mcc is same with previous mcc
02-10 00:00:01.604 I/SamsungAccount( 9662): [FamilyGroupUtil] meetServerCountryCondition(beforeSignUp=false): true
02-10 00:00:01.604 I/SamsungAccount( 9662): [TPMU]  SIMState     :SIM_STATE_READY
02-10 00:00:01.604 I/SamsungAccount( 9662): [CountryCodeUtil] isChinaCountryCode : false
02-10 00:00:01.605 I/SamsungAccount( 9662): [TPMU] getMccFromUsim
02-10 00:00:01.605 I/SamsungAccount( 9662): [MccManager] saveMccToPreference Start
02-10 00:00:01.605 I/SamsungAccount( 9662): [MccManager] saveMccToPreference, mcc is same with previous mcc
02-10 00:00:01.605 I/SamsungAccount( 9662): [FamilyGroupUtil] meetKoreaOneUiCondition: false
02-10 00:00:01.605 I/SamsungAccount( 9662): [ChildAccountSupportedListManager] getSupportedListFromPreference from cache
02-10 00:00:01.605 I/SamsungAccount( 9662): [FamilyGroupUtil] meetServerOneUiCondition: true
02-10 00:00:01.605 I/SamsungAccount( 9662): [FamilyGroupUtil] isSupportFamilyService: true
02-10 00:00:01.608 I/SHEALTH#DA#Model#DailyActivityDataManager( 9920): GDD - performance 828, Start Time - 2026-01-01(Thu) 00:00:00.000 (1767225600000), End Time - 2026-01-31(Sat) 23:59:59.999 (1769903999999)
02-10 00:00:01.608 I/.shealth:remote( 9920): Background concurrent mark compact GC freed 36MB AllocSpace bytes, 93(7376KB) LOS objects, 66% free, 16MB/49MB, paused 11.411ms,1.613ms total 105.982ms
02-10 00:00:01.612 I/DWBn    (25119): updateDailyData of 1769893200700
02-10 00:00:01.612 I/DWBn    (25119): RETRIEVE_ALL_DATA is Progressing
02-10 00:00:01.615 E/SHEALTH#DA#Service#BadgeQueryHelper( 9920): Failed to delete badge : count : 0, status : 1
02-10 00:00:01.618 E/SHEALTH#DA#Service#BadgeQueryHelper( 9920): Failed to delete badge : count : 0, status : 1
02-10 00:00:01.618 I/SHEALTH#DA#Model#DaBadgeManager( 9920): Data condition not satisfied
02-10 00:00:01.622 W/qdgralloc( 1804): getInterlacedFlag: getMetaData returned 3, defaulting to interlaced_flag = 0
02-10 00:00:01.624 I/GWT:AppWidgetSession( 9920): [shealth] widget-AppWidgetId(appWidgetId=39) collectAsState gn3@cb2e17f
02-10 00:00:01.625 I/GWT:MultiProcessSession( 9920): [shealth] processEmittableTree-appWidget-39
02-10 00:00:01.625 I/GWT:AppWidgetSession( 9920): [shealth] processEmittableTree / AppWidgetId(appWidgetId=39) / DefaultDispatcher-worker-4
02-10 00:00:01.625 I/GWT:GlanceStateDefinition( 9920): [shealth] getDataStore: appWidgetLayout-39, file exist: true, PreferenceStateDefinition type: false
02-10 00:00:01.625 I/AppWidgetServiceImpl( 2640): getAppWidgetInfo() 39, from 0
02-10 00:00:01.628 I/GWT:AppWidgetSession( 9920): [shealth] UpdateAppWidget / 39, android.widget.RemoteViews@c54d48f / lastViewId : 7
02-10 00:00:01.628 I/AppWidgetManager( 9920): updateAppWidget() appWidgetIds = [39]
02-10 00:00:01.628 I/AppWidgetServiceImpl( 2640): Null RemoteViews on updateAppWidgetIds
02-10 00:00:01.628 I/GWT:GlanceStateDefinition( 9920): [shealth] getDataStore: appWidgetLayout-39, file exist: true, PreferenceStateDefinition type: false
02-10 00:00:01.658 I/DWBn    (25119): updateDailyData of 1769806800700
02-10 00:00:01.658 I/DWBn    (25119): RETRIEVE_ALL_DATA is Progressing
02-10 00:00:01.663 D/SurfaceFlinger( 1804): GPIS:: requestGPISForClientComposition
02-10 00:00:01.663 W/qdgralloc( 1804): getInterlacedFlag: getMetaData returned 3, defaulting to interlaced_flag = 0
02-10 00:00:01.701 I/CompositionEngine( 1804): [setDisplaySize] size=(434, 42)
02-10 00:00:01.702 I/DWBn    (25119): updateDailyData of 1769720400700
02-10 00:00:01.702 I/DWBn    (25119): RETRIEVE_ALL_DATA is Progressing
02-10 00:00:01.705 W/qdgralloc( 1804): getInterlacedFlag: getMetaData returned 3, defaulting to interlaced_flag = 0
02-10 00:00:01.712 I/StatsHandler( 1710): [hvcD_231] Stats: Pending(0) i/p-done(0) Works: Q: 26327/Done 26316|Work-Rate: Q(24.0/s Avg=4.5/s) Done(23.990/s Avg=4.536/s)| Stream: 23.98fps 1.8Mbps
02-10 00:00:01.712 I/StatsHandler( 1710): [hvcD_231] Mem-usage:  [In-1D: 16 bufs 128.000 MB] [1D-363: 42 bufs 0.656 MB] [2D-364: 26 bufs 104.406 MB] | Total: 233.062 MB
02-10 00:00:01.712 I/StatsHandler( 1710): [av1D_368] Stats: Pending(0) i/p-done(0) Works: Q: 28/Done 28|Work-Rate: Q(0.0/s Avg=2.7/s) Done(0.000/s Avg=2.712/s)| Stream: 30.00fps 251.7Kbps
02-10 00:00:01.712 I/StatsHandler( 1710): [av1D_368] Mem-usage:  [In-1D: 12 bufs 96.000 MB] [1D-621: 34 bufs 0.531 MB] [2D-622: 22 bufs 31.453 MB] | Total: 127.984 MB
02-10 00:00:01.731 I/ScanController(16699): onScanResult to scannerId: 2- eventType=0x1b, addressType=1, address=XX:XX:XX:XX:73:F9, primaryPhy=1, secondaryPhy=0, advertisingSid=0xff, txPower=127, rssi=-57, periodicAdvInt=0x0
02-10 00:00:01.736 I/SHEALTH#DA#Model#DailyActivityDataManager( 9920): GDD - performance 544, Start Time - 2026-01-01(Thu) 00:00:00.000 (1767225600000), End Time - 2026-01-31(Sat) 23:59:59.999 (1769903999999)
02-10 00:00:01.742 E/SHEALTH#DA#Service#BadgeQueryHelper( 9920): Failed to delete badge : count : 0, status : 1
02-10 00:00:01.745 E/SHEALTH#DA#Service#BadgeQueryHelper( 9920): Failed to delete badge : count : 0, status : 1
02-10 00:00:01.746 I/SHEALTH#DA#Model#DaBadgeManager( 9920): Data condition not satisfied
02-10 00:00:01.747 W/qdgralloc( 1804): getInterlacedFlag: getMetaData returned 3, defaulting to interlaced_flag = 0
02-10 00:00:01.748 I/DWBn    (25119): updateDailyData of 1769634000700
02-10 00:00:01.748 I/DWBn    (25119): RETRIEVE_ALL_DATA is Progressing
02-10 00:00:01.757 D/EventLogger( 5965): loading [eventTime=5801.73, mediaPos=1120.30, window=0, period=0, true]
02-10 00:00:01.765 D/EventLogger( 5965): loading [eventTime=5801.74, mediaPos=1120.30, window=0, period=0, false]
02-10 00:00:01.778 W/.shealth:remote( 9920): Long monitor contention with owner DefaultDispatcher-worker-8 (10828) at android.util.Pair com.samsung.android.app.shealth.tracker.sleep.model.SleepDataRepository.getEstimatedSleepItem(long, boolean)(SourceFile:-1) waiters=1 in android.util.Pair com.samsung.android.app.shealth.tracker.sleep.model.SleepDataRepository.getEstimatedSleepItem(long, boolean) for 1.042s
02-10 00:00:01.789 W/qdgralloc( 1804): getInterlacedFlag: getMetaData returned 3, defaulting to interlaced_flag = 0
02-10 00:00:01.791 I/DWBn    (25119): updateDailyData of 1769547600700
02-10 00:00:01.791 I/DWBn    (25119): RETRIEVE_ALL_DATA is Progressing
02-10 00:00:01.801 I/SHEALTH#DA#Model#DailyActivityDataManager( 9920): GDD - performance 574, Start Time - 2026-01-01(Thu) 00:00:00.000 (1767225600000), End Time - 2026-01-31(Sat) 23:59:59.999 (1769903999999)
02-10 00:00:01.801 I/CompositionEngine( 1804): [setDisplaySize] size=(434, 42)
02-10 00:00:01.816 E/SHEALTH#DA#Service#BadgeQueryHelper( 9920): Failed to delete badge : count : 0, status : 1
02-10 00:00:01.829 E/SHEALTH#DA#Service#BadgeQueryHelper( 9920): Failed to delete badge : count : 0, status : 1
02-10 00:00:01.829 I/SHEALTH#DA#Model#DaBadgeManager( 9920): Data condition not satisfied
02-10 00:00:01.830 W/qdgralloc( 1804): getInterlacedFlag: getMetaData returned 3, defaulting to interlaced_flag = 0
02-10 00:00:01.834 I/DWBn    (25119): updateDailyData of 1769461200700
02-10 00:00:01.834 I/DWBn    (25119): RETRIEVE_ALL_DATA is Progressing
02-10 00:00:01.856 I/sensors-hal( 1656): handle_sns_client_event:375, [0][1213] accel_sample [-1.361,  5.053,  8.295] 23198050259218
02-10 00:00:01.872 W/qdgralloc( 1804): getInterlacedFlag: getMetaData returned 3, defaulting to interlaced_flag = 0
02-10 00:00:01.872 I/WM-WorkerWrapper(26295): Worker result SUCCESS for Work [ id=d79f1fa0-2303-48c7-a37b-3aa3c17ce263, tags={ proton.android.authenticator.app.workers.SyncWorker } ]
02-10 00:00:01.873 D/WM-Processor(26295): Processor d79f1fa0-2303-48c7-a37b-3aa3c17ce263 executed; reschedule = false
02-10 00:00:01.873 D/WM-GreedyScheduler(26295): Stopping tracking for WorkGenerationalId(workSpecId=d79f1fa0-2303-48c7-a37b-3aa3c17ce263, generation=0)
02-10 00:00:01.873 D/WM-SystemJobService(26295): d79f1fa0-2303-48c7-a37b-3aa3c17ce263 executed on JobScheduler
02-10 00:00:01.874 D/CompatChangeReporter( 2640): Compat change id reported: 311208629; UID 10333; state: ENABLED
02-10 00:00:01.875 I/ActivityManager( 2640): Changes in 10333 8 to 10, 128 to 0
02-10 00:00:01.876 D/WM-GreedyScheduler(26295): Cancelling work ID d79f1fa0-2303-48c7-a37b-3aa3c17ce263
02-10 00:00:01.880 D/WM-SystemJobScheduler(26295): Scheduling work ID d79f1fa0-2303-48c7-a37b-3aa3c17ce263Job ID 3152
02-10 00:00:01.882 D/WM-NetworkStateTracker(26295): Unregistering network callback
02-10 00:00:01.882 D/ConnectivityManager(26295): StackLog: [android.net.ConnectivityManager.unregisterNetworkCallback(ConnectivityManager.java:5571)] [androidx.work.impl.utils.NetworkApi21.unregisterNetworkCallbackCompat(NetworkApi21.kt:28)] [androidx.work.impl.constraints.trackers.NetworkStateTracker24.stopTracking(NetworkStateTracker.kt:180)] [androidx.work.impl.constraints.trackers.ConstraintTracker.removeListener(ConstraintTracker.kt:67)] [androidx.work.impl.constraints.controllers.BaseConstraintController$track$1$1.invoke(ContraintControllers.kt:63)] [androidx.work.impl.constraints.controllers.BaseConstraintController$track$1$1.invoke(ContraintControllers.kt:63)] [kotlinx.coroutines.channels.ProduceKt.awaitClose(Produce.kt:51)] [kotlinx.coroutines.channels.ProduceKt$awaitClose$1.invokeSuspend(Unknown Source:13)] [kotlin.coroutines.jvm.internal.BaseContinuationImpl.resumeWith(ContinuationImpl.kt:33)] [kotlinx.coroutines.DispatchedTask.run(DispatchedTask.kt:102)] [androidx.work.impl.utils.SerialExecutorImpl$Task.run(SerialExecutorImpl.java:96)] [java.util.concurrent.ThreadPoolExecutor.runWorker(ThreadPoolExecutor.java:1156)] [java.util.concurrent.ThreadPoolExecutor$Worker.run(ThreadPoolExecutor.java:651)] [java.lang.Thread.run(Thread.java:1119)]
02-10 00:00:01.883 D/ConnectivityService( 2640):  Removing from current network [111 WIFI|VPN], leaving 193 requests.
02-10 00:00:01.887 I/DWBn    (25119): updateDailyData of 1769374800700
02-10 00:00:01.887 I/DWBn    (25119): RETRIEVE_ALL_DATA is Progressing
02-10 00:00:01.913 W/qdgralloc( 1804): getInterlacedFlag: getMetaData returned 3, defaulting to interlaced_flag = 0
02-10 00:00:01.916 I/CompositionEngine( 1804): [setDisplaySize] size=(434, 42)
02-10 00:00:01.944 W/d.authenticator(26295): Reducing the number of considered missed Gc histogram windows from 632 to 100
02-10 00:00:01.947 I/NearbySharing( 4705): Network state changed: NetworkState(isRestricted=false, isOnline=true, isCongested=false, isMetered=false, isWifiConnected=true)
02-10 00:00:01.949 I/DWBn    (25119): updateDailyData of 1769288400700
02-10 00:00:01.949 I/DWBn    (25119): RETRIEVE_ALL_DATA is Progressing
02-10 00:00:01.954 W/qdgralloc( 1804): getInterlacedFlag: getMetaData returned 3, defaulting to interlaced_flag = 0
02-10 00:00:01.973 I/HYPER-HAL( 1667): [RequestManager.cpp]releaseLocked(): Released ID : 3552470
02-10 00:00:01.979 I/.shealth:remote( 9920): Background young concurrent mark compact GC freed 33MB AllocSpace bytes, 39(3032KB) LOS objects, 57% free, 21MB/49MB, paused 2.567ms,6.990ms total 89.241ms
