--------- beginning of main
02-09 23:59:59.166 W/qdgralloc( 1804): getInterlacedFlag: getMetaData returned 3, defaulting to interlaced_flag = 0
02-09 23:59:59.178 I/HYPER-HAL( 1667): [RequestManager.cpp]acquire(): Acquired ID : 12792539  [1671 / 3386]    HINT :      list : [UCLAMP_MIN_BOOST / 0] [TID / 28341] [TID / 28342] [TID / 18221] [TID / 28315] 
02-09 23:59:59.182 W/QC2V4l2Decoder( 1710): [v4lav1D_368] Allocating output buffer timedout, 7674ms elapsed since last input buffer queued (threshold 1000ms)
02-09 23:59:59.191 D/PhoneInterfaceManager( 3961): setDataEnabledForReason() Reason=1 Pid=2640 App=system
02-09 23:59:59.208 W/qdgralloc( 1804): getInterlacedFlag: getMetaData returned 3, defaulting to interlaced_flag = 0
02-09 23:59:59.219 I/CompositionEngine( 1804): [setDisplaySize] size=(434, 42)
02-09 23:59:59.250 W/qdgralloc( 1804): getInterlacedFlag: getMetaData returned 3, defaulting to interlaced_flag = 0
02-09 23:59:59.256 I/ScanController(16699): onScanResult to scannerId: 4- eventType=0x10, addressType=1, address=XX:XX:XX:XX:97:CA, primaryPhy=1, secondaryPhy=0, advertisingSid=0xff, txPower=127, rssi=-92, periodicAdvInt=0x0
02-09 23:59:59.284 I/ScanController(16699): onScanResult to scannerId: 2- eventType=0x1b, addressType=1, address=XX:XX:XX:XX:73:F9, primaryPhy=1, secondaryPhy=0, advertisingSid=0xff, txPower=127, rssi=-56, periodicAdvInt=0x0
02-09 23:59:59.292 W/qdgralloc( 1804): getInterlacedFlag: getMetaData returned 3, defaulting to interlaced_flag = 0
02-09 23:59:59.301 I/SemTwtInfo( 2640): Init. traff. update for resumption check
02-09 23:59:59.321 I/CompositionEngine( 1804): [setDisplaySize] size=(434, 42)
02-09 23:59:59.333 W/QC2V4l2Decoder( 1710): [v4lav1D_368] Allocating output buffer timedout, 7824ms elapsed since last input buffer queued (threshold 1000ms)
02-09 23:59:59.333 W/qdgralloc( 1804): getInterlacedFlag: getMetaData returned 3, defaulting to interlaced_flag = 0
02-09 23:59:59.336 I/AudioPathManager( 6856): loadAudioPath() : loaded audio path is bluetooth (2)
02-09 23:59:59.336 I/EffectManager( 6856): isSupportDolbyAtmosOnThisAudioPath() : path is bluetooth (2)
02-09 23:59:59.339 I/UHQUpscalerManager( 6856): isUHQCompatibleBluetooth() : support is 0, mode is 1
02-09 23:59:59.340 I/AudioPathManager( 6856): loadAudioPath() : loaded audio path is bluetooth (2)
02-09 23:59:59.340 I/EffectManager( 6856): isSupportVolumeNormalizationOnCurrentAudioPath() : path is bluetooth (2)
02-09 23:59:59.340 I/DVFSHelper( 6856): isNecessaryToBoostCPU() : isDolbyOn? false, isUHQUpscalerOn? false, isVoiceBoostOn? false, isVolumeNormalizationOn? false
02-09 23:59:59.375 W/qdgralloc( 1804): getInterlacedFlag: getMetaData returned 3, defaulting to interlaced_flag = 0
02-09 23:59:59.416 W/qdgralloc( 1804): getInterlacedFlag: getMetaData returned 3, defaulting to interlaced_flag = 0
02-09 23:59:59.418 E/HeatmapThread( 1776): ECT Thread time in milliseconds: 1770670799
02-09 23:59:59.422 D/HeatmapThread( 1776): !@ batteryplugType : 2
02-09 23:59:59.422 D/HeatmapThread( 1776): !@ batteryLevel : 84  batteryTemperature : 337 
02-09 23:59:59.423 D/HeatmapThread( 1776): !@ Heatmap currtime: 29511179
02-09 23:59:59.423 D/HeatmapThread( 1776): !@ Heatmap prevtime: 29511153
02-09 23:59:59.423 D/HeatmapThread( 1776): !@ Heatmap plugstarttime: 29511000
02-09 23:59:59.423 D/HeatmapThread( 1776): !@ Heatmap prevv_dsoh_update_time: 29511150
02-09 23:59:59.423 E/HeatmapThread( 1776): !@ CAM New BSOH: 100
02-09 23:59:59.423 E/HeatmapThread( 1776): !@ CAM is Working
02-09 23:59:59.428 I/CompositionEngine( 1804): [setDisplaySize] size=(434, 42)
02-09 23:59:59.458 W/qdgralloc( 1804): getInterlacedFlag: getMetaData returned 3, defaulting to interlaced_flag = 0
02-09 23:59:59.481 D/BufferPoolAccessor2.0( 2233): bufferpool2 0xb400007bb9263328 : 4(16384 size) total buffers - 1(4096 size) used buffers - 51026/51076 (recycle/alloc) - 230/51075 (fetch/transfer)
02-09 23:59:59.483 W/QC2V4l2Decoder( 1710): [v4lav1D_368] Allocating output buffer timedout, 7975ms elapsed since last input buffer queued (threshold 1000ms)
02-09 23:59:59.500 W/qdgralloc( 1804): getInterlacedFlag: getMetaData returned 3, defaulting to interlaced_flag = 0
02-09 23:59:59.522 D/NativeSemDvfsManager( 1804): acquire:: timeout = 2000 mIsAcquired = 1  mTagName : SurfaceFlinger 
02-09 23:59:59.523 E/NativeCustomFrequencyManager( 1804): [NativeCFMS] BpCustomFrequencyManager::acquire()
02-09 23:59:59.523 I/HYPER-HAL( 1667): [RequestManager.cpp]acquire(): Acquired ID : 3933610  [1804 / 1000]    HINT : SF_GPU_MINLOCK    list : [TIMEOUT / 2000] 
02-09 23:59:59.529 I/CompositionEngine( 1804): [setDisplaySize] size=(434, 42)
02-09 23:59:59.530 I/vendor.qti.bluetooth@1.1-ibs_handler( 1642): ProcessIbsCmd: Received IBS_SLEEP_IND: 0xFE
02-09 23:59:59.539 I/vendor.qti.bluetooth@1.1-ibs_handler( 1642): ProcessIbsCmd: Received IBS_WAKE_IND: 0xFD
02-09 23:59:59.539 I/vendor.qti.bluetooth@1.1-ibs_handler( 1642): ProcessIbsCmd: Writing IBS_WAKE_ACK
02-09 23:59:59.541 W/qdgralloc( 1804): getInterlacedFlag: getMetaData returned 3, defaulting to interlaced_flag = 0
02-09 23:59:59.549 D/SurfaceFlinger( 1804): GPIS:: requestGPISForClientComposition
02-09 23:59:59.583 W/qdgralloc( 1804): getInterlacedFlag: getMetaData returned 3, defaulting to interlaced_flag = 0
02-09 23:59:59.625 W/qdgralloc( 1804): getInterlacedFlag: getMetaData returned 3, defaulting to interlaced_flag = 0
02-09 23:59:59.633 W/QC2V4l2Decoder( 1710): [v4lav1D_368] Allocating output buffer timedout, 8126ms elapsed since last input buffer queued (threshold 1000ms)
02-09 23:59:59.666 W/qdgralloc( 1804): getInterlacedFlag: getMetaData returned 3, defaulting to interlaced_flag = 0
02-09 23:59:59.708 W/qdgralloc( 1804): getInterlacedFlag: getMetaData returned 3, defaulting to interlaced_flag = 0
02-09 23:59:59.750 W/qdgralloc( 1804): getInterlacedFlag: getMetaData returned 3, defaulting to interlaced_flag = 0
02-09 23:59:59.756 I/CompositionEngine( 1804): [setDisplaySize] size=(434, 42)
02-09 23:59:59.784 W/QC2V4l2Decoder( 1710): [v4lav1D_368] Allocating output buffer timedout, 8276ms elapsed since last input buffer queued (threshold 1000ms)
02-09 23:59:59.791 W/qdgralloc( 1804): getInterlacedFlag: getMetaData returned 3, defaulting to interlaced_flag = 0
02-09 23:59:59.805 I/SemWifiServiceDetector( 2640): NSD results: [1, 1, 0, 1, 0, 1, -1, 1, 0] Traff. type 1 Thr 0
02-09 23:59:59.805 I/SemTwtInfo( 2640): NRTA/CG 1 0
02-09 23:59:59.807 I/wpa_sslib(16738): wake_dur 0 wake_intvl_mantis 0 wake_time_tsf 0x0
02-09 23:59:59.807 I/wpa_sslib(16738): oem_data_cmd=33
02-09 23:59:59.814 I/wpa_sslib(16738): OEM DATA RESPONSE RECEIVED
02-09 23:59:59.821 I/sensors-hal( 1656): handle_sns_client_event:375, [0][1183] accel_sample [-1.563,  5.152,  8.383] 23196014935468
02-09 23:59:59.833 W/qdgralloc( 1804): getInterlacedFlag: getMetaData returned 3, defaulting to interlaced_flag = 0
02-09 23:59:59.853 D/InputReader( 2640): Btn_touch(6): value=1 when=20080.952688
02-09 23:59:59.853 I/InputReader( 2640): Touch event's action is 0x0 (id=6, t=0) [pCnt=1, s=0.6020 ] when=20080.952688
02-09 23:59:59.857 I/InputDispatcher( 2640): Delivering touch to (3998): action: 0x4, f=0x0, d=0, '8909249', t=1 
02-09 23:59:59.857 I/InputDispatcher( 2640): Delivering touch to (3998): action: 0x4, f=0x0, d=0, 'Embedde', t=1 
02-09 23:59:59.857 I/InputDispatcher( 2640): Delivering touch to (18221): action: 0x0, f=0x0, d=0, 'c96e6 c', t=1 
02-09 23:59:59.857 I/VRI[MainTabActivity]@22600d8(18221): ViewPostIme pointer 0
02-09 23:59:59.858 I/HoneySpace.GestureInputHandler( 4611): inputConsumers = [com.honeyspace.gesture.inputconsumer.InputConsumer$Companion$NO_OP$1@9410a5b]
02-09 23:59:59.859 I/HoneySpace.InputSession( 4611): inputConsumers = NO_OP
02-09 23:59:59.859 I/HoneySpace.InputSession( 4611): open
02-09 23:59:59.860 I/GestureDetector(18221): obtain mCurrentDownEvent. id: 681162070 caller: X.5Ai.EUw:43 X.0r6.EUw:5 X.0r3.onTouch:51 
02-09 23:59:59.860 I/GestureDetector(18221): obtain mCurrentDownEvent. id: 681162070 caller: X.5Al.FGp:21 X.5Ai.EUw:48 X.0r6.EUw:5 
02-09 23:59:59.861 I/GestureDetector( 2640): obtain mCurrentDownEvent. id: 681162070 caller: com.android.server.wm.SystemGesturesPointerEventListener.onPointerEvent:17 com.android.server.wm.PointerEventDispatcher.onInputEvent:51 android.view.InputEventReceiver.dispatchInputEvent:392 
02-09 23:59:59.861 I/GestureDetector( 2640): obtain mCurrentDownEvent. id: 681162070 caller: com.android.server.wm.SystemPerformancePointerEventListener.onPointerEvent:13 com.android.server.wm.PointerEventDispatcher.onInputEvent:51 android.view.InputEventReceiver.dispatchInputEvent:392 
02-09 23:59:59.862 I/GestureDetector( 2640): obtain mCurrentMotionEventRaw. action: 2 id: 851009434
02-09 23:59:59.862 I/GestureDetector( 2640): obtain mCurrentMotionEventRaw. action: 2 id: 851009434
02-09 23:59:59.874 I/GestureDetector(18221): obtain mCurrentMotionEventRaw. action: 2 id: 851009434
02-09 23:59:59.874 I/GestureDetector(18221): obtain mCurrentMotionEventRaw. action: 2 id: 851009434
02-09 23:59:59.875 W/qdgralloc( 1804): getInterlacedFlag: getMetaData returned 3, defaulting to interlaced_flag = 0
02-09 23:59:59.912 I/SemDvfsHyPerManager( 2640): acquire hyper - WM_SCROLL_DETECTED/2640@2, type = -999
02-09 23:59:59.913 I/HYPER-HAL( 1667): [RequestManager.cpp]acquire(): Acquired ID : 3491405  [2640 / 2]    HINT :      list : [CoreNumBigMin / 3] 
02-09 23:59:59.917 W/qdgralloc( 1804): getInterlacedFlag: getMetaData returned 3, defaulting to interlaced_flag = 0
02-09 23:59:59.926 E/SpannableStringBuilder(18221): SPAN_EXCLUSIVE_EXCLUSIVE spans cannot have a zero length
02-09 23:59:59.935 W/QC2V4l2Decoder( 1710): [v4lav1D_368] Allocating output buffer timedout, 8427ms elapsed since last input buffer queued (threshold 1000ms)
02-09 23:59:59.953 I/CompositionEngine( 1804): [setDisplaySize] size=(434, 42)
02-09 23:59:59.957 W/qdgralloc( 1804): getInterlacedFlag: getMetaData returned 3, defaulting to interlaced_flag = 0
--------- beginning of system
02-09 23:59:59.991 D/io_stats( 1214): !@   8,0 r 2676070 57013904 w 828300 19023260 d 114242 18187556 f 30862 68358 iot 625528 0 th 0 0 0 pt 0 inp 0 0 20081.090
02-09 23:59:59.992 D/io_stats( 1214): !@ Read_top(KB): stagram.android(18221) 480 system_server(2640) 164 monitorprovider(6171) 100
02-09 23:59:59.992 D/io_stats( 1214): !@ Write_top(KB): kworker/u16:0(24597) 20464 system_server(2640) 1396 stagram.android(18221) 64
02-09 23:59:59.994 D/InputReader( 2640): Btn_touch(6): value=0 when=20081.093358
02-09 23:59:59.998 I/InputReader( 2640): Touch event's action is 0x1 (id=6, t=0) [pCnt=1, s=] when=20081.093358
02-09 23:59:59.999 I/InputDispatcher( 2640): Delivering touch to (18221): action: 0x1, f=0x0, d=0, 'c96e6 c', t=1 
02-09 23:59:59.999 W/qdgralloc( 1804): getInterlacedFlag: getMetaData returned 3, defaulting to interlaced_flag = 0
02-09 23:59:59.999 I/VRI[MainTabActivity]@22600d8(18221): ViewPostIme pointer 1
02-10 00:00:00.000 I/SemDvfsHyPerManager( 2640): acquire hyper - SMOOTH_SCROLL/2640@23, type = -999
02-10 00:00:00.000 I/HoneySpace.GestureInputHandler( 4611): reset
02-10 00:00:00.000 I/HoneySpace.InputSession( 4611): close
02-10 00:00:00.004 D/ActivityManager( 2640): Received SERVICE intent 0x7aa6667 Key{startService pkg=com.google.android.gms/com.google.android.gms.reminders intent=act=com.google.android.gms.reminders.notification.ACTION_REFRESH_TIME_REMINDERS cat=[targeted_intent_op_prefix:.reminders.notification.RefreshNotificationsIntentOperation] xflg=0x4 cmp=com.google.android.gms/.chimera.GmsIntentOperationService flags=0x2000000 u=0} requestCode=0 from uid 1000
02-10 00:00:00.005 I/HYPER-HAL( 1667): [RequestManager.cpp]releaseLocked(): Released ID : 3491405
02-10 00:00:00.008 I/DateTimeView( 3998): updateAll - getTimeFormat
02-10 00:00:00.009 D/QSClockBellTower( 3998): onReceive(android.intent.action.TIME_TICK) mTimeZoneString:Asia/Qatar
02-10 00:00:00.009 D/ClockFaceEvents( 3998): onTimeTick. callers : com.android.keyguard.ClockEventController$keyguardUpdateMonitorCallback$1.refreshTime:19
02-10 00:00:00.009 D/ClockFaceEvents( 3998): com.android.keyguard.ClockEventController$keyguardUpdateMonitorCallback$1.onTimeChanged:1
02-10 00:00:00.009 D/ClockFaceEvents( 3998): com.android.keyguard.KeyguardUpdateMonitor$16.handleMessage:732
02-10 00:00:00.009 D/ClockFaceEvents( 3998): onTimeTick. callers : com.android.keyguard.ClockEventController$keyguardUpdateMonitorCallback$1.refreshTime:38
02-10 00:00:00.009 D/ClockFaceEvents( 3998): com.android.keyguard.ClockEventController$keyguardUpdateMonitorCallback$1.onTimeChanged:1
02-10 00:00:00.009 D/ClockFaceEvents( 3998): com.android.keyguard.KeyguardUpdateMonitor$16.handleMessage:732
02-10 00:00:00.009 D/FaceWidgetPagesController( 3998): onTimeChanged()
02-10 00:00:00.009 D/QSClockBellTower( 3998): He is ready to ring the bell. (((QSClockBellSound - TimeText:12:00, TimeContentDescription:12:00â€¯am, DateText:Tue 10 February (Shaban 21), ShortDateText:Tue 10 Feb, Demo:false)))
02-10 00:00:00.009 D/ActivityManager( 2640): Received BROADCAST intent 0xd544e32 Key{broadcastIntent pkg=android intent=act=android.intent.action.DATE_CHANGED flg=0x20200000 xflg=0x4 flags=0x4000000 u=-1} requestCode=0 sent=0 from uid 1000
02-10 00:00:00.010 D/QSClock ( 3998): StatusBar clock=12:00 notifyTimeChanged(QSClockBellSound - TimeText:12:00, TimeContentDescription:12:00â€¯am, DateText:Tue 10 February (Shaban 21), ShortDateText:Tue 10 Feb, Demo:false) clockVisibleByPolicy=true, clockVisibleByUser=true, visible=true, parent=android.widget.LinearLayout{a4dede2 V.E...... ......ID 0,0-96,67 #7f0a069b app:id/left_clock_container} caller=com.android.systemui.statusbar.phone.fragment.CollapsedStatusBarFragment.animateShow:52 com.android.systemui.statusbar.phone.fragment.CollapsedStatusBarFragment.updateStatusBarVisibilitiesInner:230 com.android.systemui.statusbar.phone.fragment.CollapsedStatusBarFragment.updateStatusBarVisibilities:65 com.android.systemui.statusbar.phone.ongoingactivity.OngoingActivityController.updateParentViewVisibility:99 com.android.systemui.statusbar.phone.ongoingactivity.OngoingActivityController.update$1$1:11  
02-10 00:00:00.010 D/QSClockBellTower( 3998): Everyone heard the bell. run(currentTime:1770670800009, getTime():Tue Feb 10 00:00:00 GMT+03:00 2026, getTimeZone():libcore.util.ZoneInfo[mDstSavings=0,mUseDst=false,mDelegate=[id="Asia/Qatar",mRawOffset=10800000,mEarliestRawOffset=12368000,transitions=2]])
02-10 00:00:00.010 D/ActivityManager( 2640): unpendingScheduleServiceRestart: u=10333, drop=false
02-10 00:00:00.012 D/FreecessController( 2640): UFZ : proton.android.authenticator(10333) [26295] reason: broadcast-android.intent.action.CONFIGURATION_CHANGED
02-10 00:00:00.012 D/BaseRestrictionMgr( 2640): Package: proton.android.authenticator, userid: 0, hostingType: broadcast is allowed by freecess, caller is: null
02-10 00:00:00.012 I/JobScheduler( 2640): maybeQueueReadyJobsForExecutionLocked: [BatchNetworkJob] 2 batched network jobs meet requirement for 111
02-10 00:00:00.016 D/{OngoingChipAdapter}( 3998): updateEnableMaxWidth : 333 -:> 327
02-10 00:00:00.016 I/{OngoingChipAdapter}( 3998): updateEnableMaxWidth() set MarqueeState.WAIT_FINISH
02-10 00:00:00.019 D/ActivityManager( 2640): Received SERVICE intent 0x2d5ba8 Key{startService pkg=com.google.android.gms/com.google.android.gms.reminders intent=act=com.google.android.gms.reminders.notification.ACTION_REFRESH_TIME_REMINDERS cat=[targeted_intent_op_prefix:.reminders.notification.RefreshNotificationsIntentOperation] xflg=0x4 cmp=com.google.android.gms/.chimera.GmsIntentOperationService flags=0x2000000 u=11} requestCode=0 from uid 1000
02-10 00:00:00.020 I/SemDvfsHyPerManager( 2640): acquire hyper - GESTURE_DETECTED_HRR/2640@25, type = -999
02-10 00:00:00.020 I/SemDvfsHyPerManager( 2640): acquire hyper - GESTURE_DETECTED_HRR/2640@25, type = -999
02-10 00:00:00.020 I/EyeComfortSolutionService( 2640): action  :  android.intent.action.TIME_TICK
02-10 00:00:00.020 W/LocationManagerService( 2640): onFreezeStateChanged, uid[10333]=false
02-10 00:00:00.021 D/NotificationService( 2640): ACTION_DATE_CHANGED
02-10 00:00:00.021 I/PowerManagerService( 2640): [PWL] SetWakeLockEnableDisable uid = 10333 , disable= false
02-10 00:00:00.021 I/PowerManagerService( 2640): [PWL] can not change uid =  10333
02-10 00:00:00.021 D/SemWifiApIntentHandler( 2640): rcvd:android.intent.action.DATE_CHANGED
02-10 00:00:00.022 I/HYPER-HAL( 1667): [RequestManager.cpp]acquire(): Acquired ID : 3552470  [2640 / 25]    HINT : GESTURE_DETECTED_HRR    list : [TIMEOUT / 1801] 
02-10 00:00:00.022 I/HYPER-HAL( 1667): [RequestManager.cpp]acquire(): Acquired ID : 3552470  [2640 / 25]    HINT : GESTURE_DETECTED_HRR    list : [TIMEOUT / 1950] 
02-10 00:00:00.022 W/RefactorFlag( 3998): New code path expects SceneContainerFlag to be enabled.
02-10 00:00:00.022 I/ActivityManager( 2640): Changes in 10333 19 to 8, 0 to 128
02-10 00:00:00.023 I/SemWifiApDataUsage( 2640): handleMessage: 5
02-10 00:00:00.023 D/SemWifiUsageMonitor( 2640): ACTION_DATE_CHANGED
02-10 00:00:00.023 I/SemWifiApDataUsage( 2640): date changed: current date = Monday, February 9, 2026 at 5:33 pm, new date = Tuesday, February 10, 2026 at 12:00 am
02-10 00:00:00.028 I/RealTimeTokenService( 2640): Time has changed
02-10 00:00:00.028 I/RealTimeTokenService( 2640): setUserTime: 1770670800|1770647603770|23196257
02-10 00:00:00.028 W/JobServiceContext( 2640): Sending onNetworkChanged for a job that isn't started. JobStatus{537c301 androidx.work.systemjobscheduler:u0a333/3148 @androidx.work.systemjobscheduler@proton.android.authenticator/androidx.work.impl.background.systemjob.SystemJobService u=0 s=10333 TIME=-24m24s917ms:none NET READY}
02-10 00:00:00.028 W/JobServiceContext( 2640): Sending onNetworkChanged for a job that isn't started. JobStatus{650de6 androidx.work.systemjobscheduler:u0a333/3152 @androidx.work.systemjobscheduler@proton.android.authenticator/androidx.work.impl.background.systemjob.SystemJobService u=0 s=10333 TIME=-1h15m33s594ms:none NET READY}
02-10 00:00:00.028 D/RTTS_Client( 2640): JNI calling setUserTime()...
02-10 00:00:00.029 D/RTTS_Client( 2640): rtts_aidl_setUserTime
02-10 00:00:00.029 D/RTTS_Client( 2640): RealTimeTokenManager::get_client_id
02-10 00:00:00.029 D/RTTS_Client( 2640): rtts_get_process_name with pid = 2640
02-10 00:00:00.029 D/RTTS_Client( 2640): Process name is (system_server)
02-10 00:00:00.030 D/WM-DelayedWorkTracker(26295): Scheduling work d79f1fa0-2303-48c7-a37b-3aa3c17ce263
02-10 00:00:00.030 D/SemWifiApDbHistoryTableHelper( 2640): deleteDataBeforeNMonths() : delete data before date=2025-09-01
02-10 00:00:00.031 I/RealTimeToken_Server( 1631): setUserTime: calling...[1770670800]
02-10 00:00:00.031 I/RealTimeToken_Server( 1631): loadAllToken: starting...
02-10 00:00:00.031 D/WM-GreedyScheduler(26295): Starting tracking for d79f1fa0-2303-48c7-a37b-3aa3c17ce263
02-10 00:00:00.031 I/RealTimeToken_Server( 1631): loadAllToken: completed...
02-10 00:00:00.031 I/RealTimeToken_Server( 1631): SETTIME: O_TI: [0x10|0xa1][current realtime:2026-02-09 19:40:50][remain time: 2:12:24:56][current monotime: 0:2:7:26]
02-10 00:00:00.033 I/AlarmManager( 5239): setExactAndAllowWhileIdle [name: RemindersNSREFRESH_TIME_REMINDERS_ALARM type: 0 triggerAtMillis: 1770757200000]
02-10 00:00:00.035 D/WM-DelayedWorkTracker(26295): Scheduling work cb3cf866-032b-4d1b-91ff-e0b0721c7a1a
02-10 00:00:00.035 D/WM-GreedyScheduler(26295): Starting tracking for cb3cf866-032b-4d1b-91ff-e0b0721c7a1a
02-10 00:00:00.036 D/ActivityManager( 2640): Received BROADCAST intent 0x8339910 Key{broadcastIntent pkg=com.samsung.android.smartsuggestions intent=id=AbsoluteTimeContextProvider xflg=0x4 cmp=com.samsung.android.smartsuggestions/.infra.contextprovider.impl.builtinproviderimpl.AbsoluteTimeContextProvider$TimeReceiver flags=0x2000000 u=0} requestCode=0 sent=0 from uid 1000
02-10 00:00:00.038 D/SemWifiApDbClientSettingTableHelper( 2640): deleteClientSettingIfLastUpdateIsBeforeNMonth() : delete data before date=2025-09-01 00:00:00 no. of row deleted = 0
02-10 00:00:00.038 I/RealTimeToken_Server( 1631): updateToken: starting...
02-10 00:00:00.038 I/RealTimeToken_Server( 1631): updateToken: completed...
02-10 00:00:00.038 I/RealTimeToken_Server( 1631): SETTIME: U_TI: [0x10|0xa1][current realtime:2026-02-10 00:00:00][remain time: 2:8:5:46][current monotime: 0:6:26:36]
02-10 00:00:00.039 I/RealTimeToken_Server( 1631): storeAllToken: starting...
02-10 00:00:00.040 I/VaultKeeper_MGR( 1631): Start getInstance()
02-10 00:00:00.040 I/VaultKeeper_MGR( 1631): Start VaultKeeperManager()
02-10 00:00:00.040 I/VaultKeeper_MGR( 1631): Done VaultKeeperManager()
02-10 00:00:00.040 I/VaultKeeper_MGR( 1631): Start initializeReqMessage(VK_CMD_REGISTERED)
02-10 00:00:00.040 I/VaultKeeper_MGR( 1631): Start exec_cmd 
02-10 00:00:00.040 I/VaultKeeper_MGR( 1631): connect socket
02-10 00:00:00.040 W/qdgralloc( 1804): getInterlacedFlag: getMetaData returned 3, defaulting to interlaced_flag = 0
02-10 00:00:00.041 I/VaultKeeper_MGR( 1631): connect socket blocking mode
02-10 00:00:00.041 I/VaultKeeper_MGR( 1631): connect_socket completed. ret = 0
02-10 00:00:00.041 I/VaultKeeper_MGR( 1631): send request socket
02-10 00:00:00.041 I/VaultKeeper_MGR( 1631): Wait reply from vk_server...
02-10 00:00:00.044 D/SemWifiApDbHistory( 2640): client list = {}
02-10 00:00:00.044 D/vaultkeeper( 1334): Start wait_for_select 
02-10 00:00:00.044 D/vaultkeeper( 1334): Start read client socket 
02-10 00:00:00.044 D/vaultkeeper( 1334): Start runCommand 
02-10 00:00:00.044 I/SemWifiApClientListManager( 2640): handleDateOrSimChangedEvent()
02-10 00:00:00.044 I/SemWifiApClientListManager( 2640): Active List = {}
02-10 00:00:00.044 I/SemWifiApClientListManager( 2640): Connected List = []
02-10 00:00:00.044 I/SemWifiApClientListManager( 2640): Disconnected List = []
02-10 00:00:00.044 I/VaultKeeper_COMMON( 1334): VK 4.4.2 [Client] /vendor/bin/vendor.samsung.hardware.security.rtts-service. => [Vault] RTTS. [CMD NO.] 9113
02-10 00:00:00.044 I/VaultKeeper_COMMON( 1334): [CMD:CHECK_CLIENT_REGISTERED]
02-10 00:00:00.045 I/vaultkeeper( 1334): runCommand Success.(TA ret = 0)
02-10 00:00:00.045 I/VaultKeeper_MGR( 1631): receive_reply completed. ret = 0
02-10 00:00:00.045 D/vaultkeeper( 1334): Start accept client socket 
02-10 00:00:00.045 I/VaultKeeper_MGR( 1631): Done exec_cmd
02-10 00:00:00.045 I/VaultKeeper_MGR( 1631): Done getInstance()
02-10 00:00:00.045 I/VaultKeeper_MGR( 1631): connect socket
02-10 00:00:00.045 I/VaultKeeper_MGR( 1631): connect socket blocking mode
02-10 00:00:00.045 I/VaultKeeper_MGR( 1631): connect_socket completed. ret = 0
02-10 00:00:00.045 I/VaultKeeper_MGR( 1631): send request socket
02-10 00:00:00.045 I/VaultKeeper_MGR( 1631): Wait reply from vk_server...
02-10 00:00:00.045 D/vaultkeeper( 1334): Start wait_for_select 
02-10 00:00:00.045 I/SemWifiApEbpf( 2640): resumeInternet for over all mhs:-1
02-10 00:00:00.045 D/vaultkeeper( 1334): Start read client socket 
02-10 00:00:00.045 D/vaultkeeper( 1334): Start runCommand 
02-10 00:00:00.045 I/SemWifiApOverAllDataLimitManager( 2640): removed mhs data limit call due to: isCellularUpstream : false, mIsMobileDataEnable = false, isMhsActive=false
02-10 00:00:00.045 I/VaultKeeper_COMMON( 1334): VK 4.4.2 [Client] /vendor/bin/vendor.samsung.hardware.security.rtts-service. => [Vault] RTTS. [CMD NO.] 6032
02-10 00:00:00.045 I/VaultKeeper_COMMON( 1334): [CMD:WRITE_SHELTERED]
02-10 00:00:00.045 D/VaultKeeper_COMMON( 1334): Start preProcessing
02-10 00:00:00.045 I/SemWifiApDataUsage( 2640): handleDataAndSimUpdatedEvent() : mUsedCurrentDayAndSimData = 0
02-10 00:00:00.046 D/ConnectivityService( 2640): Returning UNBLOCKED NetworkInfo to uid=10333
02-10 00:00:00.047 D/VaultKeeper_COMMON( 1334): Start cmdProcessing
02-10 00:00:00.047 D/VaultKeeper_COMMON( 1334): Start worker sendCommand
02-10 00:00:00.048 D/QSEECOMPAT( 1334): QSEECom_start_app, 504: load /vendor/firmware_mnt/image vaultkeeper, sb_size 89088
02-10 00:00:00.050 D/WM-ConstraintTracker(26295): NetworkStateTracker24: initial state = NetworkState(isConnected=true, isValidated=true, isMetered=false, isNotRoaming=true)
02-10 00:00:00.050 D/WM-NetworkStateTracker(26295): Registering network callback
02-10 00:00:00.051 D/vaultkeeperd( 1334): TimedRetryForwarder_release:79 delete me:12970367441103274960
02-10 00:00:00.052 E/QSEECOMPAT( 1334): lookupTA(vaultkeeper) returned 23
02-10 00:00:00.052 D/QSEECOMPAT( 1334): load_app b00_fname=/vendor/firmware_mnt/image/vaultkeeper.b00
02-10 00:00:00.053 I/CompositionEngine( 1804): [setDisplaySize] size=(434, 42)
02-10 00:00:00.054 D/QSEECOMPAT( 1334): read_splitbin_tobuf buffer->size()=568, is64=1
02-10 00:00:00.054 D/QSEECOMPAT( 1334): read_splitbin_tobuf phdr_table_offset=64
02-10 00:00:00.054 D/QSEECOMPAT( 1334): read_splitbin_tobuf offset[1]=4096
02-10 00:00:00.054 D/QSEECOMPAT( 1334): read_splitbin_tobuf offset[2]=1003520
02-10 00:00:00.054 D/QSEECOMPAT( 1334): read_splitbin_tobuf offset[3]=1007616
02-10 00:00:00.054 D/QSEECOMPAT( 1334): read_splitbin_tobuf offset[4]=1011712
02-10 00:00:00.054 D/QSEECOMPAT( 1334): read_splitbin_tobuf offset[5]=1044480
02-10 00:00:00.054 D/QSEECOMPAT( 1334): read_splitbin_tobuf offset[6]=1044480
02-10 00:00:00.054 D/QSEECOMPAT( 1334): read_splitbin_tobuf offset[7]=1007616
02-10 00:00:00.054 D/QSEECOMPAT( 1334): read_splitbin_tobuf offset[8]=1073152
02-10 00:00:00.054 D/QSEECOMPAT( 1334): read_splitbin_tobuf path=/vendor/firmware_mnt/image/vaultkeeper.b01
02-10 00:00:00.057 D/SurfaceFlinger( 1804): GPIS:: requestGPISForClientComposition
02-10 00:00:00.059 D/QSEECOMPAT( 1334): read_splitbin_tobuf path=/vendor/firmware_mnt/image/vaultkeeper.b02
02-10 00:00:00.059 I/AlarmManager(22676): setExactAndAllowWhileIdle [name: RemindersNSREFRESH_TIME_REMINDERS_ALARM type: 0 triggerAtMillis: 1770757200000]
02-10 00:00:00.059 D/ConnectivityManager(26295): StackLog: [android.net.ConnectivityManager.sendRequestForNetwork(ConnectivityManager.java:4736)] [android.net.ConnectivityManager.registerDefaultNetworkCallbackForUid(ConnectivityManager.java:5461)] [android.net.ConnectivityManager.registerDefaultNetworkCallback(ConnectivityManager.java:5428)] [android.net.ConnectivityManager.registerDefaultNetworkCallback(ConnectivityManager.java:5402)] [androidx.work.impl.utils.NetworkApi24.registerDefaultNetworkCallbackCompat(NetworkApi24.kt:26)] [androidx.work.impl.constraints.trackers.NetworkStateTracker24.startTracking(NetworkStateTracker.kt:165)] [androidx.work.impl.constraints.trackers.ConstraintTracker.addListener(ConstraintTracker.kt:52)] [androidx.work.impl.constraints.controllers.BaseConstraintController$track$1.invokeSuspend(ContraintControllers.kt:62)] [androidx.work.impl.constraints.controllers.BaseConstraintController$track$1.invoke(Unknown Source:8)] [androidx.work.impl.constraints.controllers.BaseConstraintController$track$1.invoke(Unknown Source:4)] [kotlinx.coroutines.flow.ChannelFlowBuilder.collectTo$suspendImpl(Builders.kt:316)] [kotlinx.coroutines.flow.ChannelFlowBuilder.collectTo(Unknown Source:0)] [kotlinx.coroutines.flow.CallbackFlowBuilder.collectTo(Builders.kt:330)] [kotlinx.coroutines.flow.internal.ChannelFlow$collectToFun$1.invokeSuspend(ChannelFlow.kt:56)] [kotlin.coroutines.jvm.internal.BaseContinuationImpl.resumeWith(ContinuationImpl.kt:33)] [kotlinx.coroutines.DispatchedTask.run(DispatchedTask.kt:104)] [androidx.work.impl.utils.SerialExecutorImpl$Task.run(SerialExecutorImpl.java:96)] [java.util.concurrent.ThreadPoolExecutor.runWorker(ThreadPoolExecutor.java:1156)] [java.util.concurrent.ThreadPoolExecutor$Worker.run(ThreadPoolExecutor.java:651)] [java.lang.Thread.run(Thread.java:1119)]
02-10 00:00:00.060 D/ConnectivityService( 2640): requestNetwork for uid/pid:10333/26295 activeRequest: null callbackRequest: 1747 [NetworkRequest [ REQUEST id=1748, [ Capabilities: INTERNET&NOT_RESTRICTED&TRUSTED&NOT_VCN_MANAGED&NOT_BANDWIDTH_CONSTRAINED Uid: 10333 RequestorUid: 10333 RequestorPkg: proton.android.authenticator UnderlyingNetworks: Null] ]] callback flags: 0 order: 2147483647 isUidTracked: false declaredMethods: AVAIL|LOST|NC
02-10 00:00:00.060 D/QSEECOMPAT( 1334): read_splitbin_tobuf path=/vendor/firmware_mnt/image/vaultkeeper.b03
02-10 00:00:00.060 D/QSEECOMPAT( 1334): read_splitbin_tobuf path=/vendor/firmware_mnt/image/vaultkeeper.b04
02-10 00:00:00.060 D/WM-GreedyScheduler(26295): Constraints met: Scheduling work ID WorkGenerationalId(workSpecId=d79f1fa0-2303-48c7-a37b-3aa3c17ce263, generation=0)
02-10 00:00:00.061 D/WM-GreedyScheduler(26295): Constraints met: Scheduling work ID WorkGenerationalId(workSpecId=cb3cf866-032b-4d1b-91ff-e0b0721c7a1a, generation=0)
02-10 00:00:00.061 D/QSEECOMPAT( 1334): read_splitbin_tobuf path=/vendor/firmware_mnt/image/vaultkeeper.b05
02-10 00:00:00.061 D/QSEECOMPAT( 1334): read_splitbin_tobuf path=/vendor/firmware_mnt/image/vaultkeeper.b06
02-10 00:00:00.062 D/QSEECOMPAT( 1334): read_splitbin_tobuf path=/vendor/firmware_mnt/image/vaultkeeper.b07
02-10 00:00:00.062 D/QSEECOMPAT( 1334): read_splitbin_tobuf path=/vendor/firmware_mnt/image/vaultkeeper.b08
02-10 00:00:00.063 D/ConnectivityService( 2640):    accepting network in place of null for NetworkRequest [ REQUEST id=1748, [ Capabilities: INTERNET&NOT_RESTRICTED&TRUSTED&NOT_VCN_MANAGED&NOT_BANDWIDTH_CONSTRAINED Uid: 10333 RequestorUid: 10333 RequestorPkg: proton.android.authenticator UnderlyingNetworks: Null] ]
02-10 00:00:00.064 I/DMABUFHEAPS( 1334): Using DMA-BUF heap named: qcom,qseecom-ta
02-10 00:00:00.064 D/WM-Processor(26295): Processor: processing WorkGenerationalId(workSpecId=d79f1fa0-2303-48c7-a37b-3aa3c17ce263, generation=0)
02-10 00:00:00.065 D/WM-NetworkStateTracker(26295): Network capabilities changed: [ Transports: WIFI|VPN Capabilities: NOT_METERED&INTERNET&NOT_RESTRICTED&TRUSTED&VALIDATED&NOT_ROAMING&FOREGROUND&NOT_CONGESTED&NOT_SUSPENDED&NOT_VCN_MANAGED&NOT_BANDWIDTH_CONSTRAINED LinkUpBandwidth>=74793Kbps LinkDnBandwidth>=43232Kbps TransportInfo: <VpnTransportInfo{type=1, sessionId=null, bypassable=false longLivedTcpConnectionsExpensive=false}> UnderlyingNetworks: Null]
02-10 00:00:00.065 D/UntrustedWifiNetworkFactory( 2640): got request NetworkRequest [ REQUEST id=1748, [ Capabilities: INTERNET&NOT_RESTRICTED&TRUSTED&NOT_VCN_MANAGED&NOT_BANDWIDTH_CONSTRAINED Uid: 10333 RequestorUid: 10333 RequestorPkg: proton.android.authenticator UnderlyingNetworks: Null] ]
02-10 00:00:00.065 D/OemPaidWifiNetworkFactory( 2640): got request NetworkRequest [ REQUEST id=1748, [ Capabilities: INTERNET&NOT_RESTRICTED&TRUSTED&NOT_VCN_MANAGED&NOT_BANDWIDTH_CONSTRAINED Uid: 10333 RequestorUid: 10333 RequestorPkg: proton.android.authenticator UnderlyingNetworks: Null] ]
02-10 00:00:00.066 D/MultiInternetWifiNetworkFactory( 2640): got request NetworkRequest [ REQUEST id=1748, [ Capabilities: INTERNET&NOT_RESTRICTED&TRUSTED&NOT_VCN_MANAGED&NOT_BANDWIDTH_CONSTRAINED Uid: 10333 RequestorUid: 10333 RequestorPkg: proton.android.authenticator UnderlyingNetworks: Null] ]
02-10 00:00:00.066 D/ConnectivityService( 2640): Rematched networks [computed 3ms] [applied 0ms] [issued 3]
02-10 00:00:00.066 D/ConnectivityService( 2640): NetworkReassignment :
02-10 00:00:00.066 D/ConnectivityService( 2640):   1748 : null â†’ 111
02-10 00:00:00.066 D/WM-Processor(26295): Processor: processing WorkGenerationalId(workSpecId=cb3cf866-032b-4d1b-91ff-e0b0721c7a1a, generation=0)
02-10 00:00:00.072 D/WM-WorkerWrapper(26295): Starting work for proton.android.authenticator.app.workers.SyncWorker
02-10 00:00:00.072 D/WM-WorkerWrapper(26295): Starting work for me.proton.core.featureflag.data.remote.worker.FetchUnleashTogglesWorker
02-10 00:00:00.082 W/qdgralloc( 1804): getInterlacedFlag: getMetaData returned 3, defaulting to interlaced_flag = 0
02-10 00:00:00.085 W/QC2V4l2Decoder( 1710): [v4lav1D_368] Allocating output buffer timedout, 8577ms elapsed since last input buffer queued (threshold 1000ms)
02-10 00:00:00.094 W/keymint_tee( 1277): [WRN]begin req PARAMS: A32, BM32, PD1, 
02-10 00:00:00.095 E/SmcInvoke_MinkDescriptor( 1334): mem obj with id :12 not found in list
02-10 00:00:00.095 I/DMABUFHEAPS( 1334): Using DMA-BUF heap named: qcom,qseecom
02-10 00:00:00.096 D/keymint_swd( 1277): keymint_swd keymint [WRN] (km_add_tag:528) skip: non repetable tag already exists with different value: 268435458
02-10 00:00:00.097 D/keymint_swd( 1277): keymint_swd keymint [WRN] (swd_run_cb:267) swd_begin() returns 0
02-10 00:00:00.097 D/android.hardware.security.keymint-service( 1277): begin: ret 0
02-10 00:00:00.097 I/keystore2( 1275): system/security/keystore2/src/security_level.rs:466 - In create_operation. Success to create IKeystoreOperation. 10333, None
02-10 00:00:00.097 D/vaultkeeperd( 1334): TimedRetryForwarder_release:79 delete me:12970367441103276688
02-10 00:00:00.102 D/keymint_swd( 1277): keymint_swd keymint [WRN] (swd_run_cb:267) swd_update() returns 0
02-10 00:00:00.102 D/android.hardware.security.keymint-service( 1277): update: ret 0
02-10 00:00:00.106 D/keymint_swd( 1277): keymint_swd keymint [WRN] (swd_run_cb:267) swd_finish() returns 0
02-10 00:00:00.106 D/android.hardware.security.keymint-service( 1277): finish: ret 0
02-10 00:00:00.107 D/vaultkeeperd( 1334): TimedRetryForwarder_release:79 delete me:12970367441103274960
02-10 00:00:00.108 W/keymint_tee( 1277): [WRN]begin req PARAMS: A32, BM32, PD1, 
02-10 00:00:00.108 D/VaultKeeper_COMMON( 1334): Done worker sendCommand
02-10 00:00:00.108 D/VaultKeeper_COMMON( 1334): Start postProcessing
02-10 00:00:00.109 I/vaultkeeper( 1334): runCommand Success.(TA ret = 0)
02-10 00:00:00.109 D/keymint_swd( 1277): keymint_swd keymint [WRN] (km_add_tag:528) skip: non repetable tag already exists with different value: 268435458
02-10 00:00:00.109 D/keymint_swd( 1277): keymint_swd keymint [WRN] (swd_run_cb:267) swd_begin() returns 0
02-10 00:00:00.109 D/android.hardware.security.keymint-service( 1277): begin: ret 0
02-10 00:00:00.109 I/VaultKeeper_MGR( 1631): receive_reply completed. ret = 0
02-10 00:00:00.109 I/RealTimeToken_Server( 1631): storeAllToken: completed...
02-10 00:00:00.109 I/RealTimeToken_Server( 1631): setUserTime: completed!
02-10 00:00:00.109 I/keystore2( 1275): system/security/keystore2/src/security_level.rs:466 - In create_operation. Success to create IKeystoreOperation. 10333, None
02-10 00:00:00.110 D/RTTS_Client( 2640): RealTimeTokenManager::setUserTime completed[1]
02-10 00:00:00.110 D/keymint_swd( 1277): keymint_swd keymint [WRN] (swd_run_cb:267) swd_update() returns 0
02-10 00:00:00.110 D/android.hardware.security.keymint-service( 1277): update: ret 0
02-10 00:00:00.111 D/HERMES#Service( 2640): ACTION_DATE_CHANGED intent called
02-10 00:00:00.111 D/WM-SystemJobService(26295): onStartJob for WorkGenerationalId(workSpecId=cb3cf866-032b-4d1b-91ff-e0b0721c7a1a, generation=0)
02-10 00:00:00.111 I/HERMES#Service( 2640): CollectSkeymasterDumpThread
02-10 00:00:00.111 D/vaultkeeper( 1334): Start accept client socket 
02-10 00:00:00.111 I/HERMES#Service( 2640): CollectSkeymasterDumpThread done
02-10 00:00:00.111 D/keymint_swd( 1277): keymint_swd keymint [WRN] (swd_run_cb:267) swd_finish() returns 0
02-10 00:00:00.111 D/android.hardware.security.keymint-service( 1277): finish: ret 0
02-10 00:00:00.111 I/HERMES#HalAdapter( 2640): getBigdataLog called!.
02-10 00:00:00.111 D/HERMES#HalAdapter( 2640): get HermesHAL : vendor.samsung.hardware.security.hermes.ISehHermesCommand$Stub$Proxy@e7c06c0
02-10 00:00:00.111 D/WM-Processor(26295): Work WorkGenerationalId(workSpecId=cb3cf866-032b-4d1b-91ff-e0b0721c7a1a, generation=0) is already enqueued for processing
02-10 00:00:00.112 I/HERMES#ISOSECHW( 1716): HermesCommand.cpp(261) cmd [209] start...
02-10 00:00:00.112 I/HERMES#ISOSECHW( 1716): HermesCommand.cpp(186) GetBigdataMsg start.
02-10 00:00:00.112 I/HERMES#ISOSECHW( 1716): HermesCommand.cpp(191) Collect SPU data
02-10 00:00:00.112 D/WM-SystemJobService(26295): onStartJob for WorkGenerationalId(workSpecId=d79f1fa0-2303-48c7-a37b-3aa3c17ce263, generation=0)
02-10 00:00:00.112 D/DevicePolicyManager( 2640): updateSystemUpdateFreezePeriodsRecord
02-10 00:00:00.112 D/WM-Processor(26295): Work WorkGenerationalId(workSpecId=d79f1fa0-2303-48c7-a37b-3aa3c17ce263, generation=0) is already enqueued for processing
02-10 00:00:00.112 I/DevicePolicyManager( 2640): Profile off deadline alarm is removed.
02-10 00:00:00.112 D/DevicePolicyManager( 2640): Personal apps suspended explicitly: false, by timeout: false, notification: 0
02-10 00:00:00.112 E/HERMES#Service( 2640): Some problem has occured, Err = -100
02-10 00:00:00.112 W/System.err( 2640): com.android.server.BigdataException: Bigdata function is not supported
02-10 00:00:00.112 W/System.err( 2640): 	at com.android.server.HermesService$1.run(qb/105117711 790d9bfa6da06eeef6d0fde3c38341bab018595cfa7b0ac6fac4ea395378d8cb:218)
02-10 00:00:00.113 I/HERMES#ISOSECHW( 1716): etcCommand.cpp(37) GetBigdataMsg start.
02-10 00:00:00.115 E/HERMES#COMMON( 1716): File.cpp(64) Failed to stat (No such file or directory)
02-10 00:00:00.115 E/HERMES#ISOSECHW( 1716): etcCommand.cpp(42) open file error : /data/vendor/log/hermes/diag.dat
02-10 00:00:00.116 E/HERMES#ISOSECHW( 1716): etcCommand.cpp(69) The file deletion was failed : /data/vendor/log/hermes/diag.dat
02-10 00:00:00.116 I/HERMES#ISOSECHW( 1716): etcCommand.cpp(77) GetBigdataMsg end.
02-10 00:00:00.116 I/HERMES#ISOSECHW( 1716): HermesCommand.cpp(271) cmd [209] end...[0]
02-10 00:00:00.119 D/QSClockBellTower( 3998): onReceive(android.intent.action.DATE_CHANGED) mTimeZoneString:Asia/Qatar
02-10 00:00:00.119 D/PhoneStatusBarPolicy( 3998): updateVolumeZen: NOTI_DND_ONGOING_ALERT
02-10 00:00:00.119 D/PhoneStatusBarPolicy( 3998):  updateVolumeZenTW
02-10 00:00:00.119 D/PhoneStatusBarPolicy( 3998): updateVolumeZenTW: NOTI_DND_ONGOING_ALERTNOTI_DND_ONGOING_ALERTNOTI_DND_ONGOING_ALERT
02-10 00:00:00.119 D/PhoneStatusBarPolicy( 3998): zen:0
02-10 00:00:00.120 D/AbTestManager( 2640): CMD_UPDATE_ABTEST_ACTIVATION
02-10 00:00:00.120 D/PhoneStatusBarPolicy( 3998): ZenCanceled
02-10 00:00:00.120 D/PhoneStatusBarPolicy( 3998): ZenCanceled
02-10 00:00:00.120 I/PhoneStatusBarPolicy( 3998): updateZen- mVibrateVisible: false, mMuteVisible: false
02-10 00:00:00.121 W/keymint_tee( 1277): [WRN]begin req PARAMS: A32, BM32, PD1, 
02-10 00:00:00.121 D/BackgroundInstallControlService( 2640): Package event received: 0
02-10 00:00:00.122 I/LockContentProvider( 9347): query: uri=content://com.samsung.android.app.clockpack.provider/clock_pack_settings/get_alternate_calendar_complete_text, mDBAdapter = com.samsung.android.app.aodservice.common.provider.DB.SQLiteOpenHelperAdapter@a75cd3d, caller=com.android.systemui
02-10 00:00:00.123 D/keymint_swd( 1277): keymint_swd keymint [WRN] (km_add_tag:528) skip: non repetable tag already exists with different value: 268435458
02-10 00:00:00.123 D/keymint_swd( 1277): keymint_swd keymint [WRN] (swd_run_cb:267) swd_begin() returns 0
02-10 00:00:00.123 D/android.hardware.security.keymint-service( 1277): begin: ret 0
02-10 00:00:00.123 I/keystore2( 1275): system/security/keystore2/src/security_level.rs:466 - In create_operation. Success to create IKeystoreOperation. 10333, None
02-10 00:00:00.124 W/qdgralloc( 1804): getInterlacedFlag: getMetaData returned 3, defaulting to interlaced_flag = 0
02-10 00:00:00.124 I/HERMES#Service( 2640): Full String : À€À€À€À€À€À€À€À€À€À€À€À€À€À€À€À€À€À€À€À€À€À€À€À€À€À€À€À€À€À€À€À€À€À€À€À€À€À€À€À€À€À€À€À€À€À€À€À€À€À€À€À€À€À€À€À€À€À€À€À€À€À€À€À€À€À€À€À€À€À€À€À€À€À€À€À€À€À€À€À€À€À€À€À€À€À€À€À€À€À€À€À€À€À€À€À€À€À€À€À€À€À€À€À€À€À€À€À€À€À€À€À€À€À€À€À€À€À€À€À€À€À€À€À€À€À€À€À€À€À€À€À€À€À€À€À€À€À€À€À€À€À€À€À€À€À€À€À€À€À€À€À€À€À€À€À€À€À€À€À€À€À€À€À€À€À€À€À€À€À€À€À€À€À€À€À€À€À€À€À€À€À€À€À€À€À€À€À€À€À€À€À€À€À€À€À€À€À€À€À€À€À€À€À€À€À€À€À€À€À€À€À€À€À€À€À€À€À€À€À€À€À€À€À€À€À€À€À€À€À€À€À€À€À€À€À€À€À€À€À€À€À€À€À€À€À€À€À€À€À€À€À€À€À€À€À€À€À€À€À€À€À€À€À€À€À€À€À€À€À€À€À€À€À€À€À€À€À€À€À€À€À€À€À€À€À€À€À€À€À€À€À€À€À€À€À€À€À€À€À€À€À€À€À€À€À€À€À€À€À€À€À€À€À€À€À€À€À€À€À€À€À€À€À€À€À€À€À€À€À€À€À€À€À€À€À€À€À€À€À€À€À€À€À€À€À€À€À€À€À€À€À€À€À€À€À€À€À€À€À€À€À€À€À€À€À€À€À€À€À€À€À€À€À€À€À€À€À€À€À€À€À€À€À€À€À€À€À€À€À€À€À€À€À€À€À€À€À€À€À€À€À€À€À€À€À€À€À€À€À€À€À€À€À€À€À€À€À€À€À€À€À€À€À€À€À€À€À€À€À€À€À€À€À€À€À€À€À€À€À€À€À€À€À€À€À€À€À€À€À€À€À€À€À€À€À€À€À€À€À€À€À€À€À€À€À€À€À€À€À€À€À€À€À€À€À€À€À€À€À€À€À€À€À€À€À€À€À€À€À€À€À€À€À€À€À€À€À€À€À€À€À€À€À€À€À€À€À€À€À€À€À€À€À€À€À€À€À€À€À€À€À€À€À€À€À€À€À€À€À€À€À€À€À€À€À€À€À€À€À€À€À€À€À€À€À€À€À€À€À€À€À€À€À€À€À€À€À€À€À€À€À€À€À€À€À€À€À€À€À€À€À€À€À€À€À€À€À€À€À€À€À€À€À€À€À€À€À€À€À€À€À€À€À€À€À€À€À€À€À€À€À€À€À€À€À€À€À€À€À€À€À€À€À€À€À€À€À€À€À€À€À€À€À€À€À€À€À€À€À€À€À€À€À€À€À€À€À€À€À€À€À€À€À€À€À€À€À€À€À€À€À€À€À€À€À€À€À€À€À€À€À€À€À€À€À€À€À€À€À€À€À€À€À€À€À€À€À€À€À€À€À€À€À€À€À€À€À€À€À€À€À€À€À€À€À€À€À€À€À€À€À€À€À€À€À€À€À€À€À€À€À€À€À€À€À€À€À€À€À€À€À€À€À€À€À€À€À€À€À€À€À€À€À€À€À€À€À€À€À€À€À€À€À€À€À€À€À€À€À€À€À€À€À€À€À€À€À€À€À€À€À€À€À€À€À€À€À€À€À€À€À€À€À€À€À€À€À€À€À€À€À€À€À€À€À€À€À€À€À€À€À€À€À€À€À€À€À€À€À€À€À€À€À€À€À€À€À€À€À€À€À€À€À€À€À€À€À€À€À€À€À€À€À€À€À€À€À€À€À€À€À€À€À€À€À€À€À€À€À€À€À€À€À€À€À€À€À€À€À€À€À€À€À€À€À€À€À€À€À€À€À€À€À€À€À€À€À€À€À€À€À€À€À€À€À€À€À€À€À€À€À€À€À€À€À€À€À€À€À€À€À€À€À€À€À€À€À€À€À€À€À€À€À€À€À€À€À€À€À€À€À€À€À€À€À€À€À€À€À€À€À€À€À€À€À€À€À€À€À€À€À€À€À€À€À€À€À€À€À€À€À€À€À€À€À€À€À€À€À€À€À€À€À€À€À€À€À€À€À€À€À€À€À€À€À€À€À€À€À€À€À€À€À€À€À€À€À€À€À€À€À€À€À€À€À€À€À€À€À€À€À€À€À€À€À€À€À€À€À€À€À€À€À€À€À€À€À€À€À€À€À€À€À€À€À€À€À€À€À€À€À€À€À€À€À€À€À€À€À€À€À€À€À€À€À€À€À€À€À€À€À€À€À€À€À€À€À€À€À€À€À€À€À€À€À€À€À€À€À€À€À€À€À€À€À€À€À€À€À€À€À€À€À€À€À€À€À€À€À€À€À€À€À€À€À€À€À€À€À€À€À€À€À€À€À€À€À€À€À€À€À€À€À€À€À€À€À€À€À€À€À€À€À€À€À€À€À€À€À€À€À€À€À€À€À€À€À€À€À€À€À€À€À€À€À€À€À€À€À€À€À€À€À€À€À€À€À€À€À€À€À€À€À€À€À€À€À€À€À€À€À€À€À€À€À€À€À€À€À€À€À€À€À€À€À€À€À€À€À€À€À€À€À€À€À€À€À€À€À€À€À€À€À€À€À€À€À€À€À€À€À€À€À€À€À€À€À€À€À€À€À€À€À€À€À€À€À€À€À€À€À€À€À€À€À€À€À€À€À€À€À€À€À€À€À€À€À€À€À€À€À€À€À€À€À€À€À€À€À€À€À€À€À€À€À€À€À€À€À€À€À€À€À€À€À€À€À€À€À€À€À€À€À€À€À€À€À€À€À€À€À€À€À€À€À€À€À€À€À€À€À€À€À€À€À€À€À€À€À€À€À€À€À€À€À€À€À€À€À€À€À€À€À€À€À€À€À€À€À€À€À€À€À€À€À€À€À€À€À€À€À€À€À€À€À€À€À€À€À€À€À€À€À€À€À€À€À€À€À€À€À€À€À€À€À€À€À€À€À€À€À€À€À€À€À€À€À€À€À€À€À€À€À€À€À€À€À€À€À€À€À€À€À€À€À€À€À€À€À€À€À€À€À€À€À€À€À€À€À€À€À€À€À€À€À€À€À€À€À€À€À€À€À€À€À€À€À€À€À€À€À€À€À€À€À€À€À€À€À€À€À€À€À€À€À€À€À€À€À€À€À€À€À€À€À€À€À€À€À€À€À€À€À€À€À€À€À€À€À€À€À€À€À€À€À€À€À€À€À€À€À€À€À€À€À€À€À€À€À€À€À€À€À€À€À€À€À€À€À€À€À€À€À€À€À€À€À€À€À€À€À€À€À€À€À€À€À€À€À€À€À€À€À€À€À€À€À€À€À€À€À€À€À€À€À€À€À€À€À€À€À€À€À€À€À€À€À€À€À€À€À€À€À€À€À€À€À€À€À€À€À€À€À€À€À€À€À€À€À€À€À€À€À€À€À€À€À€À€À€À€À€À€À€À€À€À€À€À€À€À€À€À€À€À€À€À€À€À€À€À€À€À€À€À€À€À€À€À€À€À€À€À€À€À€À€À€À€À€À€À€À€À€À€À€À€À€À€À€À€À€À€À€À€À€À€À€À€À€À€À€À€À€À€À€À€À€À€À€À€À€À€À€À€À€À€À€À€À€À€À€À€À€À€À€À€À€À€À€À€À€À€À€À€À€À€À€À€À€À€À€À€À€À€À€À€À€À€À€À€À€À€À€À€À€À€À€À€À€À€À€À€À€À€À€À€À€À€À€À€À€À€À€À€À€À€À€À€À€À€À€À€À€À€À€À€À€À€À€À€À€À€À€À€À€À€À€À€À€À€À€À€À€À€À€À€À€À€À€À€À€À€À€À€À€À€À€À€À€À€À€À€À€À€À€À€À€À€À€À€À€À€À€À€À€À€À€À€À€À€À€À€À€À€À€À€À€À€À€À€À€À€À€À€À€À€À€À€À€À€À€À€À€À€À€À€À€À€À€À€À€À€À€À€À€À€À€À€À€À€À€À€À€À€À€À€À€À€À€À€À€À€À€À€À€À€À€À€À€À€À€À€À€À€À€À€À€À€À€À€À€À€À€À€À€À€À€À€À€À€À€À€À€À€À€À€À€À€À€À€À€À€À€À€À€À€À€À€À€À€À€À€À€À€À€À€À€À€À€À€À€À€À€À€À€À€À€À€À€À€À€À€À€À€À€À€À€À€À€À€À€À€À€À€À€À€À€À€À€À€À€À€À€À€À€À€À€À€À€À€À€À€À€À€À€À€À€À€À€À€À€À€À€À€À€À€À€À€À€À€À€À€À€À€À€À€À€À€À€À€À€À€À€À€À€À€À€À€À€À€À€À€À€À€À€À€À€À€À€À€À€À€À€À€À€À€À€À€À€À€À€À€À€À€À€À€À€À€À€À€À€À€À€À€À€À€À€À€À€À€À€À€À
02-10 00:00:00.124 I/HERMES#Service( 2640): SDAK=SDAK="GAK":"com.google.android.gms/checkin_attestation/EC_RKP_AD/0/43114496"
02-10 00:00:00.124 I/HERMES#Service( 2640): SDAK=SDAK="SKG":"com.server.auditor.ssh.client/test_hw_alias_1a3d14ce-706f-46fe-b5fe-1dc752c3f439/EC/0/43118592"
02-10 00:00:00.124 I/HERMES#Service( 2640): SDAK=SDAK="SAK":"com.osp.app.signin/sak_key/EC/0/43122688"
02-10 00:00:00.124 I/HERMES#Service( 2640): SDAK=SDAK="SAK":"com.samsung.android.kmxservice/integrity/EC_AD/0/43143168"
02-10 00:00:00.124 I/HERMES#Service( 2640): SDAK=SDAK="SAK":"com.samsung.android.mcfserver/MCF_SAK_CERT/EC/0/43147264"
02-10 00:00:00.124 I/HERMES#Service( 2640): SDAK=SDAK="GAK":"com.sankuai.sailor.afooddelivery/icg-92660514-69d3-46b0-bf54-879c8d9c2509/EC_RKP/0/43163648"
02-10 00:00:00.124 I/HERMES#Service( 2640): SDAK=SDAK="GAK":"com.sankuai.sailor.afooddelivery/icg-e51de898-88c2-47f4-9756-2a99d9b71b21/EC_RKP/0/43171840"
02-10 00:00:00.124 I/HERMES#Service( 2640): SDAK=SDAK="GAK":"com.sankuai.sailor.afooddelivery/sankuai_alias/EC_RKP/0/43171840"
02-10 00:00:00.124 I/HERMES#Service( 2640): SDAK=SDAK="GAK":"com.alibaba.aliexpresshd/no506b3822wb/EC_RKP/0/43192320"
02-10 00:00:00.124 I/HERMES#Service( 2640): SDAK=SDAK="GAK":"com.alibaba.aliexpresshd/no506b3822wbTB/EC_RKP/0/43175936"
02-10 00:00:00.124 I/HERMES#Service( 2640): SDAK=SDAK="GAK":"com.alibaba.aliexpresshd/no506b3822wb/EC_RKP/0/43184128"
02-10 00:00:00.124 I/HERMES#Service( 2640): SDAK=SDAK="GAK":"com.alibaba.aliexpresshd/no506b3822wbTB/EC_RKP/0/43184128"
02-10 00:00:00.124 I/HERMES#Service( 2640): SDAK=SDAK="GAK":"com.alibaba.aliexpresshd/no506b3822wbTB/EC_RKP/0/43188224"
02-10 00:00:00.124 I/HERMES#Service( 2640): SDAK=SDAK="GAK":"com.alibaba.aliexpresshd/no506b3822wb/EC_RKP/0/43188224"
02-10 00:00:00.124 I/HERMES#Service( 2640): SDAK=SDAK="GAK":"com.alibaba.aliexpresshd/no506b3822wbTB/EC_RKP/0/43180032"
02-10 00:00:00.124 I/HERMES#Service( 2640): SDAK=SDAK="GAK":"com.alibaba.aliexpresshd/no506b3822wbTB/EC_RKP/0/43192320"
02-10 00:00:00.124 I/HERMES#Service( 2640): SDAK=SDAK="GAK":"com.alibaba.aliexpresshd/no506b3822wb/EC_RKP/0/43196416"
02-10 00:00:00.124 I/HERMES#Service( 2640): SDAK=SDAK="GAK":"com.alibaba.aliexpresshd/no506b3822wbTB/EC_RKP/0/43196416"
02-10 00:00:00.124 I/HERMES#Service( 2640): SDAK=SDAK="GAK":"com.alibaba.aliexpresshd/no506b3822wb/EC_RKP/0/43200512"
02-10 00:00:00.124 I/HERMES#Service( 2640): SDAK=SDAK="GAK":"com.alibaba.aliexpresshd/no506b3822wbTB/EC_RKP/0/43200512"
02-10 00:00:00.124 I/HERMES#Service( 2640): SDAK=SDAK="SAK":"com.samsung.android.kmxservice/integrity/EC_AD/0/43200512"
02-10 00:00:00.124 I/HERMES#Service( 2640): SDAK=SDAK="GAK":"com.sankuai.sailor.afooddelivery/icg-93fd8998-c4b6-4586-bc48-9eefb83ec97d/EC_RKP/0/43204608"
02-10 00:00:00.124 I/HERMES#Service( 2640): SDAK=SDAK="GAK":"com.sankuai.sailor.afooddelivery/sankuai_alias/EC_RKP/0/43204608"
02-10 00:00:00.124 I/HERMES#Service( 2640): SDAK=SDAK="GAK":"com.sankuai.sailor.afooddelivery/icg-92d8b268-b99d-4c96-b469-9c4231289c60/EC_RKP/0/43220992"
02-10 00:00:00.124 I/HERMES#Service( 2640): SDAK=SDAK="GAK":"com.sankuai.sailor.afooddelivery/sankuai_alias/EC_RKP/0/43216896"
02-10 00:00:00.124 I/HERMES#Service( 2640): SDAK=SDAK="GAK":"com.sankuai.sailor.afooddelivery/icg-a089fe9a-38b6-416e-a841-0d1408cc65e6/EC_RKP/0/43225088"
02-10 00:00:00.124 I/HERMES#Service( 2640): SDAK=SDAK="GAK":"com.sankuai.sailor.afooddelivery/sankuai_alias/EC_RKP/0/43225088"
02-10 00:00:00.124 I/HERMES#Service( 2640): SDAK=SDAK="GAK":"com.sankuai.sailor.afooddelivery/icg-72b1a739-ab6d-4b8a-8984-19e871975b05/EC_RKP/0/43237376"
02-10 00:00:00.124 I/HERMES#Service( 2640): SDAK=SDAK="GAK":"com.sankuai.sailor.afooddelivery/sankuai_alias/EC_RKP/0/43245568"
02-10 00:00:00.124 I/HERMES#Service( 2640): SDAK=SDAK="GAK":"com.sankuai.sailor.afooddelivery/icg-c79116d5-80db-4dcd-af0d-40babb9996be/EC_RKP/0/43261952"
02-10 00:00:00.124 I/HERMES#Service( 2640): SDAK=SDAK="GAK":"com.sankuai.sailor.afooddelivery/sankuai_alias/EC_RKP/0/43257856"
02-10 00:00:00.124 I/HERMES#Service( 2640): SDAK=SDAK="GAK":"com.alibaba.aliexpresshd/no506b3822wb/EC_RKP/0/43266048"
02-10 00:00:00.124 I/HERMES#Service( 2640): SDAK=SDAK="GAK":"com.alibaba.aliexpresshd/no506b3822wbTB/EC_RKP/0/43266048"
02-10 00:00:00.124 I/HERMES#Service( 2640): SDAK=SDAK="GAK":"com.alibaba.aliexpresshd/no506b3822wb/EC_RKP/0/43270144"
02-10 00:00:00.124 I/HERMES#Service( 2640): SDAK=SDAK="GAK":"com.alibaba.aliexpresshd/no506b3822wbTB/EC_RKP/0/43270144"
02-10 00:00:00.124 I/HERMES#Service( 2640): SDAK=SDAK="GAK":"com.sankuai.sailor.afooddelivery/icg-a6715399-eff4-440c-93d9-60cdfb05589a/EC_RKP/0/43270144"
02-10 00:00:00.124 I/HERMES#Service( 2640): SDAK=SDAK="GAK":"com.sankuai.sailor.afooddelivery/icg-74f748d8-90df-4495-a5c4-e28def6f0f32/EC_RKP/0/43274240"
02-10 00:00:00.124 I/HERMES#Service( 2640): SDAK=SDAK="GAK":"com.sankuai.sailor.afooddelivery/sankuai_alias/EC_RKP/0/43274240"
02-10 00:00:00.124 I/HERMES#Service( 2640): SDAK=SDAK="GAK":"com.alibaba.aliexpresshd/no506b3822wb/EC_RKP/0/43286528"
02-10 00:00:00.124 I/HERMES#Service( 2640): SDAK=SDAK="GAK":"com.alibaba.aliexpresshd/no506b3822wbTB/EC_RKP/0/43294720"
02-10 00:00:00.124 I/HERMES#Service( 2640): SDAK=SDAK="GAK":"com.alibaba.aliexpresshd/no506b3822wb/EC_RKP/0/43290624"
02-10 00:00:00.124 I/HERMES#Service( 2640): SDAK=SDAK="GAK":"com.alibaba.aliexpresshd/no506b3822wbTB/EC_RKP/0/43290624"
02-10 00:00:00.124 I/HERMES#Service( 2640): SDAK=SDAK="GAK":"com.alibaba.aliexpresshd/no506b3822wbTB/EC_RKP/0/43282432"
