02-10 00:30:26.714  4611 18877 I SurfaceControlRegistry: show, t=StartTransaction_SyncId<883> sc=Task=1, caller=android.view.SurfaceControl$Transaction.show:3557 S.j.a:152 S.j.u:0 S.j.t:0 com.android.systemui.animation.RemoteAnimationTargetCompat.wrap:48 com.android.systemui.animation.RemoteAnimationTargetCompat.wrapApps:10 
02-10 00:30:26.714  8742  9098 I Rubin   : [54] M.c0.k(Unknown Source) : Notify com.samsung.android.rubin.inferenceengine.contextanalytics.engine.loggers.AppUsageLogger's database is updated.
02-10 00:30:26.714  1804  3112 I SurfaceFlinger: id=10555 createSurf, flag=84000, Surface(name=Task=117)/@0xfaea761_transition-leash#10555
02-10 00:30:26.711  2640  3809 D BackgroundInstallControlService: Package event received: 0
02-10 00:30:26.715  2640  3003 D RestrictionPolicy: isScreenCaptureEnabled : ret=true userId=0
02-10 00:30:26.715  2640  3003 D SurfaceComposerClient: setCornerRadius ## 98d5d23 org.jellyfin.mobile/org.jellyfin.mobile.MainActivity#7191 cornerRadius=0.000000
02-10 00:30:26.715  2640  3003 D SurfaceComposerClient: setCornerRadius ## f617943 com.sec.android.app.launcher/com.sec.android.app.launcher.activities.LauncherActivity#123 cornerRadius=0.000000
02-10 00:30:26.715  2640  3003 D SurfaceComposerClient: setCornerRadius ## 98d5d23 org.jellyfin.mobile/org.jellyfin.mobile.MainActivity#7191 cornerRadius=0.000000
02-10 00:30:26.716  2640  3003 D SurfaceComposerClient: setCornerRadius ## f617943 com.sec.android.app.launcher/com.sec.android.app.launcher.activities.LauncherActivity#123 cornerRadius=0.000000
02-10 00:30:26.716 16699 16699 E BluetoothRemoteDevices: getSecMetadata : return SUPPORTED_FEATURES
02-10 00:30:26.716 16699 16699 E A2dpService: isSupportLowLatencyMode: DataPacket is too short.
02-10 00:30:26.717  1804  1804 I SurfaceFlinger: [Surface(name=Task=1)/@0x794ef6b_transition-leash#10554] attach to parent LayerHierarchy{RequestedLayerState{Transition Root: Task=1#10553 parentId=10} 1 children}
02-10 00:30:26.717  1804  1804 I SurfaceFlinger: [Surface(name=Task=117)/@0xfaea761_transition-leash#10555] attach to parent LayerHierarchy{RequestedLayerState{Transition Root: Task=1#10553 parentId=10} 2 children}
02-10 00:30:26.717  4611 18877 I SurfaceControlRegistry: show, t=StartTransaction_SyncId<883> sc=Task=117, caller=android.view.SurfaceControl$Transaction.show:3557 S.j.a:152 S.j.u:0 S.j.t:0 com.android.systemui.animation.RemoteAnimationTargetCompat.wrap:48 com.android.systemui.animation.RemoteAnimationTargetCompat.wrapApps:10 
02-10 00:30:26.718  4611 18877 I SurfaceControlRegistry: apply, t=StartTransaction_SyncId<883>, caller=android.view.SurfaceControl$Transaction.apply:3459 android.view.SurfaceControl$Transaction.apply:3447 android.view.SurfaceControl$Transaction.apply:3397 com.android.systemui.animation.RemoteAnimationRunnerCompat$1.startAnimation:645 android.window.IRemoteTransition$Stub.onTransact:162 android.os.Binder.execTransactInternal:1462 
02-10 00:30:26.718  4611 18877 I HoneySpace.ShellAnimationRunner: [onAnimationStart] appTarget(0) : taskId-1, mode-0
02-10 00:30:26.718  4611 18877 I HoneySpace.ShellAnimationRunner: cookie: -2147483648
02-10 00:30:26.718  4611 18877 I HoneySpace.ShellAnimationRunner: [onAnimationStart] appTarget(1) : taskId-117, mode-1
02-10 00:30:26.718  4611 10213 E AppIconSolution: Couldn't get theme package resources, package is null
02-10 00:30:26.718  4611 10213 I AppIconSolution: load= live icon for com.sec.android.app.clockpackage, from overlay = false
02-10 00:30:26.718  4611  4611 I HoneySpace.ShellAnimationRunner: this , com.honeyspace.transition.ShellAnimationRunner@3dc6561
02-10 00:30:26.720  4611 10213 I LauncherActivityInfo: packageName: com.sec.android.app.clockpackage, useThemeIcon: false, height: 288, width: 288, density: 640
02-10 00:30:26.722  4611 10213 I HoneySpace.LiveIconSupplier: updateIcon - 27, CLOCK, true - 00:30, view: #dc8e36b, parent: ApplistCellLayout#ee3d32f
02-10 00:30:26.722  3998  4106 V WindowManagerShell:  animated by com.android.wm.shell.transition.RemoteTransitionHandler@f585313
02-10 00:30:26.722  4611  4611 I HoneySpace.ShellAnimationRunner: finishExistingAnimation, null
02-10 00:30:26.716  2640  2999 V WindowManager: Sent Transition (#883) createdAt=02-10 00:30:26.439 via request=TransitionRequestInfo { type = CLOSE, triggerTask = TaskInfo{userId=0 taskId=117 effectiveUid=10474 displayId=0 isRunning=true baseIntent=Intent { act=android.intent.action.MAIN cat=[android.intent.category.LAUNCHER] flg=0x10200000 cmp=org.voxmatrix.app/.MainActivity } baseActivity=ComponentInfo{org.voxmatrix.app/org.voxmatrix.app.MainActivity} topActivity=ComponentInfo{org.voxmatrix.app/org.voxmatrix.app.MainActivity} origActivity=null realActivity=ComponentInfo{org.voxmatrix.app/org.voxmatrix.app.MainActivity} numActivities=1 lastActiveTime=24959670 supportsMultiWindow=true resizeMode=1 isResizeable=true minWidth=-1 minHeight=-1 maxWidth=-1 maxHeight=-1 defaultMinSize=220 desktopDefaultMinSize=304 token=WCT{RemoteToken{a851c63 Task{3e53928 #117 type=standard I=org.voxmatrix.app/.MainActivity}}} topActivityType=1 pictureInPictureParams=null shouldDockBigOverlays=false launchIntoPipHostTaskId=-1 lastParentTaskIdBeforePip=-1 displayCutoutSafeInsets=Rect(0, 0 - 0, 0) topActivityInfo=ActivityInfo{42e4919 org.voxmatrix.app.MainActivity} launchCookies=[android.os.BinderProxy@450edde] positionInParent=Point(0, 0) parentTaskId=-1 isFocused=true isVisible=true isVisibleRequested=true isTopActivityNoDisplay=false isSleeping=false locusId=null displayAreaFeatureId=1 isTopActivityTransparent=false isActivityStackTransparent=false lastNonFullscreenBounds=Rect(81, 606 - 999, 1776) capturedLink=null capturedLinkTimestamp=0 requestedVisibleTypes=-1 topActivityRequestOpenInBrowserEducationTimestamp=0 appCompatTaskInfo=AppCompatTaskInfo { topActivityInSizeCompat=false eligibleForLetterboxEducation= false isLetterboxEducationEnabled= false isLetterboxDoubleTapEnabled= false eligibleForUserAspectRatioButton= false topActivityBoundsLetterboxed= false isFromLetterboxDoubleTap= false topActivityLetterboxVerticalPosition= -1 topActivityLetterboxHorizontalPosition= -1 topActivityLetterboxWidth=-1 topActivityLetterboxHeight=-1 topActivityAppBounds=Rect(0, 0 - 1080, 2340) isUserFullscreenOverrideEnabled=false isSystemFullscreenOverrideEnabled=false hasMinAspectRatioOverride=false topActivityLetterboxBounds=null cameraCompatTaskInfo=CameraCompatTaskInfo { freeformCameraCompatMode=inactive} topActivityBounds=null topActivityInDisplayCompat=false singleTapFromLetterbox=false} topActivityMainWindowFrame=null originallySupportedMultiWindow=true hasWallpaper=false rootAffinity=null isTopTaskInStage=false CoverLauncherWidgetTask=false LaunchedFromAppsCoverLauncherTask=false LaunchedFromMultistarCoverLauncherTask=false isAllowedSeamlessRotation=false isTopTransparentActivity=true isAliasManaged=false hasConfigChanged=false snappingGuideBounds=null isAiKeyRemoveAppTask=false lastDesktopWindowingBounds=null lastExternalDesktopWindowingBounds=null safeCutoutInsets=null}, pipChange = null, remoteTransition = null, displayChange = null, flags = 16, debugId = 883 }
02-10 00:30:26.722  2640  3002 I ActivityManager: Changes in 10125 10 to 6, 0 to 128
02-10 00:30:26.722  2640  3004 D SurfaceComposerClient: [SEC_SF_EFFECTS] setBackgroundBlurRadius ## Dim Layer for - Display 0 name="Built-in Screen"#10547 backgroundBlurRadius=0
02-10 00:30:26.722  4611  4611 I HoneySpace.AppCloseAnimationDelegate: onAnimationStart
02-10 00:30:26.722  2640  5316 D SGM:GameManager: identifyGamePackage. com.sec.android.app.launcher, mCurrentUserId: 0, callingMethodInfo: com.samsung.android.game.IGameManagerService$Stub.onTransact(IGameManagerService.java:247)
02-10 00:30:26.722  2640  7164 D SGM:GameManager: identifyForegroundApp. com.sec.android.app.launcher, mCurrentUserId: 0, callerUserId: 0
02-10 00:30:26.722  2640  3002 W ProcessStats: Tracking association SourceState{30e54e7 com.android.bluetooth/1002 ImpFg #69803} whose proc state 5 is better than process ProcessState{5510d4c com.samsung.android.mcfserver/10125 pkg=com.samsung.android.mcfserver} proc state 8 (5 skipped)
02-10 00:30:26.723  4611  4611 I HoneySpace.AppCloseAnimationDelegate: findTargetView() called with: targets = com.honeyspace.transition.remote.RemoteAnimationTargets@cd8c8d3, centerMostInfo = null
02-10 00:30:26.723  4611  4611 I HoneySpace.AppCloseAnimationDelegate: findTargetValue [cookie-6991, pkgName-org.voxmatrix.app]
02-10 00:30:26.723  2640  3809 D BackgroundInstallControlService: Package event received: 0
02-10 00:30:26.724  2640  2999 V WindowManager:     startWCT=WindowContainerTransaction { changes= {} hops= [] errorCallbackToken=null taskFragmentOrganizer=null }
02-10 00:30:26.724  2640  2999 V WindowManager:     info={id=883 t=CLOSE f=0x10 trk=0 r=[0@Point(0, 0)] c=[
02-10 00:30:26.724  2640  2999 V WindowManager:         {WCT{RemoteToken{cec4380 Task{bd0dc33 #1 type=home}}} m=TO_FRONT f=SHOW_WALLPAPER|MOVE_TO_TOP|EDGE_EXTENSION_RESTRICTION leash=Surface(name=Task=1)/@0x70d5c4a sb=Rect(0, 0 - 1080, 2340) eb=Rect(0, 0 - 1080, 2340) epz=Point(1080, 2340) d=0 taskParent=-1 inset=Rect(0, 84 - 0, 42)},
02-10 00:30:26.724  2640  2999 V WindowManager:         {WCT{RemoteToken{a851c63 Task{3e53928 #117 type=standard I=org.voxmatrix.app/.MainActivity}}} m=CLOSE f=EDGE_EXTENSION_RESTRICTION leash=Surface(name=Task=117)/@0xe50481d sb=Rect(0, 0 - 1080, 2340) eb=Rect(0, 0 - 1080, 2340) epz=Point(1080, 2340) d=0 taskParent=-1 inset=Rect(0, 0 - 0, 0) dim=true allowAppBgLayer=true},
02-10 00:30:26.724  2640  2999 V WindowManager:         {m=TO_FRONT f=IS_WALLPAPER p=WCT{RemoteToken{a879c5f RemoteWallpaperAnim:1:1@26614118}} leash=Surface(name=WallpaperWindowToken{9a51ce1 showWhenLocked=false})/@0x214d303 sb=Rect(0, 0 - 1080, 2340) eb=Rect(0, 0 - 1080, 2340) epz=Point(1080, 2340) d=0 inset=Rect(0, 0 - 0, 0)}
02-10 00:30:26.724  2640  2999 V WindowManager:     ]}
02-10 00:30:26.724  4611  4611 I HoneySpace.AppListFastRecyclerViewAdapter: findCloseTarget : 6991, ComponentInfo{org.voxmatrix.app/org.voxmatrix.app.MainActivity}
02-10 00:30:26.724  4611  4611 I HoneySpace.AppCloseAnimationDelegate: findTargetView found:Value(view=com.honeyspace.ui.common.iconview.IconViewImpl{4cf7308 VFED..CL. ........ 0,1440-247,1728 #7f0a02ed app:id/icon} - voxmatrix, visibility:0, alpha:1.0, badge:0, icon:163x163, iconAlpha:255, iconState:NONE, iconSize:177, forceHideBadge:false, isTransparent:false, x=0, y=5, component=ComponentInfo{org.voxmatrix.app/org.voxmatrix.app.MainActivity}, isTargetShortcut=false), com.honeyspace.ui.common.iconview.IconViewImpl{4cf7308 VFED..CL. ........ 0,1440-247,1728 #7f0a02ed app:id/icon} - voxmatrix, visibility:0, alpha:1.0, badge:0, icon:163x163, iconAlpha:255, iconState:NONE, iconSize:177, forceHideBadge:false, isTransparent:false, x=0, y=5
02-10 00:30:26.724  4611  4611 I HoneySpace.AppCloseAnimationDelegate: getCloseAnimator : isGestureClosing-true, target-com.honeyspace.ui.common.iconview.IconViewImpl{4cf7308 VFED..CL. ........ 0,1440-247,1728 #7f0a02ed app:id/icon} - voxmatrix, visibility:0, alpha:1.0, badge:0, icon:163x163, iconAlpha:255, iconState:NONE, iconSize:177, forceHideBadge:false, isTransparent:false, x=0, y=5
02-10 00:30:26.724  8742  9098 I Rubin   : [54] com.samsung.android.rubin.inferenceengine.contextanalytics.engine.monitors.moment.exercise.ExercisingWithCmhMonitor.isSatisfiedByCmh(Unknown Source) : isSatisfiedByCmh is false
02-10 00:30:26.725  4611  4611 I HoneySpace.FloatingAnimator: playerCount : 1
02-10 00:30:26.725  4611  4611 I HoneySpace.FloatingAnimator: [Player:A(26.724)] create
02-10 00:30:26.725  4611  4611 I HoneySpace.AppCloseAnimationDelegate: playFloatingIconAnim, appPlayer: A(26.724)
02-10 00:30:26.725  4611  4611 I HoneySpace.TransitionUtils: [getRotationChange] home-0, app-0
02-10 00:30:26.725  4611  4611 I HoneySpace.TransitionUtils: getWindowTargetBounds: Rect(0, 0 - 1080, 2340)
02-10 00:30:26.725  1804  1804 I SurfaceFlinger: RequestedLayer [com.sec.android.app.launcher/com.sec[...]ivities.LauncherActivity$_4611#10551] hidden!! flag  from(1) --> to(0)
02-10 00:30:26.725  4611  4611 I HoneySpace.FloatingAnimator: [Player:A(26.724)] setup. isLandscape:false, isTranslucent:false, screenSize[1080, 2340], isMultiTargets:false, useCurrentDrawable:false
02-10 00:30:26.725  1804  1804 I SurfaceFlinger: RequestedLayer [Transition Root: Task=1#10553] hidden!! flag  from(1) --> to(0)
02-10 00:30:26.725  1804  1804 I SurfaceFlinger: RequestedLayer [ActivityRecord{243601927 u0 com.sec.[...].activities.LauncherActivity t8}#122] hidden!! flag  from(1) --> to(0)
02-10 00:30:26.725  1804  1804 I SurfaceFlinger: RequestedLayer [Task=8#121] hidden!! flag  from(1) --> to(0)
02-10 00:30:26.725  1804  1804 I SurfaceFlinger: RequestedLayer [WallpaperWindowToken{9a51ce1 showWhenLocked=false}#72] hidden!! flag  from(1) --> to(0)
02-10 00:30:26.725  1804  1804 I SurfaceFlinger: RequestedLayer [Task=1#53] hidden!! flag  from(1) --> to(0)
02-10 00:30:26.725  1804  1804 E SurfaceFlinger: alpha changed 1.000 -> 0.000 - Surface(name=Task=1)/@0x794ef6b_transition-leash#10554
02-10 00:30:26.725  1804  1804 I SurfaceFlinger: [LayerHierarchy{RequestedLayerState{Task=1#53 parentId=10554} 2 children}] reparent to LayerHierarchy{RequestedLayerState{Surface(name=Task=1)/@0x794ef6b_transition-leash#10554 parentId=10553 z=2} 1 children}
02-10 00:30:26.725  1804  1804 I SurfaceFlinger: [LayerHierarchy{RequestedLayerState{Input Consumer pip_input_consumer#10465 parentId=10 z=2147483646} no children}] reparent to LayerHierarchy{RequestedLayerState{DefaultTaskDisplayArea_d0#10 parentId=9} 10 children}
02-10 00:30:26.725  1804  1804 I SurfaceFlinger: [LayerHierarchy{RequestedLayerState{Task=117#10472 parentId=10555} 1 children}] reparent to LayerHierarchy{RequestedLayerState{Surface(name=Task=117)/@0xfaea761_transition-leash#10555 parentId=10553 z=5} 1 children}
02-10 00:30:26.725  1804  1804 I SurfaceFlinger: [LayerHierarchy{RequestedLayerState{Surface(name=Task=1)/@0x794ef6b_transition-leash#10554 parentId=10553 z=2} 1 children}] reparent to LayerHierarchy{RequestedLayerState{Transition Root: Task=1#10553 parentId=10} 2 children}
02-10 00:30:26.725  1804  1804 I SurfaceFlinger: [LayerHierarchy{RequestedLayerState{Surface(name=Task=117)/@0xfaea761_transition-leash#10555 parentId=10553 z=5} 1 children}] reparent to LayerHierarchy{RequestedLayerState{Transition Root: Task=1#10553 parentId=10} 2 children}
02-10 00:30:26.725  4611  4611 I HoneySpace.FloatingAnimator: add containerView, com.honeyspace.transition.anim.floating.ContainerView{b1f213 V.E...... ......ID 0,0-1080,2340}
02-10 00:30:26.725  4611  4611 I HoneySpace.FloatingAnimator: add positionListener - com.honeyspace.transition.anim.floating.c@ecc190e
02-10 00:30:26.725  3998  3998 D NavBarView: disableBack=true (isBackDismissIme=false, handlingGestures=true, disabledFlagBack=false, isBottomGesture=false, isImeRenderingNavButtons=false)
02-10 00:30:26.726  4611  4611 I HoneySpace.SpringAnimPlayer: [Player:A(26.724)] spring onAnimationStart
02-10 00:30:26.726  4611  4611 I HoneySpace.ContentsAnimator: from : 0.0
02-10 00:30:26.726  4611  4611 I HoneySpace.HoneyScreenManagerImpl: Close floating task bar
02-10 00:30:26.726  4611  4611 I HoneySpace.ContentsAnimator: ContentsAnimator start [119963467]
02-10 00:30:26.726  2640  3002 I DisplayDeviceRepository: Display device changed render timings: "Built-in Screen", renderFrameRate=120.00001, presentationDeadlineNanos=9333333, appVsyncOffsetNanos=8333333, frameRateOverrides=[{uid=1000 frameRateHz=120.00001}, {uid=10049 frameRateHz=120.00001}, {uid=10144 frameRateHz=120.00001}, {uid=10158 frameRateHz=120.00001}, {uid=10178 frameRateHz=120.00001}, {uid=10442 frameRateHz=120.00001}, {uid=10474 frameRateHz=120.00001}]
02-10 00:30:26.727  4611  4611 I HoneySpace.AnimationResult: setAnimation, animation: false
02-10 00:30:26.727  4611  4611 I HoneySpace.AppTransitionAnimationAwait: proceed 0
02-10 00:30:26.727  4611  4611 I HoneySpace.AppTransitionAnimationAwait: prepare refCnt:1 timeout:1500
02-10 00:30:26.728  4611  4611 I HoneySpace.FloatingAnimator: [Player:A(26.724)] container x: 0.0, y: 0.0, scale : 1.0
02-10 00:30:26.728  4611  4611 I HoneySpace.FloatingAnimator: [Player:A(26.724)] container x: 0.0, y: 0.0, scale : 1.0
02-10 00:30:26.728  4611  4611 I HoneySpace.FloatingAnimator: [Player:A(26.724)] container x: 0.0, y: 0.0, scale : 1.0
02-10 00:30:26.729  4611 14856 I HoneySpace.WallpaperAnimator: createWallpaperSurface
02-10 00:30:26.729  2640  3004 D SurfaceComposerClient: [SEC_SF_EFFECTS] setBackgroundBlurRadius ## Dim Layer for - Display 0 name="Built-in Screen"#10547 backgroundBlurRadius=0
02-10 00:30:26.729  2640  3003 D SurfaceComposerClient: setCornerRadius ## 98d5d23 org.jellyfin.mobile/org.jellyfin.mobile.MainActivity#7191 cornerRadius=0.000000
02-10 00:30:26.729  2640  3003 D SurfaceComposerClient: setCornerRadius ## f617943 com.sec.android.app.launcher/com.sec.android.app.launcher.activities.LauncherActivity#123 cornerRadius=0.000000
02-10 00:30:26.730  2640  7859 I WindowManager: Reparenting to leash, surface=Surface(name=RemoteWallpaperAnim:1:1)/@0xca530ab, leashParent=Surface(name=OneHanded:0:14)/@0x66c0308
02-10 00:30:26.730  1804  3112 I SurfaceFlinger: id=10556 createSurf, flag=24000, Surface(name=RemoteWallpaperAnim:1:1)/@0xca530ab - animation-leash of remote_wallpaper#10556
02-10 00:30:26.730  4611 10213 I AppIconSolution: getThemeIconWithBG called with public API, pkg = org.voxmatrix.app, mode = 48
02-10 00:30:26.730  2640  7859 D WindowManager: makeSurface duration=1 leash=Surface(name=Surface(name=RemoteWallpaperAnim:1:1)/@0xca530ab - animation-leash of remote_wallpaper)/@0x3af6861
02-10 00:30:26.731  2640  7859 D WindowManager: startAnimation for remote wallpaper, leash=Surface(name=Surface(name=RemoteWallpaperAnim:1:1)/@0xca530ab - animation-leash of remote_wallpaper)/@0x3af6861
02-10 00:30:26.731  2640  7859 D WindowManager: startRemoteWallpaperAnimation, d=0, leash=Surface(name=Surface(name=RemoteWallpaperAnim:1:1)/@0xca530ab - animation-leash of remote_wallpaper)/@0x3af6861
02-10 00:30:26.731  4611 10213 I Kumiho-Kumiho: getPackageName: com.sec.android.app.launcher
02-10 00:30:26.731  4611 10213 I AppIconSolution: start to load, pkg=org.voxmatrix.app, bg=192-192, dr=192-192, forDefault=true, density=640
02-10 00:30:26.731  4611  6995 W qdgralloc: getInterlacedFlag: getMetaData returned 3, defaulting to interlaced_flag = 0
02-10 00:30:26.731  4611  1627 I HoneySpace.Memory-Monitor: current state = 2, didTrim = false
02-10 00:30:26.731  4611  7054 I VRI[LauncherActivity]@1c31908: mWNT: t=0xb40000730154e750 mBlastBufferQueue=0xb4000073c17e9900 fn= 4 HdrRenderState mRenderHdrSdrRatio=1.0 caller= com.android.systemui.shared.launcher.ViewRootImplCompat.mergeWithNextTransaction:4 com.honeyspace.transition.utils.SurfaceTransactionApplier.scheduleApply$lambda$1:16 com.honeyspace.transition.utils.SurfaceTransactionApplier.b:0 
02-10 00:30:26.731  4611 10213 I AppIconSolution: getIconScale, pkg=org.voxmatrix.app, size=192, iconScale=IconScale[alpha=0, scale=1.0, isCrop=true]
02-10 00:30:26.731  4611  7054 I VRI[LauncherActivity]@1c31908: mWNT: t=0xb40000730149aa50 mBlastBufferQueue=0xb4000073c17e9900 fn= 4 HdrRenderState mRenderHdrSdrRatio=1.0 caller= com.android.systemui.shared.launcher.ViewRootImplCompat.mergeWithNextTransaction:4 com.honeyspace.transition.utils.SurfaceTransactionApplier.scheduleApply$lambda$1:16 com.honeyspace.transition.utils.SurfaceTransactionApplier.b:0 
02-10 00:30:26.731  4611  7054 I VRI[LauncherActivity]@1c31908: mWNT: t=0xb40000730147a290 mBlastBufferQueue=0xb4000073c17e9900 fn= 4 HdrRenderState mRenderHdrSdrRatio=1.0 caller= com.android.systemui.shared.launcher.ViewRootImplCompat.mergeWithNextTransaction:4 com.honeyspace.transition.utils.SurfaceTransactionApplier.scheduleApply$lambda$1:16 com.honeyspace.transition.utils.SurfaceTransactionApplier.b:0 
02-10 00:30:26.732  4611 10213 I Kumiho-Kumiho: getPackageName: com.sec.android.app.launcher
02-10 00:30:26.732  4611  4611 I HoneySpace.IconView: setIconVisible : visible-false, currentForceHideBadge-false
02-10 00:30:26.732  4611  4611 I HoneySpace.IconView: updateInvisibleState false APP_CLOSING current:0 new:2
02-10 00:30:26.732  4611 10213 I Kumiho-Kumiho: getPackageName: com.sec.android.app.launcher
02-10 00:30:26.732  4611 10213 I AppIconSolution: default container[CROP], pkg=org.voxmatrix.app, bg=192-192, dr=192-192, isNight = true
02-10 00:30:26.733  1804  1804 E SurfaceFlinger: alpha changed 0.000 -> 1.000 - Surface(name=Task=1)/@0x794ef6b_transition-leash#10554
02-10 00:30:26.733  4611 10213 I LauncherActivityInfo: packageName: org.voxmatrix.app, useThemeIcon: false, height: 192, width: 192, density: 640
02-10 00:30:26.733  1804  1804 I SurfaceFlinger: [Surface(name=RemoteWallpaperAnim:1:1)/@0xca530ab - animation-leash of remote_wallpaper#10556] attach to parent LayerHierarchy{RequestedLayerState{OneHanded:0:14#4 parentId=3} 4 children}
02-10 00:30:26.733  2640  3004 D SurfaceComposerClient: [SEC_SF_EFFECTS] setBackgroundBlurRadius ## Dim Layer for - Display 0 name="Built-in Screen"#10547 backgroundBlurRadius=0
02-10 00:30:26.734  4611  4611 I HoneySpace.FloatingAnimator: [Player:A(26.724)] container x: 0.0, y: 0.0, scale : 1.0
02-10 00:30:26.734  4611  4611 I HoneySpace.FloatingAnimator: [Player:A(26.724)] container x: 0.0, y: 2.0317993, scale : 1.0
02-10 00:30:26.734  2640  3003 I SurfaceControl: apply, lowDebugName=startRemoteWallpaperAnimation_260255622, caller=android.view.SurfaceControl$Transaction.apply:3447 android.view.SurfaceControl$Transaction.apply:3397 com.android.server.wm.WindowAnimator.animate:307 com.android.server.wm.WindowAnimator$$ExternalSyntheticLambda1.doFrame:14 android.view.Choreographer$CallbackRecord.run:1899 android.view.Choreographer$CallbackRecord.run:1910 
02-10 00:30:26.734  1804  2044 W qdgralloc: getInterlacedFlag: getMetaData returned 3, defaulting to interlaced_flag = 0
02-10 00:30:26.734  4611  4611 I HoneySpace.FloatingAnimator: [Player:A(26.724)] container x: 2.107804, y: 6.1499634, scale : 0.9960846
02-10 00:30:26.734  4611  4611 I HoneySpace.FloatingAnimator: [Player:A(26.724)] container x: 2.107804, y: 6.1499634, scale : 0.9960846
02-10 00:30:26.738  4611  7427 I HoneySpace.PredictionDataSourceImpl: TYPE_SUGGESTED_APPS updated: 9
02-10 00:30:26.739  1804  1804 D SurfaceFlinger: Display 4630946315032985731 HWC layers:
02-10 00:30:26.739  1804  1804 D SurfaceFlinger:        CLIENT |           17699560226830 | 00000100 | RGBA_8888    |    0.0    0.0 1080.0 2340.0 |    0    0 1080 2340 | Wallpaper BBQ wrapper 7_systemlock#80 (2828)
02-10 00:30:26.739  1804  1804 D SurfaceFlinger:        CLIENT |           19804094203972 | 00002100 | RGBA_8888    |    0.0    0.0 1080.0 2340.0 |    0    0 1080 2340 | com.sec.android.app.launcher/com.sec[...]ivities.LauncherActivity$_4611#10551 (blurRegions) (4)
02-10 00:30:26.739  1804  1804 D SurfaceFlinger:        CLIENT |                        0 | 00000002 | N/A          |    0.0    0.0    0.0    0.0 |    0    0 1080 2340 | Background for 5d01000 SurfaceView[o[...].voxmatrix.app.MainActivity]@0#10490 (0)
02-10 00:30:26.739  1804  1804 D SurfaceFlinger:        CLIENT |           43950400339982 | 00000102 | RGBA_8888    |    0.0    0.0 1080.0 2340.0 |    0    0 1080 2340 | 5d01000 SurfaceView[org.voxmatrix.ap[...]rix.app.MainActivity]@0(BLAST)#10489 (2868)
02-10 00:30:26.739  1804  1804 D SurfaceFlinger:        CLIENT |           43950400339986 | 00002100 | RGBA_8888    |    0.0    0.0 1080.0 2340.0 |    0    0 1080 2340 | org.voxmatrix.app/org.voxmatrix.app.MainActivity$_10233#10484 (118)
02-10 00:30:26.739  1804  1804 D SurfaceFlinger:   
02-10 00:30:26.739  1804  1804 D SurfaceFlinger:      CLIENT |           28814935589208 | 00002100 | RGBA_8888    |    0.0    0.0 1080.0 2256.0 |    0   84 1080 2340 | InputMethod$_6709#10522 (49)
02-10 00:30:26.739  1804  1804 D SurfaceFlinger:        CLIENT |            7748121011875 | 00000000 | RGBA_8888    |    0.0    0.0 1080.0 2256.0 |    0   84 1080 2340 | IME-snapshot-surface#10549 (100)
02-10 00:30:26.739  1804  1804 D SurfaceFlinger:        CLIENT |                        0 | 00000000 | N/A          |    0.0    0.0    0.0    0.0 |  232  101 1063  593 | Task=85#7180 (0)
02-10 00:30:26.739  1804  1804 D SurfaceFlinger:        CLIENT |                        0 | 00000002 | N/A          |    0.0    0.0    0.0    0.0 |  260  129 1035  565 | Background for 922a364 SurfaceView[o[...]jellyfin.mobile.MainActivity]@0#9592 (0)
02-10 00:30:26.739  1804  1804 D SurfaceFlinger:        CLIENT |           25619479942715 | 00000102 | 0x7fa30c09   |    0.0    0.0 1920.0 1080.0 |  260  129 1035  565 | 922a364 SurfaceView[org.jellyfin.mob[...]n.mobile.MainActivity]@0(BLAST)#9591 (48119)
02-10 00:30:26.739  1804  1804 D SurfaceFlinger:        CLIENT |           25619479989370 | 00002100 | RGBA_8888    |    0.0    0.0  775.0  436.0 |  260  129 1035  565 | org.jellyfin.mobile/org.jellyfin.mobile.MainActivity
02-10 00:30:26.739  1804  1804 D SurfaceFlinger: $_5965#9588 (344)
02-10 00:30:26.739  1804  1804 D SurfaceFlinger:        CLIENT |                        0 | 00000000 | N/A          |    0.0    0.0    0.0    0.0 |    0    0 1080 2340 | Dim Layer for - Display 0 name="Built-in Screen"#10547 (0)
02-10 00:30:26.739  1804  1804 D SurfaceFlinger:        DEVICE |           11338713662692 | 00002100 | RGBA_8888    |   40.0    0.0 1120.0  721.0 |    0 1619 1080 2340 | Application Not Responding: org.voxmatrix.app#10545 (blurRegions) (8)
02-10 00:30:26.739  1804  1804 D SurfaceFlinger:        DEVICE |           17171279260758 | 00002100 | RGBA_8888    |    0.0    0.0 1080.0   84.0 |    0    0 1080   84 | StatusBar$_3998#104 (18082)
02-10 00:30:26.739  1804  1804 D SurfaceFlinger:        DEVICE |           17171279260709 | 00002100 | RGBA_8888    |    0.0    0.0 1080.0  135.0 |    0 2205 1080 2340 | NavigationBar0$_3998#100 (24521)
02-10 00:30:26.739  1804  1804 D SurfaceFlinger: 
02-10 00:30:26.739  4611  7065 I VRI[LauncherActivity]@1c31908: mWNT: t=0xb400007301459750 mBlastBufferQueue=0xb4000073c17e9900 fn= 5 HdrRenderState mRenderHdrSdrRatio=1.0 caller= com.android.systemui.shared.launcher.ViewRootImplCompat.mergeWithNextTransaction:4 com.honeyspace.transition.utils.SurfaceTransactionApplier.scheduleApply$lambda$1:16 com.honeyspace.transition.utils.SurfaceTransactionApplier.b:0 
02-10 00:30:26.739  4611  7065 I VRI[LauncherActivity]@1c31908: mWNT: t=0xb40000730150d0d0 mBlastBufferQueue=0xb4000073c17e9900 fn= 5 HdrRenderState mRenderHdrSdrRatio=1.0 caller= com.android.systemui.shared.launcher.ViewRootImplCompat.mergeWithNextTransaction:4 com.honeyspace.transition.utils.SurfaceTransactionApplier.scheduleApply$lambda$1:16 com.honeyspace.transition.utils.SurfaceTransactionApplier.b:0 
02-10 00:30:26.739  4611  7065 I VRI[LauncherActivity]@1c31908: mWNT: t=0xb40000730149d610 mBlastBufferQueue=0xb4000073c17e9900 fn= 5 HdrRenderState mRenderHdrSdrRatio=1.0 caller= com.android.systemui.shared.launcher.ViewRootImplCompat.mergeWithNextTransaction:4 com.honeyspace.transition.utils.SurfaceTransactionApplier.scheduleApply$lambda$1:16 com.honeyspace.transition.utils.SurfaceTransactionApplier.b:0 
02-10 00:30:26.739  2640  7859 D InputDispatcher: Focus entered window (0): f617943 com.sec.android.app.launcher/com.sec.android.app.launcher.activities.LauncherActivity
02-10 00:30:26.739  4611  7065 I VRI[LauncherActivity]@1c31908: mWNT: t=0xb40000730154fc50 mBlastBufferQueue=0xb4000073c17e9900 fn= 5 HdrRenderState mRenderHdrSdrRatio=1.0 caller= com.android.systemui.shared.launcher.ViewRootImplCompat.mergeWithNextTransaction:4 com.honeyspace.transition.utils.SurfaceTransactionApplier.scheduleApply$lambda$1:16 com.honeyspace.transition.utils.SurfaceTransactionApplier.b:0 
02-10 00:30:26.742  1804  1804 I SurfaceFlinger: [LayerHierarchy{RequestedLayerState{RemoteWallpaperAnim:1:1#7 parentId=10556 z=1} 1 children}] reparent to LayerHierarchy{RequestedLayerState{Surface(name=RemoteWallpaperAnim:1:1)/@0xca530ab - animation-leash of remote_wallpaper#10556 parentId=4} 1 children}
02-10 00:30:26.742  1804  1804 I SurfaceFlinger: [LayerHierarchy{RequestedLayerState{Input Consumer pip_input_consumer#10465 parentId=10 z=2147483646} no children}] reparent to LayerHierarchy{RequestedLayerState{DefaultTaskDisplayArea_d0#10 parentId=9} 9 children}
02-10 00:30:26.742  2640  3004 D SurfaceComposerClient: [SEC_SF_EFFECTS] setBackgroundBlurRadius ## Dim Layer for - Display 0 name="Built-in Screen"#10547 backgroundBlurRadius=0
02-10 00:30:26.742  4611  4611 I HoneySpace.FloatingAnimator: [Player:A(26.724)] container x: 2.107804, y: 14.637634, scale : 0.9960846
02-10 00:30:26.742  4611  4611 I HoneySpace.FloatingAnimator: [Player:A(26.724)] container x: 10.593653, y: 31.178415, scale : 0.9803396
02-10 00:30:26.742  4611  4611 I HoneySpace.FloatingAnimator: [Player:A(26.724)] container x: 9.0133915, y: 31.178415, scale : 0.9803396
02-10 00:30:26.742  2640  3002 D WindowManager: mRunner#onAnimationStart for remote wallpaper=[android.view.RemoteAnimationTarget@afa4047], transaction=startRemoteWallpaperAnimation_260255622
02-10 00:30:26.743  4611  4611 I InputMethodManager: startInputInner - IInputMethodManagerGlobalInvoker.startInputOrWindowGainedFocus
02-10 00:30:26.743  4611  7054 I VRI[LauncherActivity]@1c31908: mWNT: t=0xb4000073014d0750 mBlastBufferQueue=0xb4000073c17e9900 fn= 6 HdrRenderState mRenderHdrSdrRatio=1.0 caller= com.android.systemui.shared.launcher.ViewRootImplCompat.mergeWithNextTransaction:4 com.honeyspace.transition.utils.SurfaceTransactionApplier.scheduleApply$lambda$1:16 com.honeyspace.transition.utils.SurfaceTransactionApplier.b:0 
02-10 00:30:26.743  4611  7054 I VRI[LauncherActivity]@1c31908: mWNT: t=0xb4000073014ff290 mBlastBufferQueue=0xb4000073c17e9900 fn= 6 HdrRenderState mRenderHdrSdrRatio=1.0 caller= com.android.systemui.shared.launcher.ViewRootImplCompat.mergeWithNextTransaction:4 com.honeyspace.transition.utils.SurfaceTransactionApplier.scheduleApply$lambda$1:16 com.honeyspace.transition.utils.SurfaceTransactionApplier.b:0 
02-10 00:30:26.743  4611  7054 I VRI[LauncherActivity]@1c31908: mWNT: t=0xb400007301523790 mBlastBufferQueue=0xb4000073c17e9900 fn= 6 HdrRenderState mRenderHdrSdrRatio=1.0 caller= com.android.systemui.shared.launcher.ViewRootImplCompat.mergeWithNextTransaction:4 com.honeyspace.transition.utils.SurfaceTransactionApplier.scheduleApply$lambda$1:16 com.honeyspace.transition.utils.SurfaceTransactionApplier.b:0 
02-10 00:30:26.744  2640  3632 V InputMethodManagerService: startInputOrWindowGainedFocusInternalLocked: reason=WINDOW_FOCUS_GAIN client=android.os.BinderProxy@d775591 inputContext=null editorInfo=android.view.inputmethod.EditorInfo@a0d3074 startInputFlags=VIEW_HAS_FOCUS|INITIAL_CONNECTION softInputMode=STATE_UNSPECIFIED|ADJUST_NOTHING windowFlags=#81910100 unverifiedTargetSdkVersion=36 bindingController=com.android.server.inputmethod.InputMethodBindingController@49d802e imeDispatcher=android.window.ImeOnBackInvokedDispatcher@a19299d cs=ClientState{96e028d mUid=10158 mPid=4611 mSelfReportedDisplayId=0} imeRequestedVisible=false
02-10 00:30:26.744  2640  3632 V InputMethodManagerService: setWindowStateInner, windowToken=android.os.BinderProxy@3a7fef2, state=ImeTargetWindowState{ imeToken null imeFocusChanged true hasEditorFocused false requestedImeVisible false imeDisplayId 0 softInputModeState STATE_UNSPECIFIED|ADJUST_NOTHING isStartInputByGainFocus true}
02-10 00:30:26.744  2640  3632 V InputMethodManagerService: Unspecified window will hide input
02-10 00:30:26.745  4611 18877 I HoneySpace.WallpaperAnimator: onAnimationStart, wallpapers: Surface(name=Surface(name=RemoteWallpaperAnim:1:1)/@0xca530ab - animation-leash of remote_wallpaper)/@0x18b1d21
02-10 00:30:26.745  4611  4611 I HoneySpace.WallpaperAnimator: startWallpaperAnimation, isOpen-false, from:1.3, to:1.0, duration:1200
02-10 00:30:26.746  4611  4611 I HoneySpace.WallpaperAnimator: wallpaper animation start [60925254]
02-10 00:30:26.747  4611  7426 I HoneySpace.PredictionDataSourceImpl: TYPE_RECOMMENDED_WIDGETS updated: 10
02-10 00:30:26.747  1804  2219 I CompositionEngine: [setDisplaySize] size=(434, 42)
02-10 00:30:26.748  3998  3998 D Navbar.Store: handleEvent(0) OnSetGestureHintVisibility(recentVisible=true, homeVisible=true, backVisible=true) [Module] SamsungNavigationBarView
02-10 00:30:26.748  3998  3998 D Navbar.Store: --[Band]GESTURE_PACK_SET_HINT_VISIBILITY
02-10 00:30:26.748  3998  3998 D Navbar.Store: --[Band] (afterAction) GESTURE_PACK_SET_HINT_VISIBILITY
02-10 00:30:26.748  3998  3998 D Navbar.Store: ----apply(0) NavBarStoreAction$UpdateGestureHintVisibility
02-10 00:30:26.748  3998  3998 D NavBarStateManager: NavBarStates(0) canShowGestureHint: true
02-10 00:30:26.748  3998  3998 D Navbar.Store: handleEvent(0) OnUpdateSysUiStateFlag(noArguments=true) [Module] SamsungNavigationBarView
02-10 00:30:26.748  3998  3998 D Navbar.Store: --[Band]GESTURE_PACK_UPDATE_SYSTEMUI_STATE_FLAG
02-10 00:30:26.748  3998  3998 D Navbar.Store: --[Band] (afterAction) GESTURE_PACK_UPDATE_SYSTEMUI_STATE_FLAG
02-10 00:30:26.748  3998  3998 D NavBarStateManager: NavBarStates(0) isGameMode: false
02-10 00:30:26.748  3998  3998 D Navbar.Store: ----apply(0) NavBarStoreAction$UpdateSysUiFlags
02-10 00:30:26.748  3998  3998 D Navbar.Store: ----set 2199023255552 : false
02-10 00:30:26.748  3998  3998 D Navbar.Store: ----set 137438953472 : false
02-10 00:30:26.749  4611  9531 I HoneySpace.SystemUiRepository: systemUiFlags: allow_gesture|awake
02-10 00:30:26.749  3998  3998 I {OngoingActivityController}: onTaskFocusChanged focused:true, baseActivity:ComponentInfo{com.sec.android.app.launcher/com.sec.android.app.launcher.Launcher}
02-10 00:30:26.749  3998  3998 I {OngoingActivityDataHelper}: setBaseActivityComponentName:ComponentInfo{com.sec.android.app.launcher/com.sec.android.app.launcher.Launcher}
02-10 00:30:26.749  4611  4734 I HoneySpace.TaskbarEventTracker: invokeEvent() called with: event = SystemUiStateChanged(stateFlags=268566528)
02-10 00:30:26.749  2640  3632 I ImeTracker: com.sec.android.app.launcher:569ed7cd: onRequestHide at ORIGIN_SERVER reason HIDE_UNSPECIFIED_WINDOW fromUser false
02-10 00:30:26.749  2640  3632 V InputMethodManagerService: applyImeVisibility state=6
02-10 00:30:26.750  2640  3632 D SemInputMethodManagerServiceUtil: restorePreviousUsedInputMethod : failed to return the previous ime becuase the stored info is null or do not need restore
02-10 00:30:26.750  2640  3632 V InputMethodManagerService: semComputeImeDisplayIdForTarget: displayToShowIme=0
02-10 00:30:26.750  2640  3632 V InputMethodManagerService: Creating new accessibility sessions for client ClientState{96e028d mUid=10158 mPid=4611 mSelfReportedDisplayId=0}
02-10 00:30:26.750  4611  4611 I InputMethodManager: handleMessage: setImeVisibility visible=false
02-10 00:30:26.750  4611  4611 I ImeTracker: com.sec.android.app.launcher:569ed7cd: onCancelled at PHASE_CLIENT_ALREADY_HIDDEN
02-10 00:30:26.750  2640  3004 D SurfaceComposerClient: [SEC_SF_EFFECTS] setBackgroundBlurRadius ## Dim Layer for - Display 0 name="Built-in Screen"#10547 backgroundBlurRadius=0
02-10 00:30:26.750  4611  4611 I HoneySpace.FloatingAnimator: [Player:A(26.724)] container x: 9.0133915, y: 47.448677, scale : 0.9803396
02-10 00:30:26.750  4611  4611 I HoneySpace.FloatingAnimator: [Player:A(26.724)] container x: 24.534369, y: 77.58453, scale : 0.9516178
02-10 00:30:26.751  4611  4611 I HoneySpace.FloatingAnimator: [Player:A(26.724)] container x: 19.383917, y: 77.58453, scale : 0.9516178
02-10 00:30:26.751  2640  3632 D InputMethodManagerService: isImeSwitcherDisabledPackage : false
02-10 00:30:26.751  2640  3632 V InputMethodManagerService: Enabling: SessionState{uid=10158 pid=4611 method=8ed10fa session=37896ab channel=ClientState{96e028d mUid=10158 mPid=4611 mSelfReportedDisplayId=0} userId=0}
02-10 00:30:26.751  2640  3632 D InputMethodManagerService: checkDisplayOfStartInputAndUpdateKeyboard: displayId=0, mFocusedDisplayId=0
02-10 00:30:26.751  2640  3632 D InputTransport: Input channel constructed: 'ClientS', fd=1134
02-10 00:30:26.751  4611  7065 I VRI[LauncherActivity]@1c31908: mWNT: t=0xb40000730154a4d0 mBlastBufferQueue=0xb4000073c17e9900 fn= 7 HdrRenderState mRenderHdrSdrRatio=1.0 caller= com.android.systemui.shared.launcher.ViewRootImplCompat.mergeWithNextTransaction:4 com.honeyspace.transition.utils.SurfaceTransactionApplier.scheduleApply$lambda$1:16 com.honeyspace.transition.utils.SurfaceTransactionApplier.b:0 
02-10 00:30:26.751  2640  3632 D InputTransport: Input channel destroyed: 'ClientS', fd=1134
02-10 00:30:26.751  4611  7065 I VRI[LauncherActivity]@1c31908: mWNT: t=0xb40000730148a3d0 mBlastBufferQueue=0xb4000073c17e9900 fn= 7 HdrRenderState mRenderHdrSdrRatio=1.0 caller= com.android.systemui.shared.launcher.ViewRootImplCompat.mergeWithNextTransaction:4 com.honeyspace.transition.utils.SurfaceTransactionApplier.scheduleApply$lambda$1:16 com.honeyspace.transition.utils.SurfaceTransactionApplier.b:0 
02-10 00:30:26.751  4611  7065 I VRI[LauncherActivity]@1c31908: mWNT: t=0xb400007301520850 mBlastBufferQueue=0xb4000073c17e9900 fn= 7 HdrRenderState mRenderHdrSdrRatio=1.0 caller= com.android.systemui.shared.launcher.ViewRootImplCompat.mergeWithNextTransaction:4 com.honeyspace.transition.utils.SurfaceTransactionApplier.scheduleApply$lambda$1:16 com.honeyspace.transition.utils.SurfaceTransactionApplier.b:0 
02-10 00:30:26.752  3998  3998 D {OngoingActivityDataHelper}: shouldHide() return true. baseActivityComponentName:ComponentInfo{com.sec.android.app.launcher/com.sec.android.app.launcher.Launcher}, intent.component:ComponentInfo{org.jellyfin.mobile/org.jellyfin.mobile.MainActivity}, basePackageName:com.sec.android.app.launcher, intent.creatorPackage:org.jellyfin.mobile, pipEnabledComponentNameList:[ComponentInfo{org.jellyfin.mobile/org.jellyfin.mobile.MainActivity}]
02-10 00:30:26.752  6709  6709 D ActivityThread: Too many transaction errors, throttling freezer binder callback.
02-10 00:30:26.752  3998  3998 D FlexPanelStartController: not support state, mMwEnabled=true, mIsTableMode=false, mDesktopMode=false, mFlexModePanelEnabled=true, mIsImeShowing=false, mIsQuickPanelShowing=false, mIsTaskBarAppsEnabled=false, mIsGlobalActionVisible=false, mOnRecentsAnimation=false, isSupportRotation=true, mIsKeyguardVisible=false
02-10 00:30:26.752  2640  4228 D RestrictionPolicy: isScreenCaptureEnabled : ret=true userId=0
02-10 00:30:26.752  2640  4228 D InsetsSourceProvider: updateVisibility: serverVisible=true, clientVisible=false, source=InsetsSource: {3 mType=ime mFrame=[0,1447][1080,2340] mVisible=false mFlags= mSideHint=BOTTOM mBoundingRects=null}, controlTarget=Window{12ea6d2 u0 org.voxmatrix.app/org.voxmatrix.app.MainActivity EXITING}, from=com.android.server.wm.ImeInsetsSourceProvider.updateVisibility:7 com.android.server.wm.InsetsSourceProvider.setClientVisible:8 com.android.server.wm.ImeInsetsSourceProvider.setClientVisible:17 com.android.server.wm.InsetsSourceProvider.updateControlForTarget:152 com.android.server.wm.ImeInsetsSourceProvider.updateControlForTarget:17 com.android.server.wm.InsetsStateController.onControlTargetChanged:83 com.android.server.wm.DisplayContent.updateImeControlTarget:21 com.android.server.wm.DisplayContent.updateImeInputAndControlTarget:156 com.android.server.wm.WindowManagerService$LocalService.updateInputMethodTargetWindow:64 com.android.server.inputmethod.InputMethodManagerService$InputMethodPrivilegedOperationsImpl.reportStartInputAsync:34 
02-10 00:30:26.752  2640  4228 I WindowManager: Cancelling animation restarting=true, leash=Surface(name=Surface(name=26e1d8 InputMethod)/@0x460d433 - animation-leash of insets_animation)/@0xaa8c703
02-10 00:30:26.752  2640  4228 I WindowManager: Reparenting to original parent: Surface(name=WindowToken{5806324 type=2011 android.os.Binder@24cfb7})/@0x5413f0, destroy=false, surface=Surface(name=26e1d8 InputMethod)/@0x460d433
02-10 00:30:26.752  2640  4228 I WindowManager: Reparenting to leash, surface=Surface(name=26e1d8 InputMethod)/@0x460d433, leashParent=Surface(name=WindowToken{5806324 type=2011 android.os.Binder@24cfb7})/@0x5413f0
02-10 00:30:26.752  1804  2540 I SurfaceFlinger: id=10557 createSurf, flag=24004, Surface(name=26e1d8 InputMethod)/@0x460d433 - animation-leash of insets_animation#10557
02-10 00:30:26.752  6709  6709 D InputMethodService: unregisterCompatOnBackInvokedCallback return because registered : false
02-10 00:30:26.753  6709  6709 D InputMethodService: updateClientDisplayId: displayId=0, mClientDisplayId=0
02-10 00:30:26.753  2640  4228 D WindowManager: makeSurface duration=0 leash=Surface(name=Surface(name=26e1d8 InputMethod)/@0x460d433 - animation-leash of insets_animation)/@0x706dfe0
02-10 00:30:26.753  2640  4228 D InsetsSourceProvider: updateControlForTarget: control=InsetsSourceControl: {3 mType=ime mSurfacePosition=Point(0, 84) mInsetsHint=Insets{left=0, top=0, right=0, bottom=893}}, target=Window{f617943 u0 com.sec.android.app.launcher/com.sec.android.app.launcher.activities.LauncherActivity}, from=com.android.server.wm.ImeInsetsSourceProvider.updateControlForTarget:17 com.android.server.wm.InsetsStateController.onControlTargetChanged:83 com.android.server.wm.DisplayContent.updateImeControlTarget:21 com.android.server.wm.DisplayContent.updateImeInputAndControlTarget:156 com.android.server.wm.WindowManagerService$LocalService.updateInputMethodTargetWindow:64 
02-10 00:30:26.753  4611 10213 I HoneySpace.SystemUiRepository: systemUiFlags: awake
02-10 00:30:26.753  4611  4734 I HoneySpace.TaskbarEventTracker: invokeEvent() called with: event = SystemUiStateChanged(stateFlags=268435456)
02-10 00:30:26.753  2640  4228 I ImeTracker: system_server:df513a96: onRequestHide at ORIGIN_SERVER reason IME_REQUESTED_CHANGED_LISTENER fromUser false
02-10 00:30:26.754  2640  3003 D SurfaceComposerClient: setCornerRadius ## 98d5d23 org.jellyfin.mobile/org.jellyfin.mobile.MainActivity#7191 cornerRadius=0.000000
02-10 00:30:26.754  2640  3003 D SurfaceComposerClient: setCornerRadius ## f617943 com.sec.android.app.launcher/com.sec.android.app.launcher.activities.LauncherActivity#123 cornerRadius=0.000000
02-10 00:30:26.754  2640  3003 I WindowManager: Cancelling animation restarting=true, leash=Surface(name=Surface(name=8909249 NavigationBar0)/@0xbef0eb3 - animation-leash of insets_animation)/@0xd3535f6
02-10 00:30:26.754  2640  3003 I WindowManager: Reparenting to original parent: Surface(name=WindowToken{5a75977 type=2019 android.os.BinderProxy@52b211})/@0xcb5fc70, destroy=false, surface=Surface(name=8909249 NavigationBar0)/@0xbef0eb3
02-10 00:30:26.754  2640  3003 I WindowManager: Reparenting to leash, surface=Surface(name=8909249 NavigationBar0)/@0xbef0eb3, leashParent=Surface(name=WindowToken{5a75977 type=2019 android.os.BinderProxy@52b211})/@0xcb5fc70
02-10 00:30:26.754  1804  2540 I SurfaceFlinger: id=10558 createSurf, flag=24000, Surface(name=8909249 NavigationBar0)/@0xbef0eb3 - animation-leash of insets_animation#10558
02-10 00:30:26.754  2640  3003 D WindowManager: makeSurface duration=0 leash=Surface(name=Surface(name=8909249 NavigationBar0)/@0xbef0eb3 - animation-leash of insets_animation)/@0x41aa95e
02-10 00:30:26.754  2640  3003 D InsetsSourceProvider: updateControlForTarget: control=InsetsSourceControl: {b78c0001 mType=navigationBars initiallyVisible mSurfacePosition=Point(0, 2205) mInsetsHint=Insets{left=0, top=0, right=0, bottom=42}}, target=Window{f617943 u0 com.sec.android.app.launcher/com.sec.android.app.launcher.activities.LauncherActivity}, from=com.android.server.wm.InsetsStateController.onControlTargetChanged:83 com.android.server.wm.InsetsPolicy.updateBarControlTarget:225 com.android.server.wm.DisplayPolicy.updateSystemBarAttributes:262 com.android.server.wm.DisplayPolicy.finishPostLayoutPolicyLw:17 com.android.server.wm.RootWindowContainer.applySurfaceChangesTransaction$1:195 
02-10 00:30:26.755  2640  3003 D SurfaceComposerClient: setCornerRadius ## 98d5d23 org.jellyfin.mobile/org.jellyfin.mobile.MainActivity#7191 cornerRadius=0.000000
02-10 00:30:26.755  2640  3003 D SurfaceComposerClient: setCornerRadius ## f617943 com.sec.android.app.launcher/com.sec.android.app.launcher.activities.LauncherActivity#123 cornerRadius=0.000000
02-10 00:30:26.756  3998  3998 D NavBarStateManager: NavBarStates(0) canUseNavBarBackgroundFrame: true
02-10 00:30:26.756  3998  4106 D WindowManagerShell: onKeepClearAreasChanged: restricted={}, unrestricted={}
02-10 00:30:26.756  5965  5965 I InsetsController: onStateChanged: host=org.jellyfin.mobile/org.jellyfin.mobile.MainActivity, from=android.view.ViewRootImpl.onInsetsStateChanged:3026, state=InsetsState: {mDisplayFrame=Rect(0, 0 - 1080, 2340), mDisplayCutout=DisplayCutout{insets=Rect(0, 84 - 0, 0) waterfall=Insets{left=0, top=0, right=0, bottom=0} boundingRect={Bounds=[Rect(0, 0 - 0, 0), Rect(515, 0 - 566, 84), Rect(0, 0 - 0, 0), Rect(0, 0 - 0, 0)]} cutoutPathParserInfo={CutoutPathParserInfo{displayWidth=1080 displayHeight=2340 physicalDisplayWidth=1080 physicalDisplayHeight=2340 density={2.8125} cutoutSpec={M 0,0 H -9.066666666666667 V 29.86666666666667 H 9.066666666666667 V 0 H 0 Z @dp} rotation={0} scale={1.0} physicalPixelDisplaySizeRatio={1.0}}} sideOverrides={}}, mRoundedCorners=RoundedCorners{[RoundedCorner{position=TopLeft, radius=6, center=Point(6, 6)}, RoundedCorner{position=TopRight, radius=6, center=Point(1074, 6)}, RoundedCorner{position=BottomRight, radius=6, center=Point(1074, 2334)}, RoundedCorner{position=BottomLeft, radius=6, center=Point(6, 2334)}]}  mRoundedCornerFrame=Rect(0, 0 - 0, 0), mPrivacyIndicatorBounds=PrivacyIndicatorBounds {static bounds=Rect(956, 0 - 1080, 84) rotation=0}, mDisplayShape=DisplayShape{ spec=1406003047 displayWidth=1080 displayHeight=2340 physicalPixelDisplaySizeRatio=0.75 rotation=0 offsetX=0 offsetY=0 scale=1.0}, mSources= {  }
02-10 00:30:26.756  4121  4121 I WallpaperService: resized: systemlock, reportDraw=false, forceLayout=false, displayId=0
02-10 00:30:26.756  5965  5965 I VRI[MainActivity]@cc40df9: handleResized, frames=ClientWindowFrames{frame=[260,129][1035,565] display=[260,129][1035,565] parentFrame=[0,0][0,0]} displayId=0 dragResizing=false compatScale=1.0 frameChanged=false attachedFrameChanged=false configChanged=false displayChanged=false compatScaleChanged=false dragResizingChanged=false
02-10 00:30:26.756  2640  7164 D SurfaceComposerClient: setCornerRadius ## 98d5d23 org.jellyfin.mobile/org.jellyfin.mobile.MainActivity#7191 cornerRadius=0.000000
02-10 00:30:26.756  2640  7164 D SurfaceComposerClient: setCornerRadius ## f617943 com.sec.android.app.launcher/com.sec.android.app.launcher.activities.LauncherActivity#123 cornerRadius=0.000000
02-10 00:30:26.757  2640  7164 D SurfaceComposerClient: setCornerRadius ## 98d5d23 org.jellyfin.mobile/org.jellyfin.mobile.MainActivity#7191 cornerRadius=0.000000
02-10 00:30:26.757  2640  7164 D SurfaceComposerClient: setCornerRadius ## f617943 com.sec.android.app.launcher/com.sec.android.app.launcher.activities.LauncherActivity#123 cornerRadius=0.000000
02-10 00:30:26.757  3998  3998 D SystemUIService: SYSUI_RAM_OPTIMIZATION onTrimMemory=20
02-10 00:30:26.757  2640  3002 V InputMethodManagerService: Client requesting input be hidden
02-10 00:30:26.757  4121  4121 I WallpaperService: handleResized: which=7, reportDraw=false
02-10 00:30:26.757  2640  3002 V InputMethodManagerService: setWindowStateInner, windowToken=android.os.BinderProxy@3a7fef2, state=ImeTargetWindowState{ imeToken android.os.Binder@ba8f13f imeFocusChanged true hasEditorFocused false requestedImeVisible false imeDisplayId 0 softInputModeState STATE_UNSPECIFIED|ADJUST_NOTHING isStartInputByGainFocus true}
02-10 00:30:26.757  4121  4121 I WallpaperService: updateSurface systemlock forceRelayout=true forceReport=false redrawNeeded=false myWidth=-1 myHeight=-1 fixedSize=false x = 0 y = 0 mWidth=-1 mHeight=-1
02-10 00:30:26.757  2640  3002 I ImeTracker: system_server:df513a96: onCancelled at PHASE_SERVER_SHOULD_HIDE
02-10 00:30:26.757  4121  4121 I WallpaperService: maxBounds : Rect(0, 0 - 1080, 2340) , mDeviceHeight : 2340, mDeviceWidth : 1080,mDeviceRotation  : 0
02-10 00:30:26.757  2640  3002 V InputMethodManagerService: hideCurrentInputLocked : canceled, shouldHideSoftInput=false, mInputShown=false, mImeWindowVis=0
02-10 00:30:26.757  4121  4121 I WallpaperService: updateSurface: invoke Session.relayout
02-10 00:30:26.757  2640  7553 I WindowManager: Relayout Window{65b9173 u0 com.samsung.android.wallpaper.live.layered.LayeredWallpaperService}: viewVisibility=0 req=-1x-1 ty=2013 d0
02-10 00:30:26.758  2640  7553 D SurfaceComposerClient: setCornerRadius ## 98d5d23 org.jellyfin.mobile/org.jellyfin.mobile.MainActivity#7191 cornerRadius=0.000000
02-10 00:30:26.758  2640  7553 D SurfaceComposerClient: setCornerRadius ## f617943 com.sec.android.app.launcher/com.sec.android.app.launcher.activities.LauncherActivity#123 cornerRadius=0.000000
02-10 00:30:26.758  3998  3998 D CentralSurfaces: SYSUI_RAM_OPTIMIZATION onTrimMemory=20
02-10 00:30:26.758  2640  7553 D SurfaceComposerClient: setCornerRadius ## 98d5d23 org.jellyfin.mobile/org.jellyfin.mobile.MainActivity#7191 cornerRadius=0.000000
02-10 00:30:26.758  3998  3998 D NavigationBarControllerImpl: setNavigationBarShortcut requestClass : com.android.wm.shell.controlpanel.activity.FlexPanelActivity, remoteViews : null, position : 0, priority : 11
02-10 00:30:26.758  2640  7553 D SurfaceComposerClient: setCornerRadius ## f617943 com.sec.android.app.launcher/com.sec.android.app.launcher.activities.LauncherActivity#123 cornerRadius=0.000000
02-10 00:30:26.758  3998  4298 D HWUI    : CacheManager::trimMemory(20)
