02-10 00:00:11.556 I/VRI[BYW]@d3f06bd(18221): mWNT: t=0xb4000073015de490 mBlastBufferQueue=0xb4000073c1df6970 fn= 1 HdrRenderState mRenderHdrSdrRatio=1.0 caller= android.view.ViewRootImpl$12.onFrameDraw:15441 android.view.ThreadedRenderer$1.onFrameDraw:718 <bottom of call stack> 
02-10 00:00:11.556 W/qdgralloc(18221): getInterlacedFlag: getMetaData returned 3, defaulting to interlaced_flag = 0
02-10 00:00:11.556 I/VRI[BYW]@d3f06bd(18221): Setting up sync and frameCommitCallback
02-10 00:00:11.557 I/BLASTBufferQueue(18221): [VRI[BYW]@d3f06bd#1](f:0,a:0,s:0) onFrameAvailable the first frame is available
02-10 00:00:11.557 I/SurfaceComposerClient(18221): apply transaction with the first frame. layerId: 9669, bufferData(ID: 78258599101156, frameNumber: 1)
02-10 00:00:11.557 I/VRI[BYW]@d3f06bd(18221): Received frameCommittedCallback lastAttemptedDrawFrameNum=1 didProduceBuffer=true
02-10 00:00:11.557 I/SurfaceFlinger( 1804): [KHCD.BYW$_18221#9669] setTransactionState with the first frame. bufferData(ID: 78258599101156, frameNumber: 1)
02-10 00:00:11.557 D/HWUI    (18221): CFMS:: SetUp Pid : 18221    Tid : 28315
02-10 00:00:11.557 D/VRI[BYW]@d3f06bd(18221): reportDrawFinished seqId=0
02-10 00:00:11.557 D/WindowManager( 2640): finishDrawingWindow: Window{708686e u0 KHCD.BYW} mDrawState=DRAW_PENDING seqId=0
02-10 00:00:11.557 D/HWUI    (18221): HWUI - treat SMPTE_170M as sRGB
02-10 00:00:11.558 D/SurfaceComposerClient( 2640): setCornerRadius ## 98d5d23 org.jellyfin.mobile/org.jellyfin.mobile.MainActivity#7191 cornerRadius=0.000000
02-10 00:00:11.558 D/SurfaceComposerClient( 2640): setCornerRadius ## c96e6 com.instagram.android/com.instagram.android.activity.MainTabActivity#9653 cornerRadius=0.000000
02-10 00:00:11.558 D/SurfaceComposerClient( 2640): setCornerRadius ## 98d5d23 org.jellyfin.mobile/org.jellyfin.mobile.MainActivity#7191 cornerRadius=0.000000
02-10 00:00:11.558 V/WindowManager( 2640): performShowLocked: mDrawState=HAS_DRAWN in Window{708686e u0 KHCD.BYW}
02-10 00:00:11.558 D/SurfaceComposerClient( 2640): setCornerRadius ## c96e6 com.instagram.android/com.instagram.android.activity.MainTabActivity#9653 cornerRadius=0.000000
02-10 00:00:11.559 D/SurfaceComposerClient( 2640): setCornerRadius ## 98d5d23 org.jellyfin.mobile/org.jellyfin.mobile.MainActivity#7191 cornerRadius=0.000000
02-10 00:00:11.559 D/SurfaceComposerClient( 2640): setCornerRadius ## c96e6 com.instagram.android/com.instagram.android.activity.MainTabActivity#9653 cornerRadius=0.000000
02-10 00:00:11.559 I/SurfaceFlinger( 1804): [LayerHierarchy{RequestedLayerState{Input Consumer pip_input_consumer#9635 parentId=10 z=2147483646} no children}] reparent to LayerHierarchy{RequestedLayerState{DefaultTaskDisplayArea_d0#10 parentId=9} 11 children}
02-10 00:00:11.559 D/SurfaceComposerClient( 2640): setCornerRadius ## 98d5d23 org.jellyfin.mobile/org.jellyfin.mobile.MainActivity#7191 cornerRadius=0.000000
02-10 00:00:11.559 D/SurfaceComposerClient( 2640): setCornerRadius ## c96e6 com.instagram.android/com.instagram.android.activity.MainTabActivity#9653 cornerRadius=0.000000
02-10 00:00:11.567 I/SurfaceFlinger( 1804): RequestedLayer [KHCD.BYW$_18221#9669] hidden!! flag  from(1) --> to(0)
02-10 00:00:11.567 I/SurfaceFlinger( 1804): [LayerHierarchy{RequestedLayerState{Input Consumer pip_input_consumer#9635 parentId=10 z=2147483646} no children}] reparent to LayerHierarchy{RequestedLayerState{DefaultTaskDisplayArea_d0#10 parentId=9} 11 children}
02-10 00:00:11.570 D/SurfaceFlinger( 1804): Display 4630946315032985731 HWC layers:
02-10 00:00:11.570 D/SurfaceFlinger( 1804):        DEVICE |           78258599100419 | 00002102 | RGBA_8888    |    0.0    0.0 1080.0 2340.0 |    0    0 1080 2340 | com.instagram.android/com.instagram.[...]activity.MainTabActivity$_18221#9654 (2141)
02-10 00:00:11.570 D/SurfaceFlinger( 1804):        DEVICE |           78258599101156 | 00002100 | RGBA_8888    |    0.0    0.0    1.0 2214.0 |  539   84  540 2298 | KHCD.BYW$_18221#9669 (1)
02-10 00:00:11.570 D/SurfaceFlinger( 1804):        CLIENT |                        0 | 00000000 | N/A          |    0.0    0.0    0.0    0.0 |  232  101 1063  593 | Task=85#7180 (0)
02-10 00:00:11.570 D/SurfaceFlinger( 1804):        CLIENT |                        0 | 00000002 | N/A          |    0.0    0.0    0.0    0.0 |  260  129 1035  565 | Background for 922a364 SurfaceView[o[...]jellyfin.mobile.MainActivity]@0#9592 (0)
02-10 00:00:11.570 D/SurfaceFlinger( 1804):        CLIENT |           25619479942717 | 00000102 | 0x7fa30c09   |    0.0    0.0 1920.0 1080.0 |  260  129 1035  565 | 922a364 SurfaceView[org.jellyfin.mob[...]n.mobile.MainActivity]@0(BLAST)#9591 (4625)
02-10 00:00:11.570 D/SurfaceFlinger( 1804):        CLIENT |           25619479946373 | 00002100 | RGBA_8888    |    0.0    0.0  
02-10 00:00:11.570 D/SurfaceFlinger( 1804): 775.0  436.0 |  260  129 1035  565 | org.jellyfin.mobile/org.jellyfin.mobile.MainActivity$_5965#9588 (147)
02-10 00:00:11.570 D/SurfaceFlinger( 1804):        DEVICE |           17171279260170 | 00002100 | RGBA_8888    |    0.0    0.0 1080.0   84.0 |    0    0 1080   84 | StatusBar$_3998#104 (16956)
02-10 00:00:11.570 D/SurfaceFlinger( 1804):        DEVICE |           17171279260175 | 00002100 | RGBA_8888    |    0.0    0.0 1080.0  135.0 |    0 2205 1080 2340 | NavigationBar0$_3998#100 (22696)
02-10 00:00:11.570 D/SurfaceFlinger( 1804): 
02-10 00:00:11.572 W/Finsky  (21188): [2] STU: Failed to get storage stats for package 'com.android.vndk.v34' (1601: Error getting stats: android.content.pm.PackageManager.NameNotFoundException)
02-10 00:00:11.593 W/qdgralloc( 1804): getInterlacedFlag: getMetaData returned 3, defaulting to interlaced_flag = 0
02-10 00:00:11.634 W/qdgralloc( 1804): getInterlacedFlag: getMetaData returned 3, defaulting to interlaced_flag = 0
02-10 00:00:11.640 W/Finsky  (21188): [2] STU: Failed to get storage stats for package 'com.google.android.sdkext' (1601: Error getting stats: android.content.pm.PackageManager.NameNotFoundException)
02-10 00:00:11.654 I/CompositionEngine( 1804): [setDisplaySize] size=(434, 42)
02-10 00:00:11.658 W/Finsky  (21188): [2] STU: Failed to get storage stats for package 'com.samsung.android.biometrics.face' (1601: Error getting stats: android.content.pm.PackageManager.NameNotFoundException)
02-10 00:00:11.660 W/Finsky  (21188): [2] STU: Failed to get storage stats for package 'com.google.android.adservices' (1601: Error getting stats: android.content.pm.PackageManager.NameNotFoundException)
02-10 00:00:11.676 W/qdgralloc( 1804): getInterlacedFlag: getMetaData returned 3, defaulting to interlaced_flag = 0
02-10 00:00:11.680 W/Finsky  (21188): [2] STU: Failed to get storage stats for package 'com.google.android.tethering' (1601: Error getting stats: android.content.pm.PackageManager.NameNotFoundException)
02-10 00:00:11.688 I/HYPER-HAL( 1667): [RequestManager.cpp]acquire(): Acquired ID : 12792539  [1671 / 3386]    HINT :      list : [UCLAMP_MIN_BOOST / 0] [TID / 28341] [TID / 28342] [TID / 18221] [TID / 28315] 
02-10 00:00:11.695 I/GestureDetector( 2640): handleMessage TAP
02-10 00:00:11.695 I/GestureDetector( 2640): handleMessage TAP
02-10 00:00:11.714 I/StatsHandler( 1710): [hvcD_231] Stats: Pending(0) i/p-done(0) Works: Q: 26567/Done 26556|Work-Rate: Q(24.0/s Avg=4.6/s) Done(23.998/s Avg=4.570/s)| Stream: 23.98fps 4.0Mbps
02-10 00:00:11.714 I/StatsHandler( 1710): [hvcD_231] Mem-usage:  [In-1D: 16 bufs 128.000 MB] [1D-363: 42 bufs 0.656 MB] [2D-364: 26 bufs 104.406 MB] | Total: 233.062 MB
02-10 00:00:11.714 I/StatsHandler( 1710): [av1D_368] Stats: Pending(0) i/p-done(0) Works: Q: 28/Done 28|Work-Rate: Q(0.0/s Avg=1.4/s) Done(0.000/s Avg=1.378/s)| Stream: 30.00fps 251.7Kbps
02-10 00:00:11.714 I/StatsHandler( 1710): [av1D_368] Mem-usage:  [In-1D: 12 bufs 96.000 MB] [1D-621: 34 bufs 0.531 MB] [2D-622: 22 bufs 31.453 MB] | Total: 127.984 MB
02-10 00:00:11.718 W/qdgralloc( 1804): getInterlacedFlag: getMetaData returned 3, defaulting to interlaced_flag = 0
02-10 00:00:11.749 W/Finsky  (21188): [2] STU: Failed to get storage stats for package 'com.android.runtime' (1601: Error getting stats: android.content.pm.PackageManager.NameNotFoundException)
02-10 00:00:11.754 I/CompositionEngine( 1804): [setDisplaySize] size=(434, 42)
02-10 00:00:11.759 W/qdgralloc( 1804): getInterlacedFlag: getMetaData returned 3, defaulting to interlaced_flag = 0
02-10 00:00:11.801 W/qdgralloc( 1804): getInterlacedFlag: getMetaData returned 3, defaulting to interlaced_flag = 0
02-10 00:00:11.843 W/qdgralloc( 1804): getInterlacedFlag: getMetaData returned 3, defaulting to interlaced_flag = 0
02-10 00:00:11.852 I/SemWifiServiceDetector( 2640): NSD results: [0, 1, 0, 1, 0, 0, -1, 1, 0] Traff. type 3 Thr 8
02-10 00:00:11.852 D/SemWifiOptimizer( 2640): enable=1 state=0x10 prev=0x00 new=0x10 force=0 mode=1
02-10 00:00:11.854 I/CompositionEngine( 1804): [setDisplaySize] size=(434, 42)
02-10 00:00:11.858 I/bt_shim_scanner(16699): system/main/shim/le_scanning_manager.cc:151 Scan: in shim layer stopped
02-10 00:00:11.858 W/bluetooth(16699): system/gd/hci/le_scanning_manager.cc:716 scan: address_manager_registered_
02-10 00:00:11.858 I/bt_shim_scanner(16699): system/main/shim/le_scanning_manager.cc:335 SetScanParameters: in shim layer, scannerId1m=1, scannerIdCoded=0
02-10 00:00:11.858 W/bluetooth(16699): system/gd/hci/le_scanning_manager.cc:768 stop_scan: stop_scan
02-10 00:00:11.858 W/bt_shim_scanner(16699): system/main/shim/le_scanning_manager.cc:365 SetScanParameters: Set scan params scan_int_1m : 275.625, scan_win_1m : 30, Duty : 10.88% | scan_int_coded : 0, scan_win_coded : 0, Duty : nan%
02-10 00:00:11.858 I/bt_shim_scanner(16699): system/main/shim/le_scanning_manager.cc:151 Scan: in shim layer started
02-10 00:00:11.858 I/bluetooth(16699): system/gd/hci/le_address_manager.cc:278 unregister_client: Client unregistered
02-10 00:00:11.859 I/bluetooth(16699): system/gd/hci/le_scanning_manager.cc:765 stop_scan: Scanning already stopped, return!
02-10 00:00:11.859 W/bluetooth(16699): system/gd/hci/le_scanning_manager.cc:732 start_scan: start_scan
02-10 00:00:11.859 W/bluetooth(16699): system/gd/hci/le_scanning_manager.cc:735 start_scan: Register address manager
02-10 00:00:11.859 I/bluetooth(16699): system/gd/hci/le_address_manager.cc:263 register_client: Client registered
02-10 00:00:11.884 W/qdgralloc( 1804): getInterlacedFlag: getMetaData returned 3, defaulting to interlaced_flag = 0
02-10 00:00:11.890 W/Finsky  (21188): [2] STU: Failed to get storage stats for package 'com.google.android.cellbroadcast' (1601: Error getting stats: android.content.pm.PackageManager.NameNotFoundException)
02-10 00:00:11.903 W/Finsky  (21188): [2] STU: Failed to get storage stats for package 'com.google.android.rkpd' (1601: Error getting stats: android.content.pm.PackageManager.NameNotFoundException)
02-10 00:00:11.926 W/qdgralloc( 1804): getInterlacedFlag: getMetaData returned 3, defaulting to interlaced_flag = 0
02-10 00:00:11.955 I/CompositionEngine( 1804): [setDisplaySize] size=(434, 42)
02-10 00:00:11.967 W/qdgralloc( 1804): getInterlacedFlag: getMetaData returned 3, defaulting to interlaced_flag = 0
02-10 00:00:11.991 W/Finsky  (21188): [2] STU: Failed to get storage stats for package 'com.samsung.android.vital' (1601: Error getting stats: android.content.pm.PackageManager.NameNotFoundException)
02-10 00:00:11.998 D/io_stats( 1214): !@   8,0 r 2695851 57237500 w 832180 19054884 d 114256 18211392 f 30984 68636 iot 627432 0 th 0 0 0 pt 0 inp 0 0 20093.098
02-10 00:00:11.999 D/io_stats( 1214): !@ Read_top(KB): binder:2164_2(2164) 38176 .android.forest(29601) 5664 system_server(2640) 4592
02-10 00:00:11.999 D/io_stats( 1214): !@ Write_top(KB): kworker/u16:6(3278) 1536 kworker/u16:1(10113) 1104 f2fs_ckpt-254:6(1330) 724
02-10 00:00:12.009 D/SurfaceFlinger( 1804): GPIS:: requestGPISForClientComposition
02-10 00:00:12.009 W/qdgralloc( 1804): getInterlacedFlag: getMetaData returned 3, defaulting to interlaced_flag = 0
02-10 00:00:12.020 W/Finsky  (21188): [2] STU: Failed to get storage stats for package 'com.android.compos' (1601: Error getting stats: android.content.pm.PackageManager.NameNotFoundException)
02-10 00:00:12.032 I/sensors-hal( 1656): handle_sns_client_event:375, [0][1363] accel_sample [-1.332,  5.073,  8.358] 23208226932320
02-10 00:00:12.034 D/SatelliteController( 3961): isInCarrierRoamingNbIotNtn: satellite is disabled
02-10 00:00:12.041 W/Finsky  (21188): [2] STU: Failed to get storage stats for package 'com.google.android.tzdata6' (1601: Error getting stats: android.content.pm.PackageManager.NameNotFoundException)
02-10 00:00:12.051 W/qdgralloc( 1804): getInterlacedFlag: getMetaData returned 3, defaulting to interlaced_flag = 0
02-10 00:00:12.055 I/CompositionEngine( 1804): [setDisplaySize] size=(434, 42)
02-10 00:00:12.059 W/Finsky  (21188): [2] STU: Failed to get storage stats for package 'com.google.android.permission' (1601: Error getting stats: android.content.pm.PackageManager.NameNotFoundException)
02-10 00:00:12.092 W/qdgralloc( 1804): getInterlacedFlag: getMetaData returned 3, defaulting to interlaced_flag = 0
02-10 00:00:12.104 D/InputReader( 2640): Btn_touch(6): value=1 when=20093.203947
02-10 00:00:12.105 I/InputReader( 2640): Touch event's action is 0x0 (id=6, t=0) [pCnt=1, s=0.6022 ] when=20093.203947
02-10 00:00:12.106 I/InputDispatcher( 2640): Delivering touch to (3998): action: 0x4, f=0x0, d=0, '8909249', t=1 
02-10 00:00:12.106 I/InputDispatcher( 2640): Delivering touch to (3998): action: 0x4, f=0x0, d=0, 'Embedde', t=1 
02-10 00:00:12.106 I/InputDispatcher( 2640): Delivering touch to (18221): action: 0x0, f=0x0, d=0, 'c96e6 c', t=1 
02-10 00:00:12.106 I/VRI[MainTabActivity]@22600d8(18221): ViewPostIme pointer 0
02-10 00:00:12.107 I/GestureDetector( 2640): obtain mCurrentDownEvent. id: 893247136 caller: com.android.server.wm.SystemGesturesPointerEventListener.onPointerEvent:17 com.android.server.wm.PointerEventDispatcher.onInputEvent:51 android.view.InputEventReceiver.dispatchInputEvent:392 
02-10 00:00:12.107 I/GestureDetector( 2640): obtain mCurrentDownEvent. id: 893247136 caller: com.android.server.wm.SystemPerformancePointerEventListener.onPointerEvent:13 com.android.server.wm.PointerEventDispatcher.onInputEvent:51 android.view.InputEventReceiver.dispatchInputEvent:392 
02-10 00:00:12.107 I/HoneySpace.GestureInputHandler( 4611): inputConsumers = [com.honeyspace.gesture.inputconsumer.InputConsumer$Companion$NO_OP$1@9410a5b]
02-10 00:00:12.107 I/GestureDetector(18221): obtain mCurrentDownEvent. id: 893247136 caller: X.C1v.onTouch:298 X.8ub.A02:47 com.instagram.common.ui.widget.touchinterceptorlayout.TouchInterceptorFrameLayout.onInterceptTouchEvent:6 
02-10 00:00:12.107 I/HoneySpace.InputSession( 4611): inputConsumers = NO_OP
02-10 00:00:12.107 I/HoneySpace.InputSession( 4611): open
02-10 00:00:12.113 I/GestureDetector( 2640): obtain mCurrentMotionEventRaw. action: 2 id: 91959460
02-10 00:00:12.113 I/GestureDetector( 2640): obtain mCurrentMotionEventRaw. action: 2 id: 91959460
02-10 00:00:12.134 W/qdgralloc( 1804): getInterlacedFlag: getMetaData returned 3, defaulting to interlaced_flag = 0
02-10 00:00:12.155 I/CompositionEngine( 1804): [setDisplaySize] size=(434, 42)
02-10 00:00:12.170 D/InputReader( 2640): Btn_touch(6): value=0 when=20093.269895
02-10 00:00:12.170 I/InputReader( 2640): Touch event's action is 0x1 (id=6, t=0) [pCnt=1, s=] when=20093.269895
02-10 00:00:12.171 I/InputDispatcher( 2640): Delivering touch to (18221): action: 0x1, f=0x0, d=0, 'c96e6 c', t=1 
02-10 00:00:12.171 I/VRI[MainTabActivity]@22600d8(18221): ViewPostIme pointer 1
02-10 00:00:12.171 I/HoneySpace.GestureInputHandler( 4611): reset
02-10 00:00:12.171 I/HoneySpace.InputSession( 4611): close
02-10 00:00:12.175 W/qdgralloc( 1804): getInterlacedFlag: getMetaData returned 3, defaulting to interlaced_flag = 0
02-10 00:00:12.181 D/EventLogger( 5965): loading [eventTime=5812.16, mediaPos=1130.73, window=0, period=0, true]
02-10 00:00:12.186 D/EventLogger( 5965): loading [eventTime=5812.17, mediaPos=1130.73, window=0, period=0, false]
02-10 00:00:12.193 I/ScanController(16699): onScanResult to scannerId: 2- eventType=0x1b, addressType=1, address=XX:XX:XX:XX:73:F9, primaryPhy=1, secondaryPhy=0, advertisingSid=0xff, txPower=127, rssi=-51, periodicAdvInt=0x0
02-10 00:00:12.196 I/NearbyDiscovery( 4705): (REDACTED) loadFastPairModule: checkFeaturesAreAvailable:%d
02-10 00:00:12.196 I/NearbyDiscovery( 4705): loadFastPairModule: FastPair module is downloaded. [CONTEXT service_id=265 ]
02-10 00:00:12.199 W/Finsky  (21188): [2] STU: Failed to get storage stats for package 'com.samsung.android.biometrics.fingerprint' (1601: Error getting stats: android.content.pm.PackageManager.NameNotFoundException)
02-10 00:00:12.217 W/qdgralloc( 1804): getInterlacedFlag: getMetaData returned 3, defaulting to interlaced_flag = 0
02-10 00:00:12.258 W/qdgralloc( 1804): getInterlacedFlag: getMetaData returned 3, defaulting to interlaced_flag = 0
02-10 00:00:12.260 I/CompositionEngine( 1804): [setDisplaySize] size=(434, 42)
02-10 00:00:12.300 W/qdgralloc( 1804): getInterlacedFlag: getMetaData returned 3, defaulting to interlaced_flag = 0
02-10 00:00:12.334 D/InetDiagMessage( 2640): Destroyed 0 sockets, proto=IPPROTO_TCP, family=AF_INET, states=14
02-10 00:00:12.335 D/InetDiagMessage( 2640): Destroyed 0 sockets, proto=IPPROTO_TCP, family=AF_INET6, states=14
02-10 00:00:12.335 D/InetDiagMessage( 2640): Destroyed live tcp sockets for uids={10327} in 2ms
02-10 00:00:12.336 D/InetDiagMessage( 2640): Destroyed 0 sockets, proto=IPPROTO_TCP, family=AF_INET, states=14
02-10 00:00:12.337 D/InetDiagMessage( 2640): Destroyed 0 sockets, proto=IPPROTO_TCP, family=AF_INET6, states=14
02-10 00:00:12.337 D/InetDiagMessage( 2640): Destroyed live tcp sockets for uids={20327} in 1ms
02-10 00:00:12.341 W/qdgralloc( 1804): getInterlacedFlag: getMetaData returned 3, defaulting to interlaced_flag = 0
02-10 00:00:12.360 I/CompositionEngine( 1804): [setDisplaySize] size=(434, 42)
02-10 00:00:12.383 W/qdgralloc( 1804): getInterlacedFlag: getMetaData returned 3, defaulting to interlaced_flag = 0
02-10 00:00:12.403 I/AudioPathManager( 6856): loadAudioPath() : loaded audio path is bluetooth (2)
02-10 00:00:12.403 I/EffectManager( 6856): isSupportDolbyAtmosOnThisAudioPath() : path is bluetooth (2)
02-10 00:00:12.403 I/UHQUpscalerManager( 6856): isUHQCompatibleBluetooth() : support is 0, mode is 1
02-10 00:00:12.403 I/AudioPathManager( 6856): loadAudioPath() : loaded audio path is bluetooth (2)
02-10 00:00:12.403 I/EffectManager( 6856): isSupportVolumeNormalizationOnCurrentAudioPath() : path is bluetooth (2)
02-10 00:00:12.403 I/DVFSHelper( 6856): isNecessaryToBoostCPU() : isDolbyOn? false, isUHQUpscalerOn? false, isVoiceBoostOn? false, isVolumeNormalizationOn? false
02-10 00:00:12.403 I/DVFSHelper( 6856): acquireBoostingCPU() : stop boosting cpu
02-10 00:00:12.404 I/AudioPathManager( 6856): loadAudioPath() : loaded audio path is bluetooth (2)
02-10 00:00:12.404 I/EffectManager( 6856): isSupportDolbyAtmosOnThisAudioPath() : path is bluetooth (2)
02-10 00:00:12.404 I/UHQUpscalerManager( 6856): isUHQCompatibleBluetooth() : support is 0, mode is 1
02-10 00:00:12.404 I/AudioPathManager( 6856): loadAudioPath() : loaded audio path is bluetooth (2)
02-10 00:00:12.404 I/EffectManager( 6856): isSupportVolumeNormalizationOnCurrentAudioPath() : path is bluetooth (2)
02-10 00:00:12.404 I/DVFSHelper( 6856): isNecessaryToBoostCPU() : isDolbyOn? false, isUHQUpscalerOn? false, isVoiceBoostOn? false, isVolumeNormalizationOn? false
02-10 00:00:12.407 I/GestureDetector( 2640): handleMessage TAP
02-10 00:00:12.407 I/GestureDetector( 2640): handleMessage TAP
02-10 00:00:12.418 E/HeatmapThread( 1776): ECT Thread time in milliseconds: 1770670812
02-10 00:00:12.422 D/HeatmapThread( 1776): !@ batteryplugType : 2
02-10 00:00:12.422 D/HeatmapThread( 1776): !@ batteryLevel : 84  batteryTemperature : 338 
02-10 00:00:12.423 D/HeatmapThread( 1776): !@ Heatmap currtime: 29511180
02-10 00:00:12.423 D/HeatmapThread( 1776): !@ Heatmap prevtime: 29511153
02-10 00:00:12.423 D/HeatmapThread( 1776): !@ Heatmap plugstarttime: 29511000
02-10 00:00:12.423 D/HeatmapThread( 1776): !@ Heatmap prevv_dsoh_update_time: 29511150
02-10 00:00:12.423 E/HeatmapThread( 1776): !@ CAM New BSOH: 100
02-10 00:00:12.424 E/HeatmapThread( 1776): !@ CAM is Working
02-10 00:00:12.425 W/qdgralloc( 1804): getInterlacedFlag: getMetaData returned 3, defaulting to interlaced_flag = 0
02-10 00:00:12.433 I/ScanController(16699): onScanResult to scannerId: 4- eventType=0x10, addressType=1, address=XX:XX:XX:XX:97:CA, primaryPhy=1, secondaryPhy=0, advertisingSid=0xff, txPower=127, rssi=-89, periodicAdvInt=0x0
02-10 00:00:12.460 I/CompositionEngine( 1804): [setDisplaySize] size=(434, 42)
02-10 00:00:12.466 W/qdgralloc( 1804): getInterlacedFlag: getMetaData returned 3, defaulting to interlaced_flag = 0
02-10 00:00:12.508 W/qdgralloc( 1804): getInterlacedFlag: getMetaData returned 3, defaulting to interlaced_flag = 0
02-10 00:00:12.550 D/SurfaceFlinger( 1804): GPIS:: requestGPISForClientComposition
02-10 00:00:12.550 W/qdgralloc( 1804): getInterlacedFlag: getMetaData returned 3, defaulting to interlaced_flag = 0
02-10 00:00:12.560 I/CompositionEngine( 1804): [setDisplaySize] size=(434, 42)
02-10 00:00:12.591 W/qdgralloc( 1804): getInterlacedFlag: getMetaData returned 3, defaulting to interlaced_flag = 0
02-10 00:00:12.633 W/qdgralloc( 1804): getInterlacedFlag: getMetaData returned 3, defaulting to interlaced_flag = 0
02-10 00:00:12.649 W/Finsky  (21188): [2] STU: Failed to get storage stats for package 'com.google.android.media.swcodec' (1601: Error getting stats: android.content.pm.PackageManager.NameNotFoundException)
02-10 00:00:12.656 W/Finsky  (21188): [2] STU: Failed to get storage stats for package 'com.android.uprobestats' (1601: Error getting stats: android.content.pm.PackageManager.NameNotFoundException)
02-10 00:00:12.661 I/CompositionEngine( 1804): [setDisplaySize] size=(434, 42)
02-10 00:00:12.667 W/Finsky  (21188): [2] STU: Failed to get storage stats for package 'com.android.profiling' (1601: Error getting stats: android.content.pm.PackageManager.NameNotFoundException)
02-10 00:00:12.675 W/qdgralloc( 1804): getInterlacedFlag: getMetaData returned 3, defaulting to interlaced_flag = 0
02-10 00:00:12.703 D/InputReader( 2640): Btn_touch(6): value=1 when=20093.802900
02-10 00:00:12.703 I/InputReader( 2640): Touch event's action is 0x0 (id=6, t=0) [pCnt=1, s=0.6023 ] when=20093.802900
02-10 00:00:12.704 I/InputDispatcher( 2640): Delivering touch to (3998): action: 0x4, f=0x0, d=0, '8909249', t=1 
02-10 00:00:12.705 I/InputDispatcher( 2640): Delivering touch to (3998): action: 0x4, f=0x0, d=0, 'Embedde', t=1 
02-10 00:00:12.705 I/InputDispatcher( 2640): Delivering touch to (18221): action: 0x0, f=0x0, d=0, 'c96e6 c', t=1 
02-10 00:00:12.705 I/VRI[MainTabActivity]@22600d8(18221): ViewPostIme pointer 0
02-10 00:00:12.705 I/HoneySpace.GestureInputHandler( 4611): inputConsumers = [com.honeyspace.gesture.inputconsumer.InputConsumer$Companion$NO_OP$1@9410a5b]
02-10 00:00:12.705 D/PowerManagerService( 2640): [api] userActivityFromNative : touch displayId=0 eventTime=20093802
02-10 00:00:12.705 I/HoneySpace.InputSession( 4611): inputConsumers = NO_OP
02-10 00:00:12.706 I/GestureDetector(18221): obtain mCurrentMotionEventRaw. action: 0 id: 657523486
02-10 00:00:12.706 I/HoneySpace.InputSession( 4611): open
02-10 00:00:12.706 I/GestureDetector(18221): obtain mCurrentDownEvent. id: 657523486 caller: X.C1v.onTouch:298 X.8ub.A02:47 com.instagram.common.ui.widget.touchinterceptorlayout.TouchInterceptorFrameLayout.onInterceptTouchEvent:6 
02-10 00:00:12.707 I/GestureDetector( 2640): obtain mCurrentDownEvent. id: 657523486 caller: com.android.server.wm.SystemGesturesPointerEventListener.onPointerEvent:17 com.android.server.wm.PointerEventDispatcher.onInputEvent:51 android.view.InputEventReceiver.dispatchInputEvent:392 
02-10 00:00:12.707 I/GestureDetector( 2640): obtain mCurrentDownEvent. id: 657523486 caller: com.android.server.wm.SystemPerformancePointerEventListener.onPointerEvent:13 com.android.server.wm.PointerEventDispatcher.onInputEvent:51 android.view.InputEventReceiver.dispatchInputEvent:392 
02-10 00:00:12.712 I/GestureDetector( 2640): obtain mCurrentMotionEventRaw. action: 2 id: 235032126
02-10 00:00:12.712 I/GestureDetector( 2640): obtain mCurrentMotionEventRaw. action: 2 id: 235032126
02-10 00:00:12.716 W/qdgralloc( 1804): getInterlacedFlag: getMetaData returned 3, defaulting to interlaced_flag = 0
02-10 00:00:12.718 I/ScanController(16699): onScanResult to scannerId: 4- eventType=0x10, addressType=1, address=XX:XX:XX:XX:97:CA, primaryPhy=1, secondaryPhy=0, advertisingSid=0xff, txPower=127, rssi=-94, periodicAdvInt=0x0
02-10 00:00:12.758 W/qdgralloc( 1804): getInterlacedFlag: getMetaData returned 3, defaulting to interlaced_flag = 0
02-10 00:00:12.761 I/CompositionEngine( 1804): [setDisplaySize] size=(434, 42)
02-10 00:00:12.786 D/InputReader( 2640): Btn_touch(6): value=0 when=20093.885577
02-10 00:00:12.786 I/InputReader( 2640): Touch event's action is 0x1 (id=6, t=0) [pCnt=1, s=] when=20093.885577
02-10 00:00:12.787 I/InputDispatcher( 2640): Delivering touch to (18221): action: 0x1, f=0x0, d=0, 'c96e6 c', t=1 
02-10 00:00:12.787 I/VRI[MainTabActivity]@22600d8(18221): ViewPostIme pointer 1
02-10 00:00:12.787 I/HoneySpace.GestureInputHandler( 4611): reset
02-10 00:00:12.787 I/HoneySpace.InputSession( 4611): close
02-10 00:00:12.795 I/sensors-hal( 1656): handle_sns_std_sensor_event:409, [SSC_LIGHT] P: 13(13),c:19,b:49,m:13,cl:2,l:12,s:13,l0:2144,l1:0,s0:2000,s1:0,acl:1,opr:0.20,f(r):94,u(bl):100,if:0,wi:0,si:0,po:0(N:0)
02-10 00:00:12.795 W/DirectSQLiteDiskIO(18221): maybeRetrieveInboxFromDiskSync isAtAppStart: false, trigger: HandleSendNextMutation-send_media_share_message, isSQLiteFailed: false, isMinimalLoadComplete: true
02-10 00:00:12.797 E/Toast   (18221): setGravity() shouldn't be called on text toasts, the values won't be used
02-10 00:00:12.797 I/Toast   (18221): setView: it's a custom toast
02-10 00:00:12.797 W/IGToast (18221): Showing IG Toast
02-10 00:00:12.797 W/IGToast (18221): java.lang.Throwable
02-10 00:00:12.797 W/IGToast (18221): 	at X.BQA.show(Unknown Source:41)
02-10 00:00:12.797 W/IGToast (18221): 	at X.28S.A02(Unknown Source:54)
02-10 00:00:12.797 W/IGToast (18221): 	at X.28S.A01(Unknown Source:13)
02-10 00:00:12.797 W/IGToast (18221): 	at X.28S.A07(Unknown Source:2)
02-10 00:00:12.797 W/IGToast (18221): 	at instagram.features.direct.fragment.sharesheet.DirectShareSheetFragment.A0T(Unknown Source:718)
02-10 00:00:12.797 W/IGToast (18221): 	at X.Na1.onClick(Unknown Source:89)
02-10 00:00:12.797 W/IGToast (18221): 	at X.0PC.onClick(Unknown Source:113)
02-10 00:00:12.797 W/IGToast (18221): 	at android.view.View.performClick(View.java:8508)
02-10 00:00:12.797 W/IGToast (18221): 	at android.view.View.performClickInternal(View.java:8485)
02-10 00:00:12.797 W/IGToast (18221): 	at android.view.View.-$$Nest$mperformClickInternal(Unknown Source:0)
02-10 00:00:12.797 W/IGToast (18221): 	at android.view.View$PerformClick.run(View.java:33213)
02-10 00:00:12.797 W/IGToast (18221): 	at android.os.Handler.handleCallback(Handler.java:995)
02-10 00:00:12.797 W/IGToast (18221): 	at android.os.Handler.dispatchMessage(Handler.java:103)
02-10 00:00:12.797 W/IGToast (18221): 	at android.os.Looper.loopOnce(Looper.java:273)
02-10 00:00:12.797 W/IGToast (18221): 	at android.os.Looper.loop(Looper.java:363)
02-10 00:00:12.797 W/IGToast (18221): 	at android.app.ActivityThread.main(ActivityThread.java:10060)
02-10 00:00:12.797 W/IGToast (18221): 	at java.lang.reflect.Method.invoke(Native Method)
02-10 00:00:12.797 W/IGToast (18221): 	at com.android.internal.os.RuntimeInit$MethodAndArgsCaller.run(RuntimeInit.java:632)
02-10 00:00:12.797 W/IGToast (18221): 	at com.android.internal.os.ZygoteInit.main(ZygoteInit.java:975)
02-10 00:00:12.799 I/Toast   (18221): show: caller = X.BQA.show:51 
02-10 00:00:12.799 I/Toast   (18221): show: contextDispId = 0 mCustomDisplayId = -1 focusedDisplayId = 0 isActivityContext = true
02-10 00:00:12.800 W/qdgralloc( 1804): getInterlacedFlag: getMetaData returned 3, defaulting to interlaced_flag = 0
02-10 00:00:12.800 W/ContextImpl( 2640): Calling a method in the system process without a qualified user: android.app.ContextImpl.sendBroadcast:1335 com.android.server.notification.NotificationManagerService$17.enqueueToastForDex:62 com.android.server.notification.NotificationManagerService$17.enqueueToastForDex:1 android.app.INotificationManager$Stub.onTransact:4653 android.os.Binder.execTransactInternal:1457 
02-10 00:00:12.801 I/SurfaceFlinger( 1804): id=9670 createSurf, flag=84004, WindowToken{61ed2a3 type=2005 android.os.Binder@3c761d2}#9670
02-10 00:00:12.802 I/ImeTracker(18221): com.instagram.android:4c93deeb: onRequestHide at ORIGIN_CLIENT reason HIDE_SOFT_INPUT fromUser false
02-10 00:00:12.802 I/InputMethodManager_LC(18221): hsifw() - flag : 0
02-10 00:00:12.802 I/InputMethodManager_LC(18221): hsifw() - mService.hideSoftInput
02-10 00:00:12.802 D/InsetsController(18221): hide(ime(), fromIme=false)
02-10 00:00:12.802 I/ImeTracker(18221): com.instagram.android:4c93deeb: onCancelled at PHASE_CLIENT_ALREADY_HIDDEN
02-10 00:00:12.803 I/ImeTracker(18221): com.instagram.android:163a32c7: onRequestHide at ORIGIN_CLIENT reason HIDE_SOFT_INPUT fromUser false
02-10 00:00:12.803 I/InputMethodManager_LC(18221): hsifw() - flag : 0
02-10 00:00:12.803 I/InputMethodManager_LC(18221): hsifw() - mService.hideSoftInput
02-10 00:00:12.803 D/InsetsController(18221): hide(ime(), fromIme=false)
02-10 00:00:12.803 I/ImeTracker(18221): com.instagram.android:163a32c7: onCancelled at PHASE_CLIENT_ALREADY_HIDDEN
02-10 00:00:12.806 V/ToastPresenter(18221): yOffset = 0
02-10 00:00:12.806 I/WindowManager(18221): WindowManagerGlobal#addView, ty=2005, view=com.instagram.common.ui.base.IgFrameLayout{a45b458 V.E...... ......I. 0,0-0,0}, caller=android.view.WindowManagerImpl.addView:158 android.widget.ToastPresenter.addToastView:424 android.widget.ToastPresenter.show:325 
02-10 00:00:12.806 D/ViewRootImpl(18221): desktopMode is false
02-10 00:00:12.806 I/ViewRootImpl(18221): dVRR is disabled
02-10 00:00:12.806 D/NativeCustomFrequencyManager(18221): [NativeCFMS] BpCustomFrequencyManager::BpCustomFrequencyManager()
02-10 00:00:12.807 I/SurfaceFlinger( 1804): [WindowToken{61ed2a3 type=2005 android.os.Binder@3c761d2}#9670] attach to parent LayerHierarchy{RequestedLayerState{Leaf:20:21#30 parentId=29} 1 children}
02-10 00:00:12.807 D/InputTransport( 2640): Input channel constructed: '2c1f5ff', fd=1368
02-10 00:00:12.807 D/InputTransport( 2640): Input channel constructed: '2c1f5ff', fd=1371
02-10 00:00:12.808 D/InputTransport( 2640): Input channel constructed: '2c1f5ff', fd=1383
02-10 00:00:12.808 D/InputTransport( 2640): Input channel destroyed: '2c1f5ff', fd=1371
02-10 00:00:12.808 I/SurfaceFlinger( 1804): id=9671 createSurf, flag=84004, 2c1f5ff Toast#9671
02-10 00:00:12.808 D/RestrictionPolicy( 2640): isScreenCaptureEnabled : ret=true userId=0
02-10 00:00:12.809 D/InputTransport( 2640): Input channel destroyed: '2c1f5ff', fd=1383
02-10 00:00:12.809 D/InputTransport(18221): Input channel constructed: '2c1f5ff', fd=439
02-10 00:00:12.809 I/InsetsController(18221): onStateChanged: host=Toast, from=android.view.ViewRootImpl.onInsetsStateChanged:3026, state=InsetsState: {mDisplayFrame=Rect(0, 0 - 1080, 2340), mDisplayCutout=DisplayCutout{insets=Rect(0, 84 - 0, 0) waterfall=Insets{left=0, top=0, right=0, bottom=0} boundingRect={Bounds=[Rect(0, 0 - 0, 0), Rect(515, 0 - 566, 84), Rect(0, 0 - 0, 0), Rect(0, 0 - 0, 0)]} cutoutPathParserInfo={CutoutPathParserInfo{displayWidth=1080 displayHeight=2340 physicalDisplayWidth=1080 physicalDisplayHeight=2340 density={2.8125} cutoutSpec={M 0,0 H -9.066666666666667 V 29.86666666666667 H 9.066666666666667 V 0 H 0 Z @dp} rotation={0} scale={1.0} physicalPixelDisplaySizeRatio={1.0}}} sideOverrides={}}, mRoundedCorners=RoundedCorners{[RoundedCorner{position=TopLeft, radius=6, center=Point(6, 6)}, RoundedCorner{position=TopRight, radius=6, center=Point(1074, 6)}, RoundedCorner{position=BottomRight, radius=6, center=Point(1074, 2334)}, RoundedCorner{position=BottomLeft, radius=6, center=Point(6, 2334)}]}  mRoundedCornerFrame=Rect(0, 0 - 0, 0), mPrivacyIndicatorBounds=PrivacyIndicatorBounds {static bounds=Rect(956, 0 - 1080, 84) rotation=0}, mDisplayShape=DisplayShape{ spec=1406003047 displayWidth=1080 displayHeight=2340 physicalPixelDisplaySizeRatio=0.75 rotation=0 offsetX=0 offsetY=0 scale=1.0}, mSources= { InsetsSource: {b78c0001 mType=navigationBars mFrame=[0,2298][1080,2340] mVisible=true mFlags=SUPPRESS_SCRIM mSideHint=BOTTOM mBoundingRects=null}, InsetsSource: {b78c0004 mType=systemGestures mFrame=[0,0][84,2340] mVisible=true mFlags= mSideHint=LEFT mBoundingRects=null}, InsetsSource: {b78c0005 mType=mandatorySystemGestures mFrame=[0,2250][1080,2340] mVisible=true mFlags= mSideHint=BOTTOM mBoundingRects=null}, InsetsSource: {b78c0006 mType=tappableElement mFrame=[0,0][0,0] mVisible=true mFlags= mSideHint=NONE mBoundingRects=null}, InsetsSource: {b78c0024 mType=systemGestures mFrame=[996,0][1080,2340] mVisible=true mFlags= mSideHint=RIGHT mBoundingRects=null}, InsetsSource: {f3f10000 mType=statusBars mFrame=[0,0][1080,84] mVisible=true mFlags= mSideHint=TOP mBoundingRects=null}, InsetsSource: {f3f10005 mType=mandatorySystemGestures mFrame=[0,0][1080,118] mVisible=true mFlags= mSideHint=TOP mBoundingRects=null}, InsetsSource: {f3f10006 mType=tappableElement mFrame=[0,0][1080,84] mVisible=true mFlags= mSideHint=TOP mBoundingRects=null}, InsetsSource: {3 mType=ime mFrame=[0,0][0,0] mVisible=false mFlags= mSideHint=NONE mBoundingRects=null}, InsetsSource: {27 mType=displayCutout mFrame=[0,0][1080,84] mVisible=true mFlags= mSideHint=TOP mBoundingRects=null} }
02-10 00:00:12.809 I/VRI[Toast]@b0c9b1(18221): synced displayState. AttachInfo displayState=2
02-10 00:00:12.810 I/VRI[Toast]@b0c9b1(18221): setView = com.instagram.common.ui.base.IgFrameLayout@a45b458 IsHRR=false mFlingFrameRateChange=0 TM=true
02-10 00:00:12.811 D/HWUI    (18221): HWUI - treat SMPTE_170M as sRGB
02-10 00:00:12.811 I/HYPER-HAL( 1667): [RequestManager.cpp]acquire(): Acquired ID : 13062044  [1671 / 3439]    HINT :      list : [TID_LOW_LATENCY / 1] [TID / 28341] [TID / 28342] [TID / 18221] [TID / 28315] 
02-10 00:00:12.812 I/WindowManager( 2640): Relayout Window{2c1f5ff u0 Toast}: viewVisibility=0 req=195x153 ty=2005 d0
02-10 00:00:12.812 I/SurfaceFlinger( 1804): id=9672 createSurf, flag=44004, Toast$_18221#9672
02-10 00:00:12.812 D/WindowManager( 2640): makeSurface duration=0 name=Toast$_18221
02-10 00:00:12.812 D/SurfaceComposerClient( 2640): setCornerRadius ## 98d5d23 org.jellyfin.mobile/org.jellyfin.mobile.MainActivity#7191 cornerRadius=0.000000
02-10 00:00:12.812 D/SurfaceComposerClient( 2640): setCornerRadius ## c96e6 com.instagram.android/com.instagram.android.activity.MainTabActivity#9653 cornerRadius=0.000000
02-10 00:00:12.813 D/SurfaceComposerClient( 2640): setCornerRadius ## 98d5d23 org.jellyfin.mobile/org.jellyfin.mobile.MainActivity#7191 cornerRadius=0.000000
02-10 00:00:12.813 D/SurfaceComposerClient( 2640): setCornerRadius ## c96e6 com.instagram.android/com.instagram.android.activity.MainTabActivity#9653 cornerRadius=0.000000
02-10 00:00:12.813 I/WindowManager( 2640): Relayout hash=2c1f5ff, pid=18221, syncId=-1: mAttrs={(0,0)(wrapxwrap) gr=CENTER sim={adjust=pan} ty=TOAST fmt=TRANSLUCENT wanim=0x1030004 receive insets ignoring z-order
02-10 00:00:12.813 I/WindowManager( 2640):   fl=1000098
02-10 00:00:12.813 I/WindowManager( 2640):   pfl=10000000
02-10 00:00:12.813 I/WindowManager( 2640):   bhv=1
02-10 00:00:12.813 I/WindowManager( 2640):   fitTypes=20f
02-10 00:00:12.813 I/WindowManager( 2640):   fitIgnoreVis
02-10 00:00:12.813 I/WindowManager( 2640):   frameRateBoostOnTouch=true
02-10 00:00:12.813 I/WindowManager( 2640):   dvrrWindowFrameRateHint=true naviIconColor=0}
02-10 00:00:12.814 W/libc    (18221): Access denied finding property "vendor.display.enable_optimal_refresh_rate"
02-10 00:00:12.814 I/BufferQueueProducer(18221): [](id:472d0000000c,api:0,p:291794544,c:18221) setDequeueTimeout:2077252342
02-10 00:00:12.814 I/BLASTBufferQueue_Java(18221): new BLASTBufferQueue, mName= VRI[Toast]@b0c9b1 mNativeObject= 0xb4000073c171dc50 caller= android.view.ViewRootImpl.updateBlastSurfaceIfNeeded:3585 android.view.ViewRootImpl.relayoutWindow:11685 android.view.ViewRootImpl.performTraversals:4804 android.view.ViewRootImpl.doTraversal:3924 android.view.ViewRootImpl$TraversalRunnable.run:12903 android.view.Choreographer$CallbackRecord.run:1901 android.view.Choreographer$CallbackRecord.run:1910 android.view.Choreographer.doCallbacks:1367 android.view.Choreographer.doFrame:1292 android.view.Choreographer$FrameDisplayEventReceiver.run:1870 
02-10 00:00:12.814 I/BLASTBufferQueue_Java(18221): update, w= 195 h= 153 mName = VRI[Toast]@b0c9b1 mNativeObject= 0xb4000073c171dc50 sc.mNativeObject= 0xb4000074214a9d90 format= -3 caller= android.view.ViewRootImpl.updateBlastSurfaceIfNeeded:3590 android.view.ViewRootImpl.relayoutWindow:11685 android.view.ViewRootImpl.performTraversals:4804 android.view.ViewRootImpl.doTraversal:3924 android.view.ViewRootImpl$TraversalRunnable.run:12903 android.view.Choreographer$CallbackRecord.run:1901 
02-10 00:00:12.814 W/libc    (18221): Access denied finding property "vendor.display.enable_optimal_refresh_rate"
02-10 00:00:12.814 I/VRI[Toast]@b0c9b1(18221): Relayout returned: old=(0,84,1080,2298) new=(442,1114,637,1267) relayoutAsync=false req=(195,153)0 dur=2 res=0x3 s={true 0xb4000072f1d543d0} ch=true seqId=0
02-10 00:00:12.815 I/VRI[Toast]@b0c9b1(18221): performConfigurationChange setNightDimText nightDimLevel=0
02-10 00:00:12.815 D/VRI[Toast]@b0c9b1(18221): mThreadedRenderer.initialize() mSurface={isValid=true 0xb4000072f1d543d0} hwInitialized=true
02-10 00:00:12.815 D/VRI[Toast]@b0c9b1(18221): reportNextDraw android.view.ViewRootImpl.performTraversals:5443 android.view.ViewRootImpl.doTraversal:3924 android.view.ViewRootImpl$TraversalRunnable.run:12903 android.view.Choreographer$CallbackRecord.run:1901 android.view.Choreographer$CallbackRecord.run:1910 
02-10 00:00:12.815 D/VRI[Toast]@b0c9b1(18221): Setup new sync=wmsSync-VRI[Toast]@b0c9b1#4
02-10 00:00:12.815 I/VRI[Toast]@b0c9b1(18221): Creating new active sync group VRI[Toast]@b0c9b1#5
02-10 00:00:12.816 I/SurfaceFlinger( 1804): RequestedLayer [WindowToken{61ed2a3 type=2005 android.os.Binder@3c761d2}#9670] hidden!! flag  from(1) --> to(0)
02-10 00:00:12.816 I/SurfaceFlinger( 1804): RequestedLayer [2c1f5ff Toast#9671] hidden!! flag  from(1) --> to(0)
02-10 00:00:12.816 D/VRI[Toast]@b0c9b1(18221): registerCallbacksForSync syncBuffer=false
02-10 00:00:12.816 I/SurfaceFlinger( 1804): [2c1f5ff Toast#9671] attach to parent LayerHierarchy{RequestedLayerState{WindowToken{61ed2a3 type=2005 android.os.Binder@3c761d2}#9670 parentId=30} 1 children}
02-10 00:00:12.816 I/SurfaceFlinger( 1804): [Toast$_18221#9672] attach to parent LayerHierarchy{RequestedLayerState{2c1f5ff Toast#9671 parentId=9670} 1 children}
02-10 00:00:12.816 D/VRI[Toast]@b0c9b1(18221): Received frameDrawingCallback syncResult=0 frameNum=1.
02-10 00:00:12.816 W/qdgralloc(18221): getInterlacedFlag: getMetaData returned 3, defaulting to interlaced_flag = 0
02-10 00:00:12.816 I/VRI[Toast]@b0c9b1(18221): mWNT: t=0xb4000073015f7390 mBlastBufferQueue=0xb4000073c171dc50 fn= 1 HdrRenderState mRenderHdrSdrRatio=1.0 caller= android.view.ViewRootImpl$12.onFrameDraw:15441 android.view.ThreadedRenderer$1.onFrameDraw:718 <bottom of call stack> 
02-10 00:00:12.816 I/VRI[Toast]@b0c9b1(18221): Setting up sync and frameCommitCallback
02-10 00:00:12.817 I/BLASTBufferQueue(18221): [VRI[Toast]@b0c9b1#2](f:0,a:0,s:0) onFrameAvailable the first frame is available
02-10 00:00:12.817 I/SurfaceComposerClient(18221): apply transaction with the first frame. layerId: 9672, bufferData(ID: 78258599101160, frameNumber: 1)
02-10 00:00:12.817 I/VRI[Toast]@b0c9b1(18221): Received frameCommittedCallback lastAttemptedDrawFrameNum=1 didProduceBuffer=true
02-10 00:00:12.817 I/SurfaceFlinger( 1804): [Toast$_18221#9672] setTransactionState with the first frame. bufferData(ID: 78258599101160, frameNumber: 1)
02-10 00:00:12.817 D/HWUI    (18221): CFMS:: SetUp Pid : 18221    Tid : 28315
02-10 00:00:12.818 D/VRI[Toast]@b0c9b1(18221): reportDrawFinished seqId=0
02-10 00:00:12.818 D/WindowManager( 2640): finishDrawingWindow: Window{2c1f5ff u0 Toast} mDrawState=DRAW_PENDING seqId=0
02-10 00:00:12.819 D/SurfaceComposerClient( 2640): setCornerRadius ## 98d5d23 org.jellyfin.mobile/org.jellyfin.mobile.MainActivity#7191 cornerRadius=0.000000
02-10 00:00:12.819 D/SurfaceComposerClient( 2640): setCornerRadius ## c96e6 com.instagram.android/com.instagram.android.activity.MainTabActivity#9653 cornerRadius=0.000000
02-10 00:00:12.820 I/WindowManager( 2640): Reparenting to leash, surface=Surface(name=2c1f5ff Toast)/@0xbdebecd, leashParent=Surface(name=WindowToken{61ed2a3 type=2005 android.os.Binder@3c761d2})/@0xb87e382
02-10 00:00:12.820 I/SurfaceFlinger( 1804): id=9673 createSurf, flag=24004, Surface(name=2c1f5ff Toast)/@0xbdebecd - animation-leash of window_animation#9673
02-10 00:00:12.821 D/WindowManager( 2640): makeSurface duration=0 leash=Surface(name=Surface(name=2c1f5ff Toast)/@0xbdebecd - animation-leash of window_animation)/@0x8b9aa93
02-10 00:00:12.821 V/WindowManager( 2640): performShowLocked: mDrawState=HAS_DRAWN in Window{2c1f5ff u0 Toast}
02-10 00:00:12.821 D/SurfaceComposerClient( 2640): setCornerRadius ## 98d5d23 org.jellyfin.mobile/org.jellyfin.mobile.MainActivity#7191 cornerRadius=0.000000
02-10 00:00:12.821 D/SurfaceComposerClient( 2640): setCornerRadius ## c96e6 com.instagram.android/com.instagram.android.activity.MainTabActivity#9653 cornerRadius=0.000000
02-10 00:00:12.824 I/SurfaceFlinger( 1804): [LayerHierarchy{RequestedLayerState{Input Consumer pip_input_consumer#9635 parentId=10 z=2147483646} no children}] reparent to LayerHierarchy{RequestedLayerState{DefaultTaskDisplayArea_d0#10 parentId=9} 11 children}
02-10 00:00:12.824 I/SurfaceFlinger( 1804): [Surface(name=2c1f5ff Toast)/@0xbdebecd - animation-leash of window_animation#9673] attach to parent LayerHierarchy{RequestedLayerState{WindowToken{61ed2a3 type=2005 android.os.Binder@3c761d2}#9670 parentId=30} 2 children}
02-10 00:00:12.824 I/SurfaceFlinger( 1804): Dropping input for Toast$_18221#9672 as requested by policy.
02-10 00:00:12.824 D/PowerManagerService( 2640): [api] setPowerBoost(L) boost:0, durationMs:0, caller (uid: 1000 pid: 2640) <- m() in com.android.server.display.DisplayManagerService$BinderService$$ExternalSyntheticOutline0:1
02-10 00:00:12.832 I/SurfaceFlinger( 1804): [Display 0 name="Built-in Screen"#49] setFrameRateCategory: High
02-10 00:00:12.832 E/SurfaceFlinger( 1804): alpha changed 1.000 -> 0.000 - Surface(name=2c1f5ff Toast)/@0xbdebecd - animation-leash of window_animation#9673
02-10 00:00:12.832 I/SurfaceFlinger( 1804): RequestedLayer [Surface(name=2c1f5ff Toast)/@0xbdebe[...]ation-leash of window_animation#9673] hidden!! flag  from(1) --> to(0)
02-10 00:00:12.832 E/SurfaceFlinger( 1804): alpha changed 0.000 -> 0.000 - Surface(name=2c1f5ff Toast)/@0xbdebecd - animation-leash of window_animation#9673
02-10 00:00:12.832 I/SurfaceFlinger( 1804): RequestedLayer [Toast$_18221#9672] hidden!! flag  from(1) --> to(0)
02-10 00:00:12.832 I/SurfaceFlinger( 1804): [LayerHierarchy{RequestedLayerState{Input Consumer pip_input_consumer#9635 parentId=10 z=2147483646} no children}] reparent to LayerHierarchy{RequestedLayerState{DefaultTaskDisplayArea_d0#10 parentId=9} 11 children}
02-10 00:00:12.832 I/SurfaceFlinger( 1804): [LayerHierarchy{RequestedLayerState{2c1f5ff Toast#9671 parentId=9673} 1 children}] reparent to LayerHierarchy{RequestedLayerState{Surface(name=2c1f5ff Toast)/@0xbdebecd - animation-leash of window_animation#9673 parentId=9670} 1 children}
02-10 00:00:12.832 I/SurfaceFlinger( 1804): Dropping input for Toast$_18221#9672 as requested by policy.
02-10 00:00:12.833 I/DisplayDeviceRepository( 2640): Display device changed render timings: "Built-in Screen", renderFrameRate=120.00001, presentationDeadlineNanos=9333333, appVsyncOffsetNanos=8333333, frameRateOverrides=[{uid=1000 frameRateHz=120.00001}, {uid=10049 frameRateHz=120.00001}, {uid=10394 frameRateHz=120.00001}, {uid=10442 frameRateHz=120.00001}]
02-10 00:00:12.834 D/SGM:GameManager( 2640): onDisplayChanged. displyId: 0, state: 2
02-10 00:00:12.834 D/SGM:GameManager( 2640): dpi: 450, longPixel: 2340, shortPixel: 1080
02-10 00:00:12.834 D/AODManagerService( 2640): requestReCalToTSP IsSingleTouchMode = falserequestedReCalToTSP = false / previousDisplayState = ON
02-10 00:00:12.835 D/AudioFlinger( 1772): setParameters: filtered dev setParameters keyvalue screen_state=on
02-10 00:00:12.835 D/SGM:FgCheckThread( 2640): onLooperPrepared(), msg: MSG_LCD_ON
02-10 00:00:12.835 D/AHAL: AudioDevice( 1641): SetParameters: 1865: enter
02-10 00:00:12.835 D/AHAL: AudioVoice( 1641): VoiceSetParameters: 200: Enter
02-10 00:00:12.835 D/AHAL: AudioVoice( 1641): VoiceSetParameters: 479: Exit ret: 0
02-10 00:00:12.835 D/AHAL: hfp( 1641): hfp_set_parameters: 444: enter
02-10 00:00:12.835 D/AHAL: AudioDevice( 1641): SetParameters: 1945:  - screen = on
02-10 00:00:12.835 I/PAL: ResourceManager( 1641): setParameter: 10683: Screen State:1
02-10 00:00:12.835 D/AHAL: AudioDevice( 1641): SetParameters: 2798: exit: screen_state=on
02-10 00:00:12.835 D/LiftUpHandler( 2640): [LTW] Stopped already.
02-10 00:00:12.836 D/SurfaceComposerClient( 2640): setCornerRadius ## 98d5d23 org.jellyfin.mobile/org.jellyfin.mobile.MainActivity#7191 cornerRadius=0.000000
02-10 00:00:12.836 D/SurfaceComposerClient( 2640): setCornerRadius ## c96e6 com.instagram.android/com.instagram.android.activity.MainTabActivity#9653 cornerRadius=0.000000
02-10 00:00:12.836 D/AS.DesktopModeHelper( 2640): onDisplayChanged: #Id=0
02-10 00:00:12.836 D/DisplayLifecycle( 3998): updateDisplay id = 0
02-10 00:00:12.837 D/StackScroller( 3998): onDisplayChanged for predraw skip to 2
02-10 00:00:12.837 D/WifiDisplayAdapter( 2640): isFitToActiveDisplayLocked : false
02-10 00:00:12.841 E/SurfaceFlinger( 1804): alpha changed 0.000 -> 0.032 - Surface(name=2c1f5ff Toast)/@0xbdebecd - animation-leash of window_animation#9673
02-10 00:00:12.841 I/SurfaceFlinger( 1804): Dropping input for Toast$_18221#9672 as requested by policy.
02-10 00:00:12.841 W/qdgralloc( 1804): getInterlacedFlag: getMetaData returned 3, defaulting to interlaced_flag = 0
02-10 00:00:12.845 D/SurfaceFlinger( 1804): Display 4630946315032985731 HWC layers:
02-10 00:00:12.845 D/SurfaceFlinger( 1804):        DEVICE |           78258599100416 | 00002102 | RGBA_8888    |    0.0    0.0 1080.0 2340.0 |    0    0 1080 2340 | com.instagram.android/com.instagram.[...]activity.MainTabActivity$_18221#9654 (2208)
02-10 00:00:12.845 D/SurfaceFlinger( 1804):        DEVICE |           78258599101156 | 00002100 | RGBA_8888    |    0.0    0.0    1.0 2214.0 |  539   84  540 2298 | KHCD.BYW$_18221#9669 (1)
02-10 00:00:12.845 D/SurfaceFlinger( 1804):        CLIENT |                        0 | 00000000 | N/A          |    0.0    0.0    0.0    0.0 |  232  101 1063  593 | Task=85#7180 (0)
02-10 00:00:12.845 D/SurfaceFlinger( 1804):        CLIENT |                        0 | 00000002 | N/A          |    0.0    0.0    0.0    0.0 |  260  129 1035  565 | Background for 922a364 SurfaceView[o[...]jellyfin.mobile.MainActivity]@0#9592 (0)
02-10 00:00:12.845 D/SurfaceFlinger( 1804):        CLIENT |           25619479942699 | 00000102 | 0x7fa30c09   |    0.0    0.0 1920.0 1080.0 |  260  129 1035  565 | 922a364 SurfaceView[org.jellyfin.mob[...]n.mobile.MainActivity]@0(BLAST)#9591 (4656)
02-10 00:00:12.845 D/SurfaceFlinger( 1804):        CLIENT |           25619479946373 | 00002100 | RGBA_8888    |    0.0    0.0  
02-10 00:00:12.845 D/SurfaceFlinger( 1804): 775.0  436.0 |  260  129 1035  565 | org.jellyfin.mobile/org.jellyfin.mobile.MainActivity$_5965#9588 (147)
02-10 00:00:12.845 D/SurfaceFlinger( 1804):        DEVICE |           17171279260170 | 00002100 | RGBA_8888    |    0.0    0.0 1080.0   84.0 |    0    0 1080   84 | StatusBar$_3998#104 (16956)
02-10 00:00:12.845 D/SurfaceFlinger( 1804):        DEVICE |           78258599101160 | 00002100 | RGBA_8888    |    0.0    0.0  195.0  153.0 |  442 1114  637 1267 | Toast$_18221#9672 (1)
02-10 00:00:12.845 D/SurfaceFlinger( 1804):        DEVICE |           17171279260175 | 00002100 | RGBA_8888    |    0.0    0.0 1080.0  135.0 |    0 2205 1080 2340 | NavigationBar0$_3998#100 (22696)
02-10 00:00:12.845 D/SurfaceFlinger( 1804): 
02-10 00:00:12.849 I/SurfaceFlinger( 1804): [LayerHierarchy{RequestedLayerState{Input Consumer pip_input_consumer#9635 parentId=10 z=2147483646} no children}] reparent to LayerHierarchy{RequestedLayerState{DefaultTaskDisplayArea_d0#10 parentId=9} 11 children}
02-10 00:00:12.849 I/SurfaceFlinger( 1804): Dropping input for Toast$_18221#9672 as requested by policy.
02-10 00:00:12.854 I/SemWifiServiceDetector( 2640): NSD results: [1, 1, 0, 1, 0, 1, -1, 0, 0] Traff. type 3 Thr 636
02-10 00:00:12.857 I/SurfaceFlinger( 1804): Dropping input for Toast$_18221#9672 as requested by policy.
02-10 00:00:12.861 I/CompositionEngine( 1804): [setDisplaySize] size=(434, 42)
02-10 00:00:12.866 I/SurfaceFlinger( 1804): Dropping input for Toast$_18221#9672 as requested by policy.
02-10 00:00:12.874 I/SurfaceFlinger( 1804): Dropping input for Toast$_18221#9672 as requested by policy.
02-10 00:00:12.882 I/SurfaceFlinger( 1804): Dropping input for Toast$_18221#9672 as requested by policy.
02-10 00:00:12.891 I/SurfaceFlinger( 1804): Dropping input for Toast$_18221#9672 as requested by policy.
02-10 00:00:12.899 I/SurfaceFlinger( 1804): Dropping input for Toast$_18221#9672 as requested by policy.
