02-01 10:48:33.831  6707  6707 I BLASTBufferQueue_Java: update, w= 90 h= 90 mName = 1e8a6db SurfaceView[InputMethod]@0 mNativeObject= 0xb4000075c6990320 sc.mNativeObject= 0xb400007766868510 format= -2 caller= android.view.SurfaceView.createBlastSurfaceControls:1782 android.view.SurfaceView.updateSurface:1450 android.view.SurfaceView.setVisibility:613 android.widget.inline.InlineContentView$3.onDraw:160 android.view.ViewTreeObserver.dispatchOnDraw:1295 android.view.ViewRootImpl.draw:6909 
02-01 10:48:33.832  6707  6707 I SurfaceView: 32024283 Cur surface: Surface(name=null mNativeObject=0)/@0x5831653
02-01 10:48:33.832  1667  5296 I vendor.qti.bluetooth@1.1-ibs_handler: ProcessIbsCmd: Received IBS_SLEEP_IND: 0xFE
02-01 10:48:33.832  1667  5296 D vendor.qti.bluetooth@1.1-ibs_handler: SerialClockVote: vote for UART CLK OFF
02-01 10:48:33.832  6707  6707 D SurfaceComposerClient: setCornerRadius ## 1e8a6db SurfaceView[InputMethod]@0#4170 cornerRadius=0.000000
02-01 10:48:33.832  6707  6707 I SV[32024283 InputMethod]: pST: sr = Rect(583, 1248 - 673, 1338) sw = 90 sh = 90
02-01 10:48:33.832  6707  6707 D SurfaceView: 32024283 performSurfaceTransaction RenderWorker position = [583, 1248, 673, 1338] surfaceSize = 90x90
02-01 10:48:33.832  6707  6707 W libc    : Access denied finding property "vendor.display.enable_optimal_refresh_rate"
02-01 10:48:33.833  6707  6707 I SV[32024283 InputMethod]: updateSurface: mVisible = true mSurface.isValid() = true
02-01 10:48:33.833  6707  6707 I SV[32024283 InputMethod]: updateSurface: mSurfaceCreated = false surfaceChanged = true visibleChanged = true
02-01 10:48:33.833  6707  6707 I SurfaceView: 32024283 visibleChanged -- surfaceCreated
02-01 10:48:33.833  6707  6707 I SV[32024283 InputMethod]: surfaceCreated 0 #3 android.widget.inline.InlineContentView$4{1e8a6db V.E...... ......ID 0,0-90,90}
02-01 10:48:33.833  6707  6707 I SurfaceView: 32024283 surfaceChanged -- format=-2 w=90 h=90
02-01 10:48:33.833  6707  6707 I SV[32024283 InputMethod]: surfaceChanged (90,90) 0 #3 android.widget.inline.InlineContentView$4{1e8a6db V.E...... ......ID 0,0-90,90}
02-01 10:48:33.833  6707  6707 I SurfaceView: 32024283 surfaceRedrawNeeded
02-01 10:48:33.833  6707  6707 I SurfaceView: 32024283 finishedDrawing
02-01 10:48:33.833  6707  6707 V SurfaceView: Layout: x=583 y=1248 w=90 h=90, frame=Rect(0, 0 - 90, 90)
02-01 10:48:33.833  6707  6707 I VRI[InputMethod]@f915a68: registerCallbackForPendingTransactions
02-01 10:48:33.834  6707  7518 D SurfaceView: 32024283 updateSurfacePosition RenderWorker, frameNr = 32, position = [583, 1248, 673, 1338] surfaceSize = 90x90
02-01 10:48:33.834  6707  7518 I SV[32024283 InputMethod]: uSP: rtp = Rect(583, 1248 - 673, 1338) rtsw = 90 rtsh = 90
02-01 10:48:33.834  6707  7518 I SV[32024283 InputMethod]: onSSPAndSRT: pl = 583 pt = 1248 sx = 1.0 sy = 1.0
02-01 10:48:33.834  6707  7518 I SV[32024283 InputMethod]: aOrMT: VRI[InputMethod]@f915a68 t = android.view.SurfaceControl$Transaction@79ee48e fN = 32 android.view.SurfaceView.-$$Nest$mapplyOrMergeTransaction:0 android.view.SurfaceView$SurfaceViewPositionUpdateListener.positionChanged:1932 android.graphics.RenderNode$CompositePositionUpdateListener.positionChanged:401 
02-01 10:48:33.834  6707  7518 I VRI[InputMethod]@f915a68: mWNT: t=0xb4000077468dfad0 mBlastBufferQueue=0xb4000075c693de00 fn= 32 HdrRenderState mRenderHdrSdrRatio=1.0 caller= android.view.SurfaceView.applyOrMergeTransaction:1863 android.view.SurfaceView.-$$Nest$mapplyOrMergeTransaction:0 android.view.SurfaceView$SurfaceViewPositionUpdateListener.positionChanged:1932 
02-01 10:48:33.834  6707  7517 I VRI[InputMethod]@f915a68: mWNT: t=0xb4000077468dfe50 mBlastBufferQueue=0xb4000075c693de00 fn= 32 HdrRenderState mRenderHdrSdrRatio=1.0 caller= android.view.ViewRootImpl$10.onFrameDraw:6536 android.view.ViewRootImpl$4.onFrameDraw:2489 android.view.ThreadedRenderer$1.onFrameDraw:718 
02-01 10:48:33.837  2639  5281 D MotionRecognitionService: inject vibrator info = 0.0
02-01 10:48:33.837  1795  1795 I SurfaceFlinger: RequestedLayer [1e8a6db SurfaceView[InputMethod]@0#4170] hidden!! flag  from(1) --> to(0)
02-01 10:48:33.837  1795  1795 I SurfaceFlinger: RequestedLayer [SurfaceControlViewHost#4164] hidden!! flag  from(1) --> to(0)
02-01 10:48:33.837  1795  1795 I SurfaceFlinger: [LayerHierarchy{RequestedLayerState{SurfaceControlViewHost#4164 parentId=4171} 1 children}] reparent to LayerHierarchy{RequestedLayerState{1e8a6db SurfaceView[InputMethod]@0(BLAST)#4171 parentId=4170} 1 children}
02-01 10:48:33.837  1795  1795 I SurfaceFlinger: [1e8a6db SurfaceView[InputMethod]@0#4170] attach to parent LayerHierarchy{RequestedLayerState{Bounds for - InputMethod@2#4154 parentId=4146} 2 children}
02-01 10:48:33.837  1795  1795 I SurfaceFlinger: [1e8a6db SurfaceView[InputMethod]@0(BLAST)#4171] attach to parent LayerHierarchy{RequestedLayerState{1e8a6db SurfaceView[InputMethod]@0#4170 parentId=4154 relativeParentId=4146 z=1} 1 children}
02-01 10:48:33.837  1795  1795 I SurfaceFlinger: [Background for 1e8a6db SurfaceView[InputMethod]@0#4172] attach to parent LayerHierarchy{RequestedLayerState{1e8a6db SurfaceView[InputMethod]@0#4170 parentId=4154 relativeParentId=4146 z=1} 2 children}
02-01 10:48:33.838  1674  1674 I sensors-hal: inject_sensor_data:427, handle:11, type:33 not supported
02-01 10:48:33.838  1674  1674 I sensors-hal: inject_sensor_data:427, handle:11, type:33 not supported
02-01 10:48:33.839  1674  1674 I sensors-hal: inject_sensor_data:427, handle:11, type:33 not supported
02-01 10:48:33.840  1795  1795 D SurfaceFlinger: Display 4630946315032985731 HWC layers:
02-01 10:48:33.840  1795  1795 D SurfaceFlinger:        DEVICE |          108718507163663 | 00000102 | RGBA_8888    |    0.0    0.0 1080.0 2340.0 |    0    0 1080 2340 | 70b609 SurfaceView[com.example.voxma[...]oxmatrix.MainActivity]@0(BLAST)#4113 (489)
02-01 10:48:33.840  1795  1795 D SurfaceFlinger:        DEVICE |          108718507163667 | 00002100 | RGBA_8888    |    0.0    0.0 1080.0 2340.0 |    0    0 1080 2340 | com.example.voxmatrix/com.example.voxmatrix.MainActivity$_25313#4108 (130)
02-01 10:48:33.840  1795  1795 D SurfaceFlinger:        DEVICE |           28806345654337 | 00002100 | RGBA_8888    |    0.0    0.0 1080.0 2256.0 |    0   84 1080 2340 | InputMethod$_6707#4146 (32)
02-01 10:48:33.840  1795  1795 D SurfaceFlinger:        DEVICE |           22011707392032 | 00002100 | RGBA_8888    |    0.0    0.0  427.0   90.0 |  134 1332  561 1422 | #4163 (1)
02-01 10:48:33.840  1795  1795 D SurfaceFlinger:        DEVICE |           22011707392039 | 00002100 | RGBA_8888    |    0.0    0.0   90.0   90.0 |  583 1332  673 1422 | #4166 (1)
02-01 10:48:33.840  1795  1795 D SurfaceFlinger:        DEVICE |           17046725199728 | 00002100 | RGBA_8888    |    0.0    0.0 1080.0   84.0 |    0    0 1080   84 | StatusBar$_3969#104 (6780)
02-01 10:48:33.840  1795  1795 D SurfaceFlinger:        DEVICE |        
02-01 10:48:33.841  1795  1795 D SurfaceFlinger:    17046725199736 | 00002100 | RGBA_8888    |    0.0    0.0 1080.0  135.0 |    0 2205 1080 2340 | NavigationBar0$_3969#100 (6651)
02-01 10:48:33.841  1795  1795 D SurfaceFlinger: 
02-01 10:48:33.922  1674  3922 I sensors-hal: handle_sns_client_event:159, auto_rotation_event_2 event,255, duration,0, ts,8033318006580, ts_diff,735977
02-01 10:48:33.922  1674  3922 I sensors-hal: handle_sns_client_event:164, auto_rotation_debug_2 acc,-1.220,2.972,9.677, ar,0, ver,14, pedo,1,e,1,i,3
02-01 10:48:33.924  2639  2998 D WindowOrientationListener: onSensorChanged device orientation: -1
02-01 10:48:33.925  3969  3969 D AppController: AppControlSensorListener.onSensorChanged, Rotation: -1
02-01 10:48:33.926  3969  3969 D NavigationBar: onRotationProposal proposedRotation=-1, isValid=false, mNavBarWindowState=WINDOW_STATE_SHOWING, rotateSuggestionsDisabled=false, isRotateButtonVisible=false
02-01 10:48:33.926  3969  3969 D RotationButtonController: onRotationProposal unknown rotation
02-01 10:48:33.933  1795  2147 I CompositionEngine: [setDisplaySize] size=(434, 42)
02-01 10:48:33.954  2639  2639 I GestureDetector: handleMessage TAP
02-01 10:48:33.954  2639  2998 I GestureDetector: handleMessage TAP
02-01 10:48:33.982  1667  4650 D vendor.qti.bluetooth@1.1-wake_lock: Release wakelock is released 
02-01 10:48:34.003  1674 24996 I sensors-hal: handle_sns_std_sensor_event:409, [SSC_LIGHT] P: 524(524),c:163,b:150,m:13,cl:78,l:486,s:500,l0:81600,l1:288,s0:72000,s1:0,acl:1,opr:0.56,f(r):94,u(bl):100,if:0,wi:0,si:0,po:0(N:0)
02-01 10:48:34.024  1681  1818 I HYPER-HAL: [RequestManager.cpp]acquire(): Acquired ID : 4520840  [1687 / 1319]    HINT :      list : [TID_LOW_LATENCY / 1] [TID / 4164] [TID / 4165] [TID / 4092] [TID / 4166] 
02-01 10:48:34.025  2639  3652 D HintManagerService: SystemUI make new AppHintSession but force pause
02-01 10:48:34.026  1681  1818 I HYPER-HAL: [RequestManager.cpp]acquire(): Acquired ID : 4520840  [1687 / 1319]    HINT :      list : [TID_LOW_LATENCY / 0] [TID / 4164] [TID / 4165] [TID / 4092] [TID / 4166] 
02-01 10:48:34.027  1681  1818 I HYPER-HAL: [RequestManager.cpp]acquire(): Acquired ID : 4520840  [1687 / 1319]    HINT :      list : [TID_LOW_LATENCY / 0] [TID / 4164] [TID / 4165] [TID / 4092] [TID / 4166] 
02-01 10:48:34.028  1681  1818 I HYPER-HAL: [RequestManager.cpp]acquire(): Acquired ID : 4523848  [1687 / 1320]    HINT :      list : [UCLAMP_MIN_BOOST / 0] [TID / 4164] [TID / 4165] [TID / 4092] [TID / 4166] 
02-01 10:48:34.028  1681  1818 I HYPER-HAL: [RequestManager.cpp]releaseLocked(): Released ID : 4520840
02-01 10:48:34.028  1681  1818 I HYPER-HAL: [RequestManager.cpp]releaseLocked(): Released ID : 4523848
02-01 10:48:34.038  1681  1818 I HYPER-HAL: [RequestManager.cpp]acquire(): Acquired ID : 4526857  [1687 / 1321]    HINT :      list : [TID_LOW_LATENCY / 1] [TID / 4164] [TID / 4165] [TID / 3969] [TID / 4166] 
02-01 10:48:34.038  2639  3652 D HintManagerService: SystemUI make new AppHintSession but force pause
02-01 10:48:34.039  1681  1818 I HYPER-HAL: [RequestManager.cpp]acquire(): Acquired ID : 4526857  [1687 / 1321]    HINT :      list : [TID_LOW_LATENCY / 0] [TID / 4164] [TID / 4165] [TID / 3969] [TID / 4166] 
02-01 10:48:34.040  1681  1818 I HYPER-HAL: [RequestManager.cpp]acquire(): Acquired ID : 4526857  [1687 / 1321]    HINT :      list : [TID_LOW_LATENCY / 0] [TID / 4164] [TID / 4165] [TID / 3969] [TID / 4166] 
02-01 10:48:34.041  1681  1818 I HYPER-HAL: [RequestManager.cpp]acquire(): Acquired ID : 4529867  [1687 / 1322]    HINT :      list : [UCLAMP_MIN_BOOST / 0] [TID / 4164] [TID / 4165] [TID / 3969] [TID / 4166] 
02-01 10:48:34.041  1681  1818 I HYPER-HAL: [RequestManager.cpp]releaseLocked(): Released ID : 4526857
02-01 10:48:34.041  1681  1818 I HYPER-HAL: [RequestManager.cpp]releaseLocked(): Released ID : 4529867
02-01 10:48:34.050  1681  1818 I HYPER-HAL: [RequestManager.cpp]acquire(): Acquired ID : 4532878  [1687 / 1323]    HINT :      list : [TID_LOW_LATENCY / 1] [TID / 4164] [TID / 4165] [TID / 4092] [TID / 4166] 
02-01 10:48:34.050  2639  3652 D HintManagerService: SystemUI make new AppHintSession but force pause
02-01 10:48:34.051  1681  1818 I HYPER-HAL: [RequestManager.cpp]acquire(): Acquired ID : 4532878  [1687 / 1323]    HINT :      list : [TID_LOW_LATENCY / 0] [TID / 4164] [TID / 4165] [TID / 4092] [TID / 4166] 
02-01 10:48:34.052  1681  1818 I HYPER-HAL: [RequestManager.cpp]acquire(): Acquired ID : 4532878  [1687 / 1323]    HINT :      list : [TID_LOW_LATENCY / 0] [TID / 4164] [TID / 4165] [TID / 4092] [TID / 4166] 
02-01 10:48:34.052  1681  1818 I HYPER-HAL: [RequestManager.cpp]acquire(): Acquired ID : 4535890  [1687 / 1324]    HINT :      list : [UCLAMP_MIN_BOOST / 0] [TID / 4164] [TID / 4165] [TID / 4092] [TID / 4166] 
02-01 10:48:34.053  1681  1818 I HYPER-HAL: [RequestManager.cpp]releaseLocked(): Released ID : 4532878
02-01 10:48:34.053  1795  2229 I SurfaceFlinger: id=4115 Removed Surface(name=fe32360 com.example.voxmatrix/com.example.voxmatrix.MainActivity)/@0xdf59c9a - animation-leash of starting_reveal#4115 (186)
02-01 10:48:34.053  1681  1818 I HYPER-HAL: [RequestManager.cpp]releaseLocked(): Released ID : 4535890
02-01 10:48:34.054  1795  2229 I SurfaceFlinger: id=3929 Removed ActivityRecord{233470650 u0 com.samsung.android.waterplugin/.activity.HMLaunchActivity t43}#3929 (186)
02-01 10:48:34.055  1795  2237 I SurfaceFlinger: id=3917 Removed Task=42#3917 (186)
02-01 10:48:34.057  3969  3989 W System  : A resource failed to call release. 
02-01 10:48:34.057  3969  3989 W System  : A resource failed to call release. 
02-01 10:48:34.057  3969  3989 W System  : A resource failed to call release. 
02-01 10:48:34.059  3969  3989 W System  : A resource failed to call release. 
02-01 10:48:34.060  3969  3989 W System  : A resource failed to call release. 
02-01 10:48:34.060  3969  3989 W System  : A resource failed to call release. 
02-01 10:48:34.061  3969  3989 W System  : A resource failed to call release. 
02-01 10:48:34.062  1795  1795 I SurfaceFlinger: destroyed Surface(name=fe32360 com.example.voxmatrix/com.example.voxmatrix.MainActivity)/@0xdf59c9a - animation-leash of starting_reveal#4115 form LifecycleManager
02-01 10:48:34.062  1795  1795 I SurfaceFlinger: destroyed ActivityRecord{233470650 u0 com.samsung.android.waterplugin/.activity.HMLaunchActivity t43}#3929 form LifecycleManager
02-01 10:48:34.062  1795  1795 I SurfaceFlinger: destroyed 4171d6b ActivityRecordInputSink com.samsung.android.waterplugin/.activity.HMLaunchActivity#3942 form LifecycleManager
02-01 10:48:34.062  1795  1795 I SurfaceFlinger: destroyed Task=42#3917 form LifecycleManager
02-01 10:48:34.062  1795  1795 I SurfaceFlinger: id=4115 onLayerDestroyed from LayerHierarchyBuilder(RequestedLayerState{Surface(name=fe32360 com.example.voxmatrix/com.example.voxmatrix.MainActivity)/@0xdf59c9a - animation-leash of starting_reveal#4115 !handle})
02-01 10:48:34.062  1795  1795 I SurfaceFlinger: id=3929 onLayerDestroyed from LayerHierarchyBuilder(RequestedLayerState{ActivityRecord{233470650 u0 com.samsung.android.waterplugin/.activity.HMLaunchActivity t43}#3929 !handle})
02-01 10:48:34.062  3969  3989 W System  : A resource failed to call release. 
02-01 10:48:34.062  1795  1795 I SurfaceFlinger: id=3942 onLayerDestroyed from LayerHierarchyBuilder(RequestedLayerState{4171d6b ActivityRecordInputSink com.samsung.android.waterplugin/.activity.HMLaunchActivity#3942 !handle z=-2147483648})
02-01 10:48:34.062  3969  3989 W System  : A resource failed to call release. 
02-01 10:48:34.062  3969  3989 W System  : A resource failed to call release. 
02-01 10:48:34.062  1795  1795 I SurfaceFlinger: id=3917 onLayerDestroyed from LayerHierarchyBuilder(RequestedLayerState{Task=42#3917 !handle z=9})
02-01 10:48:34.062  1795  1795 I Layer   : id=4115 Destroyed Surface(name=fe32360 com.example.voxmatrix/com.example.voxmatrix.MainActivity)/@0xdf59c9a - animation-leash of starting_reveal#4115
02-01 10:48:34.063  1795  1795 I Layer   : id=3929 Destroyed ActivityRecord{233470650 u0 com.samsung.android.waterplugin/.activity.HMLaunchActivity t43}#3929
02-01 10:48:34.063  1795  1795 I Layer   : id=3942 Destroyed 4171d6b ActivityRecordInputSink com.samsung.android.waterplugin/.activity.HMLaunchActivity#3942
02-01 10:48:34.063  1795  1795 I Layer   : id=3917 Destroyed Task=42#3917
02-01 10:48:34.063  3969  3989 W System  : A resource failed to call release. 
02-01 10:48:34.063  3969  3989 W System  : A resource failed to call release. 
02-01 10:48:34.063  3969  3989 W System  : A resource failed to call release. 
02-01 10:48:34.063  3969  3989 W System  : A resource failed to call release. 
02-01 10:48:34.064  3969  3989 W System  : A resource failed to call release. 
02-01 10:48:34.065  3969  3989 W System  : A resource failed to call release. 
02-01 10:48:34.065  3969  3989 W System  : A resource failed to call release. 
02-01 10:48:34.065  3969  3989 W System  : A resource failed to call release. 
02-01 10:48:34.065  3969  3989 W System  : A resource failed to call release. 
02-01 10:48:34.067  1795  2147 I CompositionEngine: [setDisplaySize] size=(434, 42)
02-01 10:48:34.113  1674  3922 I sensors-hal: handle_sns_client_event:159, auto_rotation_event_2 event,0, duration,0, ts,8033509133090, ts_diff,755248
02-01 10:48:34.113  1674  3922 I sensors-hal: handle_sns_client_event:164, auto_rotation_debug_2 acc,-1.560,2.958,9.141, ar,0, ver,14, pedo,1,e,1,i,3
02-01 10:48:34.114  3969  3969 D AppController: AppControlSensorListener.onSensorChanged, Rotation: 0
02-01 10:48:34.114  2639  2998 D WindowOrientationListener: onSensorChanged device orientation: 0
02-01 10:48:34.116  3969  3969 D NavigationBar: onRotationProposal proposedRotation=-1, isValid=false, mNavBarWindowState=WINDOW_STATE_SHOWING, rotateSuggestionsDisabled=false, isRotateButtonVisible=false
02-01 10:48:34.116  3969  3969 D RotationButtonController: onRotationProposal unknown rotation
02-01 10:48:34.134  1674  3922 I sensors-hal: handle_sns_client_event:159, auto_rotation_event_2 event,255, duration,0, ts,8033530329497, ts_diff,390820
02-01 10:48:34.134  1674  3922 I sensors-hal: handle_sns_client_event:164, auto_rotation_debug_2 acc,-1.474,2.886,9.370, ar,0, ver,14, pedo,1,e,1,i,3
02-01 10:48:34.134  3969  3969 D AppController: AppControlSensorListener.onSensorChanged, Rotation: -1
02-01 10:48:34.134  2639  2998 D WindowOrientationListener: onSensorChanged device orientation: -1
02-01 10:48:34.135  3969  3969 D NavigationBar: onRotationProposal proposedRotation=-1, isValid=false, mNavBarWindowState=WINDOW_STATE_SHOWING, rotateSuggestionsDisabled=false, isRotateButtonVisible=false
02-01 10:48:34.135  3969  3969 D RotationButtonController: onRotationProposal unknown rotation
02-01 10:48:34.219  1674  3922 I sensors-hal: handle_sns_client_event:159, auto_rotation_event_2 event,0, duration,0, ts,8033615279549, ts_diff,463529
02-01 10:48:34.219  1674  3922 I sensors-hal: handle_sns_client_event:164, auto_rotation_debug_2 acc,-0.952,3.628,9.145, ar,0, ver,14, pedo,1,e,1,i,3
02-01 10:48:34.219  2639  2998 D WindowOrientationListener: onSensorChanged device orientation: 0
02-01 10:48:34.220  3969  3969 D AppController: AppControlSensorListener.onSensorChanged, Rotation: 0
02-01 10:48:34.221  3969  3969 D NavigationBar: onRotationProposal proposedRotation=ROTATION_0, isValid=true, mNavBarWindowState=WINDOW_STATE_SHOWING, rotateSuggestionsDisabled=false, isRotateButtonVisible=false
02-01 10:48:34.221  3969  3969 D RotationButtonController: onRotationProposal rotation not changed
02-01 10:48:34.225  1795  2147 I CompositionEngine: [setDisplaySize] size=(434, 42)
02-01 10:48:34.283  2639  3571 D InputReader: Btn_touch(5): value=1 when=7594.606101
02-01 10:48:34.283  2639  3571 I InputReader: Touch event's action is 0x0 (id=6, t=0) [pCnt=1, s=0.2027 ] when=7594.606101
02-01 10:48:34.285  1784  1824 E HeatmapThread: ECT Thread time in milliseconds: 1769932114
02-01 10:48:34.285  2639  3570 I InputDispatcher: Delivering touch to (3969): action: 0x4, f=0x0, d=0, '606f506', t=1 
02-01 10:48:34.286  2639  3570 I InputDispatcher: Delivering touch to (25313): action: 0x0, f=0x0, d=0, 'fe32360', t=1 
02-01 10:48:34.286 25313 25313 I VRI[MainActivity]@2799f58: ViewPostIme pointer 0
02-01 10:48:34.286  4589  4589 I HoneySpace.GestureInputHandler: inputConsumers = [com.honeyspace.gesture.inputconsumer.InputConsumer$Companion$NO_OP$1@e9f927c]
02-01 10:48:34.287  2639  3570 D PowerManagerService: [api] userActivityFromNative : touch displayId=0 eventTime=7594606
02-01 10:48:34.287  4589  4589 I HoneySpace.InputSession: inputConsumers = NO_OP
02-01 10:48:34.287  2639  2998 I GestureDetector: obtain mCurrentDownEvent. id: 850219302 caller: com.android.server.wm.SystemGesturesPointerEventListener.onPointerEvent:17 com.android.server.wm.PointerEventDispatcher.onInputEvent:51 android.view.InputEventReceiver.dispatchInputEvent:392 
02-01 10:48:34.287  4589  4589 I HoneySpace.InputSession: open
02-01 10:48:34.287  2639  2998 I GestureDetector: obtain mCurrentDownEvent. id: 850219302 caller: com.android.server.wm.SystemPerformancePointerEventListener.onPointerEvent:13 com.android.server.wm.PointerEventDispatcher.onInputEvent:51 android.view.InputEventReceiver.dispatchInputEvent:392 
02-01 10:48:34.289  6802  6802 I SemDvfsHyPerManager: acquire hyper - TATouchBoost/6802@30, type = -999
02-01 10:48:34.289  1784  1824 D HeatmapThread: !@ batteryplugType : 2
02-01 10:48:34.289  6802  6802 I SemDvfsHyPerManager: acquire hyper - TA_TOUCH_SHARE/6802@31, type = -999
02-01 10:48:34.289  1784  1824 D HeatmapThread: !@ batteryLevel : 66  batteryTemperature : 321 
02-01 10:48:34.289  1784  1824 D HeatmapThread: !@ Heatmap currtime: 29498868
02-01 10:48:34.289  1681  1818 I HYPER-HAL: [RequestManager.cpp]acquire(): Acquired ID : 23341558  [6802 / 30]    HINT :      list : [TABoost / 1] [TIMEOUT / 1500] 
02-01 10:48:34.289  1681  1818 I HYPER-HAL: [RequestManager.cpp]acquire(): Acquired ID : 23348392  [6802 / 31]    HINT : TA_TOUCH_SHARE    list : [TIMEOUT / 1500] 
02-01 10:48:34.289  1784  1824 D HeatmapThread: !@ Heatmap prevtime: 29498854
02-01 10:48:34.290  1784  1824 D HeatmapThread: !@ Heatmap plugstarttime: 29498866
02-01 10:48:34.290  1784  1824 D HeatmapThread: !@ Heatmap prevv_dsoh_update_time: 29498734
02-01 10:48:34.290  1784  1824 E HeatmapThread: !@ CAM New BSOH: 100
02-01 10:48:34.291  2639  2998 I GestureDetector: obtain mCurrentMotionEventRaw. action: 2 id: 911022234
02-01 10:48:34.291  2639  2998 I GestureDetector: obtain mCurrentMotionEventRaw. action: 2 id: 911022234
02-01 10:48:34.323  1674 24996 I sensors-hal: handle_sns_std_sensor_event:409, [SSC_LIGHT] P: 629(629),c:163,b:150,m:13,cl:78,l:670,s:618,l0:108224,l1:384,s0:89000,s1:0,acl:1,opr:0.56,f(r):94,u(bl):100,if:0,wi:0,si:0,po:0(N:0)
02-01 10:48:34.366  2639  2639 I SemDvfsHyPerManager: acquire hyper - WM_SCROLL_DETECTED/2639@2, type = -999
02-01 10:48:34.367  1681  1818 I HYPER-HAL: [RequestManager.cpp]acquire(): Acquired ID : 3488763  [2639 / 2]    HINT :      list : [CoreNumBigMin / 3] 
02-01 10:48:34.374  1166  1166 D io_stats: !@   8,0 r 1181555 26540284 w 491586 10122832 d 56102 8867248 f 18013 47466 iot 270880 0 th 0 0 0 pt 0 inp 0 0 7594.697
02-01 10:48:34.374  1166  1166 D io_stats: !@ Read_top(KB): kworker/u16:15(25713) 768 putmethod.latin(6707) 360 on.android.pass(2007) 108
02-01 10:48:34.374  1166  1166 D io_stats: !@ Write_top(KB): ample.voxmatrix(25313) 272 on.android.pass(2007) 4
02-01 10:48:34.382  1795  2147 I CompositionEngine: [setDisplaySize] size=(434, 42)
02-01 10:48:34.392  6802  6802 I SemDvfsHyPerManager: acquire hyper - TATouchBoost/6802@30, type = -999
02-01 10:48:34.392  6802  6802 I SemDvfsHyPerManager: acquire hyper - TA_TOUCH_SHARE/6802@31, type = -999
02-01 10:48:34.392  1681  1818 I HYPER-HAL: [RequestManager.cpp]acquire(): Acquired ID : 23341558  [6802 / 30]    HINT :      list : [TABoost / 1] [TIMEOUT / 1500] 
02-01 10:48:34.392  1681  1818 I HYPER-HAL: [RequestManager.cpp]acquire(): Acquired ID : 23348392  [6802 / 31]    HINT : TA_TOUCH_SHARE    list : [TIMEOUT / 1500] 
02-01 10:48:34.483  1795  2147 I CompositionEngine: [setDisplaySize] size=(434, 42)
02-01 10:48:34.500  6802  6802 I SemDvfsHyPerManager: acquire hyper - TATouchBoost/6802@30, type = -999
02-01 10:48:34.501  6802  6802 I SemDvfsHyPerManager: acquire hyper - TA_TOUCH_SHARE/6802@31, type = -999
02-01 10:48:34.501  1681  1818 I HYPER-HAL: [RequestManager.cpp]acquire(): Acquired ID : 23341558  [6802 / 30]    HINT :      list : [TABoost / 1] [TIMEOUT / 1500] 
02-01 10:48:34.501  1681  1818 I HYPER-HAL: [RequestManager.cpp]acquire(): Acquired ID : 23348392  [6802 / 31]    HINT : TA_TOUCH_SHARE    list : [TIMEOUT / 1500] 
02-01 10:48:34.548  2639  3571 D InputReader: Btn_touch(5): value=0 when=7594.871449
02-01 10:48:34.548  2639  3571 I InputReader: Touch event's action is 0x1 (id=6, t=0) [pCnt=1, s=] when=7594.871449
02-01 10:48:34.549  2639  3570 I InputDispatcher: Delivering touch to (25313): action: 0x1, f=0x0, d=0, 'fe32360', t=1 
02-01 10:48:34.549 25313 25313 I VRI[MainActivity]@2799f58: ViewPostIme pointer 1
02-01 10:48:34.550  4589  4589 I HoneySpace.GestureInputHandler: reset
02-01 10:48:34.550  4589  4589 I HoneySpace.InputSession: close
02-01 10:48:34.550  2639  2639 I SemDvfsHyPerManager: acquire hyper - GESTURE_DETECTED_HRR/2639@28, type = -999
02-01 10:48:34.550  2639  2639 I SemDvfsHyPerManager: acquire hyper - GESTURE_DETECTED_HRR/2639@28, type = -999
02-01 10:48:34.551  1681  1818 I HYPER-HAL: [RequestManager.cpp]releaseLocked(): Released ID : 3488763
02-01 10:48:34.551  1681  1818 I HYPER-HAL: [RequestManager.cpp]acquire(): Acquired ID : 3557806  [2639 / 28]    HINT : GESTURE_DETECTED_HRR    list : [TIMEOUT / 252] 
02-01 10:48:34.553  1681  1818 I HYPER-HAL: [RequestManager.cpp]acquire(): Acquired ID : 3557806  [2639 / 28]    HINT : GESTURE_DETECTED_HRR    list : [TIMEOUT / 304] 
02-01 10:48:34.584  1795  2147 I CompositionEngine: [setDisplaySize] size=(434, 42)
02-01 10:48:34.612  1681  1818 I HYPER-HAL: [RequestManager.cpp]acquire(): Acquired ID : 4496812  [1687 / 1311]    HINT :      list : [TID_LOW_LATENCY / 0] [TID / 11264] [TID / 11265] [TID / 5125] [TID / 11266] 
02-01 10:48:34.613  1681  1818 I HYPER-HAL: [RequestManager.cpp]acquire(): Acquired ID : 4499812  [1687 / 1312]    HINT :      list : [UCLAMP_MIN_BOOST / 0] [TID / 11264] [TID / 11265] [TID / 5125] [TID / 11266] 
02-01 10:48:34.614  1681  1818 I HYPER-HAL: [RequestManager.cpp]releaseLocked(): Released ID : 4496812
02-01 10:48:34.614  1681  1818 I HYPER-HAL: [RequestManager.cpp]releaseLocked(): Released ID : 4499812
02-01 10:48:34.643  1674  3922 I sensors-hal: handle_sns_client_event:159, auto_rotation_event_2 event,255, duration,0, ts,8034038794549, ts_diff,929466
02-01 10:48:34.643  1674  3922 I sensors-hal: handle_sns_client_event:164, auto_rotation_debug_2 acc,-0.861,3.312,9.835, ar,0, ver,14, pedo,1,e,1,i,3
02-01 10:48:34.644  2639  2998 D WindowOrientationListener: onSensorChanged device orientation: -1
02-01 10:48:34.645  3969  3969 D AppController: AppControlSensorListener.onSensorChanged, Rotation: -1
02-01 10:48:34.645  3969  3969 D NavigationBar: onRotationProposal proposedRotation=-1, isValid=false, mNavBarWindowState=WINDOW_STATE_SHOWING, rotateSuggestionsDisabled=false, isRotateButtonVisible=false
02-01 10:48:34.646  3969  3969 D RotationButtonController: onRotationProposal unknown rotation
02-01 10:48:34.732  1795  2147 I CompositionEngine: [setDisplaySize] size=(434, 42)
