02-10 01:12:46.423 D/SecPlayerViewHolder( 3998): ColorUpdate progressBarSecondaryColor changed from 0xFFCBD7FF to 0xFFC8D5FF
02-10 01:12:46.423 D/SecColorSchemeTransition( 3998): ColorUpdate updateAlbumGradient bgColor 0xFF2F3036 bgGradientStart 0x99262934 bgGradientEnd 0xFF1F2434
02-10 01:12:46.423 D/SecColorSchemeTransition( 3998): ColorUpdate updateAlbumGradient bgColor 0xFF2F3036 bgGradientStart 0x99262934 bgGradientEnd 0xFF1E2334
02-10 01:12:46.423 D/SecPlayerViewHolder( 3998): ColorUpdate progressBarPrimaryColor changed from 0xFFE6EBFF to 0xFFE4EAFF
02-10 01:12:46.423 D/SecPlayerViewHolder( 3998): ColorUpdate progressBarSecondaryColor changed from 0xFFCED9FF to 0xFFCBD7FF
02-10 01:12:46.423 D/SecColorSchemeTransition( 3998): ColorUpdate updateAlbumGradient bgColor 0xFF2F3036 bgGradientStart 0x9E272934 bgGradientEnd 0xFF202534
02-10 01:12:46.423 D/SecColorSchemeTransition( 3998): ColorUpdate updateAlbumGradient bgColor 0xFF2F3036 bgGradientStart 0x9E272934 bgGradientEnd 0xFF1F2434
02-10 01:12:46.423 D/SecPlayerViewHolder( 3998): ColorUpdate progressBarPrimaryColor changed from 0xFFEBEEFF to 0xFFE9EDFF
02-10 01:12:46.423 D/SecPlayerViewHolder( 3998): ColorUpdate progressBarSecondaryColor changed from 0xFFD9E1FF to 0xFFD6DFFF
02-10 01:12:46.423 D/SecColorSchemeTransition( 3998): ColorUpdate updateAlbumGradient bgColor 0xFF2F3036 bgGradientStart 0xB3292B34 bgGradientEnd 0xFF242835
02-10 01:12:46.423 D/SecColorSchemeTransition( 3998): ColorUpdate updateAlbumGradient bgColor 0xFF2F3036 bgGradientStart 0xB3292B34 bgGradientEnd 0xFF232734
02-10 01:12:46.423 D/SecPlayerViewHolder( 3998): ColorUpdate progressBarPrimaryColor changed from 0xFFEEF1FF to 0xFFEDF0FF
02-10 01:12:46.423 D/SecPlayerViewHolder( 3998): ColorUpdate progressBarSecondaryColor changed from 0xFFE1E7FF to 0xFFDFE5FF
02-10 01:12:46.423 D/SecColorSchemeTransition( 3998): ColorUpdate updateAlbumGradient bgColor 0xFF2F3036 bgGradientStart 0xC32A2C35 bgGradientEnd 0xFF272A35
02-10 01:12:46.423 D/SecColorSchemeTransition( 3998): ColorUpdate updateAlbumGradient bgColor 0xFF2F3036 bgGradientStart 0xC32A2C35 bgGradientEnd 0xFF262935
02-10 01:12:46.432 W/qdgralloc( 1804): getInterlacedFlag: getMetaData returned 3, defaulting to interlaced_flag = 0
02-10 01:12:46.432 D/SecPlayerViewHolder( 3998): ColorUpdate progressBarPrimaryColor changed from 0xFFE3E9FF to 0xFFE2E8FF
02-10 01:12:46.432 D/SecPlayerViewHolder( 3998): ColorUpdate progressBarSecondaryColor changed from 0xFFC8D5FF to 0xFFC6D3FF
02-10 01:12:46.432 D/SecColorSchemeTransition( 3998): ColorUpdate updateAlbumGradient bgColor 0xFF2F3036 bgGradientStart 0x94262934 bgGradientEnd 0xFF1E2334
02-10 01:12:46.432 D/SecColorSchemeTransition( 3998): ColorUpdate updateAlbumGradient bgColor 0xFF2F3036 bgGradientStart 0x94262934 bgGradientEnd 0xFF1D2334
02-10 01:12:46.433 D/SecPlayerViewHolder( 3998): ColorUpdate progressBarPrimaryColor changed from 0xFFE4EAFF to 0xFFE3E9FF
02-10 01:12:46.433 D/SecPlayerViewHolder( 3998): ColorUpdate progressBarSecondaryColor changed from 0xFFCBD7FF to 0xFFC8D5FF
02-10 01:12:46.433 D/SecColorSchemeTransition( 3998): ColorUpdate updateAlbumGradient bgColor 0xFF2F3036 bgGradientStart 0x99262934 bgGradientEnd 0xFF1F2434
02-10 01:12:46.433 D/SecColorSchemeTransition( 3998): ColorUpdate updateAlbumGradient bgColor 0xFF2F3036 bgGradientStart 0x99262934 bgGradientEnd 0xFF1E2334
02-10 01:12:46.433 D/SecPlayerViewHolder( 3998): ColorUpdate progressBarPrimaryColor changed from 0xFFE9EDFF to 0xFFE8ECFF
02-10 01:12:46.433 D/SecPlayerViewHolder( 3998): ColorUpdate progressBarSecondaryColor changed from 0xFFD6DFFF to 0xFFD4DDFF
02-10 01:12:46.433 D/SecColorSchemeTransition( 3998): ColorUpdate updateAlbumGradient bgColor 0xFF2F3036 bgGradientStart 0xAE282B34 bgGradientEnd 0xFF232734
02-10 01:12:46.433 D/SecColorSchemeTransition( 3998): ColorUpdate updateAlbumGradient bgColor 0xFF2F3036 bgGradientStart 0xAE282B34 bgGradientEnd 0xFF222634
02-10 01:12:46.433 D/SecPlayerViewHolder( 3998): ColorUpdate progressBarPrimaryColor changed from 0xFFEDF0FF to 0xFFECEFFF
02-10 01:12:46.433 D/SecPlayerViewHolder( 3998): ColorUpdate progressBarSecondaryColor changed from 0xFFDFE5FF to 0xFFDCE3FF
02-10 01:12:46.433 D/SecColorSchemeTransition( 3998): ColorUpdate updateAlbumGradient bgColor 0xFF2F3036 bgGradientStart 0xBE2A2C35 bgGradientEnd 0xFF262935
02-10 01:12:46.433 D/SecColorSchemeTransition( 3998): ColorUpdate updateAlbumGradient bgColor 0xFF2F3036 bgGradientStart 0xBE2A2C35 bgGradientEnd 0xFF252935
02-10 01:12:46.440 D/SecPlayerViewHolder( 3998): ColorUpdate progressBarPrimaryColor changed from 0xFFE2E8FF to 0xFFE1E7FF
02-10 01:12:46.440 D/SecPlayerViewHolder( 3998): ColorUpdate progressBarSecondaryColor changed from 0xFFC6D3FF to 0xFFC3D1FF
02-10 01:12:46.440 D/SecColorSchemeTransition( 3998): ColorUpdate updateAlbumGradient bgColor 0xFF2F3036 bgGradientStart 0x8F252834 bgGradientEnd 0xFF1D2334
02-10 01:12:46.440 D/SecColorSchemeTransition( 3998): ColorUpdate updateAlbumGradient bgColor 0xFF2F3036 bgGradientStart 0x8F252834 bgGradientEnd 0xFF1C2234
02-10 01:12:46.440 D/SecPlayerViewHolder( 3998): ColorUpdate progressBarPrimaryColor changed from 0xFFE3E9FF to 0xFFE2E8FF
02-10 01:12:46.440 D/SecPlayerViewHolder( 3998): ColorUpdate progressBarSecondaryColor changed from 0xFFC8D5FF to 0xFFC5D3FF
02-10 01:12:46.440 D/SecColorSchemeTransition( 3998): ColorUpdate updateAlbumGradient bgColor 0xFF2F3036 bgGradientStart 0x94262934 bgGradientEnd 0xFF1E2334
02-10 01:12:46.440 D/SecColorSchemeTransition( 3998): ColorUpdate updateAlbumGradient bgColor 0xFF2F3036 bgGradientStart 0x94262934 bgGradientEnd 0xFF1D2334
02-10 01:12:46.440 D/SecPlayerViewHolder( 3998): ColorUpdate progressBarPrimaryColor changed from 0xFFE8ECFF to 0xFFE7EBFF
02-10 01:12:46.440 D/SecPlayerViewHolder( 3998): ColorUpdate progressBarSecondaryColor changed from 0xFFD4DDFF to 0xFFD0DBFF
02-10 01:12:46.440 D/SecColorSchemeTransition( 3998): ColorUpdate updateAlbumGradient bgColor 0xFF2F3036 bgGradientStart 0xA8282A34 bgGradientEnd 0xFF222634
02-10 01:12:46.440 D/SecColorSchemeTransition( 3998): ColorUpdate updateAlbumGradient bgColor 0xFF2F3036 bgGradientStart 0xA8282A34 bgGradientEnd 0xFF212634
02-10 01:12:46.440 D/SecPlayerViewHolder( 3998): ColorUpdate progressBarPrimaryColor changed from 0xFFECEFFF to 0xFFEBEEFF
02-10 01:12:46.440 D/SecPlayerViewHolder( 3998): ColorUpdate progressBarSecondaryColor changed from 0xFFDCE3FF to 0xFFD9E1FF
02-10 01:12:46.440 D/SecColorSchemeTransition( 3998): ColorUpdate updateAlbumGradient bgColor 0xFF2F3036 bgGradientStart 0xB8292B35 bgGradientEnd 0xFF252935
02-10 01:12:46.440 D/SecColorSchemeTransition( 3998): ColorUpdate updateAlbumGradient bgColor 0xFF2F3036 bgGradientStart 0xB8292B35 bgGradientEnd 0xFF242835
02-10 01:12:46.449 D/SecPlayerViewHolder( 3998): ColorUpdate progressBarPrimaryColor changed from 0xFFE1E7FF to 0xFFE0E6FF
02-10 01:12:46.449 D/SecPlayerViewHolder( 3998): ColorUpdate progressBarSecondaryColor changed from 0xFFC3D1FF to 0xFFC0D0FF
02-10 01:12:46.449 D/SecColorSchemeTransition( 3998): ColorUpdate updateAlbumGradient bgColor 0xFF2F3036 bgGradientStart 0x8B252834 bgGradientEnd 0xFF1C2234
02-10 01:12:46.449 D/SecColorSchemeTransition( 3998): ColorUpdate updateAlbumGradient bgColor 0xFF2F3036 bgGradientStart 0x8B252834 bgGradientEnd 0xFF1B2134
02-10 01:12:46.449 D/SecPlayerViewHolder( 3998): ColorUpdate progressBarPrimaryColor changed from 0xFFE2E8FF to 0xFFE1E7FF
02-10 01:12:46.449 D/SecPlayerViewHolder( 3998): ColorUpdate progressBarSecondaryColor changed from 0xFFC5D3FF to 0xFFC3D1FF
02-10 01:12:46.449 D/SecColorSchemeTransition( 3998): ColorUpdate updateAlbumGradient bgColor 0xFF2F3036 bgGradientStart 0x8F252834 bgGradientEnd 0xFF1D2334
02-10 01:12:46.449 D/SecColorSchemeTransition( 3998): ColorUpdate updateAlbumGradient bgColor 0xFF2F3036 bgGradientStart 0x8F252834 bgGradientEnd 0xFF1C2234
02-10 01:12:46.449 D/SecPlayerViewHolder( 3998): ColorUpdate progressBarPrimaryColor changed from 0xFFE7EBFF to 0xFFE6EBFF
02-10 01:12:46.449 D/SecPlayerViewHolder( 3998): ColorUpdate progressBarSecondaryColor changed from 0xFFD0DBFF to 0xFFCED9FF
02-10 01:12:46.449 D/SecColorSchemeTransition( 3998): ColorUpdate updateAlbumGradient bgColor 0xFF2F3036 bgGradientStart 0xA3272A34 bgGradientEnd 0xFF212634
02-10 01:12:46.449 D/SecColorSchemeTransition( 3998): ColorUpdate updateAlbumGradient bgColor 0xFF2F3036 bgGradientStart 0xA3272A34 bgGradientEnd 0xFF202534
02-10 01:12:46.449 D/SecPlayerViewHolder( 3998): ColorUpdate progressBarPrimaryColor changed from 0xFFEBEEFF to 0xFFE9EDFF
02-10 01:12:46.449 D/SecPlayerViewHolder( 3998): ColorUpdate progressBarSecondaryColor changed from 0xFFD9E1FF to 0xFFD6DFFF
02-10 01:12:46.449 D/SecColorSchemeTransition( 3998): ColorUpdate updateAlbumGradient bgColor 0xFF2F3036 bgGradientStart 0xB3292B34 bgGradientEnd 0xFF242835
02-10 01:12:46.449 D/SecColorSchemeTransition( 3998): ColorUpdate updateAlbumGradient bgColor 0xFF2F3036 bgGradientStart 0xB3292B34 bgGradientEnd 0xFF232734
02-10 01:12:46.457 D/SecPlayerViewHolder( 3998): ColorUpdate progressBarPrimaryColor changed from 0xFFE0E6FF to 0xFFDFE6FF
02-10 01:12:46.457 D/SecPlayerViewHolder( 3998): ColorUpdate progressBarSecondaryColor changed from 0xFFC0D0FF to 0xFFBECEFF
02-10 01:12:46.457 D/SecColorSchemeTransition( 3998): ColorUpdate updateAlbumGradient bgColor 0xFF2F3036 bgGradientStart 0x87242833 bgGradientEnd 0xFF1B2134
02-10 01:12:46.457 D/SecColorSchemeTransition( 3998): ColorUpdate updateAlbumGradient bgColor 0xFF2F3036 bgGradientStart 0x87242833 bgGradientEnd 0xFF1A2133
02-10 01:12:46.457 D/SecPlayerViewHolder( 3998): ColorUpdate progressBarPrimaryColor changed from 0xFFE1E7FF to 0xFFE0E6FF
02-10 01:12:46.457 D/SecPlayerViewHolder( 3998): ColorUpdate progressBarSecondaryColor changed from 0xFFC3D1FF to 0xFFC0D0FF
02-10 01:12:46.457 D/SecColorSchemeTransition( 3998): ColorUpdate updateAlbumGradient bgColor 0xFF2F3036 bgGradientStart 0x8B252834 bgGradientEnd 0xFF1C2234
02-10 01:12:46.457 D/SecColorSchemeTransition( 3998): ColorUpdate updateAlbumGradient bgColor 0xFF2F3036 bgGradientStart 0x8B252834 bgGradientEnd 0xFF1B2134
02-10 01:12:46.457 D/SecPlayerViewHolder( 3998): ColorUpdate progressBarPrimaryColor changed from 0xFFE6EBFF to 0xFFE4EAFF
02-10 01:12:46.457 D/SecPlayerViewHolder( 3998): ColorUpdate progressBarSecondaryColor changed from 0xFFCED9FF to 0xFFCBD7FF
02-10 01:12:46.457 D/SecColorSchemeTransition( 3998): ColorUpdate updateAlbumGradient bgColor 0xFF2F3036 bgGradientStart 0x9E272934 bgGradientEnd 0xFF202534
02-10 01:12:46.457 D/SecColorSchemeTransition( 3998): ColorUpdate updateAlbumGradient bgColor 0xFF2F3036 bgGradientStart 0x9E272934 bgGradientEnd 0xFF1F2434
02-10 01:12:46.457 D/SecPlayerViewHolder( 3998): ColorUpdate progressBarPrimaryColor changed from 0xFFE9EDFF to 0xFFE8ECFF
02-10 01:12:46.457 D/SecPlayerViewHolder( 3998): ColorUpdate progressBarSecondaryColor changed from 0xFFD6DFFF to 0xFFD4DDFF
02-10 01:12:46.457 D/SecColorSchemeTransition( 3998): ColorUpdate updateAlbumGradient bgColor 0xFF2F3036 bgGradientStart 0xAE282B34 bgGradientEnd 0xFF232734
02-10 01:12:46.457 D/SecColorSchemeTransition( 3998): ColorUpdate updateAlbumGradient bgColor 0xFF2F3036 bgGradientStart 0xAE282B34 bgGradientEnd 0xFF222634
02-10 01:12:46.465 D/SecPlayerViewHolder( 3998): ColorUpdate progressBarPrimaryColor changed from 0xFFDFE6FF to 0xFFDEE5FF
02-10 01:12:46.465 D/SecPlayerViewHolder( 3998): ColorUpdate progressBarSecondaryColor changed from 0xFFBECEFF to 0xFFBCCCFF
02-10 01:12:46.465 D/SecColorSchemeTransition( 3998): ColorUpdate updateAlbumGradient bgColor 0xFF2F3036 bgGradientStart 0x83242733 bgGradientEnd 0xFF1A2133
02-10 01:12:46.465 D/SecColorSchemeTransition( 3998): ColorUpdate updateAlbumGradient bgColor 0xFF2F3036 bgGradientStart 0x83242733 bgGradientEnd 0xFF192033
02-10 01:12:46.465 D/SecPlayerViewHolder( 3998): ColorUpdate progressBarPrimaryColor changed from 0xFFE0E6FF to 0xFFDFE6FF
02-10 01:12:46.465 D/SecPlayerViewHolder( 3998): ColorUpdate progressBarSecondaryColor changed from 0xFFC0D0FF to 0xFFBECEFF
02-10 01:12:46.465 D/SecColorSchemeTransition( 3998): ColorUpdate updateAlbumGradient bgColor 0xFF2F3036 bgGradientStart 0x87242833 bgGradientEnd 0xFF1B2134
02-10 01:12:46.465 D/SecColorSchemeTransition( 3998): ColorUpdate updateAlbumGradient bgColor 0xFF2F3036 bgGradientStart 0x87242833 bgGradientEnd 0xFF1A2133
02-10 01:12:46.465 D/SecPlayerViewHolder( 3998): ColorUpdate progressBarPrimaryColor changed from 0xFFE4EAFF to 0xFFE3E9FF
02-10 01:12:46.465 D/SecPlayerViewHolder( 3998): ColorUpdate progressBarSecondaryColor changed from 0xFFCBD7FF to 0xFFC8D5FF
02-10 01:12:46.465 D/SecColorSchemeTransition( 3998): ColorUpdate updateAlbumGradient bgColor 0xFF2F3036 bgGradientStart 0x98262934 bgGradientEnd 0xFF1F2434
02-10 01:12:46.465 D/SecColorSchemeTransition( 3998): ColorUpdate updateAlbumGradient bgColor 0xFF2F3036 bgGradientStart 0x98262934 bgGradientEnd 0xFF1E2334
02-10 01:12:46.466 D/SecPlayerViewHolder( 3998): ColorUpdate progressBarPrimaryColor changed from 0xFFE8ECFF to 0xFFE7EBFF
02-10 01:12:46.466 D/SecPlayerViewHolder( 3998): ColorUpdate progressBarSecondaryColor changed from 0xFFD4DDFF to 0xFFD0DBFF
02-10 01:12:46.466 D/SecColorSchemeTransition( 3998): ColorUpdate updateAlbumGradient bgColor 0xFF2F3036 bgGradientStart 0xA8282A34 bgGradientEnd 0xFF222634
02-10 01:12:46.466 D/SecColorSchemeTransition( 3998): ColorUpdate updateAlbumGradient bgColor 0xFF2F3036 bgGradientStart 0xA8282A34 bgGradientEnd 0xFF212634
02-10 01:12:46.473 D/SecPlayerViewHolder( 3998): ColorUpdate progressBarPrimaryColor changed from 0xFFDEE5FF to 0xFFDDE4FF
02-10 01:12:46.473 D/SecPlayerViewHolder( 3998): ColorUpdate progressBarSecondaryColor changed from 0xFFBCCCFF to 0xFFBACBFF
02-10 01:12:46.473 D/SecColorSchemeTransition( 3998): ColorUpdate updateAlbumGradient bgColor 0xFF2F3036 bgGradientStart 0x80242733 bgGradientEnd 0xFF192033
02-10 01:12:46.473 D/SecColorSchemeTransition( 3998): ColorUpdate updateAlbumGradient bgColor 0xFF2F3036 bgGradientStart 0x80242733 bgGradientEnd 0xFF181F33
02-10 01:12:46.473 D/SecPlayerViewHolder( 3998): ColorUpdate progressBarPrimaryColor changed from 0xFFDFE6FF to 0xFFDEE5FF
02-10 01:12:46.473 D/SecPlayerViewHolder( 3998): ColorUpdate progressBarSecondaryColor changed from 0xFFBECEFF to 0xFFBCCCFF
02-10 01:12:46.473 W/qdgralloc( 1804): getInterlacedFlag: getMetaData returned 3, defaulting to interlaced_flag = 0
02-10 01:12:46.474 D/SecColorSchemeTransition( 3998): ColorUpdate updateAlbumGradient bgColor 0xFF2F3036 bgGradientStart 0x83242733 bgGradientEnd 0xFF1A2133
02-10 01:12:46.474 D/SecColorSchemeTransition( 3998): ColorUpdate updateAlbumGradient bgColor 0xFF2F3036 bgGradientStart 0x83242733 bgGradientEnd 0xFF192033
02-10 01:12:46.474 D/SecPlayerViewHolder( 3998): ColorUpdate progressBarPrimaryColor changed from 0xFFE3E9FF to 0xFFE2E8FF
02-10 01:12:46.474 D/SecPlayerViewHolder( 3998): ColorUpdate progressBarSecondaryColor changed from 0xFFC8D5FF to 0xFFC5D3FF
02-10 01:12:46.474 D/SecColorSchemeTransition( 3998): ColorUpdate updateAlbumGradient bgColor 0xFF2F3036 bgGradientStart 0x94262934 bgGradientEnd 0xFF1E2334
02-10 01:12:46.474 D/SecColorSchemeTransition( 3998): ColorUpdate updateAlbumGradient bgColor 0xFF2F3036 bgGradientStart 0x94262934 bgGradientEnd 0xFF1D2334
02-10 01:12:46.474 D/SecPlayerViewHolder( 3998): ColorUpdate progressBarPrimaryColor changed from 0xFFE7EBFF to 0xFFE6EBFF
02-10 01:12:46.474 D/SecPlayerViewHolder( 3998): ColorUpdate progressBarSecondaryColor changed from 0xFFD0DBFF to 0xFFCED9FF
02-10 01:12:46.474 D/SecColorSchemeTransition( 3998): ColorUpdate updateAlbumGradient bgColor 0xFF2F3036 bgGradientStart 0xA3272A34 bgGradientEnd 0xFF212634
02-10 01:12:46.474 D/SecColorSchemeTransition( 3998): ColorUpdate updateAlbumGradient bgColor 0xFF2F3036 bgGradientStart 0xA3272A34 bgGradientEnd 0xFF202534
02-10 01:12:46.482 D/SecPlayerViewHolder( 3998): ColorUpdate progressBarPrimaryColor changed from 0xFFDDE4FF to 0xFFDDE4FF
02-10 01:12:46.482 D/SecPlayerViewHolder( 3998): ColorUpdate progressBarSecondaryColor changed from 0xFFBACBFF to 0xFFB8CAFF
02-10 01:12:46.482 D/SecColorSchemeTransition( 3998): ColorUpdate updateAlbumGradient bgColor 0xFF2F3036 bgGradientStart 0x7D232733 bgGradientEnd 0xFF181F33
02-10 01:12:46.482 D/SecColorSchemeTransition( 3998): ColorUpdate updateAlbumGradient bgColor 0xFF2F3036 bgGradientStart 0x7D232733 bgGradientEnd 0xFF171F33
02-10 01:12:46.482 D/SecPlayerViewHolder( 3998): ColorUpdate progressBarPrimaryColor changed from 0xFFDEE5FF to 0xFFDDE4FF
02-10 01:12:46.482 D/SecPlayerViewHolder( 3998): ColorUpdate progressBarSecondaryColor changed from 0xFFBCCCFF to 0xFFBACBFF
02-10 01:12:46.482 D/SecColorSchemeTransition( 3998): ColorUpdate updateAlbumGradient bgColor 0xFF2F3036 bgGradientStart 0x80242733 bgGradientEnd 0xFF192033
02-10 01:12:46.482 D/SecColorSchemeTransition( 3998): ColorUpdate updateAlbumGradient bgColor 0xFF2F3036 bgGradientStart 0x80242733 bgGradientEnd 0xFF181F33
02-10 01:12:46.482 D/SecPlayerViewHolder( 3998): ColorUpdate progressBarPrimaryColor changed from 0xFFE2E8FF to 0xFFE1E7FF
02-10 01:12:46.482 D/SecPlayerViewHolder( 3998): ColorUpdate progressBarSecondaryColor changed from 0xFFC5D3FF to 0xFFC3D1FF
02-10 01:12:46.482 D/SecColorSchemeTransition( 3998): ColorUpdate updateAlbumGradient bgColor 0xFF2F3036 bgGradientStart 0x8F252834 bgGradientEnd 0xFF1D2334
02-10 01:12:46.482 D/SecColorSchemeTransition( 3998): ColorUpdate updateAlbumGradient bgColor 0xFF2F3036 bgGradientStart 0x8F252834 bgGradientEnd 0xFF1C2234
02-10 01:12:46.482 D/SecPlayerViewHolder( 3998): ColorUpdate progressBarPrimaryColor changed from 0xFFE6EBFF to 0xFFE4EAFF
02-10 01:12:46.482 D/SecPlayerViewHolder( 3998): ColorUpdate progressBarSecondaryColor changed from 0xFFCED9FF to 0xFFCBD7FF
02-10 01:12:46.482 D/SecColorSchemeTransition( 3998): ColorUpdate updateAlbumGradient bgColor 0xFF2F3036 bgGradientStart 0x9E272934 bgGradientEnd 0xFF202534
02-10 01:12:46.482 D/SecColorSchemeTransition( 3998): ColorUpdate updateAlbumGradient bgColor 0xFF2F3036 bgGradientStart 0x9E272934 bgGradientEnd 0xFF1F2434
02-10 01:12:46.490 D/SecPlayerViewHolder( 3998): ColorUpdate progressBarPrimaryColor changed from 0xFFDDE4FF to 0xFFDCE3FF
02-10 01:12:46.490 D/SecPlayerViewHolder( 3998): ColorUpdate progressBarSecondaryColor changed from 0xFFB8CAFF to 0xFFB6C8FF
02-10 01:12:46.490 D/SecColorSchemeTransition( 3998): ColorUpdate updateAlbumGradient bgColor 0xFF2F3036 bgGradientStart 0x7A232733 bgGradientEnd 0xFF171F33
02-10 01:12:46.490 D/SecColorSchemeTransition( 3998): ColorUpdate updateAlbumGradient bgColor 0xFF2F3036 bgGradientStart 0x7A232733 bgGradientEnd 0xFF161E33
02-10 01:12:46.490 D/SecPlayerViewHolder( 3998): ColorUpdate progressBarPrimaryColor changed from 0xFFDDE4FF to 0xFFDDE4FF
02-10 01:12:46.490 D/SecPlayerViewHolder( 3998): ColorUpdate progressBarSecondaryColor changed from 0xFFBACBFF to 0xFFB8C9FF
02-10 01:12:46.490 D/SecColorSchemeTransition( 3998): ColorUpdate updateAlbumGradient bgColor 0xFF2F3036 bgGradientStart 0x7C232733 bgGradientEnd 0xFF181F33
02-10 01:12:46.490 D/SecColorSchemeTransition( 3998): ColorUpdate updateAlbumGradient bgColor 0xFF2F3036 bgGradientStart 0x7C232733 bgGradientEnd 0xFF171F33
02-10 01:12:46.490 D/SecPlayerViewHolder( 3998): ColorUpdate progressBarPrimaryColor changed from 0xFFE1E7FF to 0xFFE0E6FF
02-10 01:12:46.490 D/SecPlayerViewHolder( 3998): ColorUpdate progressBarSecondaryColor changed from 0xFFC3D1FF to 0xFFC0CFFF
02-10 01:12:46.490 D/SecColorSchemeTransition( 3998): ColorUpdate updateAlbumGradient bgColor 0xFF2F3036 bgGradientStart 0x8A252834 bgGradientEnd 0xFF1C2234
02-10 01:12:46.490 D/SecColorSchemeTransition( 3998): ColorUpdate updateAlbumGradient bgColor 0xFF2F3036 bgGradientStart 0x8A252834 bgGradientEnd 0xFF1B2134
02-10 01:12:46.490 D/SecPlayerViewHolder( 3998): ColorUpdate progressBarPrimaryColor changed from 0xFFE4EAFF to 0xFFE3E9FF
02-10 01:12:46.490 D/SecPlayerViewHolder( 3998): ColorUpdate progressBarSecondaryColor changed from 0xFFCBD7FF to 0xFFC8D5FF
02-10 01:12:46.490 D/SecColorSchemeTransition( 3998): ColorUpdate updateAlbumGradient bgColor 0xFF2F3036 bgGradientStart 0x98262934 bgGradientEnd 0xFF1F2434
02-10 01:12:46.490 D/SecColorSchemeTransition( 3998): ColorUpdate updateAlbumGradient bgColor 0xFF2F3036 bgGradientStart 0x98262934 bgGradientEnd 0xFF1E2334
02-10 01:12:46.495 I/CompositionEngine( 1804): [setDisplaySize] size=(434, 42)
02-10 01:12:46.498 D/SecPlayerViewHolder( 3998): ColorUpdate progressBarPrimaryColor changed from 0xFFDCE3FF to 0xFFDBE3FF
02-10 01:12:46.498 D/SecPlayerViewHolder( 3998): ColorUpdate progressBarSecondaryColor changed from 0xFFB6C8FF to 0xFFB5C7FF
02-10 01:12:46.498 D/SecColorSchemeTransition( 3998): ColorUpdate updateAlbumGradient bgColor 0xFF2F3036 bgGradientStart 0x77232633 bgGradientEnd 0xFF161E33
02-10 01:12:46.498 D/SecColorSchemeTransition( 3998): ColorUpdate updateAlbumGradient bgColor 0xFF2F3036 bgGradientStart 0x77232633 bgGradientEnd 0xFF151E33
02-10 01:12:46.498 D/SecPlayerViewHolder( 3998): ColorUpdate progressBarPrimaryColor changed from 0xFFDDE4FF to 0xFFDCE3FF
02-10 01:12:46.498 D/SecPlayerViewHolder( 3998): ColorUpdate progressBarSecondaryColor changed from 0xFFB8C9FF to 0xFFB6C8FF
02-10 01:12:46.498 D/SecColorSchemeTransition( 3998): ColorUpdate updateAlbumGradient bgColor 0xFF2F3036 bgGradientStart 0x7A232733 bgGradientEnd 0xFF171F33
02-10 01:12:46.498 D/SecColorSchemeTransition( 3998): ColorUpdate updateAlbumGradient bgColor 0xFF2F3036 bgGradientStart 0x7A232733 bgGradientEnd 0xFF161E33
02-10 01:12:46.498 D/SecPlayerViewHolder( 3998): ColorUpdate progressBarPrimaryColor changed from 0xFFE0E6FF to 0xFFDFE6FF
02-10 01:12:46.498 D/SecPlayerViewHolder( 3998): ColorUpdate progressBarSecondaryColor changed from 0xFFC0CFFF to 0xFFBECEFF
02-10 01:12:46.498 D/SecColorSchemeTransition( 3998): ColorUpdate updateAlbumGradient bgColor 0xFF2F3036 bgGradientStart 0x87242833 bgGradientEnd 0xFF1B2134
02-10 01:12:46.498 D/SecColorSchemeTransition( 3998): ColorUpdate updateAlbumGradient bgColor 0xFF2F3036 bgGradientStart 0x87242833 bgGradientEnd 0xFF1A2133
02-10 01:12:46.498 D/SecPlayerViewHolder( 3998): ColorUpdate progressBarPrimaryColor changed from 0xFFE3E9FF to 0xFFE2E8FF
02-10 01:12:46.498 D/SecPlayerViewHolder( 3998): ColorUpdate progressBarSecondaryColor changed from 0xFFC8D5FF to 0xFFC5D3FF
02-10 01:12:46.498 D/SecColorSchemeTransition( 3998): ColorUpdate updateAlbumGradient bgColor 0xFF2F3036 bgGradientStart 0x94262934 bgGradientEnd 0xFF1E2334
02-10 01:12:46.498 D/SecColorSchemeTransition( 3998): ColorUpdate updateAlbumGradient bgColor 0xFF2F3036 bgGradientStart 0x94262934 bgGradientEnd 0xFF1D2334
02-10 01:12:46.507 D/SecPlayerViewHolder( 3998): ColorUpdate progressBarPrimaryColor changed from 0xFFDBE3FF to 0xFFDBE3FF
02-10 01:12:46.507 D/SecPlayerViewHolder( 3998): ColorUpdate progressBarSecondaryColor changed from 0xFFB5C7FF to 0xFFB3C7FF
02-10 01:12:46.507 D/SecColorSchemeTransition( 3998): ColorUpdate updateAlbumGradient bgColor 0xFF2F3036 bgGradientStart 0x76222633 bgGradientEnd 0xFF151E33
02-10 01:12:46.507 D/SecColorSchemeTransition( 3998): ColorUpdate updateAlbumGradient bgColor 0xFF2F3036 bgGradientStart 0x76222633 bgGradientEnd 0xFF141E33
02-10 01:12:46.507 D/SecPlayerViewHolder( 3998): ColorUpdate progressBarPrimaryColor changed from 0xFFDCE3FF to 0xFFDBE3FF
02-10 01:12:46.507 D/SecPlayerViewHolder( 3998): ColorUpdate progressBarSecondaryColor changed from 0xFFB6C8FF to 0xFFB5C7FF
02-10 01:12:46.507 D/SecColorSchemeTransition( 3998): ColorUpdate updateAlbumGradient bgColor 0xFF2F3036 bgGradientStart 0x77232633 bgGradientEnd 0xFF161E33
02-10 01:12:46.507 D/SecColorSchemeTransition( 3998): ColorUpdate updateAlbumGradient bgColor 0xFF2F3036 bgGradientStart 0x77232633 bgGradientEnd 0xFF151E33
02-10 01:12:46.507 D/SecPlayerViewHolder( 3998): ColorUpdate progressBarPrimaryColor changed from 0xFFDFE6FF to 0xFFDEE5FF
02-10 01:12:46.507 D/SecPlayerViewHolder( 3998): ColorUpdate progressBarSecondaryColor changed from 0xFFBECEFF to 0xFFBCCCFF
02-10 01:12:46.507 D/SecColorSchemeTransition( 3998): ColorUpdate updateAlbumGradient bgColor 0xFF2F3036 bgGradientStart 0x83242733 bgGradientEnd 0xFF1A2133
02-10 01:12:46.507 D/SecColorSchemeTransition( 3998): ColorUpdate updateAlbumGradient bgColor 0xFF2F3036 bgGradientStart 0x83242733 bgGradientEnd 0xFF192033
02-10 01:12:46.507 D/SecPlayerViewHolder( 3998): ColorUpdate progressBarPrimaryColor changed from 0xFFE2E8FF to 0xFFE1E7FF
02-10 01:12:46.507 D/SecPlayerViewHolder( 3998): ColorUpdate progressBarSecondaryColor changed from 0xFFC5D3FF to 0xFFC3D1FF
02-10 01:12:46.507 D/SecColorSchemeTransition( 3998): ColorUpdate updateAlbumGradient bgColor 0xFF2F3036 bgGradientStart 0x8F252834 bgGradientEnd 0xFF1D2334
02-10 01:12:46.507 D/SecColorSchemeTransition( 3998): ColorUpdate updateAlbumGradient bgColor 0xFF2F3036 bgGradientStart 0x8F252834 bgGradientEnd 0xFF1C2234
02-10 01:12:46.515 D/SecPlayerViewHolder( 3998): ColorUpdate progressBarPrimaryColor changed from 0xFFDBE3FF to 0xFFDAE2FF
02-10 01:12:46.515 D/SecPlayerViewHolder( 3998): ColorUpdate progressBarSecondaryColor changed from 0xFFB3C7FF to 0xFFB2C6FF
02-10 01:12:46.515 W/qdgralloc( 1804): getInterlacedFlag: getMetaData returned 3, defaulting to interlaced_flag = 0
02-10 01:12:46.515 D/SecColorSchemeTransition( 3998): ColorUpdate updateAlbumGradient bgColor 0xFF2F3036 bgGradientStart 0x74222633 bgGradientEnd 0xFF141E33
02-10 01:12:46.515 D/SecColorSchemeTransition( 3998): ColorUpdate updateAlbumGradient bgColor 0xFF2F3036 bgGradientStart 0x74222633 bgGradientEnd 0xFF141D33
02-10 01:12:46.515 D/SecPlayerViewHolder( 3998): ColorUpdate progressBarPrimaryColor changed from 0xFFDBE3FF to 0xFFDBE3FF
02-10 01:12:46.515 D/SecPlayerViewHolder( 3998): ColorUpdate progressBarSecondaryColor changed from 0xFFB5C7FF to 0xFFB3C6FF
02-10 01:12:46.515 D/SecColorSchemeTransition( 3998): ColorUpdate updateAlbumGradient bgColor 0xFF2F3036 bgGradientStart 0x75222633 bgGradientEnd 0xFF151E33
02-10 01:12:46.515 D/SecColorSchemeTransition( 3998): ColorUpdate updateAlbumGradient bgColor 0xFF2F3036 bgGradientStart 0x75222633 bgGradientEnd 0xFF141E33
02-10 01:12:46.515 D/SecPlayerViewHolder( 3998): ColorUpdate progressBarPrimaryColor changed from 0xFFDEE5FF to 0xFFDDE4FF
02-10 01:12:46.515 D/SecPlayerViewHolder( 3998): ColorUpdate progressBarSecondaryColor changed from 0xFFBCCCFF to 0xFFB9CBFF
02-10 01:12:46.515 D/SecColorSchemeTransition( 3998): ColorUpdate updateAlbumGradient bgColor 0xFF2F3036 bgGradientStart 0x7F232733 bgGradientEnd 0xFF192033
02-10 01:12:46.515 D/SecColorSchemeTransition( 3998): ColorUpdate updateAlbumGradient bgColor 0xFF2F3036 bgGradientStart 0x7F232733 bgGradientEnd 0xFF171F33
02-10 01:12:46.515 D/SecPlayerViewHolder( 3998): ColorUpdate progressBarPrimaryColor changed from 0xFFE1E7FF to 0xFFE0E6FF
02-10 01:12:46.515 D/SecPlayerViewHolder( 3998): ColorUpdate progressBarSecondaryColor changed from 0xFFC3D1FF to 0xFFC0CFFF
02-10 01:12:46.515 D/SecColorSchemeTransition( 3998): ColorUpdate updateAlbumGradient bgColor 0xFF2F3036 bgGradientStart 0x8A252834 bgGradientEnd 0xFF1C2234
02-10 01:12:46.515 D/SecColorSchemeTransition( 3998): ColorUpdate updateAlbumGradient bgColor 0xFF2F3036 bgGradientStart 0x8A252834 bgGradientEnd 0xFF1B2134
02-10 01:12:46.523 I/WindowManager( 2640): Reparenting to original parent: Surface(name=Leaf:24:25)/@0xe63ed52, destroy=true, surface=Surface(name=WindowToken{5a75977 type=2019 android.os.BinderProxy@52b211})/@0xcb5fc70
02-10 01:12:46.523 D/SecPlayerViewHolder( 3998): ColorUpdate progressBarPrimaryColor changed from 0xFFDAE2FF to 0xFFDAE2FF
02-10 01:12:46.523 D/SecPlayerViewHolder( 3998): ColorUpdate progressBarSecondaryColor changed from 0xFFB2C6FF to 0xFFB2C5FF
02-10 01:12:46.523 D/SecColorSchemeTransition( 3998): ColorUpdate updateAlbumGradient bgColor 0xFF2F3036 bgGradientStart 0x73222633 bgGradientEnd 0xFF141D33
02-10 01:12:46.523 D/SecColorSchemeTransition( 3998): ColorUpdate updateAlbumGradient bgColor 0xFF2F3036 bgGradientStart 0x73222633 bgGradientEnd 0xFF131D33
02-10 01:12:46.523 D/SecPlayerViewHolder( 3998): ColorUpdate progressBarPrimaryColor changed from 0xFFDBE3FF to 0xFFDAE2FF
02-10 01:12:46.523 D/SecPlayerViewHolder( 3998): ColorUpdate progressBarSecondaryColor changed from 0xFFB3C6FF to 0xFFB2C6FF
02-10 01:12:46.524 D/SecColorSchemeTransition( 3998): ColorUpdate updateAlbumGradient bgColor 0xFF2F3036 bgGradientStart 0x74222633 bgGradientEnd 0xFF141E33
02-10 01:12:46.524 D/SecColorSchemeTransition( 3998): ColorUpdate updateAlbumGradient bgColor 0xFF2F3036 bgGradientStart 0x74222633 bgGradientEnd 0xFF141D33
02-10 01:12:46.524 D/SecPlayerViewHolder( 3998): ColorUpdate progressBarPrimaryColor changed from 0xFFDDE4FF to 0xFFDDE4FF
02-10 01:12:46.524 D/SecPlayerViewHolder( 3998): ColorUpdate progressBarSecondaryColor changed from 0xFFB9CBFF to 0xFFB8C9FF
02-10 01:12:46.524 D/SecColorSchemeTransition( 3998): ColorUpdate updateAlbumGradient bgColor 0xFF2F3036 bgGradientStart 0x7C232733 bgGradientEnd 0xFF171F33
02-10 01:12:46.524 D/SecColorSchemeTransition( 3998): ColorUpdate updateAlbumGradient bgColor 0xFF2F3036 bgGradientStart 0x7C232733 bgGradientEnd 0xFF171F33
02-10 01:12:46.524 D/SecPlayerViewHolder( 3998): ColorUpdate progressBarPrimaryColor changed from 0xFFE0E6FF to 0xFFDFE6FF
02-10 01:12:46.524 D/SecPlayerViewHolder( 3998): ColorUpdate progressBarSecondaryColor changed from 0xFFC0CFFF to 0xFFBECEFF
02-10 01:12:46.524 D/SecColorSchemeTransition( 3998): ColorUpdate updateAlbumGradient bgColor 0xFF2F3036 bgGradientStart 0x87242833 bgGradientEnd 0xFF1B2134
02-10 01:12:46.524 D/SecColorSchemeTransition( 3998): ColorUpdate updateAlbumGradient bgColor 0xFF2F3036 bgGradientStart 0x87242833 bgGradientEnd 0xFF1A2133
02-10 01:12:46.534 D/SecPlayerViewHolder( 3998): ColorUpdate progressBarPrimaryColor changed from 0xFFDAE2FF to 0xFFDAE2FF
02-10 01:12:46.534 D/SecPlayerViewHolder( 3998): ColorUpdate progressBarSecondaryColor changed from 0xFFB2C5FF to 0xFFB1C5FF
02-10 01:12:46.534 D/SecColorSchemeTransition( 3998): ColorUpdate updateAlbumGradient bgColor 0xFF2F3036 bgGradientStart 0x72222633 bgGradientEnd 0xFF131D33
02-10 01:12:46.534 D/SecColorSchemeTransition( 3998): ColorUpdate updateAlbumGradient bgColor 0xFF2F3036 bgGradientStart 0x72222633 bgGradientEnd 0xFF131D33
02-10 01:12:46.534 D/SecPlayerViewHolder( 3998): ColorUpdate progressBarPrimaryColor changed from 0xFFDAE2FF to 0xFFDAE2FF
02-10 01:12:46.534 D/SecPlayerViewHolder( 3998): ColorUpdate progressBarSecondaryColor changed from 0xFFB2C6FF to 0xFFB2C5FF
02-10 01:12:46.534 D/SecColorSchemeTransition( 3998): ColorUpdate updateAlbumGradient bgColor 0xFF2F3036 bgGradientStart 0x73222633 bgGradientEnd 0xFF141D33
02-10 01:12:46.534 D/SecColorSchemeTransition( 3998): ColorUpdate updateAlbumGradient bgColor 0xFF2F3036 bgGradientStart 0x73222633 bgGradientEnd 0xFF131D33
02-10 01:12:46.534 D/SecPlayerViewHolder( 3998): ColorUpdate progressBarPrimaryColor changed from 0xFFDDE4FF to 0xFFDCE3FF
02-10 01:12:46.534 D/SecPlayerViewHolder( 3998): ColorUpdate progressBarSecondaryColor changed from 0xFFB8C9FF to 0xFFB6C8FF
02-10 01:12:46.534 D/SecColorSchemeTransition( 3998): ColorUpdate updateAlbumGradient bgColor 0xFF2F3036 bgGradientStart 0x7A232733 bgGradientEnd 0xFF171F33
02-10 01:12:46.534 D/SecColorSchemeTransition( 3998): ColorUpdate updateAlbumGradient bgColor 0xFF2F3036 bgGradientStart 0x7A232733 bgGradientEnd 0xFF161E33
02-10 01:12:46.534 D/SecPlayerViewHolder( 3998): ColorUpdate progressBarPrimaryColor changed from 0xFFDFE6FF to 0xFFDEE5FF
02-10 01:12:46.534 D/SecPlayerViewHolder( 3998): ColorUpdate progressBarSecondaryColor changed from 0xFFBECEFF to 0xFFBCCCFF
02-10 01:12:46.534 D/SecColorSchemeTransition( 3998): ColorUpdate updateAlbumGradient bgColor 0xFF2F3036 bgGradientStart 0x83242733 bgGradientEnd 0xFF1A2133
02-10 01:12:46.534 D/SecColorSchemeTransition( 3998): ColorUpdate updateAlbumGradient bgColor 0xFF2F3036 bgGradientStart 0x83242733 bgGradientEnd 0xFF192033
02-10 01:12:46.539 I/SurfaceFlinger( 1804): [LayerHierarchy{RequestedLayerState{WindowToken{5a75977 type=2019 android.os.BinderProxy@52b211}#87 parentId=34} 1 children}] reparent to LayerHierarchy{RequestedLayerState{Leaf:24:25#34 parentId=2 z=5} 4 children}
02-10 01:12:46.539 I/SurfaceFlinger( 1804): [LayerHierarchy{RequestedLayerState{Surface(name=WindowToken{5a75977 type=2019 android.os.BinderProxy@52b211})/@0xcb5fc70 - animation-leash of token_transform#13065} no children}] reparent to OffscreenRoot
02-10 01:12:46.539 I/SurfaceFlinger( 1804): [LayerHierarchy{RequestedLayerState{Surface(name=WindowToken{5a75977 type=2019 android.os.BinderProxy@52b211})/@0xcb5fc70 - animation-leash of token_transform#13065} no children}] RelativeParent to null
02-10 01:12:46.540 D/SecPlayerViewHolder( 3998): ColorUpdate progressBarPrimaryColor changed from 0xFFDAE2FF to 0xFFDAE2FF
02-10 01:12:46.540 I/WindowManager( 2640): Reparenting to original parent: Surface(name=Leaf:15:15)/@0x2a3106b, destroy=true, surface=Surface(name=WindowToken{c589700 type=2000 android.os.BinderProxy@72c9832})/@0x7d0a404
02-10 01:12:46.540 D/SecPlayerViewHolder( 3998): ColorUpdate progressBarSecondaryColor changed from 0xFFB1C5FF to 0xFFB1C5FF
02-10 01:12:46.540 D/SecColorSchemeTransition( 3998): ColorUpdate updateAlbumGradient bgColor 0xFF2F3036 bgGradientStart 0x72222633 bgGradientEnd 0xFF131D33
02-10 01:12:46.540 I/SurfaceFlinger( 1804): id=13065 Removed Surface(name=WindowToken{5a75977 type=2019 android.os.BinderProxy@52b211})/@0xcb5fc70 - animation-leash of token_transform#13065 (187)
02-10 01:12:46.540 D/SecColorSchemeTransition( 3998): ColorUpdate updateAlbumGradient bgColor 0xFF2F3036 bgGradientStart 0x72222633 bgGradientEnd 0xFF131D33
02-10 01:12:46.540 D/SecPlayerViewHolder( 3998): ColorUpdate progressBarPrimaryColor changed from 0xFFDAE2FF to 0xFFDAE2FF
02-10 01:12:46.540 D/SecPlayerViewHolder( 3998): ColorUpdate progressBarSecondaryColor changed from 0xFFB2C5FF to 0xFFB1C5FF
02-10 01:12:46.540 D/SecColorSchemeTransition( 3998): ColorUpdate updateAlbumGradient bgColor 0xFF2F3036 bgGradientStart 0x72222633 bgGradientEnd 0xFF131D33
02-10 01:12:46.540 D/SecColorSchemeTransition( 3998): ColorUpdate updateAlbumGradient bgColor 0xFF2F3036 bgGradientStart 0x72222633 bgGradientEnd 0xFF131D33
02-10 01:12:46.540 D/SecPlayerViewHolder( 3998): ColorUpdate progressBarPrimaryColor changed from 0xFFDCE3FF to 0xFFDBE3FF
02-10 01:12:46.540 D/SecPlayerViewHolder( 3998): ColorUpdate progressBarSecondaryColor changed from 0xFFB6C8FF to 0xFFB5C7FF
02-10 01:12:46.540 D/SecColorSchemeTransition( 3998): ColorUpdate updateAlbumGradient bgColor 0xFF2F3036 bgGradientStart 0x77232633 bgGradientEnd 0xFF161E33
02-10 01:12:46.540 D/SecColorSchemeTransition( 3998): ColorUpdate updateAlbumGradient bgColor 0xFF2F3036 bgGradientStart 0x77232633 bgGradientEnd 0xFF151E33
02-10 01:12:46.540 D/SecPlayerViewHolder( 3998): ColorUpdate progressBarPrimaryColor changed from 0xFFDEE5FF to 0xFFDDE4FF
02-10 01:12:46.540 D/SecPlayerViewHolder( 3998): ColorUpdate progressBarSecondaryColor changed from 0xFFBCCCFF to 0xFFBACBFF
02-10 01:12:46.540 D/SecColorSchemeTransition( 3998): ColorUpdate updateAlbumGradient bgColor 0xFF2F3036 bgGradientStart 0x80242733 bgGradientEnd 0xFF192033
02-10 01:12:46.540 D/SecColorSchemeTransition( 3998): ColorUpdate updateAlbumGradient bgColor 0xFF2F3036 bgGradientStart 0x80242733 bgGradientEnd 0xFF181F33
02-10 01:12:46.544 I/HYPER-HAL( 1667): [RequestManager.cpp]releaseLocked(): Released ID : 3536489
02-10 01:12:46.548 I/SurfaceFlinger( 1804): destroyed Surface(name=WindowToken{5a75977 type=2019 android.os.BinderProxy@52b211})/@0xcb5fc70 - animation-leash of token_transform#13065 form LifecycleManager
02-10 01:12:46.548 I/SurfaceFlinger( 1804): id=13065 onLayerDestroyed from LayerHierarchyBuilder(RequestedLayerState{Surface(name=WindowToken{5a75977 type=2019 android.os.BinderProxy@52b211})/@0xcb5fc70 - animation-leash of token_transform#13065 !handle})
02-10 01:12:46.548 I/Layer   ( 1804): id=13065 Destroyed Surface(name=WindowToken{5a75977 type=2019 android.os.BinderProxy@52b211})/@0xcb5fc70 - animation-leash of token_transform#13065
02-10 01:12:46.548 D/SecPlayerViewHolder( 3998): ColorUpdate progressBarPrimaryColor changed from 0xFFDAE2FF to 0xFFDAE2FF
02-10 01:12:46.548 D/SecPlayerViewHolder( 3998): ColorUpdate progressBarSecondaryColor changed from 0xFFB1C5FF to 0xFFB1C5FF
02-10 01:12:46.548 D/SecColorSchemeTransition( 3998): ColorUpdate updateAlbumGradient bgColor 0xFF2F3036 bgGradientStart 0x72222633 bgGradientEnd 0xFF131D33
02-10 01:12:46.548 D/SecColorSchemeTransition( 3998): ColorUpdate updateAlbumGradient bgColor 0xFF2F3036 bgGradientStart 0x72222633 bgGradientEnd 0xFF131D33
02-10 01:12:46.548 D/SecPlayerViewHolder( 3998): ColorUpdate progressBarPrimaryColor changed from 0xFFDAE2FF to 0xFFDAE2FF
02-10 01:12:46.548 D/SecPlayerViewHolder( 3998): ColorUpdate progressBarSecondaryColor changed from 0xFFB1C5FF to 0xFFB1C5FF
02-10 01:12:46.548 D/SecColorSchemeTransition( 3998): ColorUpdate updateAlbumGradient bgColor 0xFF2F3036 bgGradientStart 0x72222633 bgGradientEnd 0xFF131D33
02-10 01:12:46.548 D/SecColorSchemeTransition( 3998): ColorUpdate updateAlbumGradient bgColor 0xFF2F3036 bgGradientStart 0x72222633 bgGradientEnd 0xFF131D33
02-10 01:12:46.548 D/SecPlayerViewHolder( 3998): ColorUpdate progressBarPrimaryColor changed from 0xFFDBE3FF to 0xFFDBE3FF
02-10 01:12:46.548 D/SecPlayerViewHolder( 3998): ColorUpdate progressBarSecondaryColor changed from 0xFFB5C7FF to 0xFFB3C6FF
02-10 01:12:46.548 D/SecColorSchemeTransition( 3998): ColorUpdate updateAlbumGradient bgColor 0xFF2F3036 bgGradientStart 0x75222633 bgGradientEnd 0xFF151E33
02-10 01:12:46.548 D/SecColorSchemeTransition( 3998): ColorUpdate updateAlbumGradient bgColor 0xFF2F3036 bgGradientStart 0x75222633 bgGradientEnd 0xFF141E33
02-10 01:12:46.548 D/SecPlayerViewHolder( 3998): ColorUpdate progressBarPrimaryColor changed from 0xFFDDE4FF to 0xFFDDE4FF
02-10 01:12:46.548 D/SecPlayerViewHolder( 3998): ColorUpdate progressBarSecondaryColor changed from 0xFFBACBFF to 0xFFB8C9FF
02-10 01:12:46.549 D/SecColorSchemeTransition( 3998): ColorUpdate updateAlbumGradient bgColor 0xFF2F3036 bgGradientStart 0x7C232733 bgGradientEnd 0xFF181F33
02-10 01:12:46.549 D/SecColorSchemeTransition( 3998): ColorUpdate updateAlbumGradient bgColor 0xFF2F3036 bgGradientStart 0x7C232733 bgGradientEnd 0xFF171F33
02-10 01:12:46.549 D/SurfaceComposerClient( 2640): setCornerRadius ## 98d5d23 org.jellyfin.mobile/org.jellyfin.mobile.MainActivity#7191 cornerRadius=0.000000
02-10 01:12:46.549 D/SurfaceComposerClient( 2640): setCornerRadius ## 9a75bd2 Splash Screen org.voxmatrix.app#13051 cornerRadius=0.000000
02-10 01:12:46.549 D/SurfaceComposerClient( 2640): setCornerRadius ## 7ac038 org.voxmatrix.app/org.voxmatrix.app.MainActivity#13064 cornerRadius=0.000000
02-10 01:12:46.552 I/SemWifiServiceDetector( 2640): NSD results: [0, 1, 1, 0, 1, 0, 2, 1, 0] Traff. type 3 Thr 2289
02-10 01:12:46.552 I/SemTwtInfo( 2640): RTA 2 0
02-10 01:12:46.552 D/SemWifiOptimizer( 2640): enable=1 state=0x10 prev=0x00 new=0x10 force=0 mode=1
02-10 01:12:46.556 I/SurfaceFlinger( 1804): [Display 0 name="Built-in Screen"#49] setFrameRateCategory: Default
02-10 01:12:46.556 I/SurfaceFlinger( 1804): [LayerHierarchy{RequestedLayerState{WindowToken{c589700 type=2000 android.os.BinderProxy@72c9832}#94 parentId=17} 1 children}] reparent to LayerHierarchy{RequestedLayerState{Leaf:15:15#17 parentId=16} 2 children}
02-10 01:12:46.556 I/SurfaceFlinger( 1804): [LayerHierarchy{RequestedLayerState{Surface(name=WindowToken{c589700 type=2000 android.os.BinderProxy@72c9832})/@0x7d0a404 - animation-leash of token_transform#13066} no children}] reparent to OffscreenRoot
02-10 01:12:46.556 I/SurfaceFlinger( 1804): [LayerHierarchy{RequestedLayerState{Surface(name=WindowToken{c589700 type=2000 android.os.BinderProxy@72c9832})/@0x7d0a404 - animation-leash of token_transform#13066} no children}] RelativeParent to null
02-10 01:12:46.557 I/SurfaceFlinger( 1804): id=13066 Removed Surface(name=WindowToken{c589700 type=2000 android.os.BinderProxy@72c9832})/@0x7d0a404 - animation-leash of token_transform#13066 (186)
02-10 01:12:46.557 W/qdgralloc( 1804): getInterlacedFlag: getMetaData returned 3, defaulting to interlaced_flag = 0
02-10 01:12:46.557 D/SecPlayerViewHolder( 3998): ColorUpdate progressBarPrimaryColor changed from 0xFFDBE3FF to 0xFFDAE2FF
02-10 01:12:46.558 D/SecPlayerViewHolder( 3998): ColorUpdate progressBarSecondaryColor changed from 0xFFB3C6FF to 0xFFB2C6FF
02-10 01:12:46.558 I/DisplayDeviceRepository( 2640): Display device changed render timings: "Built-in Screen", renderFrameRate=120.00001, presentationDeadlineNanos=9333333, appVsyncOffsetNanos=8333333, frameRateOverrides=[]
02-10 01:12:46.558 D/SecColorSchemeTransition( 3998): ColorUpdate updateAlbumGradient bgColor 0xFF2F3036 bgGradientStart 0x74222633 bgGradientEnd 0xFF141E33
02-10 01:12:46.558 D/SecColorSchemeTransition( 3998): ColorUpdate updateAlbumGradient bgColor 0xFF2F3036 bgGradientStart 0x74222633 bgGradientEnd 0xFF141D33
02-10 01:12:46.558 D/SecPlayerViewHolder( 3998): ColorUpdate progressBarPrimaryColor changed from 0xFFDDE4FF to 0xFFDCE3FF
02-10 01:12:46.558 D/SecPlayerViewHolder( 3998): ColorUpdate progressBarSecondaryColor changed from 0xFFB8C9FF to 0xFFB6C8FF
02-10 01:12:46.558 D/SecColorSchemeTransition( 3998): ColorUpdate updateAlbumGradient bgColor 0xFF2F3036 bgGradientStart 0x7A232733 bgGradientEnd 0xFF171F33
02-10 01:12:46.558 D/SecColorSchemeTransition( 3998): ColorUpdate updateAlbumGradient bgColor 0xFF2F3036 bgGradientStart 0x7A232733 bgGradientEnd 0xFF161E33
02-10 01:12:46.558 I/bt_shim_scanner(16699): system/main/shim/le_scanning_manager.cc:151 Scan: in shim layer stopped
02-10 01:12:46.558 W/bluetooth(16699): system/gd/hci/le_scanning_manager.cc:716 scan: address_manager_registered_
02-10 01:12:46.558 W/bluetooth(16699): system/gd/hci/le_scanning_manager.cc:768 stop_scan: stop_scan
02-10 01:12:46.558 I/bt_shim_scanner(16699): system/main/shim/le_scanning_manager.cc:335 SetScanParameters: in shim layer, scannerId1m=1, scannerIdCoded=0
02-10 01:12:46.558 W/bt_shim_scanner(16699): system/main/shim/le_scanning_manager.cc:365 SetScanParameters: Set scan params scan_int_1m : 275.625, scan_win_1m : 30, Duty : 10.88% | scan_int_coded : 0, scan_win_coded : 0, Duty : nan%
02-10 01:12:46.558 I/bt_shim_scanner(16699): system/main/shim/le_scanning_manager.cc:151 Scan: in shim layer started
02-10 01:12:46.558 I/bluetooth(16699): system/gd/hci/le_address_manager.cc:278 unregister_client: Client unregistered
02-10 01:12:46.558 D/SGM:GameManager( 2640): onDisplayChanged. displyId: 0, state: 2
02-10 01:12:46.559 D/SGM:GameManager( 2640): dpi: 450, longPixel: 2340, shortPixel: 1080
02-10 01:12:46.559 D/vendor.qti.bluetooth@1.1-ibs_handler( 1642): SerialClockVote: vote for UART CLK ON
02-10 01:12:46.559 D/AODManagerService( 2640): requestReCalToTSP IsSingleTouchMode = falserequestedReCalToTSP = false / previousDisplayState = ON
02-10 01:12:46.560 D/AudioFlinger( 1772): setParameters: filtered dev setParameters keyvalue screen_state=on
02-10 01:12:46.560 D/AHAL: AudioDevice( 1641): SetParameters: 1865: enter
02-10 01:12:46.560 D/AHAL: AudioVoice( 1641): VoiceSetParameters: 200: Enter
02-10 01:12:46.560 D/AHAL: AudioVoice( 1641): VoiceSetParameters: 479: Exit ret: 0
02-10 01:12:46.560 D/AHAL: hfp( 1641): hfp_set_parameters: 444: enter
02-10 01:12:46.560 D/AHAL: AudioDevice( 1641): SetParameters: 1945:  - screen = on
02-10 01:12:46.560 I/PAL: ResourceManager( 1641): setParameter: 10683: Screen State:1
02-10 01:12:46.560 D/AHAL: AudioDevice( 1641): SetParameters: 2798: exit: screen_state=on
02-10 01:12:46.560 D/SGM:FgCheckThread( 2640): onLooperPrepared(), msg: MSG_LCD_ON
02-10 01:12:46.560 D/SurfaceComposerClient( 2640): setCornerRadius ## 98d5d23 org.jellyfin.mobile/org.jellyfin.mobile.MainActivity#7191 cornerRadius=0.000000
02-10 01:12:46.560 D/LiftUpHandler( 2640): [LTW] Stopped already.
02-10 01:12:46.560 D/SurfaceComposerClient( 2640): setCornerRadius ## 9a75bd2 Splash Screen org.voxmatrix.app#13051 cornerRadius=0.000000
02-10 01:12:46.560 D/SurfaceComposerClient( 2640): setCornerRadius ## 7ac038 org.voxmatrix.app/org.voxmatrix.app.MainActivity#13064 cornerRadius=0.000000
02-10 01:12:46.561 D/AS.DesktopModeHelper( 2640): onDisplayChanged: #Id=0
02-10 01:12:46.561 D/StackScroller( 3998): onDisplayChanged for predraw skip to 2
02-10 01:12:46.562 D/DisplayLifecycle( 3998): updateDisplay id = 0
02-10 01:12:46.562 D/WifiDisplayAdapter( 2640): isFitToActiveDisplayLocked : false
02-10 01:12:46.562 I/cnss-daemon( 2271): nl80211 response handler invoked
02-10 01:12:46.563 I/cnss-daemon( 2271): nl80211_response_handler: cmd 103, vendorID 4980, subcmd 10  received
02-10 01:12:46.563 D/LOWI-9.0.1.74( 2468): [LOWI-Scan] wait_event:Wait done with Cmd 103
02-10 01:12:46.563 D/LOWI-9.0.1.74( 2468): [LOWI-Scan] do_listen_events: Rcvd valid Netlink Cmd 0 Err 0
02-10 01:12:46.563 D/vendor.qti.bluetooth@1.1-wake_lock( 1642): Acquire wakelock is acquired 
02-10 01:12:46.563 I/vendor.qti.bluetooth@1.1-ibs_handler( 1642): DeviceWakeUp: Writing IBS_WAKE_IND
02-10 01:12:46.564 I/wpa_supplicant(16738): nl80211: Vendor event: wiphy=0 vendor_id=0x1374 subcmd=10
02-10 01:12:46.564 I/wpa_supplicant(16738): wlan0: CTRL-EVENT-AVOID-FREQ ranges=6425-7105
02-10 01:12:46.565 I/SurfaceFlinger( 1804): destroyed Surface(name=WindowToken{c589700 type=2000 android.os.BinderProxy@72c9832})/@0x7d0a404 - animation-leash of token_transform#13066 form LifecycleManager
02-10 01:12:46.565 I/SurfaceFlinger( 1804): [LayerHierarchy{RequestedLayerState{Input Consumer pip_input_consumer#13050 parentId=10 z=2147483646} no children}] reparent to LayerHierarchy{RequestedLayerState{DefaultTaskDisplayArea_d0#10 parentId=9} 11 children}
02-10 01:12:46.565 I/SurfaceFlinger( 1804): id=13066 onLayerDestroyed from LayerHierarchyBuilder(RequestedLayerState{Surface(name=WindowToken{c589700 type=2000 android.os.BinderProxy@72c9832})/@0x7d0a404 - animation-leash of token_transform#13066 !handle})
02-10 01:12:46.565 D/SecPlayerViewHolder( 3998): ColorUpdate progressBarPrimaryColor changed from 0xFFDAE2FF to 0xFFDAE2FF
02-10 01:12:46.565 D/SecPlayerViewHolder( 3998): ColorUpdate progressBarSecondaryColor changed from 0xFFB2C6FF to 0xFFB2C5FF
02-10 01:12:46.565 I/WifiHAL ( 1658): event received NL80211_CMD_VENDOR, vendor_id = 0x1374, subcmd = 0xa
02-10 01:12:46.565 D/SecColorSchemeTransition( 3998): ColorUpdate updateAlbumGradient bgColor 0xFF2F3036 bgGradientStart 0x73222633 bgGradientEnd 0xFF141D33
02-10 01:12:46.565 D/SecColorSchemeTransition( 3998): ColorUpdate updateAlbumGradient bgColor 0xFF2F3036 bgGradientStart 0x73222633 bgGradientEnd 0xFF131D33
02-10 01:12:46.565 D/SecPlayerViewHolder( 3998): ColorUpdate progressBarPrimaryColor changed from 0xFFDCE3FF to 0xFFDBE3FF
02-10 01:12:46.565 D/SecPlayerViewHolder( 3998): ColorUpdate progressBarSecondaryColor changed from 0xFFB6C8FF to 0xFFB5C7FF
02-10 01:12:46.565 D/SecColorSchemeTransition( 3998): ColorUpdate updateAlbumGradient bgColor 0xFF2F3036 bgGradientStart 0x77232633 bgGradientEnd 0xFF161E33
02-10 01:12:46.565 D/SecColorSchemeTransition( 3998): ColorUpdate updateAlbumGradient bgColor 0xFF2F3036 bgGradientStart 0x77232633 bgGradientEnd 0xFF151E33
02-10 01:12:46.565 I/Layer   ( 1804): id=13066 Destroyed Surface(name=WindowToken{c589700 type=2000 android.os.BinderProxy@72c9832})/@0x7d0a404 - animation-leash of token_transform#13066
02-10 01:12:46.568 I/vendor.qti.bluetooth@1.1-ibs_handler( 1642): ProcessIbsCmd: Received IBS_WAKE_ACK: 0xFC
02-10 01:12:46.568 I/vendor.qti.bluetooth@1.1-ibs_handler( 1642): ProcessIbsCmd: Signal wack_cond_
02-10 01:12:46.568 D/vendor.qti.bluetooth@1.1-ibs_handler( 1642): DeviceWakeUp: Unblocked from waiting for FC, pthread_cond_timedwait ret = 0
02-10 01:12:46.569 I/bluetooth(16699): system/gd/hci/le_scanning_manager.cc:765 stop_scan: Scanning already stopped, return!
02-10 01:12:46.569 W/bluetooth(16699): system/gd/hci/le_scanning_manager.cc:732 start_scan: start_scan
02-10 01:12:46.569 W/bluetooth(16699): system/gd/hci/le_scanning_manager.cc:735 start_scan: Register address manager
02-10 01:12:46.569 I/bluetooth(16699): system/gd/hci/le_address_manager.cc:263 register_client: Client registered
02-10 01:12:46.570 I/vendor.qti.bluetooth@1.1-ibs_handler( 1642): ProcessIbsCmd: Received IBS_WAKE_IND: 0xFD
02-10 01:12:46.570 I/vendor.qti.bluetooth@1.1-ibs_handler( 1642): ProcessIbsCmd: Writing IBS_WAKE_ACK
02-10 01:12:46.573 I/SurfaceFlinger( 1804): [LayerHierarchy{RequestedLayerState{Input Consumer pip_input_consumer#13050 parentId=10 z=2147483646} no children}] reparent to LayerHierarchy{RequestedLayerState{DefaultTaskDisplayArea_d0#10 parentId=9} 11 children}
02-10 01:12:46.573 D/SecPlayerViewHolder( 3998): ColorUpdate progressBarPrimaryColor changed from 0xFFDAE2FF to 0xFFDAE2FF
02-10 01:12:46.573 D/SecPlayerViewHolder( 3998): ColorUpdate progressBarSecondaryColor changed from 0xFFB2C5FF to 0xFFB1C5FF
02-10 01:12:46.573 D/SecColorSchemeTransition( 3998): ColorUpdate updateAlbumGradient bgColor 0xFF2F3036 bgGradientStart 0x72222633 bgGradientEnd 0xFF131D33
02-10 01:12:46.573 D/SecColorSchemeTransition( 3998): ColorUpdate updateAlbumGradient bgColor 0xFF2F3036 bgGradientStart 0x72222633 bgGradientEnd 0xFF131D33
02-10 01:12:46.573 D/SecPlayerViewHolder( 3998): ColorUpdate progressBarPrimaryColor changed from 0xFFDBE3FF to 0xFFDBE3FF
02-10 01:12:46.573 D/SecPlayerViewHolder( 3998): ColorUpdate progressBarSecondaryColor changed from 0xFFB5C7FF to 0xFFB3C6FF
02-10 01:12:46.573 D/SecColorSchemeTransition( 3998): ColorUpdate updateAlbumGradient bgColor 0xFF2F3036 bgGradientStart 0x75222633 bgGradientEnd 0xFF151E33
02-10 01:12:46.573 D/SecColorSchemeTransition( 3998): ColorUpdate updateAlbumGradient bgColor 0xFF2F3036 bgGradientStart 0x75222633 bgGradientEnd 0xFF141E33
