02-10 01:12:46.064 I/HoneySpace.DisplaySource( 4611): DisplayInfo(rotation=0, displayId=0, displaySize=Point(1080, 2340), displayCutout=DisplayCutout{insets=Rect(0, 84 - 0, 0) waterfall=Insets{left=0, top=0, right=0, bottom=0} boundingRect={Bounds=[Rect(0, 0 - 0, 0), Rect(515, 0 - 566, 84), Rect(0, 0 - 0, 0), Rect(0, 0 - 0, 0)]} cutoutPathParserInfo={CutoutPathParserInfo{displayWidth=1080 displayHeight=2340 physicalDisplayWidth=1080 physicalDisplayHeight=2340 density={2.8125} cutoutSpec={M 0,0 H -9.066666666666667 V 29.86666666666667 H 9.066666666666667 V 0 H 0 Z @dp} rotation={0} scale={1.0} physicalPixelDisplaySizeRatio={1.0}}} sideOverrides={}}, isNavCanMove=false, isTablet=false)
02-10 01:12:46.065 I/HoneySpace.DisplaySource( 4611): onConfigurationChanged
02-10 01:12:46.065 W/qdgralloc( 5965): getInterlacedFlag: getMetaData returned 3, defaulting to interlaced_flag = 0
02-10 01:12:46.066 I/BLASTBufferQueue( 5965): [VRI[MainActivity]@cc40df9#8](f:0,a:2,s:1) onFrameAvailable-start syncTransactionSet=false
02-10 01:12:46.066 I/BLASTBufferQueue( 5965): [VRI[MainActivity]@cc40df9#8](f:0,a:2,s:1) onFrameAvailable framenumber=703 syncTransactionSet=false
02-10 01:12:46.066 I/BLASTBufferQueue( 5965): [VRI[MainActivity]@cc40df9#8](f:1,a:2,s:1) onFrameAvailable framenumber=703 syncTransactionSet=false
02-10 01:12:46.066 D/SurfaceComposerClient( 2640): setCornerRadius ## 98d5d23 org.jellyfin.mobile/org.jellyfin.mobile.MainActivity#7191 cornerRadius=0.000000
02-10 01:12:46.066 D/SurfaceComposerClient( 2640): setCornerRadius ## 9a75bd2 Splash Screen org.voxmatrix.app#13051 cornerRadius=0.000000
02-10 01:12:46.066 D/NavBarStateManager( 3998): NavBarStates(0) supportLargeCoverScreenNavBar: false
02-10 01:12:46.066 D/NavBarStateManager( 3998): NavBarStates(0) canShowKeyboardButtonForRotation(3): false
02-10 01:12:46.066 I/SemDvfsHyPerManager( 2640): acquire hyper - AMS_RESUME_TAIL/2640@20, type = -999
02-10 01:12:46.066 I/SemDvfsHyPerManager( 2640): acquire hyper - AMS_ACT_LAZY/2640@21, type = -999
02-10 01:12:46.066 D/ActivityManagerPerformance( 2640): AMP_acquire() TAIL
02-10 01:12:46.066 D/ActivityManagerPerformance( 2640): AMP_release() APP_SWITCH
02-10 01:12:46.067 V/WindowManager( 2640): performShowLocked: mDrawState=HAS_DRAWN in Window{98d5d23 u0 org.jellyfin.mobile/org.jellyfin.mobile.MainActivity}
02-10 01:12:46.067 D/SurfaceComposerClient( 2640): setCornerRadius ## 98d5d23 org.jellyfin.mobile/org.jellyfin.mobile.MainActivity#7191 cornerRadius=0.000000
02-10 01:12:46.067 D/SurfaceComposerClient( 2640): setCornerRadius ## 9a75bd2 Splash Screen org.voxmatrix.app#13051 cornerRadius=0.000000
02-10 01:12:46.067 D/PowerManagerService( 2640): [api] acquire WakeLock SCREEN_BRIGHT_WAKE_LOCK           'WindowManager/displayId:0' ON_AFTER_RELEASE (uid=1000 pid=2640 ws=WorkSource{10442 org.jellyfin.mobile} displayId=0 lock=f256da)
02-10 01:12:46.067 I/HoneySpace.DisplaySource( 4611): DisplayInfo(rotation=0, displayId=0, displaySize=Point(1080, 2340), displayCutout=DisplayCutout{insets=Rect(0, 84 - 0, 0) waterfall=Insets{left=0, top=0, right=0, bottom=0} boundingRect={Bounds=[Rect(0, 0 - 0, 0), Rect(515, 0 - 566, 84), Rect(0, 0 - 0, 0), Rect(0, 0 - 0, 0)]} cutoutPathParserInfo={CutoutPathParserInfo{displayWidth=1080 displayHeight=2340 physicalDisplayWidth=1080 physicalDisplayHeight=2340 density={2.8125} cutoutSpec={M 0,0 H -9.066666666666667 V 29.86666666666667 H 9.066666666666667 V 0 H 0 Z @dp} rotation={0} scale={1.0} physicalPixelDisplaySizeRatio={1.0}}} sideOverrides={}}, isNavCanMove=false, isTablet=false)
02-10 01:12:46.067 I/HoneySpace.GestureInputHandler( 4611): onConfigurationChanged  windowBounds.update
02-10 01:12:46.067 I/HoneySpace.GestureInputHandler( 4611): updateGestureStyleData
02-10 01:12:46.067 I/HoneySpace.HoneySpaceManagerContainer( 4611): getWindowBounds, key = (android.window.WindowContext, 0)
02-10 01:12:46.067 V/WindowManager( 2640): SyncGroup 1059: Finished!
02-10 01:12:46.067 I/HoneySpace.DeviceStateUseCase( 4611): changed: NO_BUTTON, 90, true, false, DisplayInfo(rotation=0, displayId=0, displaySize=Point(1080, 2340), displayCutout=DisplayCutout{insets=Rect(0, 84 - 0, 0) waterfall=Insets{left=0, top=0, right=0, bottom=0} boundingRect={Bounds=[Rect(0, 0 - 0, 0), Rect(515, 0 - 566, 84), Rect(0, 0 - 0, 0), Rect(0, 0 - 0, 0)]} cutoutPathParserInfo={CutoutPathParserInfo{displayWidth=1080 displayHeight=2340 physicalDisplayWidth=1080 physicalDisplayHeight=2340 density={2.8125} cutoutSpec={M 0,0 H -9.066666666666667 V 29.86666666666667 H 9.066666666666667 V 0 H 0 Z @dp} rotation={0} scale={1.0} physicalPixelDisplaySizeRatio={1.0}}} sideOverrides={}}, isNavCanMove=false, isTablet=false), ExtraDisplayInfo(rotation=-1, displayId=-1, displaySize=Point(0, 0), displayCutout=null, foldState=-1), false
02-10 01:12:46.067 I/HYPER-HAL( 1667): [RequestManager.cpp]acquire(): Acquired ID : 3539150  [2640 / 20]    HINT : AMS_RESUME_TAIL    list : 
02-10 01:12:46.067 D/ChangeTransitionController( 2640): onTransactionReady: TransitionRecord{8475c16 id=1059 type=CHANGE flags=0x0 c=[
02-10 01:12:46.067 D/ChangeTransitionController( 2640):    ChangeInfo{31b952 container=Task{1af28c3 #146 type=standard I=org.voxmatrix.app/.MainActivity} flags=0x0}
02-10 01:12:46.067 D/ChangeTransitionController( 2640):    ChangeInfo{30f1423 container=ActivityRecord{44606845 u0 org.voxmatrix.app/.MainActivity t146} flags=0x0}
02-10 01:12:46.067 D/ChangeTransitionController( 2640):    ChangeInfo{ba06d20 container=Task{35f3b04 #85 type=standard A=10442:org.jellyfin.mobile} flags=0x0}
02-10 01:12:46.067 D/ChangeTransitionController( 2640):    ChangeInfo{b4e66d9 container=DefaultTaskDisplayArea_d0@68657343 flags=0x0}
02-10 01:12:46.067 D/ChangeTransitionController( 2640):    ChangeInfo{88e189e container=Display{#0 state=ON size=1080x2340 ROTATION_0} flags=0x1}
02-10 01:12:46.067 D/ChangeTransitionController( 2640):    ChangeInfo{834cf7f container=ActivityRecord{169515799 u0 org.jellyfin.mobile/.MainActivity t85} flags=0x0}
02-10 01:12:46.067 D/ChangeTransitionController( 2640): ]
02-10 01:12:46.067 D/ChangeTransitionController( 2640): }
02-10 01:12:46.067 V/WindowManager( 2640): Start calculating TransitionInfo based on participants: {Task{1af28c3 #146 type=standard I=org.voxmatrix.app/.MainActivity}, ActivityRecord{44606845 u0 org.voxmatrix.app/.MainActivity t146}, Task{35f3b04 #85 type=standard A=10442:org.jellyfin.mobile}, Display{#0 state=ON size=1080x2340 ROTATION_0}, ActivityRecord{169515799 u0 org.jellyfin.mobile/.MainActivity t85}}
02-10 01:12:46.067 V/WindowManager( 2640):   Final targets: [ChangeInfo{ba06d20 container=Task{35f3b04 #85 type=standard A=10442:org.jellyfin.mobile} flags=0x10}, ChangeInfo{31b952 container=Task{1af28c3 #146 type=standard I=org.voxmatrix.app/.MainActivity} flags=0x0}, ChangeInfo{b4e66d9 container=DefaultTaskDisplayArea_d0@68657343 flags=0x10}, ChangeInfo{88e189e container=Display{#0 state=ON size=1080x2340 ROTATION_0} flags=0x1}]
02-10 01:12:46.067 I/SurfaceFlinger( 1804): id=13063 createSurf, flag=84004, Transition Root: Display 0 name="Built-in Screen"#13063
02-10 01:12:46.067 D/FreecessController( 2640): BG freezed, skip OLAF unfreeze for (com.microsoft.windowsintune.companyportal, 10024)
02-10 01:12:46.067 D/ViewRootImpl(13334): desktopMode is false
02-10 01:12:46.067 D/FreecessController( 2640): BG freezed, skip OLAF unfreeze for (com.alibaba.intl.android.apps.poseidon, 10025)
02-10 01:12:46.067 D/FreecessController( 2640): BG freezed, skip OLAF unfreeze for (com.brave.browser, 10027)
02-10 01:12:46.068 D/KeyguardEditModeAnimatorController( 3998): rotation 0 false
02-10 01:12:46.068 I/HYPER-HAL( 1667): [RequestManager.cpp]acquire(): Acquired ID : 3541812  [2640 / 21]    HINT : AMS_ACT_LAZY    list : 
02-10 01:12:46.068 I/SurfaceControlRegistry( 2640): show, t=syncBuffer_VRI[MainActivity]@cc40df9#62_seqId<220> StartTransaction_SyncId<1059> sc=ActivityRecord{169515799 u0 org.jellyfin.mobile/.MainActivity t85}, caller=android.view.SurfaceControl$Transaction.show:3557 com.android.server.wm.Transition.onTransactionReady:2048 com.android.server.wm.BLASTSyncEngine$SyncGroup.finishNow:240 com.android.server.wm.BLASTSyncEngine.onSurfacePlacement:263 com.android.server.wm.RootWindowContainer.performSurfacePlacementNoTrace:1083 com.android.server.wm.WindowSurfacePlacer.performSurfacePlacement:166 
02-10 01:12:46.068 I/SurfaceControlRegistry( 2640): show, t=syncBuffer_VRI[MainActivity]@cc40df9#62_seqId<220> StartTransaction_SyncId<1059> sc=ActivityRecord{44606845 u0 org.voxmatrix.app/.MainActivity t146}, caller=android.view.SurfaceControl$Transaction.show:3557 com.android.server.wm.Transition.onTransactionReady:2048 com.android.server.wm.BLASTSyncEngine$SyncGroup.finishNow:240 com.android.server.wm.BLASTSyncEngine.onSurfacePlacement:263 com.android.server.wm.RootWindowContainer.performSurfacePlacementNoTrace:1083 com.android.server.wm.WindowSurfacePlacer.performSurfacePlacement:166 
02-10 01:12:46.068 D/FreecessController( 2640): BG freezed, skip OLAF unfreeze for (com.prayerly.app, 10062)
02-10 01:12:46.068 I/BLASTBufferQueue_Java( 3998): update, w= 2340 h= 135 mName = VRI[NavigationBar0]@f215cb7 mNativeObject= 0xb4000073c1509b30 sc.mNativeObject= 0xb4000074215438d0 format= -3 caller= android.view.ViewRootImpl.updateBlastSurfaceIfNeeded:3574 android.view.ViewRootImpl.relayoutWindow:11685 android.view.ViewRootImpl.performTraversals:4804 android.view.ViewRootImpl.doTraversal:3924 android.view.ViewRootImpl$TraversalRunnable.run:12903 android.view.Choreographer$CallbackRecord.run:1901 
02-10 01:12:46.068 I/VRI[NavigationBar0]@f215cb7( 3998): Relayout returned: old=(0,945,2340,1080) new=(0,945,2340,1080) relayoutAsync=true req=(2340,135)0 dur=0 res=0x0 s={true 0xb4000072f156d410} ch=false seqId=11
02-10 01:12:46.068 D/AsyncRotation_WindowManager( 2640): Setup unrotate Window{9ba7b39 u0 StatusBar}
02-10 01:12:46.068 D/AsyncRotation_WindowManager( 2640): Setup unrotate Window{8909249 u0 NavigationBar0}
02-10 01:12:46.068 D/SurfaceComposerClient( 2640): setCornerRadius ## WindowedMagnification:0:31#2 cornerRadius=0.000000
02-10 01:12:46.068 D/SurfaceComposerClient( 2640): setCornerRadius ## DefaultTaskDisplayArea_d0#10 cornerRadius=0.000000
02-10 01:12:46.068 D/SurfaceComposerClient( 2640): setCornerRadius ## Task=146#13047 cornerRadius=0.000000
02-10 01:12:46.069 I/VRI[NavigationBar0]@f215cb7( 3998): registerCallbackForPendingTransactions
02-10 01:12:46.069 D/NavBarStateManager( 3998): NavBarStates(0) canUseNavBarBackgroundFrame: true
02-10 01:12:46.069 V/WindowManager( 2640): Calling onTransitionReady: {id=1059 t=CHANGE f=0x0 trk=0 r=[0@Point(0, 0)] c=[
02-10 01:12:46.069 V/WindowManager( 2640):         {WCT{RemoteToken{5ca4adf Task{35f3b04 #85 type=standard A=10442:org.jellyfin.mobile}}} m=CHANGE f=TRANSLUCENT|EDGE_EXTENSION_RESTRICTION p=WCT{RemoteToken{229edb9 DefaultTaskDisplayArea_d0@68657343}} leash=Surface(name=Task=85)/@0xc52db39 sb=Rect(236, 129 - 1035, 579) eb=Rect(236, 129 - 1035, 579) eo=Point(236, 129) epz=Point(1080, 2340) d=0 r=1->0:0 taskParent=-1 inset=Rect(0, 0 - 0, 0)},
02-10 01:12:46.069 V/WindowManager( 2640):         {WCT{RemoteToken{4e23dd7 Task{1af28c3 #146 type=standard I=org.voxmatrix.app/.MainActivity}}} m=CHANGE f=NONE p=WCT{RemoteToken{229edb9 DefaultTaskDisplayArea_d0@68657343}} leash=Surface(name=Task=146)/@0x8aa2771 sb=Rect(0, 0 - 2340, 1080) eb=Rect(0, 0 - 1080, 2340) epz=Point(1080, 2340) d=0 r=1->0:-1 taskParent=-1 inset=Rect(0, 84 - 0, 42)},
02-10 01:12:46.069 V/WindowManager( 2640):         {WCT{RemoteToken{229edb9 DefaultTaskDisplayArea_d0@68657343}} m=CHANGE f=FLAG_IS_TASK_DISPLAY_AREA p=WCT{RemoteToken{ccdf17e Display{#0 state=ON size=1080x2340 ROTATION_0}}} leash=Surface(name=DefaultTaskDisplayArea_d0)/@0x5eefdb5 sb=Rect(0, 0 - 2340, 1080) eb=Rect(0, 0 - 1080, 2340) epz=Point(1080, 2340) d=0 r=1->0:-1 inset=Rect(0, 0 - 0, 0)},
02-10 01:12:46.069 V/WindowManager( 2640):         {WCT{RemoteToken{ccdf17e Display{#0 state=ON size=1080x2340 ROTATION_0}}} m=CHANGE f=IS_DISPLAY leash=Surface(name=WindowedMagnification:0:31)/@0xffd9b27 sb=Rect(0, 0 - 2340, 1080) eb=Rect(0, 0 - 1080, 2340) epz=Point(1080, 2340) d=0 r=1->0:3 inset=Rect(0, 0 - 0, 0)}
02-10 01:12:46.069 V/WindowManager( 2640):     ]}
02-10 01:12:46.069 I/HYPER-HAL( 1667): [RequestManager.cpp]releaseLocked(): Released ID : 3555137
02-10 01:12:46.070 I/VRI[NavigationBar0]@f215cb7( 3998): mWNT: t=0xb4000073015de110 mBlastBufferQueue=0xb4000073c1509b30 fn= 28849 HdrRenderState mRenderHdrSdrRatio=1.0 caller= android.view.ViewRootImpl$10.onFrameDraw:6536 android.view.ViewRootImpl$4.onFrameDraw:2489 android.view.ThreadedRenderer$1.onFrameDraw:718 
02-10 01:12:46.070 D/SurfaceComposerClient( 2640): setCornerRadius ## 98d5d23 org.jellyfin.mobile/org.jellyfin.mobile.MainActivity#7191 cornerRadius=0.000000
02-10 01:12:46.070 D/SurfaceComposerClient( 2640): setCornerRadius ## 9a75bd2 Splash Screen org.voxmatrix.app#13051 cornerRadius=0.000000
02-10 01:12:46.070 V/WindowManager( 2640): Sent Transition (#1059) createdAt=02-10 01:12:46.030 via request=TransitionRequestInfo { type = CHANGE, triggerTask = null, pipChange = null, remoteTransition = null, displayChange = DisplayChange { displayId = 0, startAbsBounds = null, endAbsBounds = null, startRotation = 1, endRotation = 0, physicalDisplayChanged = false, disconnectReparentDisplay = -1 }, flags = 0, debugId = 1059 }
02-10 01:12:46.070 V/WindowManager( 2640):     startWCT=WindowContainerTransaction { changes= {} hops= [] errorCallbackToken=null taskFragmentOrganizer=null }
02-10 01:12:46.070 V/WindowManager( 2640):     info={id=1059 t=CHANGE f=0x0 trk=0 r=[0@Point(0, 0)] c=[
02-10 01:12:46.070 V/WindowManager( 2640):         {WCT{RemoteToken{5ca4adf Task{35f3b04 #85 type=standard A=10442:org.jellyfin.mobile}}} m=CHANGE f=TRANSLUCENT|EDGE_EXTENSION_RESTRICTION p=WCT{RemoteToken{229edb9 DefaultTaskDisplayArea_d0@68657343}} leash=Surface(name=Task=85)/@0xc52db39 sb=Rect(236, 129 - 1035, 579) eb=Rect(236, 129 - 1035, 579) eo=Point(236, 129) epz=Point(1080, 2340) d=0 r=1->0:0 taskParent=-1 inset=Rect(0, 0 - 0, 0)},
02-10 01:12:46.070 V/WindowManager( 2640):         {WCT{RemoteToken{4e23dd7 Task{1af28c3 #146 type=standard I=org.voxmatrix.app/.MainActivity}}} m=CHANGE f=NONE p=WCT{RemoteToken{229edb9 DefaultTaskDisplayArea_d0@68657343}} leash=Surface(name=Task=146)/@0x8aa2771 sb=Rect(0, 0 - 2340, 1080) eb=Rect(0, 0 - 1080, 2340) epz=Point(1080, 2340) d=0 r=1->0:-1 taskParent=-1 inset=Rect(0, 84 - 0, 42)},
02-10 01:12:46.070 V/WindowManager( 2640):         {WCT{RemoteToken{229edb9 DefaultTaskDisplayArea_d0@68657343}} m=CHANGE f=FLAG_IS_TASK_DISPLAY_AREA p=WCT{RemoteToken{ccdf17e Display{#0 state=ON size=1080x2340 ROTATION_0}}} leash=Surface(name=DefaultTaskDisplayArea_d0)/@0x5eefdb5 sb=Rect(0, 0 - 2340, 1080) eb=Rect(0, 0 - 1080, 2340) epz=Point(1080, 2340) d=0 r=1->0:-1 inset=Rect(0, 0 - 0, 0)},
02-10 01:12:46.070 V/WindowManager( 2640):         {WCT{RemoteToken{ccdf17e Display{#0 state=ON size=1080x2340 ROTATION_0}}} m=CHANGE f=IS_DISPLAY leash=Surface(name=WindowedMagnification:0:31)/@0xffd9b27 sb=Rect(0, 0 - 2340, 1080) eb=Rect(0, 0 - 1080, 2340) epz=Point(1080, 2340) d=0 r=1->0:3 inset=Rect(0, 0 - 0, 0)}
02-10 01:12:46.070 V/WindowManager( 2640):     ]}
02-10 01:12:46.070 D/SurfaceComposerClient( 2640): setCornerRadius ## 98d5d23 org.jellyfin.mobile/org.jellyfin.mobile.MainActivity#7191 cornerRadius=0.000000
02-10 01:12:46.070 D/SurfaceComposerClient( 2640): setCornerRadius ## 9a75bd2 Splash Screen org.voxmatrix.app#13051 cornerRadius=0.000000
02-10 01:12:46.070 I/ViewRootImpl(13334): dVRR is disabled
02-10 01:12:46.071 D/HardwareRenderer(13334): onDisplayChanged. displayId=0 current wxh=1080x2340 mLargest wxh=0x0
02-10 01:12:46.071 D/HardwareRenderer(13334): Set largestWidth and largestHeight as logical resolution. (1080x2340)
02-10 01:12:46.071 D/HWUI    (13334): setMaxSurfaceArea requested wxh=(1080,2340) requestedSurfaceArea(2527200) mMaxSurfaceArea(2073600)
02-10 01:12:46.071 D/NativeCustomFrequencyManager(13334): [NativeCFMS] BpCustomFrequencyManager::BpCustomFrequencyManager()
02-10 01:12:46.071 V/WindowManagerShell( 3998): onTransitionReady(transaction=11338713728870)
02-10 01:12:46.072 W/qdgralloc( 3998): getInterlacedFlag: getMetaData returned 3, defaulting to interlaced_flag = 0
02-10 01:12:46.072 D/InputMethodService( 6709): updateClientDisplayId: displayId=0, mClientDisplayId=0
02-10 01:12:46.073 W/fbservices-stub:InitStatus( 9790): Not blocking Service (69419424)
02-10 01:12:46.073 I/HoneySpace.WindowBounds( 4611): sourceContext: android.window.WindowContext@ecef786
02-10 01:12:46.073 I/HoneySpace.WindowBounds( 4611): sourceConfig: {1.0 427mcc1mnc [en_GB] ldltr sw384dp w384dp h832dp 450dpi nrml long hdr widecg port night finger -keyb/v/h -nav/h winConfig={ mBounds=Rect(0, 0 - 1080, 2340) mAppBounds=Rect(0, 0 - 1080, 2340) mMaxBounds=Rect(0, 0 - 1080, 2340) mDisplayRotation=ROTATION_0 mWindowingMode=fullscreen mActivityType=undefined mAlwaysOnTop=undefined mRotation=ROTATION_0 mStageConfig=undefined mEmbedActivityMode=undefined mPopOver=undefined mOverlappingWithCutout=false} s.33 fontWeightAdjustment=0 ff=0 bf=-1 bts=0 cst=1.0 nightDim=0 themeSeq=0}
02-10 01:12:46.073 I/HoneySpace.WindowBounds( 4611): updateNavigationMode? SIDE_BOTTOM_GESTURE
02-10 01:12:46.073 I/HoneySpace.WindowBounds( 4611): immersiveNavigation? false
02-10 01:12:46.073 I/HoneySpace.WindowBounds( 4611): setInsetAndCutout, Bounds=Rect(0, 0 - 1080, 2340), AppBounds=Rect(0, 0 - 1080, 2340)
02-10 01:12:46.073 I/SemInputDeviceManagerService( 2640): onDisplayChanged: 0
02-10 01:12:46.073 D/SGM:GameManager( 2640): onDisplayChanged. displyId: 0, state: 2
02-10 01:12:46.073 D/SemInputDevice:TSP( 2640): setProperty: not support cmd "ORIENTATION" at supportCommands
02-10 01:12:46.073 I/InsetsController( 5965): onStateChanged: host=org.jellyfin.mobile/org.jellyfin.mobile.MainActivity, from=android.view.ViewRootImpl.onInsetsStateChanged:3026, state=InsetsState: {mDisplayFrame=Rect(0, 0 - 1080, 2340), mDisplayCutout=DisplayCutout{insets=Rect(0, 84 - 0, 0) waterfall=Insets{left=0, top=0, right=0, bottom=0} boundingRect={Bounds=[Rect(0, 0 - 0, 0), Rect(515, 0 - 566, 84), Rect(0, 0 - 0, 0), Rect(0, 0 - 0, 0)]} cutoutPathParserInfo={CutoutPathParserInfo{displayWidth=1080 displayHeight=2340 physicalDisplayWidth=1080 physicalDisplayHeight=2340 density={2.8125} cutoutSpec={M 0,0 H -9.066666666666667 V 29.86666666666667 H 9.066666666666667 V 0 H 0 Z @dp} rotation={0} scale={1.0} physicalPixelDisplaySizeRatio={1.0}}} sideOverrides={}}, mRoundedCorners=RoundedCorners{[RoundedCorner{position=TopLeft, radius=6, center=Point(6, 6)}, RoundedCorner{position=TopRight, radius=6, center=Point(1074, 6)}, RoundedCorner{position=BottomRight, radius=6, center=Point(1074, 2334)}, RoundedCorner{position=BottomLeft, radius=6, center=Point(6, 2334)}]}  mRoundedCornerFrame=Rect(0, 0 - 0, 0), mPrivacyIndicatorBounds=PrivacyIndicatorBounds {static bounds=Rect(956, 0 - 1080, 84) rotation=0}, mDisplayShape=DisplayShape{ spec=1406003047 displayWidth=1080 displayHeight=2340 physicalPixelDisplaySizeRatio=0.75 rotation=0 offsetX=0 offsetY=0 scale=1.0}, mSources= {  }
02-10 01:12:46.073 I/SemInputCommandService( 2640): setPropertyAllTouch: ORIENTATION,0 retDefault=-5 retExtra=-2
02-10 01:12:46.073 I/SemInputMotionHelper( 2640): setMotionControl: ALL: 20, client=SemInputDeviceManagerService, ret=0
02-10 01:12:46.073 I/VRI[MainActivity]@cc40df9( 5965): handleResized, frames=ClientWindowFrames{frame=[236,129][1035,579] display=[236,129][1035,579] parentFrame=[0,0][0,0]} displayId=0 dragResizing=false compatScale=1.0 frameChanged=false attachedFrameChanged=false configChanged=true displayChanged=false compatScaleChanged=false dragResizingChanged=false
02-10 01:12:46.073 I/VRI[MainActivity]@cc40df9( 5965): handleResized mSyncSeqId = 220
02-10 01:12:46.073 I/HoneySpace.WindowBounds( 4611): update window bounds, name = android.window.WindowContext, context = android.window.WindowContext, call from {com.honeyspace.ui.common.recentstyler.RecentStyler.updateStyleData(Unknown Source:11)}
02-10 01:12:46.073 I/HoneySpace.WindowBounds( 4611): WindowBounds width=1080 height=2340, bounds=Rect(0, 0 - 1080, 2340), insets=Insets{left=0, top=84, right=0, bottom=42}, systemInsets=Insets{left=0, top=84, right=0, bottom=42}, cutout=Rect(0, 84 - 0, 0), gestureActionInsets=Insets{left=84, top=118, right=84, bottom=90}, insetsIgnoreCutout=Insets{left=0, top=84, right=0, bottom=42}, baseScreenSize=Point(1080, 2298)screenSizeIncludeCutout: Point(1080, 2298)
02-10 01:12:46.073 D/SGM:GameManager( 2640): dpi: 450, longPixel: 2340, shortPixel: 1080
02-10 01:12:46.073 I/HoneySpace.HoneySpaceManagerContainer( 4611): getWindowBounds, key = (android.window.WindowContext, 0)
02-10 01:12:46.073 D/SGM:FgCheckThread( 2640): onLooperPrepared(), msg: MSG_LCD_ON
02-10 01:12:46.073 D/VRI[MainActivity]@cc40df9( 5965): reportNextDraw android.view.ViewRootImpl.handleResized:2983 android.view.ViewRootImpl.-$$Nest$mhandleResized:0 android.view.ViewRootImpl$W.resized:14082 android.app.servertransaction.WindowStateResizeItem.execute:93 android.app.servertransaction.WindowStateTransactionItem.execute:62 
02-10 01:12:46.073 D/LiftUpHandler( 2640): [LTW] Stopped already.
02-10 01:12:46.073 I/SurfaceFlinger( 1804): [LayerHierarchy{RequestedLayerState{Input Consumer pip_input_consumer#13050 parentId=10 z=2147483646} no children}] reparent to LayerHierarchy{RequestedLayerState{DefaultTaskDisplayArea_d0#10 parentId=9} 11 children}
02-10 01:12:46.073 D/AODManagerService( 2640): requestReCalToTSP IsSingleTouchMode = falserequestedReCalToTSP = false / previousDisplayState = ON
02-10 01:12:46.073 I/SurfaceFlinger( 1804): [Transition Root: Display 0 name="Built-in Screen"#13063] attach to parent LayerHierarchy{RequestedLayerState{Display 0 name="Built-in Screen"#49} 7 children}
02-10 01:12:46.073 I/WindowManager( 2640): Relayout Window{8909249 u0 NavigationBar0}: viewVisibility=0 req=2340x135 ty=2019 d0
02-10 01:12:46.073 D/SurfaceComposerClient( 2640): setCornerRadius ## 98d5d23 org.jellyfin.mobile/org.jellyfin.mobile.MainActivity#7191 cornerRadius=0.000000
02-10 01:12:46.074 D/SurfaceComposerClient( 2640): setCornerRadius ## 9a75bd2 Splash Screen org.voxmatrix.app#13051 cornerRadius=0.000000
02-10 01:12:46.074 D/SurfaceComposerClient( 2640): setCornerRadius ## 98d5d23 org.jellyfin.mobile/org.jellyfin.mobile.MainActivity#7191 cornerRadius=0.000000
02-10 01:12:46.074 D/SurfaceComposerClient( 2640): setCornerRadius ## 9a75bd2 Splash Screen org.voxmatrix.app#13051 cornerRadius=0.000000
02-10 01:12:46.074 W/InputMethodManagerService( 2640): showAgainInputMehtodPicker
02-10 01:12:46.074 V/Configuration( 6709): Updating configuration, locales updated from [en_GB] to [en_US]
02-10 01:12:46.074 D/StackScroller( 3998): onDisplayChanged for predraw skip to 2
02-10 01:12:46.075 D/WifiDisplayAdapter( 2640): isFitToActiveDisplayLocked : false
02-10 01:12:46.076 D/SurfaceComposerClient( 2640): setCornerRadius ## 98d5d23 org.jellyfin.mobile/org.jellyfin.mobile.MainActivity#7191 cornerRadius=0.000000
02-10 01:12:46.076 D/SurfaceComposerClient( 2640): setCornerRadius ## 9a75bd2 Splash Screen org.voxmatrix.app#13051 cornerRadius=0.000000
02-10 01:12:46.077 D/InputTransport( 2640): Input channel constructed: '7ac038 ', fd=1353
02-10 01:12:46.077 D/InputTransport( 2640): Input channel constructed: '7ac038 ', fd=1366
02-10 01:12:46.077 I/BLASTBufferQueue_Java( 5965): update, w= 799 h= 450 mName = VRI[MainActivity]@cc40df9 mNativeObject= 0xb4000073c1511bb0 sc.mNativeObject= 0xb4000074214661d0 format= -3 caller= android.view.ViewRootImpl.updateBlastSurfaceIfNeeded:3574 android.view.ViewRootImpl.relayoutWindow:11685 android.view.ViewRootImpl.performTraversals:4804 android.view.ViewRootImpl.doTraversal:3924 android.view.ViewRootImpl$TraversalRunnable.run:12903 android.view.Choreographer$CallbackRecord.run:1901 
02-10 01:12:46.077 I/BLASTBufferQueue( 5965): [VRI[MainActivity]@cc40df9#8](f:1,a:2,s:1) update width=799 height=450 format=-3 mTransformHint=0
02-10 01:12:46.077 I/VRI[MainActivity]@cc40df9( 5965): Relayout returned: old=(236,129,1035,579) new=(236,129,1035,579) relayoutAsync=true req=(799,450)0 dur=0 res=0x0 s={true 0xb4000072f1470fc0} ch=false seqId=220
02-10 01:12:46.077 D/VRI[MainActivity]@cc40df9( 5965): mThreadedRenderer.updateSurface() mSurface={isValid=true 0xb4000072f1470fc0}
02-10 01:12:46.077 I/SurfaceView( 5965): 153264996 Changes: creating=false format=false size=false visible=false alpha=false hint=true left=false top=false z=false attached=true lifecycleStrategy=false
02-10 01:12:46.077 D/PluginFaceWidgetManager( 3998): onConfigurationChanged: 
02-10 01:12:46.077 I/SurfaceView( 5965): 153264996 Cur surface: Surface(name=null mNativeObject=-5476376653207719984)/@0x7f01208
02-10 01:12:46.077 D/SurfaceComposerClient( 5965): setCornerRadius ## 922a364 SurfaceView[org.jellyfin.mobile/org.jellyfin.mobile.MainActivity]@0#9590 cornerRadius=0.000000
02-10 01:12:46.077 D/LockscreenNotificationManager( 3998): Orientation updated : 1
02-10 01:12:46.077 I/BLASTBufferQueue_Java( 5965): update, w= 799 h= 450 mName = 922a364 SurfaceView[org.jellyfin.mobile/org.jellyfin.mobile.MainActivity]@0 mNativeObject= 0xb4000073c14c6700 sc.mNativeObject= 0xb400007421455490 format= 4 caller= android.view.SurfaceView.setBufferSize:1703 android.view.SurfaceView.performSurfaceTransaction:1238 android.view.SurfaceView.updateSurface:1467 android.view.SurfaceView.setFrame:716 android.view.View.layout:26931 android.widget.FrameLayout.layoutChildren:345 
02-10 01:12:46.077 I/SV[153264996 MainActivity]( 5965): updateSurface: mVisible = true mSurface.isValid() = true
02-10 01:12:46.077 D/MediaLogger( 3998): [QS] Media config changed data size is [1]
02-10 01:12:46.077 I/SV[153264996 MainActivity]( 5965): updateSurface: mSurfaceCreated = true surfaceChanged = false visibleChanged = false
02-10 01:12:46.077 I/SurfaceView( 5965): 153264996 surfaceChanged -- format=4 w=799 h=450
02-10 01:12:46.077 I/SV[153264996 MainActivity]( 5965): surfaceChanged (799,450) 1 #5 android.view.SurfaceView{922a364 V.E...... ......I. 0,0-799,450}
02-10 01:12:46.077 I/SurfaceView( 5965): 153264996 surfaceRedrawNeeded
02-10 01:12:46.078 I/SurfaceView( 5965): 153264996 finishedDrawing
02-10 01:12:46.078 V/SurfaceView( 5965): Layout: x=0 y=0 w=799 h=450, frame=Rect(0, 0 - 799, 450)
02-10 01:12:46.078 D/VRI[MainActivity]@cc40df9( 5965): Setup new sync=wmsSync-VRI[MainActivity]@cc40df9#65
02-10 01:12:46.078 D/MediaLogger( 3998): [QS] Media player removed [0|org.jellyfin.mobile|99|null|10442]
02-10 01:12:46.078 I/VRI[MainActivity]@cc40df9( 5965): Creating new active sync group VRI[MainActivity]@cc40df9#66
02-10 01:12:46.078 D/SecPlayerViewHolder( 3998): init SecPlayerViewHolder
02-10 01:12:46.078 D/InputTransport( 2640): Input channel constructed: '7ac038 ', fd=1376
02-10 01:12:46.078 D/VRI[MainActivity]@cc40df9( 5965): registerCallbacksForSync syncBuffer=false
02-10 01:12:46.078 D/InputTransport( 2640): Input channel destroyed: '7ac038 ', fd=1366
02-10 01:12:46.078 I/hwservicemanager( 1004): getTransport: Cannot find entry android.hardware.graphics.allocator@4.0::IAllocator/default in either framework or device VINTF manifest.
02-10 01:12:46.078 I/View    ( 5965): setRequestedFrameRate frameRate=-4.0, this=android.webkit.WebView{bd34107 VFEDHVC.. .F...... 0,0-799,450 #7f0a0298 app:id/web_view aid=1073741824}, caller=android.view.ViewGroup.setRequestedFrameRate:9952 WV.rf.o:1 WV.rg.h:118 WV.rg.onDraw:7 com.android.webview.chromium.WebViewChromium.onDraw:19 
02-10 01:12:46.078 I/SurfaceFlinger( 1804): id=13064 createSurf, flag=84004, 7ac038 org.voxmatrix.app/org.voxmatrix.app.MainActivity#13064
02-10 01:12:46.078 D/RestrictionPolicy( 2640): isScreenCaptureEnabled : ret=true userId=0
02-10 01:12:46.078 D/RestrictionPolicy( 2640): isScreenCaptureEnabled : ret=true userId=0
02-10 01:12:46.079 D/VRI[MainActivity]@cc40df9( 5965): Received frameDrawingCallback syncResult=0 frameNum=704.
02-10 01:12:46.079 I/VRI[MainActivity]@cc40df9( 5965): mWNT: t=0xb4000073014f7490 mBlastBufferQueue=0xb4000073c1511bb0 fn= 704 HdrRenderState mRenderHdrSdrRatio=1.0 caller= android.view.ViewRootImpl$12.onFrameDraw:15441 android.view.ThreadedRenderer$1.onFrameDraw:718 <bottom of call stack> 
02-10 01:12:46.079 D/InputTransport( 2640): Input channel destroyed: '7ac038 ', fd=1376
02-10 01:12:46.079 I/BLASTBufferQueue( 5965): [VRI[MainActivity]@cc40df9#8](f:1,a:2,s:1) mergeWithNextTransaction t: 25619480184951, frameNumber: 704, mLastAcquiredFrameNumber: 702
02-10 01:12:46.079 I/VRI[MainActivity]@cc40df9( 5965): Setting up sync and frameCommitCallback
02-10 01:12:46.079 W/qdgralloc( 5965): getInterlacedFlag: getMetaData returned 3, defaulting to interlaced_flag = 0
02-10 01:12:46.079 D/InputTransport(13334): Input channel constructed: '7ac038 ', fd=141
02-10 01:12:46.079 D/MotionRecognitionService( 2640): Receiver: CONFIGURATION_CHANGED
02-10 01:12:46.079 I/BLASTBufferQueue( 5965): [VRI[MainActivity]@cc40df9#8](f:1,a:2,s:1) onFrameAvailable-start syncTransactionSet=false
02-10 01:12:46.079 I/BLASTBufferQueue( 5965): [VRI[MainActivity]@cc40df9#8](f:1,a:2,s:1) onFrameAvailable framenumber=704 syncTransactionSet=false
02-10 01:12:46.079 D/SEP_UNION_CoverManager_ResolutionMonitor( 2640): onReceive 536872064 
02-10 01:12:46.079 I/BLASTBufferQueue( 5965): [VRI[MainActivity]@cc40df9#8](f:1,a:2,s:1) onFrameAvailable framenumber=704 syncTransactionSet=false
02-10 01:12:46.080 I/VRI[MainActivity]@cc40df9( 5965): Received frameCommittedCallback lastAttemptedDrawFrameNum=704 didProduceBuffer=true
02-10 01:12:46.080 I/InsetsController(13334): onStateChanged: host=org.voxmatrix.app/org.voxmatrix.app.MainActivity, from=android.view.ViewRootImpl.onInsetsStateChanged:3026, state=InsetsState: {mDisplayFrame=Rect(0, 0 - 1080, 2340), mDisplayCutout=DisplayCutout{insets=Rect(0, 84 - 0, 0) waterfall=Insets{left=0, top=0, right=0, bottom=0} boundingRect={Bounds=[Rect(0, 0 - 0, 0), Rect(515, 0 - 566, 84), Rect(0, 0 - 0, 0), Rect(0, 0 - 0, 0)]} cutoutPathParserInfo={CutoutPathParserInfo{displayWidth=1080 displayHeight=2340 physicalDisplayWidth=1080 physicalDisplayHeight=2340 density={2.8125} cutoutSpec={M 0,0 H -9.066666666666667 V 29.86666666666667 H 9.066666666666667 V 0 H 0 Z @dp} rotation={0} scale={1.0} physicalPixelDisplaySizeRatio={1.0}}} sideOverrides={}}, mRoundedCorners=RoundedCorners{[RoundedCorner{position=TopLeft, radius=6, center=Point(6, 6)}, RoundedCorner{position=TopRight, radius=6, center=Point(1074, 6)}, RoundedCorner{position=BottomRight, radius=6, center=Point(1074, 2334)}, RoundedCorner{position=BottomLeft, radius=6, center=Point(6, 2334)}]}  mRoundedCornerFrame=Rect(0, 0 - 1080, 2340), mPrivacyIndicatorBounds=PrivacyIndicatorBounds {static bounds=Rect(956, 0 - 1080, 84) rotation=0}, mDisplayShape=DisplayShape{ spec=1406003047 displayWidth=1080 displayHeight=2340 physicalPixelDisplaySizeRatio=0.75 rotation=0 offsetX=0 offsetY=0 scale=1.0}, mSources= { InsetsSource: {b78c0001 mType=navigationBars mFrame=[0,2298][1080,2340] mVisible=true mFlags=SUPPRESS_SCRIM mSideHint=BOTTOM mBoundingRects=null}, InsetsSource: {b78c0004 mType=systemGestures mFrame=[0,0][84,2340] mVisible=true mFlags= mSideHint=LEFT mBoundingRects=null}, InsetsSource: {b78c0005 mType=mandatorySystemGestures mFrame=[0,2250][1080,2340] mVisible=true mFlags= mSideHint=BOTTOM mBoundingRects=null}, InsetsSource: {b78c0006 mType=tappableElement mFrame=[0,0][0,0] mVisible=true mFlags= mSideHint=NONE mBoundingRects=null}, InsetsSource: {b78c0024 mType=systemGestures mFrame=[996,0][1080,2340] mVisible=true mFlags= mSideHint=RIGHT mBoundingRects=null}, InsetsSource: {f3f10000 mType=statusBars mFrame=[0,0][1080,84] mVisible=true mFlags= mSideHint=TOP mBoundingRects=null}, InsetsSource: {f3f10005 mType=mandatorySystemGestures mFrame=[0,0][1080,118] mVisible=true mFlags= mSideHint=TOP mBoundingRects=null}, InsetsSource: {f3f10006 mType=tappableElement mFrame=[0,0][1080,84] mVisible=true mFlags= mSideHint=TOP mBoundingRects=null}, InsetsSource: {3 mType=ime mFrame=[0,0][0,0] mVisible=false mFlags= mSideHint=NONE mBoundingRects=null}, InsetsSource: {27 mType=displayCutout mFrame=[0,0][1080,84] mVisible=true mFlags= mSideHint=TOP mBoundingRects=null} }
02-10 01:12:46.080 D/VRI[MainActivity]@cc40df9( 5965): reportDrawFinished seqId=220
02-10 01:12:46.080 I/HoneySpace.OnlyPortInsetsManager( 4611): needToUpdateCache, standardInsets = Insets{left=0, top=84, right=0, bottom=42}
02-10 01:12:46.080 I/HoneySpace.PhoneIconStyleFactory( 4611): init densityDpi=450
02-10 01:12:46.080 I/HoneySpace.PhoneIconStyleFactory( 4611): setDisplayOptionList 450 1
02-10 01:12:46.080 I/HoneySpace.PhoneIconStyleFactory( 4611): setDisplayOptionList: 450 IconDisplayOption(itemSizeList=[ItemSize(size=0.144, isLand=false, hideLabel=false, adjustSizeByLevel=[{SMALL=-0.012}, {LARGE=0.008}]), ItemSize(size=0.147, isLand=true, hideLabel=false, adjustSizeByLevel=[{SMALL=-0.012}, {LARGE=0.008}]), ItemSize(size=0.152, isLand=false, hideLabel=true, adjustSizeByLevel=[{SMALL=-0.012}, {LARGE=0.008}]), ItemSize(size=0.147, isLand=true, hideLabel=true, adjustSizeByLevel=[{SMALL=-0.012}, {LARGE=0.008}])], iconDrawablePadding=0.003, iconDrawablePaddingLand=0.003, iconTextSize=11.0, iconTextSizeLand=11.0)
02-10 01:12:46.080 I/HoneySpace.PhoneIconStyleFactory( 4611): setDisplayOptionList: 450 IconDisplayOption(itemSizeList=[ItemSize(size=0.198, isLand=false, hideLabel=false, adjustSizeByLevel=[{SMALL=-0.012}, {LARGE=0.015}]), ItemSize(size=0.198, isLand=true, hideLabel=false, adjustSizeByLevel=[{SMALL=-0.012}, {LARGE=0.008}]), ItemSize(size=0.198, isLand=false, hideLabel=true, adjustSizeByLevel=[{SMALL=-0.012}, {LARGE=0.015}]), ItemSize(size=0.198, isLand=true, hideLabel=true, adjustSizeByLevel=[{SMALL=-0.012}, {LARGE=0.008}])], iconDrawablePadding=0.003, iconDrawablePaddingLand=0.003, iconTextSize=12.3, iconTextSizeLand=12.3)
02-10 01:12:46.080 I/HoneySpace.PhoneIconStyleFactory( 4611): setDisplayOptionList: 450 IconDisplayOption(itemSizeList=[ItemSize(size=0.164, isLand=false, hideLabel=false, adjustSizeByLevel=[{SMALL=-0.012}, {LARGE=0.015}]), ItemSize(size=0.147, isLand=true, hideLabel=false, adjustSizeByLevel=[{SMALL=-0.012}, {LARGE=0.008}]), ItemSize(size=0.173, isLand=false, hideLabel=true, adjustSizeByLevel=[{SMALL=-0.012}, {LARGE=0.015}]), ItemSize(size=0.172, isLand=true, hideLabel=true, adjustSizeByLevel=[{SMALL=-0.012}, {LARGE=0.008}])], iconDrawablePadding=0.003, iconDrawablePaddingLand=0.003, iconTextSize=11.0, iconTextSizeLand=11.0)
02-10 01:12:46.080 I/HoneySpace.PhoneIconStyleFactory( 4611): setDisplayOptionList: 450 IconDisplayOption(itemSizeList=[ItemSize(size=0.198, isLand=false, hideLabel=false, adjustSizeByLevel=[{SMALL=-0.012}, {LARGE=0.015}]), ItemSize(size=0.198, isLand=true, hideLabel=false, adjustSizeByLevel=[{SMALL=-0.012}, {LARGE=0.008}]), ItemSize(size=0.198, isLand=false, hideLabel=true, adjustSizeByLevel=[{SMALL=-0.012}, {LARGE=0.015}]), ItemSize(size=0.198, isLand=true, hideLabel=true, adjustSizeByLevel=[{SMALL=-0.012}, {LARGE=0.008}])], iconDrawablePadding=0.003, iconDrawablePaddingLand=0.003, iconTextSize=12.3, iconTextSizeLand=12.3)
02-10 01:12:46.080 I/HoneySpace.HoneySpaceManagerContainer( 4611): getWindowBounds, key = (android.window.WindowContext, 0)
02-10 01:12:46.080 I/HoneySpace.RecentStyler( 4611): context = android.window.WindowContext@ecef786, styleData = RecentStyleData(bounds=RectF(0.0, 0.0, 1080.0, 2340.0), sceneInsets=Insets{left=0, top=84, right=0, bottom=42}, standardInsets=Insets{left=0, top=84, right=0, bottom=42}, stageInsets=Insets{left=0, top=0, right=0, bottom=0}, iconSize=152, iconGravity=1, iconStarMargin=0, sceneScale=PointF(0.631, 0.631), sceneCoordinate=RectF(200.0, 394.0, 881.0, 1791.0), sceneTopMargin=79, taskViewCoordinate=RectF(200.0, 315.0, 881.0, 1791.0), sceneFullyScale=PointF(1.585903, 1.675018), rowGap=0.0, sceneRadius=56.25, deviceRadius=4.5, mwRadius=(28.125, 47.8125), curveEffectScale=0.135, pageSpacing=14, pageSideMargin=0, sceneStartMargin=0, circularEffect=0.0, listSceneScale=PointF(0.6, 0.6), listSceneSize=RectF(0.0, 0.0, 648.0, 1328.4), listSceneRadius=42.1875, tiltStackInterval=[2039.04, 1289.52, 540.0, 351.0, 170.64, -9.720001], swipeThreshold=0.5, dwbStyleData=DWBStyleData(size=681x148, gravity=81), taskLockStyleData=TaskLockStyleData(size=158, gravity=8388693, margin=Insets{left=0, top=0, right=28, bottom=28}), fadingEdgeEffectData=FadingEdgeEffectData(horizontalEnable=false, verticalEnable=false, length=179, strength=RectF(0.0, 0.0, 0.75, 0.0)))
02-10 01:12:46.080 I/VRI[MainActivity]@8bc16cf(13334): synced displayState. AttachInfo displayState=2
02-10 01:12:46.080 I/HoneySpace.LeashOverlayWindowImpl( 4611): SimpleTaskListPot will be destroyed currentTaskViewCoordinate: RectF(574.0, 155.0, 1767.0, 807.0) newTaskViewCoordinate: RectF(200.0, 315.0, 881.0, 1791.0)
02-10 01:12:46.080 I/VRI[MainActivity]@8bc16cf(13334): setView = com.android.internal.policy.DecorView@50d50eb IsHRR=false mFlingFrameRateChange=0 TM=true
02-10 01:12:46.081 I/IDS_TAG (13334): Starting IDS observe window
02-10 01:12:46.081 I/IDS_TAG (13334): Getting Shared Preference for android.app.Application@91d014b uid = 10475
02-10 01:12:46.079 D/MotionRecognitionService( 2640): Inject auto rotation : 0
02-10 01:12:46.081 D/SensorService( 2640): Motion injection
02-10 01:12:46.081 D/SensorService( 2640): [EAR_TOUCH] : INJECT_AUTO_ROTATION ++++
02-10 01:12:46.081 D/SensorService( 2640): [EARPROXIMITY] getScreenRotation
02-10 01:12:46.081 D/WALLPAPER_SVC:SemWallpaperManagerService( 2640): onReceive: android.intent.action.CONFIGURATION_CHANGED, densityDpi=450, orientation [old=2, new=1] 
02-10 01:12:46.081 I/WindowManager( 2640): Relayout Window{98d5d23 u0 org.jellyfin.mobile/org.jellyfin.mobile.MainActivity}: viewVisibility=0 req=799x450 ty=1 d0
02-10 01:12:46.081 D/SEP_UNION_SemDeviceInfoManagerService( 2640): onReceive : android.intent.action.CONFIGURATION_CHANGED, userId = 0 
02-10 01:12:46.082 D/SurfaceComposerClient( 2640): setCornerRadius ## 98d5d23 org.jellyfin.mobile/org.jellyfin.mobile.MainActivity#7191 cornerRadius=0.000000
02-10 01:12:46.082 I/SurfaceFlinger( 1804): [LayerHierarchy{RequestedLayerState{Input Consumer pip_input_consumer#13050 parentId=10 z=2147483646} no children}] reparent to LayerHierarchy{RequestedLayerState{DefaultTaskDisplayArea_d0#10 parentId=9} 11 children}
02-10 01:12:46.082 I/SurfaceFlinger( 1804): [7ac038 org.voxmatrix.app/org.voxmatrix.app.MainActivity#13064] attach to parent LayerHierarchy{RequestedLayerState{ActivityRecord{44606845 u0 org.voxmatrix.app/.MainActivity t146}#13048 parentId=13047} 3 children}
02-10 01:12:46.082 D/SurfaceComposerClient( 2640): setCornerRadius ## 9a75bd2 Splash Screen org.voxmatrix.app#13051 cornerRadius=0.000000
02-10 01:12:46.082 D/SurfaceComposerClient( 2640): setCornerRadius ## 7ac038 org.voxmatrix.app/org.voxmatrix.app.MainActivity#13064 cornerRadius=0.000000
02-10 01:12:46.082 D/AudioFlinger( 1772): setParameters: filtered dev setParameters keyvalue screen_state=on
02-10 01:12:46.082 D/AHAL: AudioDevice( 1641): SetParameters: 1865: enter
02-10 01:12:46.082 D/AHAL: AudioVoice( 1641): VoiceSetParameters: 200: Enter
02-10 01:12:46.082 D/AHAL: AudioVoice( 1641): VoiceSetParameters: 479: Exit ret: 0
02-10 01:12:46.082 D/AHAL: hfp( 1641): hfp_set_parameters: 444: enter
02-10 01:12:46.082 D/AHAL: AudioDevice( 1641): SetParameters: 1945:  - screen = on
02-10 01:12:46.082 I/PAL: ResourceManager( 1641): setParameter: 10683: Screen State:1
02-10 01:12:46.082 D/AHAL: AudioDevice( 1641): SetParameters: 2798: exit: screen_state=on
02-10 01:12:46.082 D/SurfaceComposerClient( 2640): setCornerRadius ## 98d5d23 org.jellyfin.mobile/org.jellyfin.mobile.MainActivity#7191 cornerRadius=0.000000
02-10 01:12:46.082 D/SurfaceComposerClient( 2640): setCornerRadius ## 9a75bd2 Splash Screen org.voxmatrix.app#13051 cornerRadius=0.000000
02-10 01:12:46.082 D/SurfaceComposerClient( 2640): setCornerRadius ## 7ac038 org.voxmatrix.app/org.voxmatrix.app.MainActivity#13064 cornerRadius=0.000000
02-10 01:12:46.082 I/HYPER-HAL( 1667): [RequestManager.cpp]acquire(): Acquired ID : 21198144  [1671 / 4839]    HINT :      list : [TID_LOW_LATENCY / 1] [TID / 13453] [TID / 13454] [TID / 13334] [TID / 13372] 
02-10 01:12:46.082 D/AS.DesktopModeHelper( 2640): onDisplayChanged: #Id=0
02-10 01:12:46.083 D/WALLPAPER_SVC:WallpaperManagerService( 2640): orientation is changed, notifySemColorListeners 
02-10 01:12:46.083 I/WindowManager( 2640): Relayout hash=98d5d23, pid=0, syncId=-1: mAttrs={(0,0)(fillxfill) sim={adjust=resize} layoutInDisplayCutoutMode=always ty=BASE_APPLICATION fmt=TRANSLUCENT wanim=0x1030317
02-10 01:12:46.083 I/WindowManager( 2640):   fl=81810180
02-10 01:12:46.083 I/WindowManager( 2640):   pfl=10008040
02-10 01:12:46.083 I/WindowManager( 2640):   bhv=2
02-10 01:12:46.083 I/WindowManager( 2640):   fitSides=0
02-10 01:12:46.083 I/WindowManager( 2640):   frameRateBoostOnTouch=true
02-10 01:12:46.083 I/WindowManager( 2640):   dvrrWindowFrameRateHint=true naviIconColor=0}
02-10 01:12:46.083 D/KNOX_MDM_SettingsProvider( 2640): isChangeAllowed() : name = accelerometer_rotation
02-10 01:12:46.083 D/KNOX_MDM_SettingsProvider( 2640): isChangeAllowed() : name = user_rotation
02-10 01:12:46.084 I/WindowManager( 2640): Relayout hash=8909249, pid=0, syncId=-1: mAttrs={(0,0)(fillx135) gr=BOTTOM CENTER_VERTICAL sim={adjust=pan} layoutInDisplayCutoutMode=always ty=NAVIGATION_BAR fmt=TRANSLUCENT
02-10 01:12:46.084 I/WindowManager( 2640):   fl=20040028
02-10 01:12:46.084 I/WindowManager( 2640):   pfl=31001000
02-10 01:12:46.084 I/WindowManager( 2640):   bhv=1
02-10 01:12:46.084 I/WindowManager( 2640):   providedInsets:
02-10 01:12:46.084 I/WindowManager( 2640):     InsetsFrameProvider: {id=#b78c0001, index=0, type=navigationBars, source=FRAME, flags=[SUPPRESS_SCRIM], insetsSize=Insets{left=0, top=0, right=0, bottom=42}, insetsSizeOverrides=[TypedInsetsSize: {windowType=INPUT_METHOD, insetsSize=null}]}
02-10 01:12:46.084 I/WindowManager( 2640):     InsetsFrameProvider: {id=#b78c0006, index=0, type=tappableElement, source=FRAME, flags=[], insetsSize=Insets{left=0, top=0, right=0, bottom=0}}
02-10 01:12:46.084 I/WindowManager( 2640):     InsetsFrameProvider: {id=#b78c0005, index=0, type=mandatorySystemGestures, source=FRAME, flags=[], insetsSize=Insets{left=0, top=0, right=0, bottom=90}}
02-10 01:12:46.084 I/WindowManager( 2640):     InsetsFrameProvider: {id=#b78c0004, index=0, type=systemGestures, source=DISPLAY, flags=[], insetsSize=Insets{left=84, top=0, right=0, bottom=0}, mMinimalInsetsSizeInDisplayCutoutSafe=Insets{left=84, top=0, right=0, bottom=0}}
02-10 01:12:46.084 I/WindowManager( 2640):     InsetsFrameProvider: {id=#b78c0024, index=1, type=systemGestures, source=DISPLAY, flags=[], insetsSize=Insets{left=0, top=0, right=84, bottom=0}, mMinimalInsetsSizeInDisplayCutoutSafe=Insets{left=0, top=0, right=84, bottom=0}}
02-10 01:12:46.084 I/WindowManager( 2640):   frameRateBoostOnTouch=true
02-10 01:12:46.084 I/WindowManager( 2640):   dvrrWindowFrameRateHint=true
02-10 01:12:46.084 I/WindowManager( 2640):   paramsForRotation:
02-10 01:12:46.084 I/WindowManager( 2640):     ROTATION_0={(0,0)(fillx135) gr=BOTTOM CENTER_VERTICAL layoutInDisplayCutoutMode=always ty=NAVIGATION_BAR fmt=TRANSLUCENT
02-10 01:12:46.084 I/WindowManager( 2640):       fl=20040028
02-10 01:12:46.084 I/WindowManager( 2640):       pfl=31001000
02-10 01:12:46.084 I/WindowManager( 2640):       bhv=1
02-10 01:12:46.084 I/WindowManager( 2640):       providedInsets:
02-10 01:12:46.084 I/WindowManager( 2640):         InsetsFrameProvider: {id=#b78c0001, index=0, type=navigationBars, source=FRAME, flags=[SUPPRESS_SCRIM], insetsSize=Insets{left=0, top=0, right=0, bottom=42}, insetsSizeOverrides=[TypedInsetsSize: {windowType=INPUT_METHOD, insetsSize=null}]}
02-10 01:12:46.084 I/WindowManager( 2640):         InsetsFrameProvider: {id=#b78c0006, index=0, type=tappableElement, source=FRAME, flags=[], insetsSize=Insets{left=0, top=0, right=0, bottom=0}}
02-10 01:12:46.084 I/WindowManager( 2640):         InsetsFrameProvider: {id=#b78c0005, index=0, type=mandatorySystemGestures, source=FRAME, flags=[], insetsSize=Insets{left=0, top=0, right=0, bottom=90}}
02-10 01:12:46.084 I/WindowManager( 2640):         InsetsFrameProvider: {id=#b78c0004, index=0, type=systemGestures, source=DISPLAY, flags=[], insetsSize=Insets{left=84, top=0, right=0, bottom=0}, mMinimalInsetsSizeInDisplayCutoutSafe=Insets{left=84, top=0, right=0, bottom=0}}
02-10 01:12:46.084 I/WindowManager( 2640):         InsetsFrameProvider: {id=#b78c0024, index=1, type=systemGestures, source=DISPLAY, flags=[], insetsSize=Insets{left=0, top=0, right=84, bottom=0}, mMinimalInsetsSizeInDisplayCutoutSafe=Insets{left=0, top=0, right=84, bottom=0}}
02-10 01:12:46.084 I/WindowManager( 2640):       frameRateBoostOnTouch=true
02-10 01:12:46.084 I/WindowManager( 2640):       dvrrWindowFrameRateHint=true naviIconColor=0}
02-10 01:12:46.084 I/WindowManager( 2640):     ROTATION_90={(0,0)(fillx135) gr=BOTTOM CENTER_VERTICAL layoutInDisplayCutoutMode=always ty=NAVIGATION_BAR fmt=TRANSLUCENT
02-10 01:12:46.084 I/WindowManager( 2640):       fl=20040028
02-10 01:12:46.084 I/WindowManager( 2640):       pfl=31001000
02-10 01:12:46.084 I/WindowManager( 2640):       bhv=1
02-10 01:12:46.084 I/WindowManager( 2640):       providedInsets:
02-10 01:12:46.084 I/WindowManager( 2640):         InsetsFrameProvider: {id=#b78c0001, index=0, type=navigationBars, source=FRAME, flags=[SUPPRESS_SCRIM], insetsSize=Insets{left=0, top=0, right=0, bottom=42}, insetsSizeOverrides=[TypedInsetsSize: {windowType=INPUT_METHOD, insetsSize=Insets{left=0, top=0, right=0, bottom=42}}]}
02-10 01:12:46.084 I/WindowManager( 2640):         InsetsFrameProvider: {id=#b78c0006, index=0, type=tappableElement, source=FRAME, flags=[], insetsSize=Insets{left=0, top=0, right=0, bottom=0}}
02-10 01:12:46.084 I/WindowManager( 2640):         InsetsFrameProvider: {id=#b78c0005, index=0, type=mandatorySystemGestures, source=FRAME, flags=[], insetsSize=Insets{left=0, top=0, right=0, bottom=90}}
02-10 01:12:46.084 I/WindowManager( 2640):         InsetsFrameProvider: {id=#b78c0004, index=0, type=systemGestures, source=DISPLAY, flags=[], insetsSize=Insets{left=84, top=0, right=0, bottom=0}, mMinimalInsetsSizeInDisplayCutoutSafe=Insets{left=84, top=0, right=0, bottom=0}}
02-10 01:12:46.084 I/WindowManager( 2640):         InsetsFrameProvider: {id=#b78c0024, index=1, type=systemGestures, source=DISPLAY, flags=[], insetsSize=Insets{left=0, top=0, right=84, bottom=0}, mMinimalInsetsSizeInDisplayCutoutSafe=Insets{left=0, top=0, right=84, bottom=0}}
02-10 01:12:46.084 I/WindowManager( 2640):       frameRateBoostOnTouch=true
02-10 01:12:46.084 I/WindowManager( 2640):       dvrrWindowFrameRateHint=true naviIconColor=0}
02-10 01:12:46.084 I/WindowManager( 2640):     ROTATION_180={(0,0)(fillx135) gr=BOTTOM CENTER_VERTICAL layoutInDisplayCutoutMode=always ty=NAVIGATION_BAR fmt=TRANSLUCENT
02-10 01:12:46.084 I/WindowManager( 2640):       fl=20040028
02-10 01:12:46.084 I/WindowManager( 2640):       pfl=31001000
02-10 01:12:46.084 I/WindowManager( 2640):       bhv=1
02-10 01:12:46.084 I/WindowManager( 2640):       providedInsets:
02-10 01:12:46.084 I/WindowManager( 2640):         InsetsFrameProvider: {id=#b78c0001, index=0, type=navigationBars, source=FRAME, flags=[SUPPRESS_SCRIM], insetsSize=Insets{left=0, top=0, right=0, bottom=42}, insetsSizeOverrides=[TypedInsetsSize: {windowType=INPUT_METHOD, insetsSize=null}]}
02-10 01:12:46.084 I/WindowManager( 2640):         InsetsFrameProvider: {id=#b78c0006, index=0, type=tappableElement, source=FRAME, flags=[], insetsSize=Insets{left=0, top=0, right=0, bottom=0}}
02-10 01:12:46.084 I/WindowManager( 2640):         InsetsFrameProvider: {id=#b78c0005, index=0, type=mandatorySystemGestures, source=FRAME, flags=[], insetsSize=Insets{left=0, top=0, right=0, bottom=90}}
02-10 01:12:46.084 I/WindowManager( 2640):         InsetsFrameProvider: {id=#b78c0004, index=0, type=systemGestures, source=DISPLAY, flags=[], insetsSize=Insets{left=84, top=0, right=0, bottom=0}, mMinimalInsetsSizeInDisplayCutoutSafe=Insets{left=84, top=0, right=0, bottom=0}}
02-10 01:12:46.084 I/WindowManager( 2640):         InsetsFrameProvider: {id=#b78c0024, index=1, type=systemGestures, source=DISPLAY, flags=[], insetsSize=Insets{left=0, top=0, right=84, bottom=0}, mMinimalInsetsSizeInDisplayCutoutSafe=Insets{left=0, top=0, right=84, bottom=0}}
02-10 01:12:46.084 I/WindowManager( 2640):       frameRateBoostOnTouch=true
02-10 01:12:46.084 I/WindowManager( 2640):       dvrrWindowFrameRateHint=true naviIconColor=0}
02-10 01:12:46.084 I/WindowManager( 2640):     ROTATION_270={(0,0)(fillx135) gr=BOTTOM CENTER_VERTICAL layoutInDisplayCutoutMode=always ty=NAVIGATION_BAR fmt=TRANSLUCENT
02-10 01:12:46.084 I/WindowManager( 2640):       fl=20040028
02-10 01:12:46.084 I/WindowManager( 2640):       pfl=31001000
02-10 01:12:46.084 I/WindowManager( 2640):       bhv=1
02-10 01:12:46.084 I/WindowManager( 2640):       providedInsets:
02-10 01:12:46.084 I/WindowManager( 2640):         InsetsFrameProvider: {id=#b78c0001, index=0, type=navigationBars, source=FRAME, flags=[SUPPRESS_SCRIM], insetsSize=Insets{left=0, top=0, right=0, bottom=42}, insetsSizeOverrides=[TypedInsetsSize: {windowType=INPUT_METHOD, insetsSize=Insets{left=0, top=0, right=0, bottom=42}}]}
02-10 01:12:46.084 I/WindowManager( 2640):         InsetsFrameProvider: {id=#b78c0006, index=0, type=tappableElement, source=FRAME, flags=[], insetsSize=Insets{left=0, top=0, right=0, bottom=0}}
02-10 01:12:46.084 I/WindowManager( 2640):         InsetsFrameProvider: {id=#b78c0005, index=0, type=mandatorySystemGestures, source=FRAME, flags=[], insetsSize=Insets{left=0, top=0, right=0, bottom=90}}
