--------- beginning of main
02-10 01:12:45.375 W/qdgralloc( 1804): getInterlacedFlag: getMetaData returned 3, defaulting to interlaced_flag = 0
02-10 01:12:45.398 I/NSLocationMonitor( 2640): getGPSUsingApps() called
02-10 01:12:45.398 I/NSLocationManager_FLP( 5123): getGPSUsingApps, No change
02-10 01:12:45.402 I/ISG_Wakeup_Verify(13064): [KWD] Bargein - scores: [0.0090, 0.0479, t(48520)], [0.0117, 0.0291, t(48524)], [0.0108, 0.0242, t(48528)], [0.0086, 0.0227, t(48532)], [0.0073, 0.0368, t(48536)], RMS: 1
02-10 01:12:45.416 W/qdgralloc( 1804): getInterlacedFlag: getMetaData returned 3, defaulting to interlaced_flag = 0
02-10 01:12:45.418 E/HeatmapThread( 1776): ECT Thread time in milliseconds: 1770675165
02-10 01:12:45.422 D/HeatmapThread( 1776): !@ batteryplugType : 2
02-10 01:12:45.423 D/HeatmapThread( 1776): !@ batteryLevel : 84  batteryTemperature : 378 
02-10 01:12:45.423 D/HeatmapThread( 1776): !@ Heatmap currtime: 29511252
02-10 01:12:45.423 D/HeatmapThread( 1776): !@ Heatmap prevtime: 29511243
02-10 01:12:45.423 D/HeatmapThread( 1776): !@ Heatmap plugstarttime: 29511000
02-10 01:12:45.423 D/HeatmapThread( 1776): !@ Heatmap prevv_dsoh_update_time: 29511240
02-10 01:12:45.423 E/HeatmapThread( 1776): !@ CAM New BSOH: 100
02-10 01:12:45.423 E/HeatmapThread( 1776): !@ CAM is Working
02-10 01:12:45.458 W/qdgralloc( 1804): getInterlacedFlag: getMetaData returned 3, defaulting to interlaced_flag = 0
02-10 01:12:45.462 E/msys    ( 8831): E[N mns]_OnDiskCacheGetData(632)=>Start post callback cache refresh DNS resolution
02-10 01:12:45.465 D/NetdEventListenerService( 2640): DNS Requested by 111, 10394(com.instagram.android), 4(FAIL), isBlocked=true, 0ms
--------- beginning of system
02-10 01:12:45.474 D/SGM:GameManager( 2640): identifyForegroundApp. org.jellyfin.mobile, mCurrentUserId: 0, callerUserId: 0
02-10 01:12:45.474 I/PolicyManager(13149): [#CMH#] Is foreground game app: false
02-10 01:12:45.479 E/msys    ( 8831): E[N mns]_LogError(228)=>Failed to resolve using system DNS resolver, getaddrinfo(): No address associated with hostname
02-10 01:12:45.484 E/msys    ( 8831): E[N mns]_OnDiskCacheGetData(632)=>Start post callback cache refresh DNS resolution
02-10 01:12:45.486 D/NetdEventListenerService( 2640): DNS Requested by 111, 10394(com.instagram.android), 4(FAIL), isBlocked=true, 0ms
02-10 01:12:45.500 W/qdgralloc( 1804): getInterlacedFlag: getMetaData returned 3, defaulting to interlaced_flag = 0
02-10 01:12:45.509 E/msys    ( 8831): E[N mns]_LogError(228)=>Failed to resolve using system DNS resolver, getaddrinfo(): No address associated with hostname
02-10 01:12:45.528 I/SemDvfsHyPerManager( 2640): acquire hyper - APP_LAUNCH/2640@65, type = -999
02-10 01:12:45.528 D/ActivityTaskManager( 2640): startActivityAsUser: callingPid=13324, callingUid=2000, caller=com.android.server.am.ActivityManagerService.startActivityAsUserWithFeature:27 com.android.server.am.ActivityManagerShellCommand.runStartActivity:588 com.android.server.am.ActivityManagerShellCommand.onCommand:2030 com.android.modules.utils.BasicShellCommandHandler.exec:97 android.os.ShellCommand.exec:38 com.android.server.am.ActivityManagerService.onShellCommand:164 android.os.Binder.shellCommand:1187 
02-10 01:12:45.529 I/HYPER-HAL( 1667): [RequestManager.cpp]acquire(): Acquired ID : 3659930  [2640 / 65]    HINT : APP_LAUNCH    list : 
02-10 01:12:45.530 I/SemDvfsHyPerManager( 6897): acquire hyper - APP_START_SHORT/6897@22, type = -999
02-10 01:12:45.530 W/ActivityTaskManager( 2640): callingPackage for (uid=2000, pid=13324) has no WPC
02-10 01:12:45.530 I/M0      ( 6897): limitGPUFreq:: freq = -1
02-10 01:12:45.530 D/ActivityTaskManager( 2640): DesktopModeLaunchParamsModifier: task=null activity=null task null, skipping
02-10 01:12:45.530 D/ActivityTaskManager( 2640): TaskLaunchParamsModifier:task=null activity=null display-area-from-current-params=null display-area-from-default-fallback=DefaultTaskDisplayArea_d0@68657343 display-id=0 task-display-area-windowing-mode=1 suggested-display-area=DefaultTaskDisplayArea_d0@68657343
02-10 01:12:45.530 I/M0      ( 6897): limitCPUFreq:: freq = 2630400
02-10 01:12:45.530 I/SemDvfsHyPerManager( 6897): acquire hyper - SIOP_ARM_MAX/6897@3, type = 301993986
02-10 01:12:45.531 W/OptProp ( 2640): Cannot read opt property android.window.PROPERTY_COMPAT_ALLOW_RESIZEABLE_ACTIVITY_OVERRIDES
02-10 01:12:45.531 W/OptProp ( 2640): Cannot read opt property android.window.PROPERTY_COMPAT_ALLOW_MIN_ASPECT_RATIO_OVERRIDE
02-10 01:12:45.532 D/WindowManager( 2640): Transition is created, t=TransitionRecord{63fafd4 id=-1 type=OPEN flags=0x0}, caller=com.android.server.wm.Transition.<init>:182 com.android.server.wm.TransitionController.createAndStartCollecting:106 com.android.server.wm.ActivityStarter.executeRequest:3606 com.android.server.wm.ActivityStarter.execute:1752 com.android.server.wm.ActivityTaskManagerService.startActivityAsUser:95 
02-10 01:12:45.532 D/BLASTSyncEngine( 2640): SyncGroup is created, id=1058, name=Transition-OPEN, caller=com.android.server.wm.BLASTSyncEngine$SyncGroup.<init>:52 com.android.server.wm.TransitionController.moveToCollecting:79 com.android.server.wm.TransitionController.createAndStartCollecting:109 com.android.server.wm.ActivityStarter.executeRequest:3606 com.android.server.wm.ActivityStarter.execute:1752 com.android.server.wm.ActivityTaskManagerService.startActivityAsUser:95 com.android.server.am.ActivityManagerService.startActivityAsUserWithFeature:27 
02-10 01:12:45.532 W/BLASTSyncEngine( 2640): setSyncMethod, id=1058, method=0, caller=com.android.server.wm.TransitionController.moveToCollecting:91 com.android.server.wm.TransitionController.createAndStartCollecting:109 com.android.server.wm.ActivityStarter.executeRequest:3606 
02-10 01:12:45.532 V/WindowManager( 2640): Start collecting in Transition: TransitionRecord{63fafd4 id=1058 type=OPEN flags=0x0}, caller=com.android.server.wm.TransitionController.createAndStartCollecting:109 com.android.server.wm.ActivityStarter.executeRequest:3606 com.android.server.wm.ActivityStarter.execute:1752 com.android.server.wm.ActivityTaskManagerService.startActivityAsUser:95 com.android.server.am.ActivityManagerService.startActivityAsUserWithFeature:27 
02-10 01:12:45.532 V/WindowManager( 2640): Collecting in transition 1058: ActivityRecord{44606845 u0 org.voxmatrix.app/.MainActivity, caller=com.android.server.wm.TransitionController.collect:7 com.android.server.wm.ActivityStarter.startActivityUnchecked:98 com.android.server.wm.ActivityStarter.executeRequest:3651 com.android.server.wm.ActivityStarter.execute:1752 com.android.server.wm.ActivityTaskManagerService.startActivityAsUser:95 
02-10 01:12:45.532 D/ActivityTaskManager( 2640): DesktopModeLaunchParamsModifier: task=null activity=ActivityRecord{44606845 u0 org.voxmatrix.app/.MainActivity t-1} task null, skipping
02-10 01:12:45.532 D/ActivityTaskManager( 2640): TaskLaunchParamsModifier:task=null activity=ActivityRecord{44606845 u0 org.voxmatrix.app/.MainActivity t-1} display-area-from-current-params=null display-area-from-default-fallback=DefaultTaskDisplayArea_d0@68657343 display-id=0 task-display-area-windowing-mode=1 suggested-display-area=DefaultTaskDisplayArea_d0@68657343
02-10 01:12:45.532 I/HYPER-HAL( 1667): [RequestManager.cpp]releaseLocked(): Released ID : 3933610
02-10 01:12:45.532 D/ActivityTaskManager( 2640): DesktopModeLaunchParamsModifier: task=null activity=ActivityRecord{44606845 u0 org.voxmatrix.app/.MainActivity t-1} task null, skipping
02-10 01:12:45.532 D/ActivityTaskManager( 2640): TaskLaunchParamsModifier:task=null activity=ActivityRecord{44606845 u0 org.voxmatrix.app/.MainActivity t-1} display-area-from-current-params=null display-area-from-default-fallback=DefaultTaskDisplayArea_d0@68657343 display-id=0 task-display-area-windowing-mode=1 suggested-display-area=DefaultTaskDisplayArea_d0@68657343 non-freeform-task-display-area display-area=DefaultTaskDisplayArea_d0@68657343 default-portrait freeform-size-mismatch=Rect(659, 160 - 1681, 962)
02-10 01:12:45.533 I/SemDvfsHyPerManager( 2640): acquire hyper - AMS_APP_SWITCH/2640@26, type = -999
02-10 01:12:45.533 D/ActivityManagerPerformance( 2640): AMP_acquire() APP_SWITCH
02-10 01:12:45.533 I/ControllerEventHandler(13149): [#CMH#]  Check for starting Standalone FaceService for just shot ! 
02-10 01:12:45.533 I/ControllerEventHandler(13149): [#CMH#] requestToRegisterInstantWorker: mIsPolicyIgnore :  false
02-10 01:12:45.533 I/ControllerUtils(13149): [#CMH#] getFaceServiceUnProcessedMediaCount :E .. 
02-10 01:12:45.533 I/HYPER-HAL( 1667): [RequestManager.cpp]acquire(): Acquired ID : 23939762  [6897 / 22]    HINT : APP_START_LOW_HEAT    list : [TIMEOUT / 1500] 
02-10 01:12:45.534 I/HYPER-HAL( 1667): [RequestManager.cpp]releaseLocked(): Released ID : 23822258
02-10 01:12:45.534 D/FreecessController( 2640): restrictJobsByOlaf: restrict=true, uid=10475
02-10 01:12:45.534 I/SurfaceFlinger( 1804): id=13047 createSurf, flag=24004, Task=146#13047
02-10 01:12:45.534 I/HYPER-HAL( 1667): [RequestManager.cpp]acquire(): Acquired ID : 23808453  [6897 / 3]    HINT :      list : [CPUMaxFreq / 2630400] 
02-10 01:12:45.535 I/HYPER-HAL( 1667): [RequestManager.cpp]acquire(): Acquired ID : 3555137  [2640 / 26]    HINT : AMS_APP_SWITCH    list : 
02-10 01:12:45.535 D/OlafRestriction( 2640):  olaf state update: state=true
02-10 01:12:45.535 D/OlafRestriction( 2640):  sending trigger onRestrictionStateChanged msg.
02-10 01:12:45.535 D/ActivityTaskManager( 2640): DesktopModeLaunchParamsModifier: task=Task{1af28c3 #146 type=standard I=org.voxmatrix.app/.MainActivity} activity=ActivityRecord{44606845 u0 org.voxmatrix.app/.MainActivity t-1} non-desktop, skipping
02-10 01:12:45.535 D/ActivityTaskManager( 2640): TaskLaunchParamsModifier:task=Task{1af28c3 #146 type=standard I=org.voxmatrix.app/.MainActivity} activity=ActivityRecord{44606845 u0 org.voxmatrix.app/.MainActivity t-1} display-from-task=0 display-id=0 task-display-area-windowing-mode=1 suggested-display-area=DefaultTaskDisplayArea_d0@68657343 inherit-from-task=fullscreen non-freeform-task-display-area display-area=DefaultTaskDisplayArea_d0@68657343 default-portrait freeform-size-mismatch=Rect(659, 160 - 1681, 962)
02-10 01:12:45.535 V/WindowManager( 2640): Collecting in transition 1058: Task{1af28c3 #146 type=standard I=org.voxmatrix.app/.MainActivity}, caller=com.android.server.wm.Transition.collectExistenceChange:40 com.android.server.wm.ActivityStarter.startActivityInner:293 com.android.server.wm.ActivityStarter.startActivityUnchecked:111 com.android.server.wm.ActivityStarter.executeRequest:3651 com.android.server.wm.ActivityStarter.execute:1752 
02-10 01:12:45.535 W/OptProp ( 2640): Cannot read opt property android.window.PROPERTY_COMPAT_ALLOW_ORIENTATION_OVERRIDE
02-10 01:12:45.536 I/SemDvfsHyPerManager( 6897): acquire hyper - APP_START_SHORT/6897@22, type = -999
02-10 01:12:45.536 I/SurfaceFlinger( 1804): id=13048 createSurf, flag=84004, ActivityRecord{44606845 u0 org.voxmatrix.app/.MainActivity t146}#13048
02-10 01:12:45.536 D/ActivityTaskManager( 2640): scheduleTopResumedActivityChanged, onTop=false, r=ActivityRecord{169515799 u0 org.jellyfin.mobile/.MainActivity t85}, caller=com.android.server.wm.ActivityTaskSupervisor.scheduleTopResumedActivityStateLossIfNeeded:19 com.android.server.wm.ActivityTaskSupervisor.updateTopResumedActivityIfNeeded:20 com.android.server.wm.TaskDisplayArea.positionChildAt:252 com.android.server.wm.Task.moveToFront:40 com.android.server.wm.ActivityStarter.startActivityInner:315 com.android.server.wm.ActivityStarter.startActivityUnchecked:111 
02-10 01:12:45.536 V/WindowManager( 2640): Checking theme of starting window: 0x7f0f00a2
02-10 01:12:45.536 V/WindowManager( 2640): Translucent=false Floating=false ShowWallpaper=false Disable=false
02-10 01:12:45.537 D/ActivityTaskManager( 2640): addStartingWindow: type=2 typeParameter=8b
02-10 01:12:45.537 V/WindowManager( 2640): Creating SplashScreenStartingData
02-10 01:12:45.537 V/WindowManager( 2640): Add starting ActivityRecord{44606845 u0 org.voxmatrix.app/.MainActivity t146}: startingData=SplashScreenStartingData{1022dbe removeAfterTransaction= 0}
02-10 01:12:45.537 I/HYPER-HAL( 1667): [RequestManager.cpp]acquire(): Acquired ID : 23939762  [6897 / 22]    HINT : APP_START_LOW_HEAT    list : [TIMEOUT / 1500] 
02-10 01:12:45.537 V/WindowManager( 2640): Added starting ActivityRecord{44606845 u0 org.voxmatrix.app/.MainActivity t146}: startingWindow=null startingView=com.android.server.wm.StartingSurfaceController$StartingSurface@6d18e1f
02-10 01:12:45.537 D/PipTaskOrganizer( 2640): entering autoPip failed, userLeaving=true resumingOccludesParent=true isAutoEnterEnabled=false
02-10 01:12:45.538 V/WindowManager( 2640): Collecting in transition 1058: ActivityRecord{44606845 u0 org.voxmatrix.app/.MainActivity t146}, caller=com.android.server.wm.Transition.collectExistenceChange:40 com.android.server.wm.ActivityStarter.handleStartResult:761 com.android.server.wm.ActivityStarter.startActivityUnchecked:124 com.android.server.wm.ActivityStarter.executeRequest:3651 com.android.server.wm.ActivityStarter.execute:1752 
02-10 01:12:45.538 V/WindowManager( 2640): Requesting StartTransition: TransitionRecord{63fafd4 id=1058 type=OPEN flags=0x0 c=[
02-10 01:12:45.538 V/WindowManager( 2640):    ChangeInfo{cec0735 container=Task{1af28c3 #146 type=standard I=org.voxmatrix.app/.MainActivity} flags=0x0}
02-10 01:12:45.538 V/WindowManager( 2640):    ChangeInfo{2af67ca container=ActivityRecord{44606845 u0 org.voxmatrix.app/.MainActivity t146} flags=0x0}
02-10 01:12:45.538 V/WindowManager( 2640):    ChangeInfo{68aed3b container=DefaultTaskDisplayArea_d0@68657343 flags=0x0}
02-10 01:12:45.538 V/WindowManager( 2640):    ChangeInfo{4112c58 container=Display{#0 state=ON size=2340x1080 ROTATION_90} flags=0x0}
02-10 01:12:45.538 V/WindowManager( 2640): ]
02-10 01:12:45.538 V/WindowManager( 2640): }, caller=com.android.server.wm.ActivityStarter.handleStartResult:982 com.android.server.wm.ActivityStarter.startActivityUnchecked:124 com.android.server.wm.ActivityStarter.executeRequest:3651 com.android.server.wm.ActivityStarter.execute:1752 com.android.server.wm.ActivityTaskManagerService.startActivityAsUser:95 
02-10 01:12:45.538 I/Pageboost( 2640): stop alp
02-10 01:12:45.538 I/ActivityTaskManager( 2640): START u0 {flg=0x10000000 xflg=0x5 cmp=org.voxmatrix.app/.MainActivity} with LAUNCH_SINGLE_TOP from uid 2000 (BAL_ALLOW_PERMISSION) result code=0
02-10 01:12:45.538 I/SemDvfsHyPerManager( 2640): acquire hyper - AMS_APP_LAUNCH/2640@19, type = -999
02-10 01:12:45.539 V/WindowManagerShell( 3998): Transition requested (#1058): android.os.BinderProxy@16e9e83 TransitionRequestInfo { type = OPEN, triggerTask = TaskInfo{userId=0 taskId=146 effectiveUid=10475 displayId=0 isRunning=true baseIntent=Intent { flg=0x10000000 cmp=org.voxmatrix.app/.MainActivity } baseActivity=ComponentInfo{org.voxmatrix.app/org.voxmatrix.app.MainActivity} topActivity=ComponentInfo{org.voxmatrix.app/org.voxmatrix.app.MainActivity} origActivity=null realActivity=ComponentInfo{org.voxmatrix.app/org.voxmatrix.app.MainActivity} numActivities=1 lastActiveTime=27561767 supportsMultiWindow=true resizeMode=1 isResizeable=true minWidth=-1 minHeight=-1 maxWidth=-1 maxHeight=-1 defaultMinSize=220 desktopDefaultMinSize=304 token=WCT{android.window.IWindowContainerToken$Stub$Proxy@cb79800} topActivityType=1 pictureInPictureParams=null shouldDockBigOverlays=false launchIntoPipHostTaskId=-1 lastParentTaskIdBeforePip=-1 displayCutoutSafeInsets=Rect(84, 0 - 0, 0) topActivityInfo=ActivityInfo{a7be839 org.voxmatrix.app.MainActivity} launchCookies=[] positionInParent=Point(0, 0) parentTaskId=-1 isFocused=false isVisible=false isVisibleRequested=false isTopActivityNoDisplay=false isSleeping=false locusId=null displayAreaFeatureId=1 isTopActivityTransparent=false isActivityStackTransparent=false lastNonFullscreenBounds=Rect(659, 160 - 1681, 962) capturedLink=null capturedLinkTimestamp=0 requestedVisibleTypes=-9 topActivityRequestOpenInBrowserEducationTimestamp=0 appCompatTaskInfo=AppCompatTaskInfo { topActivityInSizeCompat=false eligibleForLetterboxEducation= false isLetterboxEducationEnabled= false isLetterboxDoubleTapEnabled= false eligibleForUserAspectRatioButton= false topActivityBoundsLetterboxed= false isFromLetterboxDoubleTap= false topActivityLetterboxVerticalPosition= -1 topActivityLetterboxHorizontalPosition= -1 topActivityLetterboxWidth=-1 topActivityLetterboxHeight=-1 topActivityAppBounds=Rect(0, 0 - 2340, 1080) isUserFullscreenOverrideEnabled=false isSystemFullscreenOverrideEnabled=false hasMinAspectRatioOverride=false topActivityLetterboxBounds=null cameraCompatTaskInfo=CameraCompatTaskInfo { freeformCameraCompatMode=inactive} topActivityBounds=null topActivityInDisplayCompat=false singleTapFromLetterbox=false} topActivityMainWindowFrame=null originallySupportedMultiWindow=true hasWallpaper=false rootAffinity=null isTopTaskInStage=false CoverLauncherWidgetTask=false LaunchedFromAppsCoverLauncherTask=false LaunchedFromMultistarCoverLauncherTask=false isAllowedSeamlessRotation=false isTopTransparentActivity=false isAliasManaged=false hasConfigChanged=false snappingGuideBounds=null isAiKeyRemoveAppTask=false lastDesktopWindowingBounds=null lastExternalDesktopWindowingBounds=null safeCutoutInsets=null}, pipChange = null, remoteTransition = null, displayChange = null, flags = 0, debugId = 1058 }
02-10 01:12:45.539 V/ShellDesktopMode( 3998): DesktopTasksController: isDesktopModeShowing: hasVisibleTasks=false hasTopTransparentFullscreenTask=false
02-10 01:12:45.539 V/ShellDesktopMode( 3998): DesktopTasksController: isDesktopModeShowing: hasVisibleTasks=false hasTopTransparentFullscreenTask=false
02-10 01:12:45.539 I/SemDvfsHyPerManager( 6897): acquire hyper - APP_START/6897@24, type = -999
02-10 01:12:45.539 D/ShellSplitScreen( 3998): logExit: no-op, mLoggerSessionId is null
02-10 01:12:45.539 D/ShellDesktopMode( 3998): handleRequest: TransitionRequestInfo {type=1, tid=146, debugId=1058}
02-10 01:12:45.539 E/pageboostd( 5224): Received HALT command code 2
02-10 01:12:45.539 I/HYPER-HAL( 1667): [RequestManager.cpp]acquire(): Acquired ID : 3536489  [2640 / 19]    HINT : AMS_APP_LAUNCH    list : 
02-10 01:12:45.539 V/ShellDesktopMode( 3998): DesktopTasksController: handleFullscreenTaskLaunch
02-10 01:12:45.539 V/ShellDesktopMode( 3998): DesktopTasksController: isDesktopModeShowing: hasVisibleTasks=false hasTopTransparentFullscreenTask=false
02-10 01:12:45.540 V/ShellDesktopMode( 3998): DesktopTasksController: handleRequest result=null
02-10 01:12:45.540 V/WindowManager( 2640): Collecting in transition 1058: Task{35f3b04 #85 type=standard A=10442:org.jellyfin.mobile}, caller=com.android.server.wm.TransitionController.collect:7 com.android.server.wm.RootWindowContainer.moveActivityToPinnedRootTaskInner:162 com.android.server.wm.ActivityTaskManagerService$$ExternalSyntheticLambda25.run:143 com.android.server.wm.ActivityTaskManagerService.enterPictureInPictureMode:250 com.android.server.wm.ActivityClientController.enterPictureInPictureMode:47 
02-10 01:12:45.540 D/WindowManager( 2640): prepareSync <SYNC_STATE_WAITING_FOR_DRAW>, mPrepareSyncSeqId=0, win=Window{98d5d23 u0 org.jellyfin.mobile/org.jellyfin.mobile.MainActivity}
02-10 01:12:45.541 I/ActivityTaskManager( 2640): Skip adjustForMinimalTaskDimensions for pip task
02-10 01:12:45.541 I/SurfaceFlinger( 1804): [Task=146#13047] attach to parent LayerHierarchy{RequestedLayerState{DefaultTaskDisplayArea_d0#10 parentId=9} 10 children}
02-10 01:12:45.541 I/SurfaceFlinger( 1804): [ActivityRecord{44606845 u0 org.voxmatrix.app/.MainActivity t146}#13048] attach to parent LayerHierarchy{RequestedLayerState{Task=146#13047 parentId=10} 1 children}
02-10 01:12:45.541 I/HYPER-HAL( 1667): [RequestManager.cpp]acquire(): Acquired ID : 23953605  [6897 / 24]    HINT : APP_START_LOW_HEAT    list : 
02-10 01:12:45.541 W/qdgralloc( 1804): getInterlacedFlag: getMetaData returned 3, defaulting to interlaced_flag = 0
02-10 01:12:45.541 D/WindowManager( 2640): updateSystemBarAttributes: displayId=0, focusedCanBeNavColorWin=false, win=Window{98d5d23 u0 org.jellyfin.mobile/org.jellyfin.mobile.MainActivity}, navColorWin=null, caller=com.android.server.wm.DisplayPolicy.finishPostLayoutPolicyLw:17 com.android.server.wm.RootWindowContainer.applySurfaceChangesTransaction$1:195 com.android.server.wm.RootWindowContainer.performSurfacePlacementNoTrace:59 
02-10 01:12:45.541 D/WindowManager( 2640): updateSystemBarAttributes, bhv=2, apr=0, statusBarAprRegions=[], requestedVisibilities=-16
02-10 01:12:45.542 D/SurfaceComposerClient( 2640): setCornerRadius ## 98d5d23 org.jellyfin.mobile/org.jellyfin.mobile.MainActivity#7191 cornerRadius=0.000000
02-10 01:12:45.542 I/HoneySpace.TopTaskSource( 4611): onTaskMovedToFront : taskId = 146, displayId = 0
02-10 01:12:45.542 V/WindowManager( 2640): Collecting in transition 1058: ActivityRecord{44606845 u0 org.voxmatrix.app/.MainActivity t146}, caller=com.android.server.wm.TransitionController.collect:7 com.android.server.wm.ActivityRecord.setVisibility:132 com.android.server.wm.EnsureActivitiesVisibleHelper.process:459 com.android.server.wm.TaskFragment.updateActivityVisibilities:12 com.android.server.wm.Task$$ExternalSyntheticLambda37.accept:37 
02-10 01:12:45.543 D/WindowManager( 2640): a delayed check for potentially aborting PiP if in a wrong state is scheduled.
02-10 01:12:45.543 I/HoneySpace.TopTaskUseCase( 4611): topTasks 146 ComponentInfo{org.voxmatrix.app/org.voxmatrix.app.MainActivity}[displayId=0]
02-10 01:12:45.543 V/WindowManager( 2640): Starting Transition 1058, caller=com.android.server.wm.WindowOrganizerController.startTransition:47 com.android.server.wm.WindowOrganizerController.startTransition:1 android.window.IWindowOrganizerController$Stub.onTransact:259 
02-10 01:12:45.544 V/ShellDesktopMode( 3998): Task Vanished: #85 closed=false
02-10 01:12:45.544 D/PipTaskOrganizer( 3998): [PipTransitionState] setState: UNDEFINED -> TASK_APPEARED, Callers=com.android.wm.shell.pip.PipTransitionState.setTransitionState:124 
02-10 01:12:45.544 D/PhonePipMenuController( 3998): Not going to move PiP, either menu or its parent is not created
02-10 01:12:45.544 V/WindowManagerShell( 3998): PhonePipMenuController: Not going to move PiP, either menu or its parent is not created.
02-10 01:12:45.544 V/WindowManager( 2640): Checking theme of starting window: 0x7f0f00a2
02-10 01:12:45.544 V/WindowManager( 2640): Translucent=false Floating=false ShowWallpaper=false Disable=false
02-10 01:12:45.545 D/SamsungLightBarControlHelper( 3998): onStatusBarAppearanceChanged() -  sbModeChanged:false, statusBarMode:0, barState:MODE_TRANSPARENT, isKeyguardShowing:false, navbarColorManagedByIme:false, ()
02-10 01:12:45.545 D/PipController( 3998): onPipTaskAppeared: prev=PipBoundsState{mBounds=Rect(0, 0 - 0, 0), mMovementBounds=Rect(129, 129 - 2295, 993), mNormalBounds=Rect(1755, 689 - 2295, 993), mExpandedBounds=Rect(0, 0 - 540, 304), mAspectRatio=1.7777778}, next=PipBoundsState{mBounds=Rect(0, 0 - 0, 0), mMovementBounds=Rect(129, 129 - 2295, 993), mNormalBounds=Rect(1755, 689 - 2295, 993), mExpandedBounds=Rect(0, 0 - 540, 304), mAspectRatio=1.7777778}
02-10 01:12:45.545 D/WindowManagerShell( 3998): PipTaskOrganizer: PIP remote actions=[]
02-10 01:12:45.546 D/WindowManagerShell( 3998): onTaskAppeared: ComponentInfo{org.jellyfin.mobile/org.jellyfin.mobile.MainActivity}, state=PipTransitionState(mState=task-appeared, mInSwipePipToHomeTransition=false), taskId=85
02-10 01:12:45.546 D/PipTaskOrganizer( 3998): onTaskAppeared: PipTaskOrganizer{mState=1, mTaskInfo=TaskInfo(taskId=85, isVisible=true, org.jellyfin.mobile), mLeash=Surface(name=Task=85)/@0xf813c9a, mWaitForFixedRotation=false, inSwipePipToHome=false, mPictureInPictureParams=PictureInPictureParams( aspectRatio=16/9 expandedAspectRatio=null sourceRectHint=Rect(210, 0 - 2130, 1080) hasSetActions=false hasSetCloseAction=false isAutoPipEnabled=false isSeamlessResizeEnabled=false title=null subtitle=null isLaunchIntoPip=false)}
02-10 01:12:45.546 D/WindowManagerShell( 3998): Alpha animation is expired. Use bounds animation.
02-10 01:12:45.546 W/ShellTaskOrganizer( 3998): clearForcedResizablePackagesIfNeeded
02-10 01:12:45.546 I/HoneySpace.RecentTasks( 4611): onRecentTasksChanged
02-10 01:12:45.547 D/ShellDesktopMode( 3998): [u0] DesktopRepository: Removes freeform task: taskId=145
02-10 01:12:45.547 W/ShellDesktopMode( 3998): [u0] DesktopRepository: No display id found for task: taskId=145
02-10 01:12:45.547 I/HoneySpace.RecentTasks( 4611): onRecentTasksChanged
02-10 01:12:45.549 D/CompatChangeReporter( 2640): Compat change id reported: 377864165; UID 10475; state: ENABLED
02-10 01:12:45.549 D/SGM:FgCheckThread( 2640): notePauseComponent(), received pkgName: org.jellyfin.mobile, userId: 0
02-10 01:12:45.549 I/CocktailBarManagerServiceContainer( 2640): handleMessage: entry what = 6
02-10 01:12:45.549 I/CocktailBarManagerServiceImpl( 2640): notePauseComponent : no active host
02-10 01:12:45.549 D/BackgroundInstallControlService( 2640): Package event received: 0
02-10 01:12:45.549 I/SurfaceFlinger( 1804): [Display 0 name="Built-in Screen"#49] setFrameRateCategory: High
02-10 01:12:45.550 I/DisplayDeviceRepository( 2640): Display device changed render timings: "Built-in Screen", renderFrameRate=120.00001, presentationDeadlineNanos=9333333, appVsyncOffsetNanos=8333333, frameRateOverrides=[{uid=10442 frameRateHz=120.00001}]
02-10 01:12:45.551 D/SurfaceComposerClient( 2640): setCornerRadius ## 98d5d23 org.jellyfin.mobile/org.jellyfin.mobile.MainActivity#7191 cornerRadius=0.000000
02-10 01:12:45.552 D/ShellDesktopMode( 3998): [u0] DesktopRepository: Removes freeform task: taskId=145
02-10 01:12:45.552 W/ShellDesktopMode( 3998): [u0] DesktopRepository: No display id found for task: taskId=145
02-10 01:12:45.552 D/WindowManagerShell( 3998): onActivityPinned: org.jellyfin.mobile
02-10 01:12:45.552 I/HoneySpace.RecentTasks( 4611): onRecentTasksChanged
02-10 01:12:45.552 I/HoneySpace.RecentTasks( 4611): onRecentTasksChanged
02-10 01:12:45.552 I/SurfaceFlinger( 1804): id=13049 createSurf, flag=84004, [Gesture Monitor] pip-resize#13049
02-10 01:12:45.552 D/InputTransport( 2640): Input channel constructed: '[Gestur', fd=1286
02-10 01:12:45.552 D/InputTransport( 2640): Input channel constructed: '[Gestur', fd=1300
02-10 01:12:45.552 I/{OngoingActivityController}( 3998): onActivityPinned packageName:org.jellyfin.mobile, baseActivity:ComponentInfo{org.jellyfin.mobile/org.jellyfin.mobile.MainActivity}
02-10 01:12:45.553 I/{OngoingActivityDataHelper}( 3998): updatePipEnabledComponentNameList add. name:ComponentInfo{org.jellyfin.mobile/org.jellyfin.mobile.MainActivity}
02-10 01:12:45.553 D/InputTransport( 2640): Input channel constructed: '[Gestur', fd=1281
02-10 01:12:45.553 D/{OngoingActivityDataHelper}( 3998): shouldHide() return true. baseActivityComponentName:ComponentInfo{org.jellyfin.mobile/org.jellyfin.mobile.MainActivity}, intent.component:ComponentInfo{org.jellyfin.mobile/org.jellyfin.mobile.MainActivity}, basePackageName:org.jellyfin.mobile, intent.creatorPackage:org.jellyfin.mobile, pipEnabledComponentNameList:[ComponentInfo{org.jellyfin.mobile/org.jellyfin.mobile.MainActivity}]
02-10 01:12:45.553 D/InputTransport( 2640): Input channel destroyed: '[Gestur', fd=1281
02-10 01:12:45.554 D/ViewRootImpl( 3998): desktopMode is false
02-10 01:12:45.554 I/ViewRootImpl( 3998): dVRR is disabled
02-10 01:12:45.554 D/InputTransport( 3998): Input channel constructed: '[Gestur', fd=629
02-10 01:12:45.554 D/PipResizeGestureHandler( 3998): reset state callers=com.android.wm.shell.pip.phone.PipResizeGestureHandler.resetState:12 com.android.wm.shell.pip.phone.PipController$2.onActivityPinned:54 com.android.wm.shell.common.TaskStackListenerImpl.handleMessage:704 
02-10 01:12:45.555 I/CameraService( 2125): onUidStateChanged: uid=10049, procState is changed. (0 -> 1)
02-10 01:12:45.555 D/NativeCustomFrequencyManager( 3998): [NativeCFMS] BpCustomFrequencyManager::BpCustomFrequencyManager()
02-10 01:12:45.556 V/APM_AudioPolicyManager( 1772): setAppState(portId:659, state:2)
02-10 01:12:45.557 D/InputTransport( 2640): Input channel constructed: 'pip_inp', fd=1322
02-10 01:12:45.557 D/InputTransport( 2640): Input channel constructed: 'pip_inp', fd=1323
02-10 01:12:45.557 D/InputTransport( 2640): Input channel constructed: 'pip_inp', fd=1331
02-10 01:12:45.557 I/HYPER-HAL( 1667): [RequestManager.cpp]acquire(): Acquired ID : 21172106  [1671 / 4835]    HINT :      list : [TID_LOW_LATENCY / 1] [TID / 4293] [TID / 4294] [TID / 4162] [TID / 4298] 
02-10 01:12:45.558 I/SurfaceFlinger( 1804): RequestedLayer [[Gesture Monitor] pip-resize#13049] hidden!! flag  from(1) --> to(0)
02-10 01:12:45.558 I/SurfaceFlinger( 1804): [[Gesture Monitor] pip-resize#13049] attach to parent LayerHierarchy{RequestedLayerState{Input Overlays#51 parentId=49 z=2147483646} 5 children}
02-10 01:12:45.558 I/SurfaceFlinger( 1804): id=13050 createSurf, flag=84004, Input Consumer pip_input_consumer#13050
02-10 01:12:45.558 D/InputTransport( 2640): Input channel destroyed: 'pip_inp', fd=1331
02-10 01:12:45.559 D/InputTransport( 3998): Input channel constructed: 'pip_inp', fd=631
02-10 01:12:45.559 D/InputTransport( 2640): Input channel constructed: '9a75bd2', fd=1331
02-10 01:12:45.559 D/InputTransport( 2640): Input channel constructed: '9a75bd2', fd=1334
02-10 01:12:45.559 D/InputTransport( 2640): Input channel constructed: '9a75bd2', fd=1344
02-10 01:12:45.559 D/InputTransport( 2640): Input channel destroyed: '9a75bd2', fd=1334
02-10 01:12:45.559 D/WindowManager( 2640): prepareSync <SYNC_STATE_WAITING_FOR_DRAW>, mPrepareSyncSeqId=0, win=Window{9a75bd2 u0 Splash Screen org.voxmatrix.app}
02-10 01:12:45.559 D/HintManagerService( 2640): SystemUI make new AppHintSession but force pause
02-10 01:12:45.559 D/InputDispatcher( 2640): Focus left window (0): 98d5d23 org.jellyfin.mobile/org.jellyfin.mobile.MainActivity
02-10 01:12:45.560 I/ImeFocusController( 5965): onPreWindowFocus: skipped hasWindowFocus=false mHasImeFocus=true
02-10 01:12:45.560 I/ImeFocusController( 5965): onPostWindowFocus: skipped hasWindowFocus=false mHasImeFocus=true
02-10 01:12:45.560 I/SurfaceFlinger( 1804): id=13051 createSurf, flag=84004, 9a75bd2 Splash Screen org.voxmatrix.app#13051
02-10 01:12:45.560 D/RestrictionPolicy( 2640): isScreenCaptureEnabled : ret=true userId=0
02-10 01:12:45.560 V/WindowManager( 2640): addWindow: ActivityRecord{44606845 u0 org.voxmatrix.app/.MainActivity t146} startingWindow=Window{9a75bd2 u0 Splash Screen org.voxmatrix.app}
02-10 01:12:45.561 V/WindowManager( 2640): rotationForOrientation(orient=SCREEN_ORIENTATION_UNSPECIFIED (-1), last=ROTATION_90 (1)); user=ROTATION_0 (0) USER_ROTATION_LOCKED
02-10 01:12:45.561 D/WindowManager( 2640): rotationForOrientation, orientationSource=ActivityRecord{44606845 u0 org.voxmatrix.app/.MainActivity t146}
02-10 01:12:45.561 I/HYPER-HAL( 1667): [RequestManager.cpp]acquire(): Acquired ID : 21172106  [1671 / 4835]    HINT :      list : [TID_LOW_LATENCY / 0] [TID / 4293] [TID / 4294] [TID / 4162] [TID / 4298] 
02-10 01:12:45.561 D/ActivityTaskManager( 2640): applyFixedRotationTransform, r=ActivityRecord{44606845 u0 org.voxmatrix.app/.MainActivity t146}, caller=com.android.server.wm.ActivityRecord.applyFixedRotationTransform:20 com.android.server.wm.DisplayContent.startFixedRotationTransform:63 com.android.server.wm.DisplayContent.setFixedRotationLaunchingApp:47 com.android.server.wm.DisplayContent.handleTopActivityLaunchingInDifferentOrientation:286 com.android.server.wm.DisplayContent.updateOrientation:40 
02-10 01:12:45.561 D/WindowManager( 2640): fadeWindowToken, show=false, animationType=token_transform, topWindow=Window{9ba7b39 u0 StatusBar}, token=WindowToken{c589700 type=2000 android.os.BinderProxy@72c9832}, caller=com.android.server.wm.DisplayContent.startAsyncRotation:99 com.android.server.wm.DisplayContent.setFixedRotationLaunchingAppUnchecked:47 com.android.server.wm.DisplayContent.setFixedRotationLaunchingApp:50 com.android.server.wm.DisplayContent.handleTopActivityLaunchingInDifferentOrientation:286 com.android.server.wm.DisplayContent.updateOrientation:40 
02-10 01:12:45.561 I/WindowManager( 2640): Reparenting to leash, surface=Surface(name=WindowToken{c589700 type=2000 android.os.BinderProxy@72c9832})/@0x7d0a404, leashParent=Surface(name=Leaf:15:15)/@0x2a3106b
02-10 01:12:45.561 I/SurfaceFlinger( 1804): id=13052 createSurf, flag=24000, Surface(name=WindowToken{c589700 type=2000 android.os.BinderProxy@72c9832})/@0x7d0a404 - animation-leash of token_transform#13052
02-10 01:12:45.561 D/WindowManager( 2640): makeSurface duration=0 leash=Surface(name=Surface(name=WindowToken{c589700 type=2000 android.os.BinderProxy@72c9832})/@0x7d0a404 - animation-leash of token_transform)/@0x6f6932a
02-10 01:12:45.562 D/WindowManagerShell( 3998): onFixedRotationStarted: TaskInfo{userId=0 taskId=85 effectiveUid=10442 displayId=0 isRunning=true baseIntent=Intent { act=android.intent.action.MAIN cat=[android.intent.category.LAUNCHER] flg=0x10200000 cmp=org.jellyfin.mobile/.MainActivity } baseActivity=ComponentInfo{org.jellyfin.mobile/org.jellyfin.mobile.MainActivity} topActivity=ComponentInfo{org.jellyfin.mobile/org.jellyfin.mobile.MainActivity} origActivity=null realActivity=ComponentInfo{org.jellyfin.mobile/org.jellyfin.mobile.MainActivity} numActivities=1 lastActiveTime=27561767 supportsMultiWindow=true resizeMode=1 isResizeable=true minWidth=-1 minHeight=-1 maxWidth=-1 maxHeight=-1 defaultMinSize=220 desktopDefaultMinSize=304 token=WCT{android.window.IWindowContainerToken$Stub$Proxy@4b98ce1} topActivityType=1 pictureInPictureParams=PictureInPictureParams( aspectRatio=16/9 expandedAspectRatio=null sourceRectHint=Rect(210, 0 - 2130, 1080) hasSetActions=false hasSetCloseAction=false isAutoPipEnabled=false isSeamlessResizeEnabled=false title=null subtitle=null isLaunchIntoPip=false) shouldDockBigOverlays=false launchIntoPipHostTaskId=-1 lastParentTaskIdBeforePip=-1 displayCutoutSafeInsets=Rect(0, 0 - 0, 0) topActivityInfo=ActivityInfo{2f3ba06 org.jellyfin.mobile.MainActivity} launchCookies=[android.os.BinderProxy@9a5b69] positionInParent=Point(0, 0) parentTaskId=-1 isFocused=true isVisible=true isVisibleRequested=true isTopActivityNoDisplay=false isSleeping=false locusId=null displayAreaFeatureId=1 isTopActivityTransparent=false isActivityStackTransparent=false lastNonFullscreenBounds=Rect(81, 606 - 999, 1776) capturedLink=null capturedLinkTimestamp=0 requestedVisibleTypes=-16 topActivityRequestOpenInBrowserEducationTimestamp=0 appCompatTaskInfo=AppCompatTaskInfo { topActivityInSizeCompat=false eligibleForLetterboxEducation= false isLetterboxEducationEnabled= false isLetterboxDoubleTapEnabled= false eligibleForUserAspectRatioButton= false topActivityBoundsLetterboxed= false isFromLetterboxDoubleTap= false topActivityLetterboxVerticalPosition= -1 topActivityLetterboxHorizontalPosition= -1 topActivityLetterboxWidth=-1 topActivityLetterboxHeight=-1 topActivityAppBounds=Rect(84, 0 - 2340, 1038) isUserFullscreenOverrideEnabled=false isSystemFullscreenOverrideEnabled=false hasMinAspectRatioOverride=false topActivityLetterboxBounds=null cameraCompatTaskInfo=CameraCompatTaskInfo { freeformCameraCompatMode=inactive} topActivityBounds=null topActivityInDisplayCompat=false singleTapFromLetterbox=false} topActivityMainWindowFrame=null originallySupportedMultiWindow=true hasWallpaper=false rootAffinity=10442:org.jellyfin.mobile isTopTaskInStage=false CoverLauncherWidgetTask=false LaunchedFromAppsCoverLauncherTask=false LaunchedFromMultistarCoverLauncherTask=false isAllowedSeamlessRotation=false isTopTransparentActivity=true isAliasManaged=false hasConfigChanged=false snappingGuideBounds=null isAiKeyRemoveAppTask=false lastDesktopWindowingBounds=null lastExternalDesktopWindowingBounds=null isKeepScreenOn=true safeCutoutInsets=null}, state=PipTransitionState(mState=task-appeared, mInSwipePipToHomeTransition=false)
02-10 01:12:45.562 D/PipTaskOrganizer( 3998): onFixedRotationStarted: rot=0, PipTaskOrganizer{mState=1, mTaskInfo=TaskInfo(taskId=85, isVisible=true, org.jellyfin.mobile), mLeash=Surface(name=Task=85)/@0xf813c9a, mWaitForFixedRotation=true, inSwipePipToHome=false, mPictureInPictureParams=PictureInPictureParams( aspectRatio=16/9 expandedAspectRatio=null sourceRectHint=Rect(210, 0 - 2130, 1080) hasSetActions=false hasSetCloseAction=false isAutoPipEnabled=false isSeamlessResizeEnabled=false title=null subtitle=null isLaunchIntoPip=false)}
02-10 01:12:45.562 D/AsyncRotation_WindowManager( 2640): Start fade-out Window{9ba7b39 u0 StatusBar}
02-10 01:12:45.562 D/WindowManager( 2640): fadeWindowToken, show=false, animationType=token_transform, topWindow=Window{8909249 u0 NavigationBar0}, token=WindowToken{5a75977 type=2019 android.os.BinderProxy@52b211}, caller=com.android.server.wm.DisplayContent.startAsyncRotation:99 com.android.server.wm.DisplayContent.setFixedRotationLaunchingAppUnchecked:47 com.android.server.wm.DisplayContent.setFixedRotationLaunchingApp:50 com.android.server.wm.DisplayContent.handleTopActivityLaunchingInDifferentOrientation:286 com.android.server.wm.DisplayContent.updateOrientation:40 
02-10 01:12:45.562 I/WindowManager( 2640): Reparenting to leash, surface=Surface(name=WindowToken{5a75977 type=2019 android.os.BinderProxy@52b211})/@0xcb5fc70, leashParent=Surface(name=Leaf:24:25)/@0xe63ed52
02-10 01:12:45.562 I/ControllerEventHandler(13149): [#CMH#] pendingCount<=0, ignore processing ,with isPolicyIgnore : false
02-10 01:12:45.562 I/SurfaceFlinger( 1804): id=13053 createSurf, flag=24000, Surface(name=WindowToken{5a75977 type=2019 android.os.BinderProxy@52b211})/@0xcb5fc70 - animation-leash of token_transform#13053
02-10 01:12:45.562 D/WindowManager( 2640): makeSurface duration=1 leash=Surface(name=Surface(name=WindowToken{5a75977 type=2019 android.os.BinderProxy@52b211})/@0xcb5fc70 - animation-leash of token_transform)/@0xec2b7f6
02-10 01:12:45.562 D/AsyncRotation_WindowManager( 2640): Start fade-out Window{8909249 u0 NavigationBar0}
02-10 01:12:45.563 D/WindowManager( 2640): setFixedRotationLaunchingAppUnchecked, rotation=0, r=ActivityRecord{44606845 u0 org.voxmatrix.app/.MainActivity t146}, caller=com.android.server.wm.DisplayContent.setFixedRotationLaunchingAppUnchecked:131 com.android.server.wm.DisplayContent.setFixedRotationLaunchingApp:50 com.android.server.wm.DisplayContent.handleTopActivityLaunchingInDifferentOrientation:286 com.android.server.wm.DisplayContent.updateOrientation:40 com.android.server.wm.WindowManagerService.addWindowInner:690 
02-10 01:12:45.563 D/InputTransport( 2640): Input channel destroyed: '9a75bd2', fd=1344
02-10 01:12:45.563 D/InputTransport( 3998): Input channel constructed: '9a75bd2', fd=637
02-10 01:12:45.563 I/InsetsController( 3998): onStateChanged: host=Splash Screen org.voxmatrix.app, from=android.view.ViewRootImpl.onInsetsStateChanged:3026, state=InsetsState: {mDisplayFrame=Rect(0, 0 - 1080, 2340), mDisplayCutout=DisplayCutout{insets=Rect(0, 84 - 0, 0) waterfall=Insets{left=0, top=0, right=0, bottom=0} boundingRect={Bounds=[Rect(0, 0 - 0, 0), Rect(515, 0 - 566, 84), Rect(0, 0 - 0, 0), Rect(0, 0 - 0, 0)]} cutoutPathParserInfo={CutoutPathParserInfo{displayWidth=1080 displayHeight=2340 physicalDisplayWidth=1080 physicalDisplayHeight=2340 density={2.8125} cutoutSpec={M 0,0 H -9.066666666666667 V 29.86666666666667 H 9.066666666666667 V 0 H 0 Z @dp} rotation={0} scale={1.0} physicalPixelDisplaySizeRatio={1.0}}} sideOverrides={}}, mRoundedCorners=RoundedCorners{[RoundedCorner{position=TopLeft, radius=6, center=Point(6, 6)}, RoundedCorner{position=TopRight, radius=6, center=Point(1074, 6)}, RoundedCorner{position=BottomRight, radius=6, center=Point(1074, 2334)}, RoundedCorner{position=BottomLeft, radius=6, center=Point(6, 2334)}]}  mRoundedCornerFrame=Rect(0, 0 - 1080, 2340), mPrivacyIndicatorBounds=PrivacyIndicatorBounds {static bounds=Rect(956, 0 - 1080, 84) rotation=0}, mDisplayShape=DisplayShape{ spec=1406003047 displayWidth=1080 displayHeight=2340 physicalPixelDisplaySizeRatio=0.75 rotation=0 offsetX=0 offsetY=0 scale=1.0}, mSources= { InsetsSource: {b78c0001 mType=navigationBars mFrame=[0,2298][1080,2340] mVisible=false mFlags=SUPPRESS_SCRIM mSideHint=BOTTOM mBoundingRects=null}, InsetsSource: {b78c0004 mType=systemGestures mFrame=[0,0][84,2340] mVisible=true mFlags= mSideHint=LEFT mBoundingRects=null}, InsetsSource: {b78c0005 mType=mandatorySystemGestures mFrame=[0,2250][1080,2340] mVisible=true mFlags= mSideHint=BOTTOM mBoundingRects=null}, InsetsSource: {b78c0006 mType=tappableElement mFrame=[0,0][0,0] mVisible=true mFlags= mSideHint=NONE mBoundingRects=null}, InsetsSource: {b78c0024 mType=systemGestures mFrame=[996,0][1080,2340] mVisible=true mFlags= mSideHint=RIGHT mBoundingRects=null}, InsetsSource: {f3f10000 mType=statusBars mFrame=[0,0][1080,84] mVisible=false mFlags= mSideHint=TOP mBoundingRects=null}, InsetsSource: {f3f10005 mType=mandatorySystemGestures mFrame=[0,0][1080,118] mVisible=true mFlags= mSideHint=TOP mBoundingRects=null}, InsetsSource: {f3f10006 mType=tappableElement mFrame=[0,0][1080,84] mVisible=true mFlags= mSideHint=TOP mBoundingRects=null}, InsetsSource: {27 mType=displayCutout mFrame=[0,0][1080,84] mVisible=true mFlags= mSideHint=TOP mBoundingRects=null} }
02-10 01:12:45.563 I/VRI[app]@d50dcc4( 3998): onActiveControlsChanged, removed=false, mAdded=true, caller=android.view.ViewRootImpl.handleInsetsControlChanged:3002 android.view.ViewRootImpl.setView:2014 android.view.WindowManagerGlobal.addView:604 com.android.wm.shell.startingsurface.SplashscreenWindowCreator.addWindow:38 com.android.wm.shell.startingsurface.StartingWindowController$$ExternalSyntheticLambda4.run:1365 
02-10 01:12:45.563 I/VRI[app]@d50dcc4( 3998): synced displayState. AttachInfo displayState=2
02-10 01:12:45.563 I/VRI[app]@d50dcc4( 3998): setView = android.widget.FrameLayout@ee1161d IsHRR=false mFlingFrameRateChange=0 TM=true
02-10 01:12:45.563 D/HWUI    ( 3998): HWUI - treat SMPTE_170M as sRGB
02-10 01:12:45.564 I/HoneySpace.TopTaskSource( 4611): onTaskWindowingModeChanged() called with: taskId = [85]
02-10 01:12:45.564 I/HoneySpace.TaskStackChangeRepositoryImpl( 4611): onActivityPinned : 85
02-10 01:12:45.564 I/HoneySpace.TopTaskSource( 4611): onTaskMovedToFront : taskId = 85, displayId = 0
02-10 01:12:45.564 I/HoneySpace.TopTaskSource( 4611): onActivityPinned: org.jellyfin.mobile, 0, 85, 85
02-10 01:12:45.565 I/HoneySpace.TaskListViewModel[255204251]( 4611): activityPinnedTaskId, 85
02-10 01:12:45.565 I/HoneySpace.TaskListPot[807ce1c]( 4611): activityPinnedTaskId, taskId = 85
02-10 01:12:45.565 I/HoneySpace.RecentAdapter[9959aee]( 4611): removeTask, INVALID_TASK_POSITION 85
02-10 01:12:45.565 D/Zygote  ( 1581): Forked child process 13334
02-10 01:12:45.566 I/SurfaceFlinger( 1804): [Input Consumer pip_input_consumer#13050] attach to parent Root
02-10 01:12:45.566 I/SurfaceFlinger( 1804): [9a75bd2 Splash Screen org.voxmatrix.app#13051] attach to parent LayerHierarchy{RequestedLayerState{ActivityRecord{44606845 u0 org.voxmatrix.app/.MainActivity t146}#13048 parentId=13047} 1 children}
02-10 01:12:45.566 I/SurfaceFlinger( 1804): [Surface(name=WindowToken{c589700 type=2000 android.os.BinderProxy@72c9832})/@0x7d0a404 - animation-leash of token_transform#13052] attach to parent LayerHierarchy{RequestedLayerState{Leaf:15:15#17 parentId=16} 2 children}
02-10 01:12:45.566 I/SurfaceFlinger( 1804): [Surface(name=WindowToken{5a75977 type=2019 android.os.BinderProxy@52b211})/@0xcb5fc70 - animation-leash of token_transform#13053] attach to parent LayerHierarchy{RequestedLayerState{Leaf:24:25#34 parentId=2 z=5} 4 children}
02-10 01:12:45.566 I/WindowManager( 2640): Relayout Window{9a75bd2 u0 Splash Screen org.voxmatrix.app}: viewVisibility=0 req=2340x1080 ty=3 d0
02-10 01:12:45.566 I/SurfaceFlinger( 1804): id=13054 createSurf, flag=44004, Splash Screen org.voxmatrix.app$_3998#13054
02-10 01:12:45.567 D/WindowManager( 2640): makeSurface duration=1 name=Splash Screen org.voxmatrix.app$_3998
02-10 01:12:45.567 D/SurfaceComposerClient( 2640): setCornerRadius ## 9a75bd2 Splash Screen org.voxmatrix.app#13051 cornerRadius=0.000000
02-10 01:12:45.567 D/SurfaceComposerClient( 2640): setCornerRadius ## 98d5d23 org.jellyfin.mobile/org.jellyfin.mobile.MainActivity#7191 cornerRadius=0.000000
02-10 01:12:45.567 I/ActivityManager( 2640): Start proc 13334:org.voxmatrix.app/u0a475 for next-top-activity {org.voxmatrix.app/org.voxmatrix.app.MainActivity}
02-10 01:12:45.567 D/SurfaceComposerClient( 2640): setCornerRadius ## 9a75bd2 Splash Screen org.voxmatrix.app#13051 cornerRadius=0.000000
02-10 01:12:45.567 W/ContextImpl( 6883): Calling a method in the system process without a qualified user: android.app.ContextImpl.startService:2068 android.content.ContextWrapper.startService:872 android.content.ContextWrapper.startService:872 com.sec.android.diagmonagent.sa.receiver.CFLogReceiver.onReceive:56 android.app.ActivityThread.handleReceiver:5663 
02-10 01:12:45.567 D/WindowManager( 2640): Changing focus from Window{98d5d23 u0 org.jellyfin.mobile/org.jellyfin.mobile.MainActivity} to null displayId=0 Callers=com.android.server.wm.WindowManagerService.relayoutWindow:1350 com.android.server.wm.Session.relayout:27 android.view.IWindowSession$Stub.onTransact:829 com.android.server.wm.Session.onTransact:1 
02-10 01:12:45.574 V/SystemKeyManager( 2640): updateFocusedWindow() is called, 
02-10 01:12:45.574 I/SurfaceFlinger( 1804): [Splash Screen org.voxmatrix.app$_3998#13054] attach to parent LayerHierarchy{RequestedLayerState{9a75bd2 Splash Screen org.voxmatrix.app#13051 parentId=13048} 1 children}
02-10 01:12:45.574 I/WindowManager( 2640): Relayout hash=9a75bd2, pid=3998, syncId=-1: mAttrs={(0,0)(fillxfill) sim={adjust=pan} layoutInDisplayCutoutMode=always ty=APPLICATION_STARTING fmt=TRANSLUCENT wanim=0x1030001
02-10 01:12:45.574 I/WindowManager( 2640):   fl=81030118
02-10 01:12:45.574 I/WindowManager( 2640):   pfl=10000810
02-10 01:12:45.574 I/WindowManager( 2640):   bhv=1
02-10 01:12:45.574 I/WindowManager( 2640):   fitSides=0
02-10 01:12:45.574 I/WindowManager( 2640):   frameRateBoostOnTouch=true
02-10 01:12:45.574 I/WindowManager( 2640):   dvrrWindowFrameRateHint=true naviIconColor=0}
02-10 01:12:45.574 I/VRI[app]@d50dcc4( 3998): onActiveControlsChanged, removed=false, mAdded=true, caller=android.view.ViewRootImpl.handleInsetsControlChanged:3002 android.view.ViewRootImpl.relayoutWindow:11629 android.view.ViewRootImpl.performTraversals:4804 android.view.ViewRootImpl.doTraversal:3924 android.view.ViewRootImpl$TraversalRunnable.run:12903 
02-10 01:12:45.575 I/BufferQueueProducer( 3998): [](id:f9e00000339,api:0,p:290444496,c:3998) setDequeueTimeout:2077252342
02-10 01:12:45.575 I/ActivityManager( 2640): ProcessObserver broadcast disabled
02-10 01:12:45.575 I/BLASTBufferQueue_Java( 3998): new BLASTBufferQueue, mName= VRI[app]@d50dcc4 mNativeObject= 0xb4000073c18a94f0 caller= android.view.ViewRootImpl.updateBlastSurfaceIfNeeded:3585 android.view.ViewRootImpl.relayoutWindow:11685 android.view.ViewRootImpl.performTraversals:4804 android.view.ViewRootImpl.doTraversal:3924 android.view.ViewRootImpl$TraversalRunnable.run:12903 android.view.Choreographer$CallbackRecord.run:1901 android.view.Choreographer$CallbackRecord.run:1910 android.view.Choreographer.doCallbacks:1367 android.view.Choreographer.doFrame:1292 android.view.Choreographer$FrameDisplayEventReceiver.run:1870 
02-10 01:12:45.575 I/BLASTBufferQueue_Java( 3998): update, w= 1080 h= 2340 mName = VRI[app]@d50dcc4 mNativeObject= 0xb4000073c18a94f0 sc.mNativeObject= 0xb400007421526050 format= -3 caller= android.view.ViewRootImpl.updateBlastSurfaceIfNeeded:3590 android.view.ViewRootImpl.relayoutWindow:11685 android.view.ViewRootImpl.performTraversals:4804 android.view.ViewRootImpl.doTraversal:3924 android.view.ViewRootImpl$TraversalRunnable.run:12903 android.view.Choreographer$CallbackRecord.run:1901 
02-10 01:12:45.576 I/VRI[app]@d50dcc4( 3998): Relayout returned: old=(0,0,2340,1080) new=(0,0,1080,2340) relayoutAsync=false req=(2340,1080)0 dur=8 res=0x3 s={true 0xb4000072f19fe770} ch=true seqId=0
02-10 01:12:45.576 I/VRI[app]@d50dcc4( 3998): performConfigurationChange setNightDimText nightDimLevel=0
02-10 01:12:45.576 D/VRI[app]@d50dcc4( 3998): mThreadedRenderer.initialize() mSurface={isValid=true 0xb4000072f19fe770} hwInitialized=true
02-10 01:12:45.576 D/VRI[app]@d50dcc4( 3998): reportNextDraw android.view.ViewRootImpl.performTraversals:5443 android.view.ViewRootImpl.doTraversal:3924 android.view.ViewRootImpl$TraversalRunnable.run:12903 android.view.Choreographer$CallbackRecord.run:1901 android.view.Choreographer$CallbackRecord.run:1910 
02-10 01:12:45.576 D/VRI[app]@d50dcc4( 3998): Setup new sync=wmsSync-VRI[app]@d50dcc4#99
02-10 01:12:45.577 I/VRI[app]@d50dcc4( 3998): Creating new active sync group VRI[app]@d50dcc4#0
02-10 01:12:45.577 D/VRI[app]@d50dcc4( 3998): registerCallbacksForSync syncBuffer=false
02-10 01:12:45.578 D/VRI[app]@d50dcc4( 3998): Received frameDrawingCallback syncResult=0 frameNum=1.
02-10 01:12:45.578 I/VRI[app]@d50dcc4( 3998): mWNT: t=0xb4000073015e8050 mBlastBufferQueue=0xb4000073c18a94f0 fn= 1 HdrRenderState mRenderHdrSdrRatio=1.0 caller= android.view.ViewRootImpl$12.onFrameDraw:15441 android.view.ThreadedRenderer$1.onFrameDraw:718 <bottom of call stack> 
02-10 01:12:45.578 I/VRI[app]@d50dcc4( 3998): Setting up sync and frameCommitCallback
02-10 01:12:45.578 W/qdgralloc( 3998): getInterlacedFlag: getMetaData returned 3, defaulting to interlaced_flag = 0
02-10 01:12:45.578 I/BLASTBufferQueue( 3998): [VRI[app]@d50dcc4#825](f:0,a:0,s:0) onFrameAvailable the first frame is available
02-10 01:12:45.578 I/SurfaceComposerClient( 3998): apply transaction with the first frame. layerId: 13054, bufferData(ID: 17171279261841, frameNumber: 1)
