02-10 01:12:46.249 D/SecPlayerViewHolder( 3998): ColorUpdate progressBarPrimaryColor changed from 0xFFFAFAFF to 0xFFF9F9FF
02-10 01:12:46.249 D/SecPlayerViewHolder( 3998): ColorUpdate progressBarSecondaryColor changed from 0xFFF9F9FF to 0xFFF9F9FF
02-10 01:12:46.249 D/SecColorSchemeTransition( 3998): ColorUpdate updateAlbumGradient bgColor 0xFF2F3036 bgGradientStart 0xFC2F3036 bgGradientEnd 0xFF2F3036
02-10 01:12:46.249 D/SecColorSchemeTransition( 3998): ColorUpdate updateAlbumGradient bgColor 0xFF2F3036 bgGradientStart 0xFC2F3036 bgGradientEnd 0xFF2F3036
02-10 01:12:46.249 D/SecPlayerViewHolder( 3998): ColorUpdate progressBarPrimaryColor changed from 0xFFFAFAFF to 0xFFFAFAFF
02-10 01:12:46.249 D/SecPlayerViewHolder( 3998): ColorUpdate progressBarSecondaryColor changed from 0xFFFAFAFF to 0xFFFAFAFF
02-10 01:12:46.249 D/SecColorSchemeTransition( 3998): ColorUpdate updateAlbumGradient bgColor 0xFF2F3036 bgGradientStart 0xFF2F3036 bgGradientEnd 0xFF2F3036
02-10 01:12:46.249 D/SecColorSchemeTransition( 3998): ColorUpdate updateAlbumGradient bgColor 0xFF2F3036 bgGradientStart 0xFF2F3036 bgGradientEnd 0xFF2F3036
02-10 01:12:46.249 D/PluginAODManager( 3998): requestVisibleNotifications()
02-10 01:12:46.249 I/AODNotificationManager( 3998): setTagId() 2131365301
02-10 01:12:46.249 I/LockscreenNotificationManager( 3998): refreshLockScreenNotifications: AOD_REQUEST_NOTIFICATIONS
02-10 01:12:46.252 D/EventLogger( 5965): loading [eventTime=10166.23, mediaPos=203.13, window=0, period=0, false]
02-10 01:12:46.257 D/SecPlayerViewHolder( 3998): ColorUpdate progressBarPrimaryColor changed from 0xFFF9F9FF to 0xFFF8F9FF
02-10 01:12:46.257 D/SecPlayerViewHolder( 3998): ColorUpdate progressBarSecondaryColor changed from 0xFFF8F8FF to 0xFFF7F8FF
02-10 01:12:46.257 D/SecColorSchemeTransition( 3998): ColorUpdate updateAlbumGradient bgColor 0xFF2F3036 bgGradientStart 0xF82E3036 bgGradientEnd 0xFF2E2F36
02-10 01:12:46.257 D/SecColorSchemeTransition( 3998): ColorUpdate updateAlbumGradient bgColor 0xFF2F3036 bgGradientStart 0xF82E3036 bgGradientEnd 0xFF2E2F36
02-10 01:12:46.257 D/SecPlayerViewHolder( 3998): ColorUpdate progressBarPrimaryColor changed from 0xFFF9F9FF to 0xFFF9F9FF
02-10 01:12:46.257 D/SecPlayerViewHolder( 3998): ColorUpdate progressBarSecondaryColor changed from 0xFFF9F9FF to 0xFFF8F8FF
02-10 01:12:46.257 D/SecColorSchemeTransition( 3998): ColorUpdate updateAlbumGradient bgColor 0xFF2F3036 bgGradientStart 0xFA2F3036 bgGradientEnd 0xFF2F3036
02-10 01:12:46.257 D/SecColorSchemeTransition( 3998): ColorUpdate updateAlbumGradient bgColor 0xFF2F3036 bgGradientStart 0xFA2F3036 bgGradientEnd 0xFF2E2F36
02-10 01:12:46.257 D/SecPlayerViewHolder( 3998): ColorUpdate progressBarPrimaryColor changed from 0xFFFAFAFF to 0xFFFAFAFF
02-10 01:12:46.257 D/SecPlayerViewHolder( 3998): ColorUpdate progressBarSecondaryColor changed from 0xFFFAFAFF to 0xFFFAFAFF
02-10 01:12:46.257 D/SecColorSchemeTransition( 3998): ColorUpdate updateAlbumGradient bgColor 0xFF2F3036 bgGradientStart 0xFF2F3036 bgGradientEnd 0xFF2F3036
02-10 01:12:46.257 D/SecColorSchemeTransition( 3998): ColorUpdate updateAlbumGradient bgColor 0xFF2F3036 bgGradientStart 0xFF2F3036 bgGradientEnd 0xFF2F3036
02-10 01:12:46.257 D/SubscreenNotificationListCoordinator( 3998): onAfterRenderList() isSubScreen = false, pluginLockMode = 0, doNotShowOnCover = false
02-10 01:12:46.258 I/LockscreenNotificationIconsOnlyController( 3998): onNotificationInfoUpdated 0
02-10 01:12:46.258 I/AODNotificationManager( 3998): updateNotification() 
02-10 01:12:46.258 I/VRI[PipMenuView]@63ae1b7( 3998): Relayout returned: old=(0,0,799,450) new=(0,0,799,450) relayoutAsync=false req=(799,450)8 dur=0 res=0x0 s={false 0x0} ch=false seqId=0
02-10 01:12:46.265 D/SecPlayerViewHolder( 3998): ColorUpdate progressBarPrimaryColor changed from 0xFFF8F9FF to 0xFFF8F8FF
02-10 01:12:46.265 D/SecPlayerViewHolder( 3998): ColorUpdate progressBarSecondaryColor changed from 0xFFF7F8FF to 0xFFF6F7FF
02-10 01:12:46.265 D/SecColorSchemeTransition( 3998): ColorUpdate updateAlbumGradient bgColor 0xFF2F3036 bgGradientStart 0xF52E2F36 bgGradientEnd 0xFF2E2F36
02-10 01:12:46.265 W/qdgralloc( 1804): getInterlacedFlag: getMetaData returned 3, defaulting to interlaced_flag = 0
02-10 01:12:46.265 D/SecColorSchemeTransition( 3998): ColorUpdate updateAlbumGradient bgColor 0xFF2F3036 bgGradientStart 0xF52E2F36 bgGradientEnd 0xFF2E2F36
02-10 01:12:46.265 D/SecPlayerViewHolder( 3998): ColorUpdate progressBarPrimaryColor changed from 0xFFF9F9FF to 0xFFF8F9FF
02-10 01:12:46.265 D/SecPlayerViewHolder( 3998): ColorUpdate progressBarSecondaryColor changed from 0xFFF8F8FF to 0xFFF7F7FF
02-10 01:12:46.265 D/SecColorSchemeTransition( 3998): ColorUpdate updateAlbumGradient bgColor 0xFF2F3036 bgGradientStart 0xF72E3036 bgGradientEnd 0xFF2E2F36
02-10 01:12:46.265 D/SecColorSchemeTransition( 3998): ColorUpdate updateAlbumGradient bgColor 0xFF2F3036 bgGradientStart 0xF72E3036 bgGradientEnd 0xFF2E2F36
02-10 01:12:46.265 D/SecPlayerViewHolder( 3998): ColorUpdate progressBarPrimaryColor changed from 0xFFFAFAFF to 0xFFFAFAFF
02-10 01:12:46.265 D/SecPlayerViewHolder( 3998): ColorUpdate progressBarSecondaryColor changed from 0xFFFAFAFF to 0xFFFAFAFF
02-10 01:12:46.265 D/SecColorSchemeTransition( 3998): ColorUpdate updateAlbumGradient bgColor 0xFF2F3036 bgGradientStart 0xFE2F3036 bgGradientEnd 0xFF2F3036
02-10 01:12:46.265 D/SecColorSchemeTransition( 3998): ColorUpdate updateAlbumGradient bgColor 0xFF2F3036 bgGradientStart 0xFE2F3036 bgGradientEnd 0xFF2F3036
02-10 01:12:46.265 I/VRI[PipMenuView]@63ae1b7( 3998): Relayout returned: old=(0,0,799,450) new=(0,0,799,450) relayoutAsync=false req=(799,450)8 dur=0 res=0x0 s={false 0x0} ch=false seqId=0
02-10 01:12:46.269 D/MediaControlPanel( 3998): ColorUpdate bindArtworkAndColors update artwork key 0|org.jellyfin.mobile|99|null|10442
02-10 01:12:46.269 D/StackScroller( 3998): onDisplayChanged for predraw skip to 2
02-10 01:12:46.269 D/WifiDisplayAdapter( 2640): isFitToActiveDisplayLocked : false
02-10 01:12:46.269 D/OAMusicChipController( 3998): updateChip Called, isPlayerOAPlayed : true
02-10 01:12:46.270 I/BpBinder( 1804): onLastStrongRef automatically unlinking death recipients: 
02-10 01:12:46.270 D/MediaOngoingActivity( 3998):  U.M.C.D. - Young People Have Phlegm Too ff2e457a true
02-10 01:12:46.270 D/MediaOngoingActivity( 3998): mediadata for chip view is not updated. mNeedMarquee:(prev)false
02-10 01:12:46.270 D/SecColorSchemeTransition( 3998): ColorUpdate updateColorScheme enableGradient true
02-10 01:12:46.270 D/SecPlayerViewHolder( 3998): ColorUpdate progressBarPrimaryColor changed from 0xFFFAFAFF to 0xFFFAFAFF
02-10 01:12:46.270 D/SecPlayerViewHolder( 3998): ColorUpdate progressBarSecondaryColor changed from 0xFFFAFAFF to 0xFFFAFAFF
02-10 01:12:46.270 D/SecColorSchemeTransition( 3998): ColorUpdate updateAlbumGradient bgColor 0xFF2F3036 bgGradientStart 0xFF2F3036 bgGradientEnd 0xFF2F3036
02-10 01:12:46.270 D/SecColorSchemeTransition( 3998): ColorUpdate updateAlbumGradient bgColor 0xFF2F3036 bgGradientStart 0xFF2F3036 bgGradientEnd 0xFF2F3036
02-10 01:12:46.270 D/MediaControlPanel( 3998): ColorUpdate bindArtworkAndColors update artwork end key 0|org.jellyfin.mobile|99|null|10442
02-10 01:12:46.273 D/SecPlayerViewHolder( 3998): ColorUpdate progressBarPrimaryColor changed from 0xFFF8F8FF to 0xFFF7F8FF
02-10 01:12:46.273 D/SecPlayerViewHolder( 3998): ColorUpdate progressBarSecondaryColor changed from 0xFFF6F7FF to 0xFFF4F6FF
02-10 01:12:46.273 D/SecColorSchemeTransition( 3998): ColorUpdate updateAlbumGradient bgColor 0xFF2F3036 bgGradientStart 0xF22E2F36 bgGradientEnd 0xFF2E2F36
02-10 01:12:46.273 D/SecColorSchemeTransition( 3998): ColorUpdate updateAlbumGradient bgColor 0xFF2F3036 bgGradientStart 0xF22E2F36 bgGradientEnd 0xFF2D2F36
02-10 01:12:46.273 D/SecPlayerViewHolder( 3998): ColorUpdate progressBarPrimaryColor changed from 0xFFF8F9FF to 0xFFF8F8FF
02-10 01:12:46.273 D/SecPlayerViewHolder( 3998): ColorUpdate progressBarSecondaryColor changed from 0xFFF7F7FF to 0xFFF6F7FF
02-10 01:12:46.273 D/SecColorSchemeTransition( 3998): ColorUpdate updateAlbumGradient bgColor 0xFF2F3036 bgGradientStart 0xF52E2F36 bgGradientEnd 0xFF2E2F36
02-10 01:12:46.273 D/SecColorSchemeTransition( 3998): ColorUpdate updateAlbumGradient bgColor 0xFF2F3036 bgGradientStart 0xF52E2F36 bgGradientEnd 0xFF2E2F36
02-10 01:12:46.274 D/SecPlayerViewHolder( 3998): ColorUpdate progressBarPrimaryColor changed from 0xFFFAFAFF to 0xFFFAFAFF
02-10 01:12:46.274 D/SecPlayerViewHolder( 3998): ColorUpdate progressBarSecondaryColor changed from 0xFFFAFAFF to 0xFFF9F9FF
02-10 01:12:46.274 D/SecColorSchemeTransition( 3998): ColorUpdate updateAlbumGradient bgColor 0xFF2F3036 bgGradientStart 0xFD2F3036 bgGradientEnd 0xFF2F3036
02-10 01:12:46.274 D/SecColorSchemeTransition( 3998): ColorUpdate updateAlbumGradient bgColor 0xFF2F3036 bgGradientStart 0xFD2F3036 bgGradientEnd 0xFF2F3036
02-10 01:12:46.274 D/SecPlayerViewHolder( 3998): ColorUpdate progressBarPrimaryColor changed from 0xFFFAFAFF to 0xFFFAFAFF
02-10 01:12:46.274 D/SecPlayerViewHolder( 3998): ColorUpdate progressBarSecondaryColor changed from 0xFFFAFAFF to 0xFFFAFAFF
02-10 01:12:46.274 D/SecColorSchemeTransition( 3998): ColorUpdate updateAlbumGradient bgColor 0xFF2F3036 bgGradientStart 0xFF2F3036 bgGradientEnd 0xFF2F3036
02-10 01:12:46.274 D/SecColorSchemeTransition( 3998): ColorUpdate updateAlbumGradient bgColor 0xFF2F3036 bgGradientStart 0xFF2F3036 bgGradientEnd 0xFF2F3036
02-10 01:12:46.275 I/AsyncCachedReader(13064): Ph_[increasing RB:, e2.c[pos=14600320 lim=15560320 cap=960000] inner::java.nio.HeapByteBuffer[pos=200320 lim=960000 cap=960000]] [VF-ATP-4] 
02-10 01:12:46.282 D/SecPlayerViewHolder( 3998): ColorUpdate progressBarPrimaryColor changed from 0xFFF7F8FF to 0xFFF7F7FF
02-10 01:12:46.282 D/SecPlayerViewHolder( 3998): ColorUpdate progressBarSecondaryColor changed from 0xFFF4F6FF to 0xFFF3F5FF
02-10 01:12:46.282 D/SecColorSchemeTransition( 3998): ColorUpdate updateAlbumGradient bgColor 0xFF2F3036 bgGradientStart 0xEF2E2F36 bgGradientEnd 0xFF2D2F36
02-10 01:12:46.282 D/SecColorSchemeTransition( 3998): ColorUpdate updateAlbumGradient bgColor 0xFF2F3036 bgGradientStart 0xEF2E2F36 bgGradientEnd 0xFF2D2E36
02-10 01:12:46.282 D/SecPlayerViewHolder( 3998): ColorUpdate progressBarPrimaryColor changed from 0xFFF8F8FF to 0xFFF7F8FF
02-10 01:12:46.282 D/SecPlayerViewHolder( 3998): ColorUpdate progressBarSecondaryColor changed from 0xFFF6F7FF to 0xFFF4F6FF
02-10 01:12:46.282 D/SecColorSchemeTransition( 3998): ColorUpdate updateAlbumGradient bgColor 0xFF2F3036 bgGradientStart 0xF22E2F36 bgGradientEnd 0xFF2E2F36
02-10 01:12:46.282 D/SecColorSchemeTransition( 3998): ColorUpdate updateAlbumGradient bgColor 0xFF2F3036 bgGradientStart 0xF22E2F36 bgGradientEnd 0xFF2D2F36
02-10 01:12:46.282 D/SecPlayerViewHolder( 3998): ColorUpdate progressBarPrimaryColor changed from 0xFFFAFAFF to 0xFFF9F9FF
02-10 01:12:46.282 D/SecPlayerViewHolder( 3998): ColorUpdate progressBarSecondaryColor changed from 0xFFF9F9FF to 0xFFF9F9FF
02-10 01:12:46.282 D/SecColorSchemeTransition( 3998): ColorUpdate updateAlbumGradient bgColor 0xFF2F3036 bgGradientStart 0xFC2F3036 bgGradientEnd 0xFF2F3036
02-10 01:12:46.282 D/SecColorSchemeTransition( 3998): ColorUpdate updateAlbumGradient bgColor 0xFF2F3036 bgGradientStart 0xFC2F3036 bgGradientEnd 0xFF2F3036
02-10 01:12:46.282 D/SecPlayerViewHolder( 3998): ColorUpdate progressBarPrimaryColor changed from 0xFFFAFAFF to 0xFFFAFAFF
02-10 01:12:46.282 D/SecPlayerViewHolder( 3998): ColorUpdate progressBarSecondaryColor changed from 0xFFFAFAFF to 0xFFFAFAFF
02-10 01:12:46.282 D/SecColorSchemeTransition( 3998): ColorUpdate updateAlbumGradient bgColor 0xFF2F3036 bgGradientStart 0xFF2F3036 bgGradientEnd 0xFF2F3036
02-10 01:12:46.282 D/SecColorSchemeTransition( 3998): ColorUpdate updateAlbumGradient bgColor 0xFF2F3036 bgGradientStart 0xFF2F3036 bgGradientEnd 0xFF2F3036
02-10 01:12:46.282 I/View    ( 5965): setRequestedFrameRate frameRate=-4.0, this=android.webkit.WebView{bd34107 VFEDHVC.. .F...... 0,0-799,450 #7f0a0298 app:id/web_view aid=1073741824}, caller=android.view.ViewGroup.setRequestedFrameRate:9952 WV.rf.o:1 WV.rg.h:118 WV.rg.onDraw:7 com.android.webview.chromium.WebViewChromium.onDraw:19 
02-10 01:12:46.290 D/SecPlayerViewHolder( 3998): ColorUpdate progressBarPrimaryColor changed from 0xFFF7F7FF to 0xFFF6F7FF
02-10 01:12:46.290 D/SecPlayerViewHolder( 3998): ColorUpdate progressBarSecondaryColor changed from 0xFFF3F5FF to 0xFFF1F3FF
02-10 01:12:46.290 D/SecColorSchemeTransition( 3998): ColorUpdate updateAlbumGradient bgColor 0xFF2F3036 bgGradientStart 0xEA2D2F36 bgGradientEnd 0xFF2D2E36
02-10 01:12:46.290 D/SecColorSchemeTransition( 3998): ColorUpdate updateAlbumGradient bgColor 0xFF2F3036 bgGradientStart 0xEA2D2F36 bgGradientEnd 0xFF2C2E36
02-10 01:12:46.290 D/SecPlayerViewHolder( 3998): ColorUpdate progressBarPrimaryColor changed from 0xFFF7F8FF to 0xFFF6F7FF
02-10 01:12:46.290 D/SecPlayerViewHolder( 3998): ColorUpdate progressBarSecondaryColor changed from 0xFFF4F6FF to 0xFFF3F4FF
02-10 01:12:46.290 D/SecColorSchemeTransition( 3998): ColorUpdate updateAlbumGradient bgColor 0xFF2F3036 bgGradientStart 0xEE2E2F36 bgGradientEnd 0xFF2D2F36
02-10 01:12:46.290 D/SecColorSchemeTransition( 3998): ColorUpdate updateAlbumGradient bgColor 0xFF2F3036 bgGradientStart 0xEE2E2F36 bgGradientEnd 0xFF2D2E36
02-10 01:12:46.290 D/SecPlayerViewHolder( 3998): ColorUpdate progressBarPrimaryColor changed from 0xFFF9F9FF to 0xFFF9F9FF
02-10 01:12:46.290 D/SecPlayerViewHolder( 3998): ColorUpdate progressBarSecondaryColor changed from 0xFFF9F9FF to 0xFFF8F8FF
02-10 01:12:46.290 D/SecColorSchemeTransition( 3998): ColorUpdate updateAlbumGradient bgColor 0xFF2F3036 bgGradientStart 0xFA2F3036 bgGradientEnd 0xFF2F3036
02-10 01:12:46.290 D/SecColorSchemeTransition( 3998): ColorUpdate updateAlbumGradient bgColor 0xFF2F3036 bgGradientStart 0xFA2F3036 bgGradientEnd 0xFF2E2F36
02-10 01:12:46.290 D/SecPlayerViewHolder( 3998): ColorUpdate progressBarPrimaryColor changed from 0xFFFAFAFF to 0xFFFAFAFF
02-10 01:12:46.290 D/SecPlayerViewHolder( 3998): ColorUpdate progressBarSecondaryColor changed from 0xFFFAFAFF to 0xFFFAFAFF
02-10 01:12:46.290 D/SecColorSchemeTransition( 3998): ColorUpdate updateAlbumGradient bgColor 0xFF2F3036 bgGradientStart 0xFE2F3036 bgGradientEnd 0xFF2F3036
02-10 01:12:46.290 D/SecColorSchemeTransition( 3998): ColorUpdate updateAlbumGradient bgColor 0xFF2F3036 bgGradientStart 0xFE2F3036 bgGradientEnd 0xFF2F3036
02-10 01:12:46.294 I/CompositionEngine( 1804): [setDisplaySize] size=(434, 42)
02-10 01:12:46.299 D/SecPlayerViewHolder( 3998): ColorUpdate progressBarPrimaryColor changed from 0xFFF6F7FF to 0xFFF5F6FF
02-10 01:12:46.299 D/SecPlayerViewHolder( 3998): ColorUpdate progressBarSecondaryColor changed from 0xFFF1F3FF to 0xFFEFF2FF
02-10 01:12:46.299 D/SecColorSchemeTransition( 3998): ColorUpdate updateAlbumGradient bgColor 0xFF2F3036 bgGradientStart 0xE72D2E35 bgGradientEnd 0xFF2C2E36
02-10 01:12:46.299 D/SecColorSchemeTransition( 3998): ColorUpdate updateAlbumGradient bgColor 0xFF2F3036 bgGradientStart 0xE72D2E35 bgGradientEnd 0xFF2C2D35
02-10 01:12:46.299 D/SecPlayerViewHolder( 3998): ColorUpdate progressBarPrimaryColor changed from 0xFFF6F7FF to 0xFFF6F7FF
02-10 01:12:46.299 D/SecPlayerViewHolder( 3998): ColorUpdate progressBarSecondaryColor changed from 0xFFF3F4FF to 0xFFF1F3FF
02-10 01:12:46.299 D/SecColorSchemeTransition( 3998): ColorUpdate updateAlbumGradient bgColor 0xFF2F3036 bgGradientStart 0xEA2D2F36 bgGradientEnd 0xFF2D2E36
02-10 01:12:46.299 D/SecColorSchemeTransition( 3998): ColorUpdate updateAlbumGradient bgColor 0xFF2F3036 bgGradientStart 0xEA2D2F36 bgGradientEnd 0xFF2C2E36
02-10 01:12:46.299 D/SecPlayerViewHolder( 3998): ColorUpdate progressBarPrimaryColor changed from 0xFFF9F9FF to 0xFFF8F9FF
02-10 01:12:46.299 D/SecPlayerViewHolder( 3998): ColorUpdate progressBarSecondaryColor changed from 0xFFF8F8FF to 0xFFF7F7FF
02-10 01:12:46.299 D/SecColorSchemeTransition( 3998): ColorUpdate updateAlbumGradient bgColor 0xFF2F3036 bgGradientStart 0xF72E3036 bgGradientEnd 0xFF2E2F36
02-10 01:12:46.299 D/SecColorSchemeTransition( 3998): ColorUpdate updateAlbumGradient bgColor 0xFF2F3036 bgGradientStart 0xF72E3036 bgGradientEnd 0xFF2E2F36
02-10 01:12:46.299 D/SecPlayerViewHolder( 3998): ColorUpdate progressBarPrimaryColor changed from 0xFFFAFAFF to 0xFFFAFAFF
02-10 01:12:46.299 D/SecPlayerViewHolder( 3998): ColorUpdate progressBarSecondaryColor changed from 0xFFFAFAFF to 0xFFF9F9FF
02-10 01:12:46.299 D/SecColorSchemeTransition( 3998): ColorUpdate updateAlbumGradient bgColor 0xFF2F3036 bgGradientStart 0xFD2F3036 bgGradientEnd 0xFF2F3036
02-10 01:12:46.299 D/SecColorSchemeTransition( 3998): ColorUpdate updateAlbumGradient bgColor 0xFF2F3036 bgGradientStart 0xFD2F3036 bgGradientEnd 0xFF2F3036
02-10 01:12:46.301 D/SatelliteController( 3961): isInCarrierRoamingNbIotNtn: satellite is disabled
02-10 01:12:46.307 D/SecPlayerViewHolder( 3998): ColorUpdate progressBarPrimaryColor changed from 0xFFF5F6FF to 0xFFF4F5FF
02-10 01:12:46.307 D/SecPlayerViewHolder( 3998): ColorUpdate progressBarSecondaryColor changed from 0xFFEFF2FF to 0xFFEDF0FF
02-10 01:12:46.307 D/SecColorSchemeTransition( 3998): ColorUpdate updateAlbumGradient bgColor 0xFF2F3036 bgGradientStart 0xE22D2E35 bgGradientEnd 0xFF2C2D35
02-10 01:12:46.307 D/SecColorSchemeTransition( 3998): ColorUpdate updateAlbumGradient bgColor 0xFF2F3036 bgGradientStart 0xE22D2E35 bgGradientEnd 0xFF2B2D35
02-10 01:12:46.307 D/SecPlayerViewHolder( 3998): ColorUpdate progressBarPrimaryColor changed from 0xFFF6F7FF to 0xFFF5F6FF
02-10 01:12:46.307 D/SecPlayerViewHolder( 3998): ColorUpdate progressBarSecondaryColor changed from 0xFFF1F3FF to 0xFFEFF2FF
02-10 01:12:46.307 D/SecColorSchemeTransition( 3998): ColorUpdate updateAlbumGradient bgColor 0xFF2F3036 bgGradientStart 0xE72D2E35 bgGradientEnd 0xFF2C2E36
02-10 01:12:46.307 D/SecColorSchemeTransition( 3998): ColorUpdate updateAlbumGradient bgColor 0xFF2F3036 bgGradientStart 0xE72D2E35 bgGradientEnd 0xFF2C2D35
02-10 01:12:46.307 D/SecPlayerViewHolder( 3998): ColorUpdate progressBarPrimaryColor changed from 0xFFF8F9FF to 0xFFF8F8FF
02-10 01:12:46.307 D/SecPlayerViewHolder( 3998): ColorUpdate progressBarSecondaryColor changed from 0xFFF7F7FF to 0xFFF6F7FF
02-10 01:12:46.307 D/SecColorSchemeTransition( 3998): ColorUpdate updateAlbumGradient bgColor 0xFF2F3036 bgGradientStart 0xF52E2F36 bgGradientEnd 0xFF2E2F36
02-10 01:12:46.307 D/SecColorSchemeTransition( 3998): ColorUpdate updateAlbumGradient bgColor 0xFF2F3036 bgGradientStart 0xF52E2F36 bgGradientEnd 0xFF2E2F36
02-10 01:12:46.307 D/SecPlayerViewHolder( 3998): ColorUpdate progressBarPrimaryColor changed from 0xFFFAFAFF to 0xFFF9F9FF
02-10 01:12:46.307 D/SecPlayerViewHolder( 3998): ColorUpdate progressBarSecondaryColor changed from 0xFFF9F9FF to 0xFFF9F9FF
02-10 01:12:46.307 D/SecColorSchemeTransition( 3998): ColorUpdate updateAlbumGradient bgColor 0xFF2F3036 bgGradientStart 0xFC2F3036 bgGradientEnd 0xFF2F3036
02-10 01:12:46.307 D/SecColorSchemeTransition( 3998): ColorUpdate updateAlbumGradient bgColor 0xFF2F3036 bgGradientStart 0xFC2F3036 bgGradientEnd 0xFF2F3036
02-10 01:12:46.307 W/qdgralloc( 1804): getInterlacedFlag: getMetaData returned 3, defaulting to interlaced_flag = 0
02-10 01:12:46.315 D/SecPlayerViewHolder( 3998): ColorUpdate progressBarPrimaryColor changed from 0xFFF4F5FF to 0xFFF3F5FF
02-10 01:12:46.315 D/SecPlayerViewHolder( 3998): ColorUpdate progressBarSecondaryColor changed from 0xFFEDF0FF to 0xFFEBEFFF
02-10 01:12:46.315 D/SecColorSchemeTransition( 3998): ColorUpdate updateAlbumGradient bgColor 0xFF2F3036 bgGradientStart 0xDD2C2E35 bgGradientEnd 0xFF2B2D35
02-10 01:12:46.315 D/SecColorSchemeTransition( 3998): ColorUpdate updateAlbumGradient bgColor 0xFF2F3036 bgGradientStart 0xDD2C2E35 bgGradientEnd 0xFF2A2C35
02-10 01:12:46.315 D/SecPlayerViewHolder( 3998): ColorUpdate progressBarPrimaryColor changed from 0xFFF5F6FF to 0xFFF4F5FF
02-10 01:12:46.315 D/SecPlayerViewHolder( 3998): ColorUpdate progressBarSecondaryColor changed from 0xFFEFF2FF to 0xFFEDF0FF
02-10 01:12:46.315 D/SecColorSchemeTransition( 3998): ColorUpdate updateAlbumGradient bgColor 0xFF2F3036 bgGradientStart 0xE22D2E35 bgGradientEnd 0xFF2C2D35
02-10 01:12:46.315 D/SecColorSchemeTransition( 3998): ColorUpdate updateAlbumGradient bgColor 0xFF2F3036 bgGradientStart 0xE22D2E35 bgGradientEnd 0xFF2B2D35
02-10 01:12:46.315 D/SecPlayerViewHolder( 3998): ColorUpdate progressBarPrimaryColor changed from 0xFFF8F8FF to 0xFFF7F8FF
02-10 01:12:46.315 D/SecPlayerViewHolder( 3998): ColorUpdate progressBarSecondaryColor changed from 0xFFF6F7FF to 0xFFF4F5FF
02-10 01:12:46.315 D/SecColorSchemeTransition( 3998): ColorUpdate updateAlbumGradient bgColor 0xFF2F3036 bgGradientStart 0xF12E2F36 bgGradientEnd 0xFF2E2F36
02-10 01:12:46.315 D/SecColorSchemeTransition( 3998): ColorUpdate updateAlbumGradient bgColor 0xFF2F3036 bgGradientStart 0xF12E2F36 bgGradientEnd 0xFF2D2F36
02-10 01:12:46.315 D/SecPlayerViewHolder( 3998): ColorUpdate progressBarPrimaryColor changed from 0xFFF9F9FF to 0xFFF9F9FF
02-10 01:12:46.315 D/SecPlayerViewHolder( 3998): ColorUpdate progressBarSecondaryColor changed from 0xFFF9F9FF to 0xFFF8F8FF
02-10 01:12:46.315 D/SecColorSchemeTransition( 3998): ColorUpdate updateAlbumGradient bgColor 0xFF2F3036 bgGradientStart 0xFA2F3036 bgGradientEnd 0xFF2F3036
02-10 01:12:46.315 D/SecColorSchemeTransition( 3998): ColorUpdate updateAlbumGradient bgColor 0xFF2F3036 bgGradientStart 0xFA2F3036 bgGradientEnd 0xFF2E2F36
02-10 01:12:46.324 D/SecPlayerViewHolder( 3998): ColorUpdate progressBarPrimaryColor changed from 0xFFF3F5FF to 0xFFF2F4FF
02-10 01:12:46.324 D/SecPlayerViewHolder( 3998): ColorUpdate progressBarSecondaryColor changed from 0xFFEBEFFF to 0xFFE9EDFF
02-10 01:12:46.324 D/SecColorSchemeTransition( 3998): ColorUpdate updateAlbumGradient bgColor 0xFF2F3036 bgGradientStart 0xD92C2E35 bgGradientEnd 0xFF2A2C35
02-10 01:12:46.324 D/SecColorSchemeTransition( 3998): ColorUpdate updateAlbumGradient bgColor 0xFF2F3036 bgGradientStart 0xD92C2E35 bgGradientEnd 0xFF2A2C35
02-10 01:12:46.324 D/SecPlayerViewHolder( 3998): ColorUpdate progressBarPrimaryColor changed from 0xFFF4F5FF to 0xFFF3F5FF
02-10 01:12:46.324 D/SecPlayerViewHolder( 3998): ColorUpdate progressBarSecondaryColor changed from 0xFFEDF0FF to 0xFFEBEFFF
02-10 01:12:46.324 D/SecColorSchemeTransition( 3998): ColorUpdate updateAlbumGradient bgColor 0xFF2F3036 bgGradientStart 0xDD2C2E35 bgGradientEnd 0xFF2B2D35
02-10 01:12:46.324 D/SecColorSchemeTransition( 3998): ColorUpdate updateAlbumGradient bgColor 0xFF2F3036 bgGradientStart 0xDD2C2E35 bgGradientEnd 0xFF2A2C35
02-10 01:12:46.324 D/SecPlayerViewHolder( 3998): ColorUpdate progressBarPrimaryColor changed from 0xFFF7F8FF to 0xFFF6F7FF
02-10 01:12:46.324 D/SecPlayerViewHolder( 3998): ColorUpdate progressBarSecondaryColor changed from 0xFFF4F5FF to 0xFFF3F4FF
02-10 01:12:46.324 D/SecColorSchemeTransition( 3998): ColorUpdate updateAlbumGradient bgColor 0xFF2F3036 bgGradientStart 0xEE2E2F36 bgGradientEnd 0xFF2D2F36
02-10 01:12:46.324 D/SecColorSchemeTransition( 3998): ColorUpdate updateAlbumGradient bgColor 0xFF2F3036 bgGradientStart 0xEE2E2F36 bgGradientEnd 0xFF2D2E36
02-10 01:12:46.324 D/SecPlayerViewHolder( 3998): ColorUpdate progressBarPrimaryColor changed from 0xFFF9F9FF to 0xFFF8F9FF
02-10 01:12:46.324 D/SecPlayerViewHolder( 3998): ColorUpdate progressBarSecondaryColor changed from 0xFFF8F8FF to 0xFFF7F7FF
02-10 01:12:46.324 D/SecColorSchemeTransition( 3998): ColorUpdate updateAlbumGradient bgColor 0xFF2F3036 bgGradientStart 0xF72E3036 bgGradientEnd 0xFF2E2F36
02-10 01:12:46.324 D/SecColorSchemeTransition( 3998): ColorUpdate updateAlbumGradient bgColor 0xFF2F3036 bgGradientStart 0xF72E3036 bgGradientEnd 0xFF2E2F36
02-10 01:12:46.332 D/SecPlayerViewHolder( 3998): ColorUpdate progressBarPrimaryColor changed from 0xFFF2F4FF to 0xFFF1F3FF
02-10 01:12:46.332 D/SecPlayerViewHolder( 3998): ColorUpdate progressBarSecondaryColor changed from 0xFFE9EDFF to 0xFFE7EBFF
02-10 01:12:46.332 D/SecColorSchemeTransition( 3998): ColorUpdate updateAlbumGradient bgColor 0xFF2F3036 bgGradientStart 0xD42C2D35 bgGradientEnd 0xFF2A2C35
02-10 01:12:46.332 D/SecColorSchemeTransition( 3998): ColorUpdate updateAlbumGradient bgColor 0xFF2F3036 bgGradientStart 0xD42C2D35 bgGradientEnd 0xFF292B35
02-10 01:12:46.332 D/SecPlayerViewHolder( 3998): ColorUpdate progressBarPrimaryColor changed from 0xFFF3F5FF to 0xFFF2F4FF
02-10 01:12:46.332 D/SecPlayerViewHolder( 3998): ColorUpdate progressBarSecondaryColor changed from 0xFFEBEFFF to 0xFFE9EDFF
02-10 01:12:46.332 D/SecColorSchemeTransition( 3998): ColorUpdate updateAlbumGradient bgColor 0xFF2F3036 bgGradientStart 0xD92C2E35 bgGradientEnd 0xFF2A2C35
02-10 01:12:46.332 D/SecColorSchemeTransition( 3998): ColorUpdate updateAlbumGradient bgColor 0xFF2F3036 bgGradientStart 0xD92C2E35 bgGradientEnd 0xFF2A2C35
02-10 01:12:46.332 D/SecPlayerViewHolder( 3998): ColorUpdate progressBarPrimaryColor changed from 0xFFF6F7FF to 0xFFF6F7FF
02-10 01:12:46.332 D/SecPlayerViewHolder( 3998): ColorUpdate progressBarSecondaryColor changed from 0xFFF3F4FF to 0xFFF1F3FF
02-10 01:12:46.332 D/SecColorSchemeTransition( 3998): ColorUpdate updateAlbumGradient bgColor 0xFF2F3036 bgGradientStart 0xEA2D2F36 bgGradientEnd 0xFF2D2E36
02-10 01:12:46.332 D/SecColorSchemeTransition( 3998): ColorUpdate updateAlbumGradient bgColor 0xFF2F3036 bgGradientStart 0xEA2D2F36 bgGradientEnd 0xFF2C2E36
02-10 01:12:46.332 D/SecPlayerViewHolder( 3998): ColorUpdate progressBarPrimaryColor changed from 0xFFF8F9FF to 0xFFF8F8FF
02-10 01:12:46.332 D/SecPlayerViewHolder( 3998): ColorUpdate progressBarSecondaryColor changed from 0xFFF7F7FF to 0xFFF6F7FF
02-10 01:12:46.332 D/SecColorSchemeTransition( 3998): ColorUpdate updateAlbumGradient bgColor 0xFF2F3036 bgGradientStart 0xF52E2F36 bgGradientEnd 0xFF2E2F36
02-10 01:12:46.332 D/SecColorSchemeTransition( 3998): ColorUpdate updateAlbumGradient bgColor 0xFF2F3036 bgGradientStart 0xF52E2F36 bgGradientEnd 0xFF2E2F36
02-10 01:12:46.340 D/SecPlayerViewHolder( 3998): ColorUpdate progressBarPrimaryColor changed from 0xFFF1F3FF to 0xFFF0F2FF
02-10 01:12:46.340 D/SecPlayerViewHolder( 3998): ColorUpdate progressBarSecondaryColor changed from 0xFFE7EBFF to 0xFFE4E9FF
02-10 01:12:46.340 D/SecColorSchemeTransition( 3998): ColorUpdate updateAlbumGradient bgColor 0xFF2F3036 bgGradientStart 0xCE2B2D35 bgGradientEnd 0xFF292B35
02-10 01:12:46.340 D/SecColorSchemeTransition( 3998): ColorUpdate updateAlbumGradient bgColor 0xFF2F3036 bgGradientStart 0xCE2B2D35 bgGradientEnd 0xFF282B35
02-10 01:12:46.340 D/SecPlayerViewHolder( 3998): ColorUpdate progressBarPrimaryColor changed from 0xFFF2F4FF to 0xFFF1F3FF
02-10 01:12:46.340 D/SecPlayerViewHolder( 3998): ColorUpdate progressBarSecondaryColor changed from 0xFFE9EDFF to 0xFFE6EBFF
02-10 01:12:46.340 D/SecColorSchemeTransition( 3998): ColorUpdate updateAlbumGradient bgColor 0xFF2F3036 bgGradientStart 0xD32B2D35 bgGradientEnd 0xFF2A2C35
02-10 01:12:46.340 D/SecColorSchemeTransition( 3998): ColorUpdate updateAlbumGradient bgColor 0xFF2F3036 bgGradientStart 0xD32B2D35 bgGradientEnd 0xFF292B35
02-10 01:12:46.340 D/SecPlayerViewHolder( 3998): ColorUpdate progressBarPrimaryColor changed from 0xFFF6F7FF to 0xFFF5F6FF
02-10 01:12:46.340 D/SecPlayerViewHolder( 3998): ColorUpdate progressBarSecondaryColor changed from 0xFFF1F3FF to 0xFFEFF2FF
02-10 01:12:46.340 D/SecColorSchemeTransition( 3998): ColorUpdate updateAlbumGradient bgColor 0xFF2F3036 bgGradientStart 0xE62D2E35 bgGradientEnd 0xFF2C2E36
02-10 01:12:46.340 D/SecColorSchemeTransition( 3998): ColorUpdate updateAlbumGradient bgColor 0xFF2F3036 bgGradientStart 0xE62D2E35 bgGradientEnd 0xFF2C2D35
02-10 01:12:46.340 D/SecPlayerViewHolder( 3998): ColorUpdate progressBarPrimaryColor changed from 0xFFF8F8FF to 0xFFF7F8FF
02-10 01:12:46.341 D/SecPlayerViewHolder( 3998): ColorUpdate progressBarSecondaryColor changed from 0xFFF6F7FF to 0xFFF4F5FF
02-10 01:12:46.341 D/SecColorSchemeTransition( 3998): ColorUpdate updateAlbumGradient bgColor 0xFF2F3036 bgGradientStart 0xF12E2F36 bgGradientEnd 0xFF2E2F36
02-10 01:12:46.341 D/SecColorSchemeTransition( 3998): ColorUpdate updateAlbumGradient bgColor 0xFF2F3036 bgGradientStart 0xF12E2F36 bgGradientEnd 0xFF2D2F36
02-10 01:12:46.349 W/qdgralloc( 1804): getInterlacedFlag: getMetaData returned 3, defaulting to interlaced_flag = 0
02-10 01:12:46.349 D/SecPlayerViewHolder( 3998): ColorUpdate progressBarPrimaryColor changed from 0xFFF0F2FF to 0xFFEEF1FF
02-10 01:12:46.349 D/SecPlayerViewHolder( 3998): ColorUpdate progressBarSecondaryColor changed from 0xFFE4E9FF to 0xFFE2E8FF
02-10 01:12:46.349 D/SecColorSchemeTransition( 3998): ColorUpdate updateAlbumGradient bgColor 0xFF2F3036 bgGradientStart 0xC92B2D35 bgGradientEnd 0xFF282B35
02-10 01:12:46.349 D/SecColorSchemeTransition( 3998): ColorUpdate updateAlbumGradient bgColor 0xFF2F3036 bgGradientStart 0xC92B2D35 bgGradientEnd 0xFF272A35
02-10 01:12:46.349 D/SecPlayerViewHolder( 3998): ColorUpdate progressBarPrimaryColor changed from 0xFFF1F3FF to 0xFFF0F2FF
02-10 01:12:46.349 D/SecPlayerViewHolder( 3998): ColorUpdate progressBarSecondaryColor changed from 0xFFE6EBFF to 0xFFE4E9FF
02-10 01:12:46.349 D/SecColorSchemeTransition( 3998): ColorUpdate updateAlbumGradient bgColor 0xFF2F3036 bgGradientStart 0xCE2B2D35 bgGradientEnd 0xFF292B35
02-10 01:12:46.349 D/SecColorSchemeTransition( 3998): ColorUpdate updateAlbumGradient bgColor 0xFF2F3036 bgGradientStart 0xCE2B2D35 bgGradientEnd 0xFF282B35
02-10 01:12:46.349 D/SecPlayerViewHolder( 3998): ColorUpdate progressBarPrimaryColor changed from 0xFFF5F6FF to 0xFFF4F5FF
02-10 01:12:46.349 D/SecPlayerViewHolder( 3998): ColorUpdate progressBarSecondaryColor changed from 0xFFEFF2FF to 0xFFEDF0FF
02-10 01:12:46.349 D/SecColorSchemeTransition( 3998): ColorUpdate updateAlbumGradient bgColor 0xFF2F3036 bgGradientStart 0xE22D2E35 bgGradientEnd 0xFF2C2D35
02-10 01:12:46.349 D/SecColorSchemeTransition( 3998): ColorUpdate updateAlbumGradient bgColor 0xFF2F3036 bgGradientStart 0xE22D2E35 bgGradientEnd 0xFF2B2D35
02-10 01:12:46.349 D/SecPlayerViewHolder( 3998): ColorUpdate progressBarPrimaryColor changed from 0xFFF7F8FF to 0xFFF6F7FF
02-10 01:12:46.349 D/SecPlayerViewHolder( 3998): ColorUpdate progressBarSecondaryColor changed from 0xFFF4F5FF to 0xFFF3F4FF
02-10 01:12:46.349 D/SecColorSchemeTransition( 3998): ColorUpdate updateAlbumGradient bgColor 0xFF2F3036 bgGradientStart 0xEE2E2F36 bgGradientEnd 0xFF2D2F36
02-10 01:12:46.349 D/SecColorSchemeTransition( 3998): ColorUpdate updateAlbumGradient bgColor 0xFF2F3036 bgGradientStart 0xEE2E2F36 bgGradientEnd 0xFF2D2E36
02-10 01:12:46.358 D/SecPlayerViewHolder( 3998): ColorUpdate progressBarPrimaryColor changed from 0xFFEEF1FF to 0xFFEDF0FF
02-10 01:12:46.358 D/SecPlayerViewHolder( 3998): ColorUpdate progressBarSecondaryColor changed from 0xFFE2E8FF to 0xFFDFE6FF
02-10 01:12:46.358 D/SecColorSchemeTransition( 3998): ColorUpdate updateAlbumGradient bgColor 0xFF2F3036 bgGradientStart 0xC42A2C35 bgGradientEnd 0xFF272A35
02-10 01:12:46.358 D/SecColorSchemeTransition( 3998): ColorUpdate updateAlbumGradient bgColor 0xFF2F3036 bgGradientStart 0xC42A2C35 bgGradientEnd 0xFF262935
02-10 01:12:46.358 D/SecPlayerViewHolder( 3998): ColorUpdate progressBarPrimaryColor changed from 0xFFF0F2FF to 0xFFEEF1FF
02-10 01:12:46.358 D/SecPlayerViewHolder( 3998): ColorUpdate progressBarSecondaryColor changed from 0xFFE4E9FF to 0xFFE2E8FF
02-10 01:12:46.358 D/SecColorSchemeTransition( 3998): ColorUpdate updateAlbumGradient bgColor 0xFF2F3036 bgGradientStart 0xC92B2D35 bgGradientEnd 0xFF282B35
02-10 01:12:46.358 D/SecColorSchemeTransition( 3998): ColorUpdate updateAlbumGradient bgColor 0xFF2F3036 bgGradientStart 0xC92B2D35 bgGradientEnd 0xFF272A35
02-10 01:12:46.358 D/SecPlayerViewHolder( 3998): ColorUpdate progressBarPrimaryColor changed from 0xFFF4F5FF to 0xFFF3F5FF
02-10 01:12:46.358 D/SecPlayerViewHolder( 3998): ColorUpdate progressBarSecondaryColor changed from 0xFFEDF0FF to 0xFFEBEFFF
02-10 01:12:46.358 D/SecColorSchemeTransition( 3998): ColorUpdate updateAlbumGradient bgColor 0xFF2F3036 bgGradientStart 0xDD2C2E35 bgGradientEnd 0xFF2B2D35
02-10 01:12:46.358 D/SecColorSchemeTransition( 3998): ColorUpdate updateAlbumGradient bgColor 0xFF2F3036 bgGradientStart 0xDD2C2E35 bgGradientEnd 0xFF2A2C35
02-10 01:12:46.358 D/SecPlayerViewHolder( 3998): ColorUpdate progressBarPrimaryColor changed from 0xFFF6F7FF to 0xFFF6F7FF
02-10 01:12:46.358 D/SecPlayerViewHolder( 3998): ColorUpdate progressBarSecondaryColor changed from 0xFFF3F4FF to 0xFFF1F3FF
02-10 01:12:46.358 D/SecColorSchemeTransition( 3998): ColorUpdate updateAlbumGradient bgColor 0xFF2F3036 bgGradientStart 0xEA2D2F36 bgGradientEnd 0xFF2D2E36
02-10 01:12:46.358 D/SecColorSchemeTransition( 3998): ColorUpdate updateAlbumGradient bgColor 0xFF2F3036 bgGradientStart 0xEA2D2F36 bgGradientEnd 0xFF2C2E36
02-10 01:12:46.365 D/SecPlayerViewHolder( 3998): ColorUpdate progressBarPrimaryColor changed from 0xFFEDF0FF to 0xFFECEFFF
02-10 01:12:46.365 D/SecPlayerViewHolder( 3998): ColorUpdate progressBarSecondaryColor changed from 0xFFDFE6FF to 0xFFDCE3FF
02-10 01:12:46.365 D/SecColorSchemeTransition( 3998): ColorUpdate updateAlbumGradient bgColor 0xFF2F3036 bgGradientStart 0xBE2A2C35 bgGradientEnd 0xFF262935
02-10 01:12:46.365 D/SecColorSchemeTransition( 3998): ColorUpdate updateAlbumGradient bgColor 0xFF2F3036 bgGradientStart 0xBE2A2C35 bgGradientEnd 0xFF252935
02-10 01:12:46.365 D/SecPlayerViewHolder( 3998): ColorUpdate progressBarPrimaryColor changed from 0xFFEEF1FF to 0xFFEDF0FF
02-10 01:12:46.365 D/SecPlayerViewHolder( 3998): ColorUpdate progressBarSecondaryColor changed from 0xFFE2E8FF to 0xFFDFE5FF
02-10 01:12:46.365 D/SecColorSchemeTransition( 3998): ColorUpdate updateAlbumGradient bgColor 0xFF2F3036 bgGradientStart 0xC32A2C35 bgGradientEnd 0xFF272A35
02-10 01:12:46.365 D/SecColorSchemeTransition( 3998): ColorUpdate updateAlbumGradient bgColor 0xFF2F3036 bgGradientStart 0xC32A2C35 bgGradientEnd 0xFF262935
02-10 01:12:46.365 D/SecPlayerViewHolder( 3998): ColorUpdate progressBarPrimaryColor changed from 0xFFF3F5FF to 0xFFF2F4FF
02-10 01:12:46.365 D/SecPlayerViewHolder( 3998): ColorUpdate progressBarSecondaryColor changed from 0xFFEBEFFF to 0xFFE9EDFF
02-10 01:12:46.365 D/SecColorSchemeTransition( 3998): ColorUpdate updateAlbumGradient bgColor 0xFF2F3036 bgGradientStart 0xD82C2E35 bgGradientEnd 0xFF2A2C35
02-10 01:12:46.365 D/SecColorSchemeTransition( 3998): ColorUpdate updateAlbumGradient bgColor 0xFF2F3036 bgGradientStart 0xD82C2E35 bgGradientEnd 0xFF2A2C35
02-10 01:12:46.365 D/SecPlayerViewHolder( 3998): ColorUpdate progressBarPrimaryColor changed from 0xFFF6F7FF to 0xFFF5F6FF
02-10 01:12:46.365 D/SecPlayerViewHolder( 3998): ColorUpdate progressBarSecondaryColor changed from 0xFFF1F3FF to 0xFFEFF2FF
02-10 01:12:46.365 D/SecColorSchemeTransition( 3998): ColorUpdate updateAlbumGradient bgColor 0xFF2F3036 bgGradientStart 0xE62D2E35 bgGradientEnd 0xFF2C2E36
02-10 01:12:46.365 D/SecColorSchemeTransition( 3998): ColorUpdate updateAlbumGradient bgColor 0xFF2F3036 bgGradientStart 0xE62D2E35 bgGradientEnd 0xFF2C2D35
02-10 01:12:46.370 I/HYPER-HAL( 1667): [RequestManager.cpp]releaseLocked(): Released ID : 3539150
02-10 01:12:46.373 D/SecPlayerViewHolder( 3998): ColorUpdate progressBarPrimaryColor changed from 0xFFECEFFF to 0xFFEBEEFF
02-10 01:12:46.373 D/SecPlayerViewHolder( 3998): ColorUpdate progressBarSecondaryColor changed from 0xFFDCE3FF to 0xFFD9E1FF
02-10 01:12:46.373 D/SecColorSchemeTransition( 3998): ColorUpdate updateAlbumGradient bgColor 0xFF2F3036 bgGradientStart 0xB9292B35 bgGradientEnd 0xFF252935
02-10 01:12:46.373 D/SecColorSchemeTransition( 3998): ColorUpdate updateAlbumGradient bgColor 0xFF2F3036 bgGradientStart 0xB9292B35 bgGradientEnd 0xFF242835
02-10 01:12:46.373 D/SecPlayerViewHolder( 3998): ColorUpdate progressBarPrimaryColor changed from 0xFFEDF0FF to 0xFFECEFFF
02-10 01:12:46.374 D/SecPlayerViewHolder( 3998): ColorUpdate progressBarSecondaryColor changed from 0xFFDFE5FF to 0xFFDCE3FF
02-10 01:12:46.374 D/SecColorSchemeTransition( 3998): ColorUpdate updateAlbumGradient bgColor 0xFF2F3036 bgGradientStart 0xBE2A2C35 bgGradientEnd 0xFF262935
02-10 01:12:46.374 D/SecColorSchemeTransition( 3998): ColorUpdate updateAlbumGradient bgColor 0xFF2F3036 bgGradientStart 0xBE2A2C35 bgGradientEnd 0xFF252935
02-10 01:12:46.374 D/SecPlayerViewHolder( 3998): ColorUpdate progressBarPrimaryColor changed from 0xFFF2F4FF to 0xFFF1F3FF
02-10 01:12:46.374 D/SecPlayerViewHolder( 3998): ColorUpdate progressBarSecondaryColor changed from 0xFFE9EDFF to 0xFFE6EBFF
02-10 01:12:46.374 D/SecColorSchemeTransition( 3998): ColorUpdate updateAlbumGradient bgColor 0xFF2F3036 bgGradientStart 0xD32B2D35 bgGradientEnd 0xFF2A2C35
02-10 01:12:46.374 D/SecColorSchemeTransition( 3998): ColorUpdate updateAlbumGradient bgColor 0xFF2F3036 bgGradientStart 0xD32B2D35 bgGradientEnd 0xFF292B35
02-10 01:12:46.374 D/SecPlayerViewHolder( 3998): ColorUpdate progressBarPrimaryColor changed from 0xFFF5F6FF to 0xFFF4F5FF
02-10 01:12:46.374 D/SecPlayerViewHolder( 3998): ColorUpdate progressBarSecondaryColor changed from 0xFFEFF2FF to 0xFFEDF0FF
02-10 01:12:46.374 D/SecColorSchemeTransition( 3998): ColorUpdate updateAlbumGradient bgColor 0xFF2F3036 bgGradientStart 0xE22D2E35 bgGradientEnd 0xFF2C2D35
02-10 01:12:46.374 D/SecColorSchemeTransition( 3998): ColorUpdate updateAlbumGradient bgColor 0xFF2F3036 bgGradientStart 0xE22D2E35 bgGradientEnd 0xFF2B2D35
02-10 01:12:46.382 D/SecPlayerViewHolder( 3998): ColorUpdate progressBarPrimaryColor changed from 0xFFEBEEFF to 0xFFEAEEFF
02-10 01:12:46.382 D/SecPlayerViewHolder( 3998): ColorUpdate progressBarSecondaryColor changed from 0xFFD9E1FF to 0xFFD7E0FF
02-10 01:12:46.382 D/SecColorSchemeTransition( 3998): ColorUpdate updateAlbumGradient bgColor 0xFF2F3036 bgGradientStart 0xB4292B34 bgGradientEnd 0xFF242835
02-10 01:12:46.382 D/SecColorSchemeTransition( 3998): ColorUpdate updateAlbumGradient bgColor 0xFF2F3036 bgGradientStart 0xB4292B34 bgGradientEnd 0xFF232734
02-10 01:12:46.382 D/SecPlayerViewHolder( 3998): ColorUpdate progressBarPrimaryColor changed from 0xFFECEFFF to 0xFFEBEEFF
02-10 01:12:46.382 D/SecPlayerViewHolder( 3998): ColorUpdate progressBarSecondaryColor changed from 0xFFDCE3FF to 0xFFD9E1FF
02-10 01:12:46.382 D/SecColorSchemeTransition( 3998): ColorUpdate updateAlbumGradient bgColor 0xFF2F3036 bgGradientStart 0xB9292B35 bgGradientEnd 0xFF252935
02-10 01:12:46.382 D/SecColorSchemeTransition( 3998): ColorUpdate updateAlbumGradient bgColor 0xFF2F3036 bgGradientStart 0xB9292B35 bgGradientEnd 0xFF242835
02-10 01:12:46.382 D/SecPlayerViewHolder( 3998): ColorUpdate progressBarPrimaryColor changed from 0xFFF1F3FF to 0xFFF0F2FF
02-10 01:12:46.382 D/SecPlayerViewHolder( 3998): ColorUpdate progressBarSecondaryColor changed from 0xFFE6EBFF to 0xFFE4E9FF
02-10 01:12:46.382 D/SecColorSchemeTransition( 3998): ColorUpdate updateAlbumGradient bgColor 0xFF2F3036 bgGradientStart 0xCE2B2D35 bgGradientEnd 0xFF292B35
02-10 01:12:46.382 D/SecColorSchemeTransition( 3998): ColorUpdate updateAlbumGradient bgColor 0xFF2F3036 bgGradientStart 0xCE2B2D35 bgGradientEnd 0xFF282B35
02-10 01:12:46.383 D/SecPlayerViewHolder( 3998): ColorUpdate progressBarPrimaryColor changed from 0xFFF4F5FF to 0xFFF3F5FF
02-10 01:12:46.383 D/SecPlayerViewHolder( 3998): ColorUpdate progressBarSecondaryColor changed from 0xFFEDF0FF to 0xFFEBEFFF
02-10 01:12:46.383 D/SecColorSchemeTransition( 3998): ColorUpdate updateAlbumGradient bgColor 0xFF2F3036 bgGradientStart 0xDD2C2E35 bgGradientEnd 0xFF2B2D35
02-10 01:12:46.383 D/SecColorSchemeTransition( 3998): ColorUpdate updateAlbumGradient bgColor 0xFF2F3036 bgGradientStart 0xDD2C2E35 bgGradientEnd 0xFF2A2C35
02-10 01:12:46.390 D/SecPlayerViewHolder( 3998): ColorUpdate progressBarPrimaryColor changed from 0xFFEAEEFF to 0xFFE8ECFF
02-10 01:12:46.390 D/SecPlayerViewHolder( 3998): ColorUpdate progressBarSecondaryColor changed from 0xFFD7E0FF to 0xFFD4DDFF
02-10 01:12:46.390 D/SecColorSchemeTransition( 3998): ColorUpdate updateAlbumGradient bgColor 0xFF2F3036 bgGradientStart 0xAE282B34 bgGradientEnd 0xFF232734
02-10 01:12:46.390 D/SecColorSchemeTransition( 3998): ColorUpdate updateAlbumGradient bgColor 0xFF2F3036 bgGradientStart 0xAE282B34 bgGradientEnd 0xFF222634
02-10 01:12:46.390 W/qdgralloc( 1804): getInterlacedFlag: getMetaData returned 3, defaulting to interlaced_flag = 0
02-10 01:12:46.390 D/SecPlayerViewHolder( 3998): ColorUpdate progressBarPrimaryColor changed from 0xFFEBEEFF to 0xFFE9EDFF
02-10 01:12:46.390 D/SecPlayerViewHolder( 3998): ColorUpdate progressBarSecondaryColor changed from 0xFFD9E1FF to 0xFFD6DFFF
02-10 01:12:46.390 D/SecColorSchemeTransition( 3998): ColorUpdate updateAlbumGradient bgColor 0xFF2F3036 bgGradientStart 0xB3292B34 bgGradientEnd 0xFF242835
02-10 01:12:46.390 D/SecColorSchemeTransition( 3998): ColorUpdate updateAlbumGradient bgColor 0xFF2F3036 bgGradientStart 0xB3292B34 bgGradientEnd 0xFF232734
02-10 01:12:46.390 D/SecPlayerViewHolder( 3998): ColorUpdate progressBarPrimaryColor changed from 0xFFF0F2FF to 0xFFEEF1FF
02-10 01:12:46.390 D/SecPlayerViewHolder( 3998): ColorUpdate progressBarSecondaryColor changed from 0xFFE4E9FF to 0xFFE1E7FF
02-10 01:12:46.390 D/SecColorSchemeTransition( 3998): ColorUpdate updateAlbumGradient bgColor 0xFF2F3036 bgGradientStart 0xC92B2C35 bgGradientEnd 0xFF282B35
02-10 01:12:46.390 D/SecColorSchemeTransition( 3998): ColorUpdate updateAlbumGradient bgColor 0xFF2F3036 bgGradientStart 0xC92B2C35 bgGradientEnd 0xFF272A35
02-10 01:12:46.390 D/SecPlayerViewHolder( 3998): ColorUpdate progressBarPrimaryColor changed from 0xFFF3F5FF to 0xFFF2F4FF
02-10 01:12:46.390 D/SecPlayerViewHolder( 3998): ColorUpdate progressBarSecondaryColor changed from 0xFFEBEFFF to 0xFFE9EDFF
02-10 01:12:46.390 D/SecColorSchemeTransition( 3998): ColorUpdate updateAlbumGradient bgColor 0xFF2F3036 bgGradientStart 0xD82C2E35 bgGradientEnd 0xFF2A2C35
02-10 01:12:46.390 D/SecColorSchemeTransition( 3998): ColorUpdate updateAlbumGradient bgColor 0xFF2F3036 bgGradientStart 0xD82C2E35 bgGradientEnd 0xFF2A2C35
02-10 01:12:46.394 I/CompositionEngine( 1804): [setDisplaySize] size=(434, 42)
02-10 01:12:46.399 D/SecPlayerViewHolder( 3998): ColorUpdate progressBarPrimaryColor changed from 0xFFE8ECFF to 0xFFE7ECFF
02-10 01:12:46.399 D/SecPlayerViewHolder( 3998): ColorUpdate progressBarSecondaryColor changed from 0xFFD4DDFF to 0xFFD1DBFF
02-10 01:12:46.399 D/SecColorSchemeTransition( 3998): ColorUpdate updateAlbumGradient bgColor 0xFF2F3036 bgGradientStart 0xA8282A34 bgGradientEnd 0xFF222634
02-10 01:12:46.399 D/SecColorSchemeTransition( 3998): ColorUpdate updateAlbumGradient bgColor 0xFF2F3036 bgGradientStart 0xA8282A34 bgGradientEnd 0xFF212634
02-10 01:12:46.399 D/SecPlayerViewHolder( 3998): ColorUpdate progressBarPrimaryColor changed from 0xFFE9EDFF to 0xFFE8ECFF
02-10 01:12:46.399 D/SecPlayerViewHolder( 3998): ColorUpdate progressBarSecondaryColor changed from 0xFFD6DFFF to 0xFFD4DDFF
02-10 01:12:46.399 D/SecColorSchemeTransition( 3998): ColorUpdate updateAlbumGradient bgColor 0xFF2F3036 bgGradientStart 0xAE282B34 bgGradientEnd 0xFF232734
02-10 01:12:46.399 D/SecColorSchemeTransition( 3998): ColorUpdate updateAlbumGradient bgColor 0xFF2F3036 bgGradientStart 0xAE282B34 bgGradientEnd 0xFF222634
02-10 01:12:46.399 D/SecPlayerViewHolder( 3998): ColorUpdate progressBarPrimaryColor changed from 0xFFEEF1FF to 0xFFEDF0FF
02-10 01:12:46.399 D/SecPlayerViewHolder( 3998): ColorUpdate progressBarSecondaryColor changed from 0xFFE1E7FF to 0xFFDFE5FF
02-10 01:12:46.399 D/SecColorSchemeTransition( 3998): ColorUpdate updateAlbumGradient bgColor 0xFF2F3036 bgGradientStart 0xC32A2C35 bgGradientEnd 0xFF272A35
02-10 01:12:46.399 D/SecColorSchemeTransition( 3998): ColorUpdate updateAlbumGradient bgColor 0xFF2F3036 bgGradientStart 0xC32A2C35 bgGradientEnd 0xFF262935
02-10 01:12:46.399 D/SecPlayerViewHolder( 3998): ColorUpdate progressBarPrimaryColor changed from 0xFFF2F4FF to 0xFFF1F3FF
02-10 01:12:46.399 D/SecPlayerViewHolder( 3998): ColorUpdate progressBarSecondaryColor changed from 0xFFE9EDFF to 0xFFE6EBFF
02-10 01:12:46.399 D/SecColorSchemeTransition( 3998): ColorUpdate updateAlbumGradient bgColor 0xFF2F3036 bgGradientStart 0xD32B2D35 bgGradientEnd 0xFF2A2C35
02-10 01:12:46.399 D/SecColorSchemeTransition( 3998): ColorUpdate updateAlbumGradient bgColor 0xFF2F3036 bgGradientStart 0xD32B2D35 bgGradientEnd 0xFF292B35
02-10 01:12:46.406 I/ISG_Wakeup_Verify(13064): [KWD] Bargein - scores: [0.0134, 0.0648, t(48620)], [0.0059, 0.0565, t(48624)], [0.0060, 0.0230, t(48628)], [0.0282, 0.0283, t(48632)], [0.0466, 0.0485, t(48636)], RMS: 1
02-10 01:12:46.406 D/SecPlayerViewHolder( 3998): ColorUpdate progressBarPrimaryColor changed from 0xFFE7ECFF to 0xFFE6EBFF
02-10 01:12:46.406 D/SecPlayerViewHolder( 3998): ColorUpdate progressBarSecondaryColor changed from 0xFFD1DBFF to 0xFFCED9FF
02-10 01:12:46.406 D/SecColorSchemeTransition( 3998): ColorUpdate updateAlbumGradient bgColor 0xFF2F3036 bgGradientStart 0xA3272A34 bgGradientEnd 0xFF212634
02-10 01:12:46.406 D/SecColorSchemeTransition( 3998): ColorUpdate updateAlbumGradient bgColor 0xFF2F3036 bgGradientStart 0xA3272A34 bgGradientEnd 0xFF202534
02-10 01:12:46.406 D/SecPlayerViewHolder( 3998): ColorUpdate progressBarPrimaryColor changed from 0xFFE8ECFF to 0xFFE7ECFF
02-10 01:12:46.407 D/SecPlayerViewHolder( 3998): ColorUpdate progressBarSecondaryColor changed from 0xFFD4DDFF to 0xFFD1DBFF
02-10 01:12:46.407 D/SecColorSchemeTransition( 3998): ColorUpdate updateAlbumGradient bgColor 0xFF2F3036 bgGradientStart 0xA8282A34 bgGradientEnd 0xFF222634
02-10 01:12:46.407 D/SecColorSchemeTransition( 3998): ColorUpdate updateAlbumGradient bgColor 0xFF2F3036 bgGradientStart 0xA8282A34 bgGradientEnd 0xFF212634
02-10 01:12:46.407 D/SecPlayerViewHolder( 3998): ColorUpdate progressBarPrimaryColor changed from 0xFFEDF0FF to 0xFFECEFFF
02-10 01:12:46.407 D/SecPlayerViewHolder( 3998): ColorUpdate progressBarSecondaryColor changed from 0xFFDFE5FF to 0xFFDCE3FF
02-10 01:12:46.407 D/SecColorSchemeTransition( 3998): ColorUpdate updateAlbumGradient bgColor 0xFF2F3036 bgGradientStart 0xBE2A2C35 bgGradientEnd 0xFF262935
02-10 01:12:46.407 D/SecColorSchemeTransition( 3998): ColorUpdate updateAlbumGradient bgColor 0xFF2F3036 bgGradientStart 0xBE2A2C35 bgGradientEnd 0xFF252935
02-10 01:12:46.407 D/SecPlayerViewHolder( 3998): ColorUpdate progressBarPrimaryColor changed from 0xFFF1F3FF to 0xFFF0F2FF
02-10 01:12:46.407 D/SecPlayerViewHolder( 3998): ColorUpdate progressBarSecondaryColor changed from 0xFFE6EBFF to 0xFFE4E9FF
02-10 01:12:46.407 D/SecColorSchemeTransition( 3998): ColorUpdate updateAlbumGradient bgColor 0xFF2F3036 bgGradientStart 0xCE2B2D35 bgGradientEnd 0xFF292B35
02-10 01:12:46.407 D/SecColorSchemeTransition( 3998): ColorUpdate updateAlbumGradient bgColor 0xFF2F3036 bgGradientStart 0xCE2B2D35 bgGradientEnd 0xFF282B35
02-10 01:12:46.415 D/SecPlayerViewHolder( 3998): ColorUpdate progressBarPrimaryColor changed from 0xFFE6EBFF to 0xFFE4EAFF
02-10 01:12:46.415 D/SecPlayerViewHolder( 3998): ColorUpdate progressBarSecondaryColor changed from 0xFFCED9FF to 0xFFCBD7FF
02-10 01:12:46.415 D/SecColorSchemeTransition( 3998): ColorUpdate updateAlbumGradient bgColor 0xFF2F3036 bgGradientStart 0x9E272934 bgGradientEnd 0xFF202534
02-10 01:12:46.415 D/SecColorSchemeTransition( 3998): ColorUpdate updateAlbumGradient bgColor 0xFF2F3036 bgGradientStart 0x9E272934 bgGradientEnd 0xFF1F2434
02-10 01:12:46.415 D/SecPlayerViewHolder( 3998): ColorUpdate progressBarPrimaryColor changed from 0xFFE7ECFF to 0xFFE6EBFF
02-10 01:12:46.415 D/SecPlayerViewHolder( 3998): ColorUpdate progressBarSecondaryColor changed from 0xFFD1DBFF to 0xFFCED9FF
02-10 01:12:46.415 D/SecColorSchemeTransition( 3998): ColorUpdate updateAlbumGradient bgColor 0xFF2F3036 bgGradientStart 0xA3272A34 bgGradientEnd 0xFF212634
02-10 01:12:46.415 D/SecColorSchemeTransition( 3998): ColorUpdate updateAlbumGradient bgColor 0xFF2F3036 bgGradientStart 0xA3272A34 bgGradientEnd 0xFF202534
02-10 01:12:46.415 D/SecPlayerViewHolder( 3998): ColorUpdate progressBarPrimaryColor changed from 0xFFECEFFF to 0xFFEBEEFF
02-10 01:12:46.415 D/SecPlayerViewHolder( 3998): ColorUpdate progressBarSecondaryColor changed from 0xFFDCE3FF to 0xFFD9E1FF
02-10 01:12:46.415 D/SecColorSchemeTransition( 3998): ColorUpdate updateAlbumGradient bgColor 0xFF2F3036 bgGradientStart 0xB8292B35 bgGradientEnd 0xFF252935
02-10 01:12:46.415 D/SecColorSchemeTransition( 3998): ColorUpdate updateAlbumGradient bgColor 0xFF2F3036 bgGradientStart 0xB8292B35 bgGradientEnd 0xFF242835
02-10 01:12:46.415 D/SecPlayerViewHolder( 3998): ColorUpdate progressBarPrimaryColor changed from 0xFFF0F2FF to 0xFFEEF1FF
02-10 01:12:46.415 D/SecPlayerViewHolder( 3998): ColorUpdate progressBarSecondaryColor changed from 0xFFE4E9FF to 0xFFE1E7FF
02-10 01:12:46.415 D/SecColorSchemeTransition( 3998): ColorUpdate updateAlbumGradient bgColor 0xFF2F3036 bgGradientStart 0xC92B2C35 bgGradientEnd 0xFF282B35
02-10 01:12:46.415 D/SecColorSchemeTransition( 3998): ColorUpdate updateAlbumGradient bgColor 0xFF2F3036 bgGradientStart 0xC92B2C35 bgGradientEnd 0xFF272A35
02-10 01:12:46.418 E/HeatmapThread( 1776): ECT Thread time in milliseconds: 1770675166
02-10 01:12:46.420 D/HeatmapThread( 1776): !@ batteryplugType : 2
02-10 01:12:46.421 D/HeatmapThread( 1776): !@ batteryLevel : 84  batteryTemperature : 378 
02-10 01:12:46.421 D/HeatmapThread( 1776): !@ Heatmap currtime: 29511252
02-10 01:12:46.421 D/HeatmapThread( 1776): !@ Heatmap prevtime: 29511243
02-10 01:12:46.421 D/HeatmapThread( 1776): !@ Heatmap plugstarttime: 29511000
02-10 01:12:46.421 D/HeatmapThread( 1776): !@ Heatmap prevv_dsoh_update_time: 29511240
02-10 01:12:46.421 E/HeatmapThread( 1776): !@ CAM New BSOH: 100
02-10 01:12:46.421 E/HeatmapThread( 1776): !@ CAM is Working
02-10 01:12:46.423 D/SecPlayerViewHolder( 3998): ColorUpdate progressBarPrimaryColor changed from 0xFFE4EAFF to 0xFFE3E9FF
