--------- beginning of main
02-01 10:53:06.198  1795  2147 I CompositionEngine: [setDisplaySize] size=(434, 42)
02-01 10:53:06.279  1667  5296 I vendor.qti.bluetooth@1.1-ibs_handler: ProcessIbsCmd: Received IBS_WAKE_IND: 0xFD
02-01 10:53:06.280  1667  5296 D vendor.qti.bluetooth@1.1-ibs_handler: SerialClockVote: vote for UART CLK ON
02-01 10:53:06.280  1667  5296 D vendor.qti.bluetooth@1.1-wake_lock: Acquire wakelock is acquired 
02-01 10:53:06.280  1667  5296 I vendor.qti.bluetooth@1.1-ibs_handler: ProcessIbsCmd: Writing IBS_WAKE_ACK
02-01 10:53:06.285  1784  1824 E HeatmapThread: ECT Thread time in milliseconds: 1769932386
02-01 10:53:06.290  4195  5368 I ScanController: onScanResult to scannerId: 5- eventType=0x0, addressType=1, address=XX:XX:XX:XX:EC:94, primaryPhy=1, secondaryPhy=1, advertisingSid=0x0, txPower=127, rssi=-85, periodicAdvInt=0x0
02-01 10:53:06.294  1784  1824 D HeatmapThread: !@ batteryplugType : 2
02-01 10:53:06.294  1784  1824 D HeatmapThread: !@ batteryLevel : 67  batteryTemperature : 320 
02-01 10:53:06.294  1784  1824 D HeatmapThread: !@ Heatmap currtime: 29498873
02-01 10:53:06.294  1784  1824 D HeatmapThread: !@ Heatmap prevtime: 29498854
02-01 10:53:06.294  1784  1824 D HeatmapThread: !@ Heatmap plugstarttime: 29498866
02-01 10:53:06.294  1784  1824 D HeatmapThread: !@ Heatmap prevv_dsoh_update_time: 29498734
02-01 10:53:06.294  1784  1824 E HeatmapThread: !@ CAM New BSOH: 100
02-01 10:53:06.297  1795  2147 I CompositionEngine: [setDisplaySize] size=(434, 42)
02-01 10:53:06.298  4195  5368 I ScanController: onScanResult to scannerId: 5- eventType=0x10, addressType=1, address=XX:XX:XX:XX:E5:E7, primaryPhy=1, secondaryPhy=0, advertisingSid=0xff, txPower=127, rssi=-78, periodicAdvInt=0x0
02-01 10:53:06.304  4195  5368 I ScanController: onScanResult to scannerId: 5- eventType=0x10, addressType=1, address=XX:XX:XX:XX:75:96, primaryPhy=1, secondaryPhy=0, advertisingSid=0xff, txPower=127, rssi=-87, periodicAdvInt=0x0
02-01 10:53:06.305  4753 26987 I NearbyConnections: Found BleAdvertisement [ 0x23 0x55 0x30 0x54 0x48 0x11 0x32 0x7b 0x1a 0xac 0x3b 0xc7 0xfb 0x9f 0x17 0xf4 0x26 0xae 0x31 0xbb 0x60 0x7d 0xfd ] (with EndpointId U0TH and EndpointInfo [ 0x32 0x7b 0x1a 0xac 0x3b 0xc7 0xfb 0x9f 0x17 0xf4 0x26 0xae 0x31 0xbb 0x60 0x7d 0xfd ])
02-01 10:53:06.306  4753 26987 I NearbyConnections: ClientProxy(102935568 0p:com.google.android.gms.nearby.sharing) reporting onEndpointFound(U0TH)
02-01 10:53:06.306  4753 26987 I NearbyConnections: ClientProxy(102935568) reporting onEndpointDistanceChanged(U0TH, UNKNOWN)
02-01 10:53:06.307  4753 26893 I NearbySharing: NearbySharing Internal event EndpointDiscovered(endpointId=U0TH)
02-01 10:53:06.325  2639  6374 D SemWifiUsabilityStatsMonitor: onWifiUsabilityStats - seqNum 1129, isSameBssidAndFreq true
02-01 10:53:06.326  2639  3816 E SemWifiLinkQualityMonitor: Too old or invalid TMI: currentTime=1769932386326 lastDateWindow=1769926059000
02-01 10:53:06.327  2639  3816 I SemWifiLinkQualityMonitor: Link stat: 383 / 86 / 1.38 (11) / 960 / -56.0 || 100.0 : 960.00 / 0.5 : 0.73 / 0.55 : 0.22 / G (G) || 98d02d565500: 0.101 / 79.066 / N || N N / 3 0 / N 2.0 / Y X 0 / 7866649 0 || 2026-02-01 09:07:39  / 0: 0 0 0 0 0 0 / 0: 0 0 0 0 0 0 / 0: 0 0 0 0 0 0
02-01 10:53:06.327  2639  3817 D SemInsManager: {"bssid": "98d02d565500","rssi": -56.0,"latency": 0.10118181818181818,"outage_count": 3,"lq_callback_triggered": true,"outage_log": "Link stat: 383 / 86 / 1.38 (11) / 960 / -56.0 || 100.0 : 960.00 / 0.5 : 0.73 / 0.55 : 0.22 / G (G) || 98d02d565500: 0.101 / 79.066 / N || N N / 3 0 / N 2.0 / Y X 0 / 7866649 0 || 2026-02-01 09:07:39  / 0: 0 0 0 0 0 0 / 0: 0 0 0 0 0 0 / 0: 0 0 0 0 0 0""Magnetic Sensor Events size": "0""Pressure Sensor Events size": "0"}
02-01 10:53:06.344  1667  5296 I vendor.qti.bluetooth@1.1-ibs_handler: ProcessIbsCmd: Received IBS_SLEEP_IND: 0xFE
02-01 10:53:06.344  1667  5296 D vendor.qti.bluetooth@1.1-ibs_handler: SerialClockVote: vote for UART CLK OFF
02-01 10:53:06.398  1795  2147 I CompositionEngine: [setDisplaySize] size=(434, 42)
02-01 10:53:06.495  1667  4650 D vendor.qti.bluetooth@1.1-wake_lock: Release wakelock is released 
02-01 10:53:06.498  1795  2147 I CompositionEngine: [setDisplaySize] size=(434, 42)
--------- beginning of system
02-01 10:53:06.595  1166  1166 D io_stats: !@   8,0 r 1193229 26692412 w 497879 10259084 d 56720 8956308 f 18284 47911 iot 275668 0 th 0 0 0 pt 0 inp 0 0 7866.918
02-01 10:53:06.595  1166  1166 D io_stats: !@ Read_top(KB): putmethod.latin(6707) 8 .gms.persistent(4753) 4
02-01 10:53:06.595  1166  1166 D io_stats: !@ Write_top(KB): kworker/u16:11(25703) 1280 ample.voxmatrix(25313) 276 c.android.sdhms(6802) 8
02-01 10:53:06.657  2639  3571 D InputReader: Btn_touch(5): value=1 when=7866.979307
02-01 10:53:06.657  2639  3571 I InputReader: Touch event's action is 0x0 (id=6, t=0) [pCnt=1, s=0.2142 ] when=7866.979307
02-01 10:53:06.658  2639  3570 I InputDispatcher: Delivering touch to (3969): action: 0x4, f=0x0, d=0, '606f506', t=1 
02-01 10:53:06.659  2639  3570 I InputDispatcher: Delivering touch to (25313): action: 0x0, f=0x0, d=0, 'fe32360', t=1 
02-01 10:53:06.660  4589  4589 I HoneySpace.GestureInputHandler: inputConsumers = [com.honeyspace.gesture.inputconsumer.InputConsumer$Companion$NO_OP$1@e9f927c]
02-01 10:53:06.660 25313 25313 I VRI[MainActivity]@2799f58: ViewPostIme pointer 0
02-01 10:53:06.660  4589  4589 I HoneySpace.InputSession: inputConsumers = NO_OP
02-01 10:53:06.661  4589  4589 I HoneySpace.InputSession: open
02-01 10:53:06.663  6802  6802 I SemDvfsHyPerManager: acquire hyper - TATouchBoost/6802@30, type = -999
02-01 10:53:06.663  2639  2998 I GestureDetector: obtain mCurrentDownEvent. id: 280250641 caller: com.android.server.wm.SystemGesturesPointerEventListener.onPointerEvent:17 com.android.server.wm.PointerEventDispatcher.onInputEvent:51 android.view.InputEventReceiver.dispatchInputEvent:392 
02-01 10:53:06.664  2639  2998 I GestureDetector: obtain mCurrentDownEvent. id: 280250641 caller: com.android.server.wm.SystemPerformancePointerEventListener.onPointerEvent:13 com.android.server.wm.PointerEventDispatcher.onInputEvent:51 android.view.InputEventReceiver.dispatchInputEvent:392 
02-01 10:53:06.664  2639  2998 I GestureDetector: obtain mCurrentMotionEventRaw. action: 2 id: 105220145
02-01 10:53:06.665  2639  2998 I GestureDetector: obtain mCurrentMotionEventRaw. action: 2 id: 105220145
02-01 10:53:06.665  6802  6802 I SemDvfsHyPerManager: acquire hyper - TA_TOUCH_SHARE/6802@31, type = -999
02-01 10:53:06.665  1681  1818 I HYPER-HAL: [RequestManager.cpp]acquire(): Acquired ID : 23341558  [6802 / 30]    HINT :      list : [TABoost / 1] [TIMEOUT / 1500] 
02-01 10:53:06.665  1681  1818 I HYPER-HAL: [RequestManager.cpp]acquire(): Acquired ID : 23348392  [6802 / 31]    HINT : TA_TOUCH_SHARE    list : [TIMEOUT / 1500] 
02-01 10:53:06.686  1795  2147 I CompositionEngine: [setDisplaySize] size=(434, 42)
02-01 10:53:06.746  2639  3571 D InputReader: Btn_touch(5): value=0 when=7867.069912
02-01 10:53:06.746  2639  3571 I InputReader: Touch event's action is 0x1 (id=6, t=0) [pCnt=1, s=] when=7867.069912
02-01 10:53:06.747  2639  3570 I InputDispatcher: Delivering touch to (25313): action: 0x1, f=0x0, d=0, 'fe32360', t=1 
02-01 10:53:06.748 25313 25313 I VRI[MainActivity]@2799f58: ViewPostIme pointer 1
02-01 10:53:06.748  4589  4589 I HoneySpace.GestureInputHandler: reset
02-01 10:53:06.748  4589  4589 I HoneySpace.InputSession: close
02-01 10:53:06.787  1795  2147 I CompositionEngine: [setDisplaySize] size=(434, 42)
02-01 10:53:06.887  1795  2147 I CompositionEngine: [setDisplaySize] size=(434, 42)
02-01 10:53:06.963  2639  2998 I GestureDetector: handleMessage TAP
02-01 10:53:06.964  2639  2639 I GestureDetector: handleMessage TAP
02-01 10:53:06.987  1795  2147 I CompositionEngine: [setDisplaySize] size=(434, 42)
02-01 10:53:07.088  1795  2147 I CompositionEngine: [setDisplaySize] size=(434, 42)
02-01 10:53:07.189  1795  2147 I CompositionEngine: [setDisplaySize] size=(434, 42)
02-01 10:53:07.285  1784  1824 E HeatmapThread: ECT Thread time in milliseconds: 1769932387
02-01 10:53:07.289  1784  1824 D HeatmapThread: !@ batteryplugType : 2
02-01 10:53:07.289  1784  1824 D HeatmapThread: !@ batteryLevel : 67  batteryTemperature : 320 
02-01 10:53:07.289  1784  1824 D HeatmapThread: !@ Heatmap currtime: 29498873
02-01 10:53:07.289  1795  2147 I CompositionEngine: [setDisplaySize] size=(434, 42)
02-01 10:53:07.289  1784  1824 D HeatmapThread: !@ Heatmap prevtime: 29498854
02-01 10:53:07.289  1784  1824 D HeatmapThread: !@ Heatmap plugstarttime: 29498866
02-01 10:53:07.289  1784  1824 D HeatmapThread: !@ Heatmap prevv_dsoh_update_time: 29498734
02-01 10:53:07.290  1784  1824 E HeatmapThread: !@ CAM New BSOH: 100
02-01 10:53:07.389  1795  2147 I CompositionEngine: [setDisplaySize] size=(434, 42)
02-01 10:53:07.514  1681 26984 I HYPER-HAL: [RequestManager.cpp]releaseLocked(): Released ID : 3557806
02-01 10:53:07.742  1674 26724 I sensors-hal: handle_sns_std_sensor_event:409, [SSC_LIGHT] P: 319(319),c:190,b:109,m:13,cl:56,l:318,s:315,l0:54048,l1:192,s0:45500,s1:0,acl:1,opr:0.93,f(r):94,u(bl):100,if:0,wi:0,si:0,po:0(N:0)
02-01 10:53:07.743  1674  3922 I sensors-hal: handle_sns_std_sensor_event:131, [SSC_LIGHT] A: 319(319),c:190,b:109,m:13,cl:56,l:318,s:315,l0:54048,l1:192,s0:45500,s1:0,acl:1,opr:0.93,f(r):94,u(bl):100,if:0,wi:0,si:0,po:0(N:0)
02-01 10:53:07.761  3939  4624 D SatelliteController: isInCarrierRoamingNbIotNtn: satellite is disabled
02-01 10:53:07.982  1714 21353 I StatsHandler: [vp9D_170] Stats: Pending(0) i/p-done(0) Works: Q: 30/Done 23|Work-Rate: Q(0.0/s Avg=0.0/s) Done(0.000/s Avg=0.025/s)| Stream: 25.00fps 129.8Kbps
02-01 10:53:07.983  1714 21353 I StatsHandler: [vp9D_170] Mem-usage:  [In-1D: 12 bufs 96.000 MB] [1D-241: 34 bufs 0.531 MB] [2D-242: 22 bufs 4.984 MB] | Total: 101.516 MB
02-01 10:53:07.983  1714 21353 I StatsHandler: [vp9D_171] Stats: Pending(0) i/p-done(0) Works: Q: 30/Done 23|Work-Rate: Q(0.0/s Avg=0.0/s) Done(0.000/s Avg=0.025/s)| Stream: 24.39fps 83.0Kbps
02-01 10:53:07.983  1714 21353 I StatsHandler: [vp9D_171] Mem-usage:  [In-1D: 13 bufs 104.000 MB] [1D-243: 35 bufs 0.547 MB] [2D-244: 22 bufs 8.078 MB] | Total: 112.625 MB
02-01 10:53:07.983  1714 21353 I StatsHandler: [vp9D_172] Stats: Pending(0) i/p-done(0) Works: Q: 30/Done 23|Work-Rate: Q(0.0/s Avg=0.0/s) Done(0.000/s Avg=0.025/s)| Stream: 30.30fps 213.0Kbps
02-01 10:53:07.983  1714 21353 I StatsHandler: [vp9D_172] Mem-usage:  [In-1D: 11 bufs 88.000 MB] [1D-245: 33 bufs 0.516 MB] [2D-246: 22 bufs 4.984 MB] | Total: 93.500 MB
02-01 10:53:07.983  1714 21353 I StatsHandler: [vp9D_173] Stats: Pending(0) i/p-done(0) Works: Q: 31/Done 24|Work-Rate: Q(0.0/s Avg=0.0/s) Done(0.000/s Avg=0.026/s)| Stream: 30.30fps 55.2Kbps
02-01 10:53:07.983  1714 21353 I StatsHandler: [vp9D_173] Mem-usage:  [In-1D: 11 bufs 88.000 MB] [1D-247: 33 bufs 0.516 MB] [2D-248: 22 bufs 8.078 MB] | Total: 96.594 MB
02-01 10:53:08.167  1681 26849 I HYPER-HAL: [RequestManager.cpp]releaseLocked(): Released ID : 23341558
02-01 10:53:08.168  1681 26850 I HYPER-HAL: [RequestManager.cpp]releaseLocked(): Released ID : 23348392
02-01 10:53:08.286  1784  1824 E HeatmapThread: ECT Thread time in milliseconds: 1769932388
02-01 10:53:08.289  1784  1824 D HeatmapThread: !@ batteryplugType : 2
02-01 10:53:08.290  1784  1824 D HeatmapThread: !@ batteryLevel : 67  batteryTemperature : 320 
02-01 10:53:08.290  1784  1824 D HeatmapThread: !@ Heatmap currtime: 29498873
02-01 10:53:08.290  1784  1824 D HeatmapThread: !@ Heatmap prevtime: 29498854
02-01 10:53:08.290  1784  1824 D HeatmapThread: !@ Heatmap plugstarttime: 29498866
02-01 10:53:08.290  1784  1824 D HeatmapThread: !@ Heatmap prevv_dsoh_update_time: 29498734
02-01 10:53:08.290  1784  1824 E HeatmapThread: !@ CAM New BSOH: 100
02-01 10:53:08.314  1667  5296 I vendor.qti.bluetooth@1.1-ibs_handler: ProcessIbsCmd: Received IBS_WAKE_IND: 0xFD
02-01 10:53:08.314  1667  5296 D vendor.qti.bluetooth@1.1-ibs_handler: SerialClockVote: vote for UART CLK ON
02-01 10:53:08.314  1667  5296 D vendor.qti.bluetooth@1.1-wake_lock: Acquire wakelock is acquired 
02-01 10:53:08.314  1667  5296 I vendor.qti.bluetooth@1.1-ibs_handler: ProcessIbsCmd: Writing IBS_WAKE_ACK
02-01 10:53:08.324  4195  5368 I ScanController: onScanResult to scannerId: 5- eventType=0x10, addressType=1, address=XX:XX:XX:XX:E5:E7, primaryPhy=1, secondaryPhy=0, advertisingSid=0xff, txPower=127, rssi=-88, periodicAdvInt=0x0
02-01 10:53:08.365  1667  5296 I vendor.qti.bluetooth@1.1-ibs_handler: ProcessIbsCmd: Received IBS_SLEEP_IND: 0xFE
02-01 10:53:08.366  1667  5296 D vendor.qti.bluetooth@1.1-ibs_handler: SerialClockVote: vote for UART CLK OFF
02-01 10:53:08.516  1667  4650 D vendor.qti.bluetooth@1.1-wake_lock: Release wakelock is released 
02-01 10:53:08.596  1166  1166 D io_stats: !@   8,0 r 1193229 26692412 w 497890 10259124 d 56720 8956308 f 18287 47914 iot 275692 0 th 0 0 0 pt 0 inp 0 0 7868.920
02-01 10:53:09.182  1674 26724 I sensors-hal: handle_sns_std_sensor_event:409, [SSC_LIGHT] P: 413(413),c:190,b:109,m:13,cl:56,l:474,s:395,l0:76704,l1:224,s0:57000,s1:0,acl:1,opr:0.93,f(r):94,u(bl):100,if:0,wi:0,si:0,po:0(N:0)
02-01 10:53:09.287  1784  1824 E HeatmapThread: ECT Thread time in milliseconds: 1769932389
02-01 10:53:09.290  1784  1824 D HeatmapThread: !@ batteryplugType : 2
02-01 10:53:09.290  1784  1824 D HeatmapThread: !@ batteryLevel : 67  batteryTemperature : 320 
02-01 10:53:09.290  1784  1824 D HeatmapThread: !@ Heatmap currtime: 29498873
02-01 10:53:09.290  1784  1824 D HeatmapThread: !@ Heatmap prevtime: 29498854
02-01 10:53:09.290  1784  1824 D HeatmapThread: !@ Heatmap plugstarttime: 29498866
02-01 10:53:09.290  1784  1824 D HeatmapThread: !@ Heatmap prevv_dsoh_update_time: 29498734
02-01 10:53:09.291  1784  1824 E HeatmapThread: !@ CAM New BSOH: 100
02-01 10:53:09.338  2178  2178 I CNSS    : /sys/wifi/max_chipset_log_size doesn't exist
02-01 10:53:09.342  1674 26724 I sensors-hal: handle_sns_std_sensor_event:409, [SSC_LIGHT] P: 509(509),c:190,b:109,m:13,cl:56,l:514,s:503,l0:82336,l1:256,s0:72500,s1:0,acl:1,opr:0.93,f(r):94,u(bl):100,if:0,wi:0,si:0,po:0(N:0)
02-01 10:53:09.343  2639  6374 D SemWifiUsabilityStatsMonitor: onWifiUsabilityStats - seqNum 1130, isSameBssidAndFreq true
02-01 10:53:09.345  2639  3816 E SemWifiLinkQualityMonitor: Too old or invalid TMI: currentTime=1769932389345 lastDateWindow=1769926059000
02-01 10:53:09.346  2639  3817 D SemInsManager: {"bssid": "98d02d565500","rssi": -56.0,"latency": 0.0,"outage_count": 3,"lq_callback_triggered": true,"outage_log": "Unreliable statistics: -56.0 / 7 / 374 / 99 / 1 || 98d02d565500: 0.000 / 0.000 / @ || N N / 3 0 / N 2.0 / Y X 0 / 7869667 0 || 2026-02-01 09:07:39  / 0: 0 0 0 0 0 0 / 0: 0 0 0 0 0 0 / 0: 0 0 0 0 0 0""Magnetic Sensor Events size": "0""Pressure Sensor Events size": "0"}
02-01 10:53:09.470  2639  3571 D InputReader: Btn_touch(5): value=1 when=7869.792914
02-01 10:53:09.470  2639  3571 I InputReader: Touch event's action is 0x0 (id=6, t=0) [pCnt=1, s=0.2143 ] when=7869.792914
02-01 10:53:09.473  2639  3570 I InputDispatcher: Delivering touch to (3969): action: 0x4, f=0x0, d=0, '606f506', t=1 
02-01 10:53:09.473  1795  1914 I VSyncReactor: Current= 120, Period= 120, Distance= 0
02-01 10:53:09.473  2639  3570 I InputDispatcher: Delivering touch to (25313): action: 0x0, f=0x0, d=0, 'fe32360', t=1 
02-01 10:53:09.474 25313 25313 I VRI[MainActivity]@2799f58: ViewPostIme pointer 0
02-01 10:53:09.474  4589  4589 I HoneySpace.GestureInputHandler: inputConsumers = [com.honeyspace.gesture.inputconsumer.InputConsumer$Companion$NO_OP$1@e9f927c]
02-01 10:53:09.474  2639  3570 D PowerManagerService: [api] userActivityFromNative : touch displayId=0 eventTime=7869792
02-01 10:53:09.474  2639  2998 I GestureDetector: obtain mCurrentDownEvent. id: 14750027 caller: com.android.server.wm.SystemGesturesPointerEventListener.onPointerEvent:17 com.android.server.wm.PointerEventDispatcher.onInputEvent:51 android.view.InputEventReceiver.dispatchInputEvent:392 
02-01 10:53:09.474  4589  4589 I HoneySpace.InputSession: inputConsumers = NO_OP
02-01 10:53:09.475  2639  2998 I GestureDetector: obtain mCurrentDownEvent. id: 14750027 caller: com.android.server.wm.SystemPerformancePointerEventListener.onPointerEvent:13 com.android.server.wm.PointerEventDispatcher.onInputEvent:51 android.view.InputEventReceiver.dispatchInputEvent:392 
02-01 10:53:09.475  4589  4589 I HoneySpace.InputSession: open
02-01 10:53:09.478  6802  6802 I SemDvfsHyPerManager: acquire hyper - TATouchBoost/6802@30, type = -999
02-01 10:53:09.478  2639  2998 I GestureDetector: obtain mCurrentMotionEventRaw. action: 2 id: 991205967
02-01 10:53:09.478  2639  2998 I GestureDetector: obtain mCurrentMotionEventRaw. action: 2 id: 991205967
02-01 10:53:09.478  6802  6802 I SemDvfsHyPerManager: acquire hyper - TA_TOUCH_SHARE/6802@31, type = -999
02-01 10:53:09.478  1681  1818 I HYPER-HAL: [RequestManager.cpp]acquire(): Acquired ID : 23341558  [6802 / 30]    HINT :      list : [TABoost / 1] [TIMEOUT / 1500] 
02-01 10:53:09.479  1681  1818 I HYPER-HAL: [RequestManager.cpp]acquire(): Acquired ID : 23348392  [6802 / 31]    HINT : TA_TOUCH_SHARE    list : [TIMEOUT / 1500] 
02-01 10:53:09.481  1795  2237 I VSyncReactor: Current= 120, Period= 120, Distance= 120
02-01 10:53:09.492  1795  2147 I CompositionEngine: [setDisplaySize] size=(434, 42)
02-01 10:53:09.535  2639  3571 D InputReader: Btn_touch(5): value=0 when=7869.858083
02-01 10:53:09.535  2639  3571 I InputReader: Touch event's action is 0x1 (id=6, t=0) [pCnt=1, s=] when=7869.858083
02-01 10:53:09.535  2639  3570 I InputDispatcher: Delivering touch to (25313): action: 0x1, f=0x0, d=0, 'fe32360', t=1 
02-01 10:53:09.535 25313 25313 I VRI[MainActivity]@2799f58: ViewPostIme pointer 1
02-01 10:53:09.536  4589  4589 I HoneySpace.GestureInputHandler: reset
02-01 10:53:09.536  4589  4589 I HoneySpace.InputSession: close
02-01 10:53:09.592  1795  2147 I CompositionEngine: [setDisplaySize] size=(434, 42)
02-01 10:53:09.693  1795  2147 I CompositionEngine: [setDisplaySize] size=(434, 42)
02-01 10:53:09.774  2639  2998 I GestureDetector: handleMessage TAP
02-01 10:53:09.775  2639  2639 I GestureDetector: handleMessage TAP
02-01 10:53:09.794  1795  2147 I CompositionEngine: [setDisplaySize] size=(434, 42)
02-01 10:53:09.823  1674 26724 I sensors-hal: handle_sns_std_sensor_event:409, [SSC_LIGHT] P: 643(643),c:169,b:109,m:13,cl:54,l:717,s:611,l0:111488,l1:384,s0:88000,s1:0,acl:1,opr:0.42,f(r):94,u(bl):100,if:0,wi:0,si:0,po:0(N:0)
02-01 10:53:09.894  1795  2147 I CompositionEngine: [setDisplaySize] size=(434, 42)
02-01 10:53:09.982  1674 26724 I sensors-hal: handle_sns_std_sensor_event:409, [SSC_LIGHT] P: 789(789),c:169,b:109,m:13,cl:54,l:815,s:799,l0:125696,l1:448,s0:115000,s1:0,acl:1,opr:0.42,f(r):94,u(bl):100,if:0,wi:0,si:0,po:0(N:0)
02-01 10:53:10.000  1795  2147 I CompositionEngine: [setDisplaySize] size=(434, 42)
02-01 10:53:10.022  1674  3922 I sensors-hal: handle_sns_client_event:159, auto_rotation_event_2 event,0, duration,211, ts,8309418643550, ts_diff,547704
02-01 10:53:10.022  1674  3922 I sensors-hal: handle_sns_client_event:164, auto_rotation_debug_2 acc,-0.445,3.977,7.978, ar,0, ver,14, pedo,1,e,1,i,3
02-01 10:53:10.023  2639  2998 D WindowOrientationListener: onSensorChanged device orientation: 0
02-01 10:53:10.023  3969  3969 D AppController: AppControlSensorListener.onSensorChanged, Rotation: 0
02-01 10:53:10.024  3969  3969 D NavigationBar: onRotationProposal proposedRotation=-1, isValid=false, mNavBarWindowState=WINDOW_STATE_SHOWING, rotateSuggestionsDisabled=false, isRotateButtonVisible=false
02-01 10:53:10.026  3969  3969 D RotationButtonController: onRotationProposal unknown rotation
02-01 10:53:10.037  3969  3969 D NavigationBar: onRotationProposal proposedRotation=ROTATION_0, isValid=true, mNavBarWindowState=WINDOW_STATE_SHOWING, rotateSuggestionsDisabled=false, isRotateButtonVisible=false
02-01 10:53:10.038  3969  3969 D RotationButtonController: onRotationProposal rotation not changed
02-01 10:53:10.100  1795  2147 I CompositionEngine: [setDisplaySize] size=(434, 42)
02-01 10:53:10.168  2639  3571 D InputReader: Btn_touch(5): value=1 when=7870.491616
02-01 10:53:10.169  2639  3571 I InputReader: Touch event's action is 0x0 (id=6, t=0) [pCnt=1, s=0.2144 ] when=7870.491616
02-01 10:53:10.170  2639  3570 I InputDispatcher: Delivering touch to (3969): action: 0x4, f=0x0, d=0, '606f506', t=1 
02-01 10:53:10.170  2639  3570 I InputDispatcher: Delivering touch to (25313): action: 0x0, f=0x0, d=0, 'fe32360', t=1 
02-01 10:53:10.171  4589  4589 I HoneySpace.GestureInputHandler: inputConsumers = [com.honeyspace.gesture.inputconsumer.InputConsumer$Companion$NO_OP$1@e9f927c]
02-01 10:53:10.171 25313 25313 I VRI[MainActivity]@2799f58: ViewPostIme pointer 0
02-01 10:53:10.171  4589  4589 I HoneySpace.InputSession: inputConsumers = NO_OP
02-01 10:53:10.172  4589  4589 I HoneySpace.InputSession: open
02-01 10:53:10.172  2639  2998 I GestureDetector: obtain mCurrentDownEvent. id: 171994641 caller: com.android.server.wm.SystemGesturesPointerEventListener.onPointerEvent:17 com.android.server.wm.PointerEventDispatcher.onInputEvent:51 android.view.InputEventReceiver.dispatchInputEvent:392 
02-01 10:53:10.173  2639  2998 I GestureDetector: obtain mCurrentDownEvent. id: 171994641 caller: com.android.server.wm.SystemPerformancePointerEventListener.onPointerEvent:13 com.android.server.wm.PointerEventDispatcher.onInputEvent:51 android.view.InputEventReceiver.dispatchInputEvent:392 
02-01 10:53:10.174  6802  6802 I SemDvfsHyPerManager: acquire hyper - TATouchBoost/6802@30, type = -999
02-01 10:53:10.174  6802  6802 I SemDvfsHyPerManager: acquire hyper - TA_TOUCH_SHARE/6802@31, type = -999
02-01 10:53:10.174  1681  1818 I HYPER-HAL: [RequestManager.cpp]acquire(): Acquired ID : 23341558  [6802 / 30]    HINT :      list : [TABoost / 1] [TIMEOUT / 1500] 
02-01 10:53:10.174  1681  1818 I HYPER-HAL: [RequestManager.cpp]acquire(): Acquired ID : 23348392  [6802 / 31]    HINT : TA_TOUCH_SHARE    list : [TIMEOUT / 1500] 
02-01 10:53:10.177  2639  2998 I GestureDetector: obtain mCurrentMotionEventRaw. action: 2 id: 398094109
02-01 10:53:10.177  2639  2998 I GestureDetector: obtain mCurrentMotionEventRaw. action: 2 id: 398094109
02-01 10:53:10.194  2639  2639 I SemDvfsHyPerManager: acquire hyper - WM_SCROLL_DETECTED/2639@2, type = -999
02-01 10:53:10.195  1681  1818 I HYPER-HAL: [RequestManager.cpp]acquire(): Acquired ID : 3488763  [2639 / 2]    HINT :      list : [CoreNumBigMin / 3] 
02-01 10:53:10.201  1795  2147 I CompositionEngine: [setDisplaySize] size=(434, 42)
02-01 10:53:10.275  2639  3571 D InputReader: Btn_touch(5): value=0 when=7870.598752
02-01 10:53:10.275  2639  3571 I InputReader: Touch event's action is 0x1 (id=6, t=0) [pCnt=1, s=] when=7870.598752
02-01 10:53:10.276  2639  3570 I InputDispatcher: Delivering touch to (25313): action: 0x1, f=0x0, d=0, 'fe32360', t=1 
02-01 10:53:10.276 25313 25313 I VRI[MainActivity]@2799f58: ViewPostIme pointer 1
02-01 10:53:10.277  4589  4589 I HoneySpace.GestureInputHandler: reset
02-01 10:53:10.277  1674  3922 I sensors-hal: handle_sns_client_event:159, auto_rotation_event_2 event,255, duration,0, ts,8309673376518, ts_diff,697756
02-01 10:53:10.277  4589  4589 I HoneySpace.InputSession: close
02-01 10:53:10.277  1674  3922 I sensors-hal: handle_sns_client_event:164, auto_rotation_debug_2 acc,-1.737,3.106,11.031, ar,0, ver,14, pedo,1,e,1,i,3
02-01 10:53:10.278  2639  2639 I SemDvfsHyPerManager: acquire hyper - SMOOTH_SCROLL/2639@23, type = -999
02-01 10:53:10.278  6802  6802 I SemDvfsHyPerManager: acquire hyper - TATouchBoost/6802@30, type = -999
02-01 10:53:10.279  2639  2639 I SemDvfsHyPerManager: acquire hyper - GESTURE_DETECTED_HRR/2639@28, type = -999
02-01 10:53:10.279  3969  3969 D AppController: AppControlSensorListener.onSensorChanged, Rotation: -1
02-01 10:53:10.279  2639  2998 D WindowOrientationListener: onSensorChanged device orientation: -1
02-01 10:53:10.279  2639  2639 I SemDvfsHyPerManager: acquire hyper - GESTURE_DETECTED_HRR/2639@28, type = -999
02-01 10:53:10.280  3969  3969 D NavigationBar: onRotationProposal proposedRotation=-1, isValid=false, mNavBarWindowState=WINDOW_STATE_SHOWING, rotateSuggestionsDisabled=false, isRotateButtonVisible=false
02-01 10:53:10.280  1681  1818 I HYPER-HAL: [RequestManager.cpp]releaseLocked(): Released ID : 3488763
02-01 10:53:10.280  3969  3969 D RotationButtonController: onRotationProposal unknown rotation
02-01 10:53:10.280  1681  1818 I HYPER-HAL: [RequestManager.cpp]acquire(): Acquired ID : 3557806  [2639 / 28]    HINT : GESTURE_DETECTED_HRR    list : [TIMEOUT / 2092] 
02-01 10:53:10.280  6802  6802 I SemDvfsHyPerManager: acquire hyper - TA_TOUCH_SHARE/6802@31, type = -999
02-01 10:53:10.282  1681  1818 I HYPER-HAL: [RequestManager.cpp]acquire(): Acquired ID : 3557806  [2639 / 28]    HINT : GESTURE_DETECTED_HRR    list : [TIMEOUT / 2276] 
02-01 10:53:10.282  1681  1818 I HYPER-HAL: [RequestManager.cpp]acquire(): Acquired ID : 23341558  [6802 / 30]    HINT :      list : [TABoost / 1] [TIMEOUT / 1500] 
02-01 10:53:10.282  1681  1818 I HYPER-HAL: [RequestManager.cpp]acquire(): Acquired ID : 23348392  [6802 / 31]    HINT : TA_TOUCH_SHARE    list : [TIMEOUT / 1500] 
02-01 10:53:10.284  1784  1824 E HeatmapThread: ECT Thread time in milliseconds: 1769932390
02-01 10:53:10.288  1784  1824 D HeatmapThread: !@ batteryplugType : 2
02-01 10:53:10.289  1784  1824 D HeatmapThread: !@ batteryLevel : 67  batteryTemperature : 320 
02-01 10:53:10.289  1784  1824 D HeatmapThread: !@ Heatmap currtime: 29498873
02-01 10:53:10.289  1784  1824 D HeatmapThread: !@ Heatmap prevtime: 29498854
02-01 10:53:10.289  1784  1824 D HeatmapThread: !@ Heatmap plugstarttime: 29498866
02-01 10:53:10.289  1784  1824 D HeatmapThread: !@ Heatmap prevv_dsoh_update_time: 29498734
02-01 10:53:10.290  1784  1824 E HeatmapThread: !@ CAM New BSOH: 100
02-01 10:53:10.319  1674  3922 I sensors-hal: handle_sns_client_event:159, auto_rotation_event_2 event,0, duration,0, ts,8309715638862, ts_diff,456819
02-01 10:53:10.319  1674  3922 I sensors-hal: handle_sns_client_event:164, auto_rotation_debug_2 acc,-1.914,3.163,9.839, ar,0, ver,14, pedo,1,e,1,i,3
02-01 10:53:10.320  2639  2998 D WindowOrientationListener: onSensorChanged device orientation: 0
02-01 10:53:10.321  3969  3969 D AppController: AppControlSensorListener.onSensorChanged, Rotation: 0
02-01 10:53:10.321  3969  3969 D NavigationBar: onRotationProposal proposedRotation=-1, isValid=false, mNavBarWindowState=WINDOW_STATE_SHOWING, rotateSuggestionsDisabled=false, isRotateButtonVisible=false
02-01 10:53:10.321  3969  3969 D RotationButtonController: onRotationProposal unknown rotation
02-01 10:53:10.322  3939  4624 D SatelliteController: isInCarrierRoamingNbIotNtn: satellite is disabled
02-01 10:53:10.462  1674 26724 I sensors-hal: handle_sns_std_sensor_event:409, [SSC_LIGHT] P: 711(711),c:169,b:109,m:13,cl:54,l:681,s:694,l0:106304,l1:416,s0:100000,s1:0,acl:1,opr:0.42,f(r):94,u(bl):100,if:0,wi:0,si:0,po:0(N:0)
02-01 10:53:10.598  1166  1166 D io_stats: !@ Write_top(KB): appmanager:auth(30148) 16 jbd2/sda9-8(1053) 8 kworker/u16:1(24683) 4
02-01 10:53:10.622  1674 26724 I sensors-hal: handle_sns_std_sensor_event:409, [SSC_LIGHT] P: 618(618),c:169,b:109,m:13,cl:54,l:550,s:583,l0:87328,l1:352,s0:84000,s1:0,acl:1,opr:0.42,f(r):94,u(bl):100,if:0,wi:0,si:0,po:0(N:0)
02-01 10:53:10.782  1674 26724 I sensors-hal: handle_sns_std_sensor_event:409, [SSC_LIGHT] P: 511(511),c:169,b:109,m:13,cl:54,l:497,s:500,l0:79712,l1:320,s0:72000,s1:0,acl:1,opr:0.42,f(r):94,u(bl):100,if:0,wi:0,si:0,po:0(N:0)
02-01 10:53:10.872  4426  4426 I wpa_supplicant: Heartbeat 823
02-01 10:53:10.909  2639  3571 D InputReader: Btn_touch(5): value=1 when=7871.232173
02-01 10:53:10.909  2639  3571 I InputReader: Touch event's action is 0x0 (id=6, t=0) [pCnt=1, s=0.2145 ] when=7871.232173
02-01 10:53:10.911  2639  3570 I InputDispatcher: Delivering touch to (3969): action: 0x4, f=0x0, d=0, '606f506', t=1 
02-01 10:53:10.911  2639  3570 I InputDispatcher: Delivering touch to (25313): action: 0x0, f=0x0, d=0, 'fe32360', t=1 
02-01 10:53:10.911  2639  3570 D PowerManagerService: [api] userActivityFromNative : touch displayId=0 eventTime=7871232
02-01 10:53:10.912  4589  4589 I HoneySpace.GestureInputHandler: inputConsumers = [com.honeyspace.gesture.inputconsumer.InputConsumer$Companion$NO_OP$1@e9f927c]
02-01 10:53:10.912 25313 25313 I VRI[MainActivity]@2799f58: ViewPostIme pointer 0
02-01 10:53:10.912  4589  4589 I HoneySpace.InputSession: inputConsumers = NO_OP
02-01 10:53:10.913  4589  4589 I HoneySpace.InputSession: open
02-01 10:53:10.913  2639  2998 I GestureDetector: obtain mCurrentDownEvent. id: 322610980 caller: com.android.server.wm.SystemGesturesPointerEventListener.onPointerEvent:17 com.android.server.wm.PointerEventDispatcher.onInputEvent:51 android.view.InputEventReceiver.dispatchInputEvent:392 
02-01 10:53:10.913  2639  2998 I GestureDetector: obtain mCurrentDownEvent. id: 322610980 caller: com.android.server.wm.SystemPerformancePointerEventListener.onPointerEvent:13 com.android.server.wm.PointerEventDispatcher.onInputEvent:51 android.view.InputEventReceiver.dispatchInputEvent:392 
02-01 10:53:10.915  6802  6802 I SemDvfsHyPerManager: acquire hyper - TATouchBoost/6802@30, type = -999
02-01 10:53:10.916  6802  6802 I SemDvfsHyPerManager: acquire hyper - TA_TOUCH_SHARE/6802@31, type = -999
02-01 10:53:10.916  1681  1818 I HYPER-HAL: [RequestManager.cpp]acquire(): Acquired ID : 23341558  [6802 / 30]    HINT :      list : [TABoost / 1] [TIMEOUT / 1500] 
02-01 10:53:10.916  1681  1818 I HYPER-HAL: [RequestManager.cpp]acquire(): Acquired ID : 23348392  [6802 / 31]    HINT : TA_TOUCH_SHARE    list : [TIMEOUT / 1500] 
02-01 10:53:10.917  2639  2998 I GestureDetector: obtain mCurrentMotionEventRaw. action: 2 id: 902160680
02-01 10:53:10.917  2639  2998 I GestureDetector: obtain mCurrentMotionEventRaw. action: 2 id: 902160680
02-01 10:53:10.921  1795  1914 I VSyncReactor: Current= 120, Period= 120, Distance= 1
02-01 10:53:10.929  1795  1914 I VSyncReactor: Current= 120, Period= 120, Distance= 120
02-01 10:53:10.932  1795  2147 I CompositionEngine: [setDisplaySize] size=(434, 42)
02-01 10:53:10.974  2639  3571 D InputReader: Btn_touch(5): value=0 when=7871.297952
02-01 10:53:10.975  2639  3571 I InputReader: Touch event's action is 0x1 (id=6, t=0) [pCnt=1, s=] when=7871.297952
02-01 10:53:10.975  2639  3570 I InputDispatcher: Delivering touch to (25313): action: 0x1, f=0x0, d=0, 'fe32360', t=1 
02-01 10:53:10.975 25313 25313 I VRI[MainActivity]@2799f58: ViewPostIme pointer 1
02-01 10:53:10.976  4589  4589 I HoneySpace.GestureInputHandler: reset
02-01 10:53:10.976  4589  4589 I HoneySpace.InputSession: close
02-01 10:53:11.033  1795  2147 I CompositionEngine: [setDisplaySize] size=(434, 42)
02-01 10:53:11.033  2639  7175 D CoreBackPreview: Window{fe32360 u0 com.example.voxmatrix/com.example.voxmatrix.MainActivity}: Setting back callback OnBackInvokedCallbackInfo{mCallback=android.window.IOnBackInvokedCallback$Stub$Proxy@74e0ff7, mPriority=0, mIsAnimationCallback=true, mOverrideBehavior=0}
02-01 10:53:11.133  1795  2147 I CompositionEngine: [setDisplaySize] size=(434, 42)
02-01 10:53:11.214  2639  2998 I GestureDetector: handleMessage TAP
02-01 10:53:11.214  2639  2639 I GestureDetector: handleMessage TAP
02-01 10:53:11.233  1795  2147 I CompositionEngine: [setDisplaySize] size=(434, 42)
02-01 10:53:11.262  1674 26724 I sensors-hal: handle_sns_std_sensor_event:409, [SSC_LIGHT] P: 624(624),c:44,b:109,m:13,cl:14,l:649,s:614,l0:95968,l1:384,s0:88500,s1:0,acl:1,opr:0.45,f(r):94,u(bl):100,if:0,wi:0,si:0,po:0(N:0)
02-01 10:53:11.285  1784  1824 E HeatmapThread: ECT Thread time in milliseconds: 1769932391
02-01 10:53:11.288  1784  1824 D HeatmapThread: !@ batteryplugType : 2
02-01 10:53:11.288  1784  1824 D HeatmapThread: !@ batteryLevel : 67  batteryTemperature : 320 
02-01 10:53:11.288  1784  1824 D HeatmapThread: !@ Heatmap currtime: 29498873
02-01 10:53:11.288  1784  1824 D HeatmapThread: !@ Heatmap prevtime: 29498854
02-01 10:53:11.289  1784  1824 D HeatmapThread: !@ Heatmap plugstarttime: 29498866
02-01 10:53:11.289  1784  1824 D HeatmapThread: !@ Heatmap prevv_dsoh_update_time: 29498734
02-01 10:53:11.289  1784  1824 E HeatmapThread: !@ CAM New BSOH: 100
02-01 10:53:11.333  1795  2147 I CompositionEngine: [setDisplaySize] size=(434, 42)
02-01 10:53:11.422  1674 26724 I sensors-hal: handle_sns_std_sensor_event:409, [SSC_LIGHT] P: 694(694),c:21,b:109,m:13,cl:6,l:705,s:690,l0:102912,l1:384,s0:99500,s1:0,acl:1,opr:0.28,f(r):94,u(bl):100,if:0,wi:0,si:0,po:0(N:0)
02-01 10:53:11.434  1795  2147 I CompositionEngine: [setDisplaySize] size=(434, 42)
02-01 10:53:11.541  1795  2147 I CompositionEngine: [setDisplaySize] size=(434, 42)
02-01 10:53:11.641  1795  2147 I CompositionEngine: [setDisplaySize] size=(434, 42)
02-01 10:53:11.673  1667  5296 I vendor.qti.bluetooth@1.1-ibs_handler: ProcessIbsCmd: Received IBS_WAKE_IND: 0xFD
02-01 10:53:11.673  1667  5296 D vendor.qti.bluetooth@1.1-ibs_handler: SerialClockVote: vote for UART CLK ON
02-01 10:53:11.673  1667  5296 D vendor.qti.bluetooth@1.1-wake_lock: Acquire wakelock is acquired 
02-01 10:53:11.674  1667  5296 I vendor.qti.bluetooth@1.1-ibs_handler: ProcessIbsCmd: Writing IBS_WAKE_ACK
02-01 10:53:11.684  4195  5368 I ScanController: onScanResult to scannerId: 5- eventType=0x10, addressType=1, address=XX:XX:XX:XX:AD:A0, primaryPhy=1, secondaryPhy=0, advertisingSid=0xff, txPower=127, rssi=-99, periodicAdvInt=0x0
02-01 10:53:11.687  4753 27001 I NearbyMediums: This GATT advertisement BleAdvertisement { version=2, socketVersion=2, isFast=true, serviceIdHash=null, data=[ 0x23 0x52 0x39 0x57 0x44 0x11 0x16 0x3d 0xc1 0x70 0x4d 0x38 0x86 0x13 0x76 0xac 0x7a 0x5d 0x7c 0x44 0xa3 0xb4 0x05 ], deviceToken=[ 0x01 0x6c ], rxAdvertisement=null } is a Fast Advertisement and matched UUID 0000fef3-0000-1000-8000-00805f9b34fb in fastAdvertisementServiceUuids map with serviceID NearbySharing
02-01 10:53:11.688  4753 26893 I NearbyConnections: Found BleAdvertisement [ 0x23 0x52 0x39 0x57 0x44 0x11 0x16 0x3d 0xc1 0x70 0x4d 0x38 0x86 0x13 0x76 0xac 0x7a 0x5d 0x7c 0x44 0xa3 0xb4 0x05 ] (with EndpointId R9WD and EndpointInfo [ 0x16 0x3d 0xc1 0x70 0x4d 0x38 0x86 0x13 0x76 0xac 0x7a 0x5d 0x7c 0x44 0xa3 0xb4 0x05 ])
02-01 10:53:11.689  4753 26893 I NearbyConnections: ClientProxy(102935568 0p:com.google.android.gms.nearby.sharing) reporting onEndpointFound(R9WD)
02-01 10:53:11.690  4753 26893 I NearbyConnections: ClientProxy(102935568) reporting onEndpointDistanceChanged(R9WD, UNKNOWN)
02-01 10:53:11.690  4753 26986 I NearbySharing: NearbySharing Internal event EndpointDiscovered(endpointId=R9WD)
02-01 10:53:11.709  4195  5368 I ScanController: onScanResult to scannerId: 5- eventType=0x0, addressType=1, address=XX:XX:XX:XX:EC:94, primaryPhy=1, secondaryPhy=1, advertisingSid=0x0, txPower=127, rssi=-80, periodicAdvInt=0x0
02-01 10:53:11.735  4195  5368 I ScanController: onScanResult to scannerId: 5- eventType=0x10, addressType=1, address=XX:XX:XX:XX:E5:E7, primaryPhy=1, secondaryPhy=0, advertisingSid=0xff, txPower=127, rssi=-94, periodicAdvInt=0x0
02-01 10:53:11.741  1795  2147 I CompositionEngine: [setDisplaySize] size=(434, 42)
02-01 10:53:11.775  1667  5296 I vendor.qti.bluetooth@1.1-ibs_handler: ProcessIbsCmd: Received IBS_SLEEP_IND: 0xFE
02-01 10:53:11.775  1667  5296 D vendor.qti.bluetooth@1.1-ibs_handler: SerialClockVote: vote for UART CLK OFF
02-01 10:53:11.858  2639  3571 D InputReader: Btn_touch(5): value=1 when=7872.181112
02-01 10:53:11.858  2639  3571 I InputReader: Touch event's action is 0x0 (id=6, t=0) [pCnt=1, s=0.2146 ] when=7872.181112
02-01 10:53:11.860  2639  3570 I InputDispatcher: Delivering touch to (3969): action: 0x4, f=0x0, d=0, '606f506', t=1 
02-01 10:53:11.861  2639  3570 I InputDispatcher: Delivering touch to (25313): action: 0x0, f=0x0, d=0, 'fe32360', t=1 
02-01 10:53:11.862  4589  4589 I HoneySpace.GestureInputHandler: inputConsumers = [com.honeyspace.gesture.inputconsumer.InputConsumer$Companion$NO_OP$1@e9f927c]
02-01 10:53:11.862 25313 25313 I VRI[MainActivity]@2799f58: ViewPostIme pointer 0
02-01 10:53:11.862  4589  4589 I HoneySpace.InputSession: inputConsumers = NO_OP
02-01 10:53:11.862  4589  4589 I HoneySpace.InputSession: open
02-01 10:53:11.863  2639  2998 I GestureDetector: obtain mCurrentDownEvent. id: 902340882 caller: com.android.server.wm.SystemGesturesPointerEventListener.onPointerEvent:17 com.android.server.wm.PointerEventDispatcher.onInputEvent:51 android.view.InputEventReceiver.dispatchInputEvent:392 
02-01 10:53:11.863  2639  2998 I GestureDetector: obtain mCurrentDownEvent. id: 902340882 caller: com.android.server.wm.SystemPerformancePointerEventListener.onPointerEvent:13 com.android.server.wm.PointerEventDispatcher.onInputEvent:51 android.view.InputEventReceiver.dispatchInputEvent:392 
02-01 10:53:11.864  6802  6802 I SemDvfsHyPerManager: acquire hyper - TATouchBoost/6802@30, type = -999
02-01 10:53:11.864  6802  6802 I SemDvfsHyPerManager: acquire hyper - TA_TOUCH_SHARE/6802@31, type = -999
02-01 10:53:11.864  1681  1818 I HYPER-HAL: [RequestManager.cpp]acquire(): Acquired ID : 23341558  [6802 / 30]    HINT :      list : [TABoost / 1] [TIMEOUT / 1500] 
02-01 10:53:11.865  3969  3969 D NavBarStateManager: NavBarStates(0) isBlockingGestureOnGame: false
02-01 10:53:11.865  1681  1818 I HYPER-HAL: [RequestManager.cpp]acquire(): Acquired ID : 23348392  [6802 / 31]    HINT : TA_TOUCH_SHARE    list : [TIMEOUT / 1500] 
02-01 10:53:11.866  2639  2998 I GestureDetector: obtain mCurrentMotionEventRaw. action: 2 id: 431223328
02-01 10:53:11.866  2639  2998 I GestureDetector: obtain mCurrentMotionEventRaw. action: 2 id: 431223328
02-01 10:53:11.875  2639  2639 I SemDvfsHyPerManager: acquire hyper - WM_SCROLL_DETECTED/2639@2, type = -999
02-01 10:53:11.875  1681  1818 I HYPER-HAL: [RequestManager.cpp]acquire(): Acquired ID : 3488763  [2639 / 2]    HINT :      list : [CoreNumBigMin / 3] 
02-01 10:53:11.880  2639  7175 D CoreBackPreview: startBackNavigation currentTask=Task{c940313 #46 type=standard I=com.example.voxmatrix/.MainActivity}, topRunningActivity=ActivityRecord{192299853 u0 com.example.voxmatrix/.MainActivity t46}, callbackInfo=OnBackInvokedCallbackInfo{mCallback=android.window.IOnBackInvokedCallback$Stub$Proxy@74e0ff7, mPriority=0, mIsAnimationCallback=true, mOverrideBehavior=0}, currentFocus=Window{fe32360 u0 com.example.voxmatrix/com.example.voxmatrix.MainActivity}
02-01 10:53:11.881  3969  4051 D ShellBackPreview: Received backNavigationInfo:BackNavigationInfo{mType=TYPE_CALLBACK (4), mOnBackNavigationDone=android.os.RemoteCallback@4c407c8, mOnBackInvokedCallback=android.window.IOnBackInvokedCallback$Stub$Proxy@e867061, mPrepareRemoteAnimation=false, mAnimationCallback=true, mCustomizeAnimationInfo=null}
02-01 10:53:11.881  3969  4051 I ShellBackPreview: dispatchOnBackStarted, caller=com.android.wm.shell.back.BackAnimationController.onBackNavigationInfoReceived:134 com.android.wm.shell.back.BackAnimationController.onGestureStarted:140 com.android.wm.shell.back.BackAnimationController$BackAnimationImpl$$ExternalSyntheticLambda2.run:135 
02-01 10:53:11.885  2639  7175 I InputDispatcher: Channel [Gesture Monitor] edge-swipe is stealing input gesture for device 6 from [fe32360 com.example.voxmatrix/com.example.voxmatrix.MainActivity, [Gesture Monitor] secinputdev, [Gesture Monitor] PalmMotion, [Gesture Monitor] swipe-up]
02-01 10:53:11.885  2639  7175 D InputDispatcher: Cancel for 'fe32360': input channel stole pointer stream, m=1
02-01 10:53:11.885  2639  7175 I InputDispatcher: Delivering touch to (25313): action: 0x3, f=0x20, d=0, 'fe32360', t=1 
02-01 10:53:11.885  4589  4589 I HoneySpace.GestureInputHandler: reset
02-01 10:53:11.885  4589  4589 I HoneySpace.InputSession: close
02-01 10:53:11.887  3969  3969 D BackPanelController: updateArrowState: GONE -> ENTRY
02-01 10:53:11.887  3969  3969 D EdgeBackGestureHandler: setTriggerBack: triggerBack : false
02-01 10:53:11.888  2639  7175 I WindowManager: Relayout Window{1e56e66 u0 BackPanelController}: viewVisibility=0 req=295x754 ty=2024 d0
02-01 10:53:11.889  1795  1914 I SurfaceFlinger: id=4298 createSurf, flag=44004, BackPanelController$_3969#4298
02-01 10:53:11.889  2639  7175 D WindowManager: makeSurface duration=1 name=BackPanelController$_3969
02-01 10:53:11.890  2639  7175 D SurfaceComposerClient: setCornerRadius ## fe32360 com.example.voxmatrix/com.example.voxmatrix.MainActivity#4107 cornerRadius=0.000000
02-01 10:53:11.890  2639  7175 D SurfaceComposerClient: setCornerRadius ## fe32360 com.example.voxmatrix/com.example.voxmatrix.MainActivity#4107 cornerRadius=0.000000
02-01 10:53:11.892  2639  7175 I WindowManager: Relayout hash=1e56e66, pid=3969, syncId=-1: mAttrs={(0,1086)(295x754) gr=TOP RIGHT CENTER sim={adjust=pan} ty=NAVIGATION_BAR_PANEL fmt=TRANSLUCENT
02-01 10:53:11.892  2639  7175 I WindowManager:   fl=1000118
02-01 10:53:11.892  2639  7175 I WindowManager:   pfl=30200010
02-01 10:53:11.892  2639  7175 I WindowManager:   bhv=1
02-01 10:53:11.892  2639  7175 I WindowManager:   frameRateBoostOnTouch=true
02-01 10:53:11.892  2639  7175 I WindowManager:   dvrrWindowFrameRateHint=true naviIconColor=0}
02-01 10:53:11.893  3969  3969 I BufferQueueProducer: [](id:f81000000f4,api:0,p:1988774512,c:3969) setDequeueTimeout:2077252342
02-01 10:53:11.893  3969  3969 I BLASTBufferQueue_Java: new BLASTBufferQueue, mName= VRI[EdgeBackGestureHandler0]@5f9872e mNativeObject= 0xb4000075c6a2acc0 caller= android.view.ViewRootImpl.updateBlastSurfaceIfNeeded:3585 android.view.ViewRootImpl.relayoutWindow:11685 android.view.ViewRootImpl.performTraversals:4804 android.view.ViewRootImpl.doTraversal:3924 android.view.ViewRootImpl$TraversalRunnable.run:12903 android.view.Choreographer$CallbackRecord.run:1901 android.view.Choreographer$CallbackRecord.run:1910 android.view.Choreographer.doCallbacks:1367 android.view.Choreographer.doFrame:1292 android.view.Choreographer$FrameDisplayEventReceiver.run:1870 
02-01 10:53:11.893  3969  3969 I BLASTBufferQueue_Java: update, w= 295 h= 754 mName = VRI[EdgeBackGestureHandler0]@5f9872e mNativeObject= 0xb4000075c6a2acc0 sc.mNativeObject= 0xb400007766879310 format= -3 caller= android.view.ViewRootImpl.updateBlastSurfaceIfNeeded:3590 android.view.ViewRootImpl.relayoutWindow:11685 android.view.ViewRootImpl.performTraversals:4804 android.view.ViewRootImpl.doTraversal:3924 android.view.ViewRootImpl$TraversalRunnable.run:12903 android.view.Choreographer$CallbackRecord.run:1901 
02-01 10:53:11.894  3969  3969 I VRI[EdgeBackGestureHandler0]@5f9872e: Relayout returned: old=(0,1058,295,1812) new=(785,1086,1080,1840) relayoutAsync=false req=(295,754)0 dur=4 res=0x3 s={true 0xb4000075d6ab0d40} ch=true seqId=0
02-01 10:53:11.895  1795  1795 I SurfaceFlinger: [BackPanelController$_3969#4298] attach to parent LayerHierarchy{RequestedLayerState{1e56e66 EdgeBackGestureHandler0#91 parentId=90} 1 children}
02-01 10:53:11.895  3969  3969 D VRI[EdgeBackGestureHandler0]@5f9872e: mThreadedRenderer.initialize() mSurface={isValid=true 0xb4000075d6ab0d40} hwInitialized=true
02-01 10:53:11.895  3969  3969 D VRI[EdgeBackGestureHandler0]@5f9872e: reportNextDraw android.view.ViewRootImpl.performTraversals:5443 android.view.ViewRootImpl.doTraversal:3924 android.view.ViewRootImpl$TraversalRunnable.run:12903 android.view.Choreographer$CallbackRecord.run:1901 android.view.Choreographer$CallbackRecord.run:1910 
02-01 10:53:11.895  3969  3969 D VRI[EdgeBackGestureHandler0]@5f9872e: Setup new sync=wmsSync-VRI[EdgeBackGestureHandler0]@5f9872e#57
02-01 10:53:11.895  3969  3969 I VRI[EdgeBackGestureHandler0]@5f9872e: Creating new active sync group VRI[EdgeBackGestureHandler0]@5f9872e#58
02-01 10:53:11.895  3969  3969 D VRI[EdgeBackGestureHandler0]@5f9872e: Start draw after previous draw not visible
02-01 10:53:11.898  3969  3969 D VRI[EdgeBackGestureHandler0]@5f9872e: registerCallbacksForSync syncBuffer=false
02-01 10:53:11.898  3969  4164 D VRI[EdgeBackGestureHandler0]@5f9872e: Received frameDrawingCallback syncResult=0 frameNum=1.
02-01 10:53:11.898  3969  4166 W qdgralloc: getInterlacedFlag: getMetaData returned 3, defaulting to interlaced_flag = 0
02-01 10:53:11.898  3969  4164 I VRI[EdgeBackGestureHandler0]@5f9872e: mWNT: t=0xb40000774690fe90 mBlastBufferQueue=0xb4000075c6a2acc0 fn= 1 HdrRenderState mRenderHdrSdrRatio=1.0 caller= android.view.ViewRootImpl$12.onFrameDraw:15441 android.view.ThreadedRenderer$1.onFrameDraw:718 <bottom of call stack> 
02-01 10:53:11.898  3969  4164 I VRI[EdgeBackGestureHandler0]@5f9872e: Setting up sync and frameCommitCallback
02-01 10:53:11.899  3969  4166 I BLASTBufferQueue: [VRI[EdgeBackGestureHandler0]@5f9872e#244](f:0,a:0,s:0) onFrameAvailable the first frame is available
02-01 10:53:11.899  3969  4166 I SurfaceComposerClient: apply transaction with the first frame. layerId: 4298, bufferData(ID: 17046725199945, frameNumber: 1)
02-01 10:53:11.900  3969  4166 I VRI[EdgeBackGestureHandler0]@5f9872e: Received frameCommittedCallback lastAttemptedDrawFrameNum=1 didProduceBuffer=true
02-01 10:53:11.900  1795  2147 I CompositionEngine: [setDisplaySize] size=(434, 42)
02-01 10:53:11.900  3969  3969 D VRI[EdgeBackGestureHandler0]@5f9872e: reportDrawFinished seqId=0
02-01 10:53:11.900  1795  2237 I SurfaceFlinger: [BackPanelController$_3969#4298] setTransactionState with the first frame. bufferData(ID: 17046725199945, frameNumber: 1)
02-01 10:53:11.901  2639  7175 D WindowManager: finishDrawingWindow: Window{1e56e66 u0 BackPanelController} mDrawState=DRAW_PENDING seqId=0
02-01 10:53:11.901  2639  3002 D SurfaceComposerClient: setCornerRadius ## fe32360 com.example.voxmatrix/com.example.voxmatrix.MainActivity#4107 cornerRadius=0.000000
02-01 10:53:11.901  2639  3002 V WindowManager: performShowLocked: mDrawState=HAS_DRAWN in Window{1e56e66 u0 BackPanelController}
02-01 10:53:11.901  2639  3002 D SurfaceComposerClient: setCornerRadius ## fe32360 com.example.voxmatrix/com.example.voxmatrix.MainActivity#4107 cornerRadius=0.000000
02-01 10:53:11.901  3969  4166 W qdgralloc: getInterlacedFlag: getMetaData returned 3, defaulting to interlaced_flag = 0
02-01 10:53:11.904  3969  4166 W qdgralloc: getInterlacedFlag: getMetaData returned 3, defaulting to interlaced_flag = 0
02-01 10:53:11.911  1795  1795 I SurfaceFlinger: RequestedLayer [BackPanelController$_3969#4298] hidden!! flag  from(1) --> to(0)
02-01 10:53:11.912  3969  4166 W qdgralloc: getInterlacedFlag: getMetaData returned 3, defaulting to interlaced_flag = 0
02-01 10:53:11.915  2639  2998 D WindowManager: requestTransientBars: swipeTarget=Window{606f506 u0 NavigationBar0}, controlTarget=Window{fe32360 u0 com.example.voxmatrix/com.example.voxmatrix.MainActivity}, canShowTransient=false, restorePositionTypes=0x3, from=com.android.server.wm.DisplayPolicy$1.onSwipeFromRight:81 com.android.server.wm.SystemGesturesPointerEventListener.onPointerEvent:553 
02-01 10:53:11.916  1795  1795 D SurfaceFlinger: Display 4630946315032985731 HWC layers:
02-01 10:53:11.916  1795  1795 D SurfaceFlinger:        DEVICE |          108718507163722 | 00000102 | RGBA_8888    |    0.0    0.0 1080.0 2340.0 |    0    0 1080 2340 | 70b609 SurfaceView[com.example.voxma[...]oxmatrix.MainActivity]@0(BLAST)#4262 (652)
02-01 10:53:11.916  1795  1795 D SurfaceFlinger:        DEVICE |          108718507163728 | 00002100 | RGBA_8888    |    0.0    0.0 1080.0 2340.0 |    0    0 1080 2340 | com.example.voxmatrix/com.example.voxmatrix.MainActivity$_25313#4258 (127)
02-01 10:53:11.916  1795  1795 D SurfaceFlinger:        DEVICE |           17046725199935 | 00002100 | RGBA_8888    |    0.0    0.0 1080.0   84.0 |    0    0 1080   84 | StatusBar$_3969#104 (7176)
02-01 10:53:11.916  1795  1795 D SurfaceFlinger:        DEVICE |           17046725199942 | 00002100 | RGBA_8888    |    0.0    0.0 1080.0  135.0 |    0 2205 1080 2340 | NavigationBar0$_3969#100 (7417)
02-01 10:53:11.916  1795  1795 D SurfaceFlinger:        DEVICE |           17046725199946 | 00002100 | RGBA_8888    |    0.0    0.0  295.0  754.0 |  785 1086 1080 1840 | BackPanelController$_3969#4298 (2)
02-01 10:53:11.916  1795  1795 D SurfaceFlinger: 
02-01 10:53:11.925  1667  4650 D vendor.qti.bluetooth@1.1-wake_lock: Release wakelock is released 
02-01 10:53:11.965  2639  3570 D PowerManagerService: [api] userActivityFromNative : touch displayId=0 eventTime=7872288
02-01 10:53:11.966  6802  6802 I SemDvfsHyPerManager: acquire hyper - TATouchBoost/6802@30, type = -999
02-01 10:53:11.967  6802  6802 I SemDvfsHyPerManager: acquire hyper - TA_TOUCH_SHARE/6802@31, type = -999
02-01 10:53:11.967  1681  1818 I HYPER-HAL: [RequestManager.cpp]acquire(): Acquired ID : 23341558  [6802 / 30]    HINT :      list : [TABoost / 1] [TIMEOUT / 1500] 
02-01 10:53:11.967  1681  1818 I HYPER-HAL: [RequestManager.cpp]acquire(): Acquired ID : 23348392  [6802 / 31]    HINT : TA_TOUCH_SHARE    list : [TIMEOUT / 1500] 
02-01 10:53:11.973  2639  3571 D InputReader: Btn_touch(5): value=0 when=7872.296883
02-01 10:53:11.973  2639  3571 I InputReader: Touch event's action is 0x1 (id=6, t=0) [pCnt=1, s=] when=7872.296883
02-01 10:53:11.974  3969  3969 D BackPanelController: updateArrowState: ENTRY -> FLUNG
02-01 10:53:11.974  3969  3969 D EdgeBackGestureHandler: triggerBack: mBackAnimation: com.android.wm.shell.back.BackAnimationController$BackAnimationImpl@24b9149, mDisplayId:0
02-01 10:53:11.974  2639  2639 I SemDvfsHyPerManager: acquire hyper - GESTURE_DETECTED_HRR/2639@28, type = -999
02-01 10:53:11.974  2639  2639 I SemDvfsHyPerManager: acquire hyper - SMOOTH_SCROLL/2639@23, type = -999
02-01 10:53:11.975  2639  2639 I SemDvfsHyPerManager: acquire hyper - GESTURE_DETECTED_HRR/2639@28, type = -999
02-01 10:53:11.975  3969  4051 D ShellBackPreview: Finishing gesture with event action: 1
