02-01 10:53:32.177  1795  1795 I SurfaceFlinger: setDisplayBrightness(4630946315032985731): displayBrightness: 0.090273, displayBrightnessNits: 178.414673, sdrWhitePointNits: 178.415817 , dimmingRatio: 1.000006
02-01 10:53:32.177  2639  3874 D LocalDisplayAdapter: surface lcd : 115(0.090), 115(0.090), main -
02-01 10:53:32.180  1777  1777 I SSC_DAEMON: handleSensorTestReqMsg:85, Sensor type :4, Msg type:11
02-01 10:53:32.180  1777  1777 I SSC_DAEMON: physicalSensorTestReqMsg:130, s:4, m:11
02-01 10:53:32.180  1709  1816 I SDM     : HWPeripheralDRM::SetPanelBrightnessWork: Setting brightness to level 1165 through sysfs node. primary(1), type_id(1)
02-01 10:53:32.183  1709 17893 I SDM     : DisplayBuiltIn::SetPanelBrightness: Setting brightness to level 1150 (9.027347 percent) primary(1) display(68)
02-01 10:53:32.184  2639  3874 D HdrSolution_HdrDisplayNitMapper: updataTargetNit--------------mLightSensorData: -1.0, scaleRatio: 1.13, target: 176.216->200
02-01 10:53:32.185  2639  3874 D LocalDisplayAdapter: surface lcd : 114(0.089), 114(0.089), main +
02-01 10:53:32.185  1795  1795 I SurfaceFlinger: setDisplayBrightness(4630946315032985731): displayBrightness: 0.089100, displayBrightnessNits: 175.421082, sdrWhitePointNits: 175.422256 , dimmingRatio: 1.000007
02-01 10:53:32.186  2639  3874 D LocalDisplayAdapter: surface lcd : 114(0.089), 114(0.089), main -
02-01 10:53:32.188  1777  4431 I SSC_DAEMON: light_event_log:172, light_msg(4/11): br 116 (lux 416,idx 0) - -1,-1,13
02-01 10:53:32.189  1777  1777 I SSC_DAEMON: handleSensorTestReqMsg:85, Sensor type :4, Msg type:11
02-01 10:53:32.189  1709  1816 I SDM     : HWPeripheralDRM::SetPanelBrightnessWork: Setting brightness to level 1150 through sysfs node. primary(1), type_id(1)
02-01 10:53:32.189  1777  1777 I SSC_DAEMON: physicalSensorTestReqMsg:130, s:4, m:11
02-01 10:53:32.190  1777  4431 I SSC_DAEMON: light_event_log:172, light_msg(4/11): br 115 (lux 416,idx 0) - -1,-1,13
02-01 10:53:32.191  1709 17893 I SDM     : DisplayBuiltIn::SetPanelBrightness: Setting brightness to level 1136 (8.909952 percent) primary(1) display(68)
02-01 10:53:32.192  2639  3874 D HdrSolution_HdrDisplayNitMapper: updataTargetNit--------------mLightSensorData: -1.0, scaleRatio: 1.16, target: 172.231->200
02-01 10:53:32.193  2639  3874 D LocalDisplayAdapter: surface lcd : 112(0.088), 112(0.088), main +
02-01 10:53:32.193  1795  1795 I SurfaceFlinger: setDisplayBrightness(4630946315032985731): displayBrightness: 0.087926, displayBrightnessNits: 172.440018, sdrWhitePointNits: 172.441147 , dimmingRatio: 1.000007
02-01 10:53:32.194  2639  3874 D LocalDisplayAdapter: surface lcd : 112(0.088), 112(0.088), main -
02-01 10:53:32.197  1777  1777 I SSC_DAEMON: handleSensorTestReqMsg:85, Sensor type :4, Msg type:11
02-01 10:53:32.197  1777  1777 I SSC_DAEMON: physicalSensorTestReqMsg:130, s:4, m:11
02-01 10:53:32.197  1709  1816 I SDM     : HWPeripheralDRM::SetPanelBrightnessWork: Setting brightness to level 1136 through sysfs node. primary(1), type_id(1)
02-01 10:53:32.198  1777  4431 I SSC_DAEMON: light_event_log:172, light_msg(4/11): br 113 (lux 416,idx 0) - -1,-1,13
02-01 10:53:32.199  1709 17893 I SDM     : DisplayBuiltIn::SetPanelBrightness: Setting brightness to level 1121 (8.792561 percent) primary(1) display(68)
02-01 10:53:32.200  2639  3874 D HdrSolution_HdrDisplayNitMapper: updataTargetNit--------------mLightSensorData: -1.0, scaleRatio: 1.17, target: 170.246->200
02-01 10:53:32.201  2639  3874 D LocalDisplayAdapter: surface lcd : 111(0.087), 111(0.087), main +
02-01 10:53:32.201  1795  1795 I SurfaceFlinger: setDisplayBrightness(4630946315032985731): displayBrightness: 0.086752, displayBrightnessNits: 169.469894, sdrWhitePointNits: 169.471054 , dimmingRatio: 1.000007
02-01 10:53:32.202  2639  3874 D LocalDisplayAdapter: surface lcd : 111(0.087), 111(0.087), main -
02-01 10:53:32.205  1777  1777 I SSC_DAEMON: handleSensorTestReqMsg:85, Sensor type :4, Msg type:11
02-01 10:53:32.205  1709  1816 I SDM     : HWPeripheralDRM::SetPanelBrightnessWork: Setting brightness to level 1121 through sysfs node. primary(1), type_id(1)
02-01 10:53:32.205  1777  1777 I SSC_DAEMON: physicalSensorTestReqMsg:130, s:4, m:11
02-01 10:53:32.206  1777  4431 I SSC_DAEMON: light_event_log:172, light_msg(4/11): br 112 (lux 416,idx 0) - -1,-1,13
02-01 10:53:32.207  1709 17893 I SDM     : DisplayBuiltIn::SetPanelBrightness: Setting brightness to level 1106 (8.675165 percent) primary(1) display(68)
02-01 10:53:32.209  2639  3874 D HdrSolution_HdrDisplayNitMapper: updataTargetNit--------------mLightSensorData: -1.0, scaleRatio: 1.2, target: 166.292->200
02-01 10:53:32.209  2639  3874 D LocalDisplayAdapter: surface lcd : 109(0.086), 109(0.086), main +
02-01 10:53:32.210  1795  1795 I SurfaceFlinger: setDisplayBrightness(4630946315032985731): displayBrightness: 0.085578, displayBrightnessNits: 166.511841, sdrWhitePointNits: 166.513016 , dimmingRatio: 1.000007
02-01 10:53:32.210  2639  3874 D LocalDisplayAdapter: surface lcd : 109(0.086), 109(0.086), main -
02-01 10:53:32.213  1709  1816 I SDM     : HWPeripheralDRM::SetPanelBrightnessWork: Setting brightness to level 1106 through sysfs node. primary(1), type_id(1)
02-01 10:53:32.213  1777  1777 I SSC_DAEMON: handleSensorTestReqMsg:85, Sensor type :4, Msg type:11
02-01 10:53:32.213  1777  1777 I SSC_DAEMON: physicalSensorTestReqMsg:130, s:4, m:11
02-01 10:53:32.214  1777  4431 I SSC_DAEMON: light_event_log:172, light_msg(4/11): br 110 (lux 416,idx 0) - -1,-1,13
02-01 10:53:32.216  1709 17893 I SDM     : DisplayBuiltIn::SetPanelBrightness: Setting brightness to level 1091 (8.557766 percent) primary(1) display(68)
02-01 10:53:32.217  2639  3874 D HdrSolution_HdrDisplayNitMapper: updataTargetNit--------------mLightSensorData: -1.0, scaleRatio: 1.22, target: 164.324->200
02-01 10:53:32.218  1795  2147 I CompositionEngine: [setDisplaySize] size=(434, 42)
02-01 10:53:32.218  2639  3874 D LocalDisplayAdapter: surface lcd : 108(0.084), 108(0.084), main +
02-01 10:53:32.219  1795  1795 I SurfaceFlinger: setDisplayBrightness(4630946315032985731): displayBrightness: 0.084404, displayBrightnessNits: 163.566406, sdrWhitePointNits: 163.567535 , dimmingRatio: 1.000007
02-01 10:53:32.220  2639  3874 D LocalDisplayAdapter: surface lcd : 108(0.084), 108(0.084), main -
02-01 10:53:32.221  1777  1777 I SSC_DAEMON: handleSensorTestReqMsg:85, Sensor type :4, Msg type:11
02-01 10:53:32.222  1777  1777 I SSC_DAEMON: physicalSensorTestReqMsg:130, s:4, m:11
02-01 10:53:32.222  1709  1816 I SDM     : HWPeripheralDRM::SetPanelBrightnessWork: Setting brightness to level 1091 through sysfs node. primary(1), type_id(1)
02-01 10:53:32.224  1777  4431 I SSC_DAEMON: light_event_log:172, light_msg(4/11): br 109 (lux 419,idx 0) - -1,-1,13
02-01 10:53:32.224  1709 17893 I SDM     : DisplayBuiltIn::SetPanelBrightness: Setting brightness to level 1076 (8.440358 percent) primary(1) display(68)
02-01 10:53:32.226  2639  3874 D HdrSolution_HdrDisplayNitMapper: updataTargetNit--------------mLightSensorData: -1.0, scaleRatio: 1.25, target: 160.403->200
02-01 10:53:32.226  2639  3874 D LocalDisplayAdapter: surface lcd : 106(0.083), 106(0.083), main +
02-01 10:53:32.226  1795  1795 I SurfaceFlinger: setDisplayBrightness(4630946315032985731): displayBrightness: 0.083229, displayBrightnessNits: 160.632721, sdrWhitePointNits: 160.633850 , dimmingRatio: 1.000007
02-01 10:53:32.227  2639  3874 D LocalDisplayAdapter: surface lcd : 106(0.083), 106(0.083), main -
02-01 10:53:32.230  1777  1777 I SSC_DAEMON: handleSensorTestReqMsg:85, Sensor type :4, Msg type:11
02-01 10:53:32.230  1777  1777 I SSC_DAEMON: physicalSensorTestReqMsg:130, s:4, m:11
02-01 10:53:32.230  1709  1816 I SDM     : HWPeripheralDRM::SetPanelBrightnessWork: Setting brightness to level 1076 through sysfs node. primary(1), type_id(1)
02-01 10:53:32.231  1777  4431 I SSC_DAEMON: light_event_log:172, light_msg(4/11): br 107 (lux 419,idx 0) - -1,-1,13
02-01 10:53:32.233  2639  3874 D HdrSolution_HdrDisplayNitMapper: updataTargetNit--------------mLightSensorData: -1.0, scaleRatio: 1.26, target: 158.451->200
02-01 10:53:32.233  1709 17893 I SDM     : DisplayBuiltIn::SetPanelBrightness: Setting brightness to level 1061 (8.322943 percent) primary(1) display(68)
02-01 10:53:32.234  2639  3874 D LocalDisplayAdapter: surface lcd : 105(0.082), 105(0.082), main +
02-01 10:53:32.234  1795  1795 I SurfaceFlinger: setDisplayBrightness(4630946315032985731): displayBrightness: 0.082055, displayBrightnessNits: 157.711227, sdrWhitePointNits: 157.712372 , dimmingRatio: 1.000007
02-01 10:53:32.235  2639  3874 D LocalDisplayAdapter: surface lcd : 105(0.082), 105(0.082), main -
02-01 10:53:32.238  1777  1777 I SSC_DAEMON: handleSensorTestReqMsg:85, Sensor type :4, Msg type:11
02-01 10:53:32.238  1709  1816 I SDM     : HWPeripheralDRM::SetPanelBrightnessWork: Setting brightness to level 1061 through sysfs node. primary(1), type_id(1)
02-01 10:53:32.238  1777  1777 I SSC_DAEMON: physicalSensorTestReqMsg:130, s:4, m:11
02-01 10:53:32.239  1777  4431 I SSC_DAEMON: light_event_log:172, light_msg(4/11): br 106 (lux 419,idx 0) - -1,-1,13
02-01 10:53:32.241  1709 17893 I SDM     : DisplayBuiltIn::SetPanelBrightness: Setting brightness to level 1046 (8.205520 percent) primary(1) display(68)
02-01 10:53:32.242  2639  3874 D HdrSolution_HdrDisplayNitMapper: updataTargetNit--------------mLightSensorData: -1.0, scaleRatio: 1.29, target: 154.563->200
02-01 10:53:32.242  2639  3874 D LocalDisplayAdapter: surface lcd : 103(0.081), 103(0.081), main +
02-01 10:53:32.243  1795  1795 I SurfaceFlinger: setDisplayBrightness(4630946315032985731): displayBrightness: 0.080881, displayBrightnessNits: 154.801743, sdrWhitePointNits: 154.802887 , dimmingRatio: 1.000007
02-01 10:53:32.243  2639  3874 D LocalDisplayAdapter: surface lcd : 103(0.081), 103(0.081), main -
02-01 10:53:32.246  1777  1777 I SSC_DAEMON: handleSensorTestReqMsg:85, Sensor type :4, Msg type:11
02-01 10:53:32.247  1777  1777 I SSC_DAEMON: physicalSensorTestReqMsg:130, s:4, m:11
02-01 10:53:32.247  1709  1816 I SDM     : HWPeripheralDRM::SetPanelBrightnessWork: Setting brightness to level 1046 through sysfs node. primary(1), type_id(1)
02-01 10:53:32.248  1777  4431 I SSC_DAEMON: light_event_log:172, light_msg(4/11): br 104 (lux 419,idx 0) - -1,-1,13
02-01 10:53:32.249  1709 17893 I SDM     : DisplayBuiltIn::SetPanelBrightness: Setting brightness to level 1031 (8.088092 percent) primary(1) display(68)
02-01 10:53:32.251  2639  3874 D HdrSolution_HdrDisplayNitMapper: updataTargetNit--------------mLightSensorData: -1.0, scaleRatio: 1.31, target: 152.628->200
02-01 10:53:32.251  2639  3874 D LocalDisplayAdapter: surface lcd : 102(0.080), 102(0.080), main +
02-01 10:53:32.251  1795  1795 I SurfaceFlinger: setDisplayBrightness(4630946315032985731): displayBrightness: 0.079707, displayBrightnessNits: 151.905319, sdrWhitePointNits: 151.906403 , dimmingRatio: 1.000007
02-01 10:53:32.252  2639  3874 D LocalDisplayAdapter: surface lcd : 102(0.080), 102(0.080), main -
02-01 10:53:32.255  1777  1777 I SSC_DAEMON: handleSensorTestReqMsg:85, Sensor type :4, Msg type:11
02-01 10:53:32.255  1777  1777 I SSC_DAEMON: physicalSensorTestReqMsg:130, s:4, m:11
02-01 10:53:32.255  1709  1816 I SDM     : HWPeripheralDRM::SetPanelBrightnessWork: Setting brightness to level 1031 through sysfs node. primary(1), type_id(1)
02-01 10:53:32.256  1777  4431 I SSC_DAEMON: light_event_log:172, light_msg(4/11): br 103 (lux 419,idx 0) - -1,-1,13
02-01 10:53:32.258  1709 17893 I SDM     : DisplayBuiltIn::SetPanelBrightness: Setting brightness to level 1016 (7.970656 percent) primary(1) display(68)
02-01 10:53:32.259  2639  3874 D HdrSolution_HdrDisplayNitMapper: updataTargetNit--------------mLightSensorData: -1.0, scaleRatio: 1.34, target: 148.774->200
02-01 10:53:32.259  2639  3874 D LocalDisplayAdapter: surface lcd : 100(0.079), 100(0.079), main +
02-01 10:53:32.260  1795  1795 I SurfaceFlinger: setDisplayBrightness(4630946315032985731): displayBrightness: 0.078532, displayBrightnessNits: 149.020844, sdrWhitePointNits: 149.021942 , dimmingRatio: 1.000007
02-01 10:53:32.260  2639  3874 D LocalDisplayAdapter: surface lcd : 100(0.079), 100(0.079), main -
02-01 10:53:32.263  1709  1816 I SDM     : HWPeripheralDRM::SetPanelBrightnessWork: Setting brightness to level 1016 through sysfs node. primary(1), type_id(1)
02-01 10:53:32.264  1777  1777 I SSC_DAEMON: handleSensorTestReqMsg:85, Sensor type :4, Msg type:11
02-01 10:53:32.264  1777  1777 I SSC_DAEMON: physicalSensorTestReqMsg:130, s:4, m:11
02-01 10:53:32.266  1709 17893 I SDM     : DisplayBuiltIn::SetPanelBrightness: Setting brightness to level 1001 (7.853213 percent) primary(1) display(68)
02-01 10:53:32.266  2639  3874 D HdrSolution_HdrDisplayNitMapper: updataTargetNit--------------mLightSensorData: -1.0, scaleRatio: 1.36, target: 146.856->200
02-01 10:53:32.267  2639  3874 D LocalDisplayAdapter: surface lcd : 99(0.077), 99(0.077), main +
02-01 10:53:32.267  1795  1795 I SurfaceFlinger: setDisplayBrightness(4630946315032985731): displayBrightness: 0.077358, displayBrightnessNits: 146.149857, sdrWhitePointNits: 146.150940 , dimmingRatio: 1.000007
02-01 10:53:32.268  2639  3874 D LocalDisplayAdapter: surface lcd : 99(0.077), 99(0.077), main -
02-01 10:53:32.268  1777  4431 I SSC_DAEMON: light_event_log:172, light_msg(4/11): br 101 (lux 419,idx 0) - -1,-1,13
02-01 10:53:32.271  1777  1777 I SSC_DAEMON: handleSensorTestReqMsg:85, Sensor type :4, Msg type:11
02-01 10:53:32.271  1709  1816 I SDM     : HWPeripheralDRM::SetPanelBrightnessWork: Setting brightness to level 1001 through sysfs node. primary(1), type_id(1)
02-01 10:53:32.271  1777  1777 I SSC_DAEMON: physicalSensorTestReqMsg:130, s:4, m:11
02-01 10:53:32.273  1777  4431 I SSC_DAEMON: light_event_log:172, light_msg(4/11): br 100 (lux 419,idx 0) - -1,-1,13
02-01 10:53:32.274  1709 17893 I SDM     : DisplayBuiltIn::SetPanelBrightness: Setting brightness to level 986 (7.735766 percent) primary(1) display(68)
02-01 10:53:32.275  2639  3874 D HdrSolution_HdrDisplayNitMapper: updataTargetNit--------------mLightSensorData: -1.0, scaleRatio: 1.4, target: 143.037->200
02-01 10:53:32.276  2639  3874 D LocalDisplayAdapter: surface lcd : 97(0.076), 97(0.076), main +
02-01 10:53:32.276  1795  1795 I SurfaceFlinger: setDisplayBrightness(4630946315032985731): displayBrightness: 0.076183, displayBrightnessNits: 143.291229, sdrWhitePointNits: 143.292343 , dimmingRatio: 1.000008
02-01 10:53:32.277  2639  3874 D LocalDisplayAdapter: surface lcd : 97(0.076), 97(0.076), main -
02-01 10:53:32.280  1777  1777 I SSC_DAEMON: handleSensorTestReqMsg:85, Sensor type :4, Msg type:11
02-01 10:53:32.280  1709  1816 I SDM     : HWPeripheralDRM::SetPanelBrightnessWork: Setting brightness to level 986 through sysfs node. primary(1), type_id(1)
02-01 10:53:32.280  1777  1777 I SSC_DAEMON: physicalSensorTestReqMsg:130, s:4, m:11
02-01 10:53:32.281  1777  4431 I SSC_DAEMON: light_event_log:172, light_msg(4/11): br 98 (lux 419,idx 0) - -1,-1,13
02-01 10:53:32.282  1709 17893 I SDM     : DisplayBuiltIn::SetPanelBrightness: Setting brightness to level 971 (7.618313 percent) primary(1) display(68)
02-01 10:53:32.284  2639  3874 D HdrSolution_HdrDisplayNitMapper: updataTargetNit--------------mLightSensorData: -1.0, scaleRatio: 1.42, target: 141.136->200
02-01 10:53:32.284  2639  3874 D LocalDisplayAdapter: surface lcd : 96(0.075), 96(0.075), main +
02-01 10:53:32.285  1795  1795 I SurfaceFlinger: setDisplayBrightness(4630946315032985731): displayBrightness: 0.075008, displayBrightnessNits: 140.445557, sdrWhitePointNits: 140.446625 , dimmingRatio: 1.000008
02-01 10:53:32.285  1784  1824 E HeatmapThread: ECT Thread time in milliseconds: 1769932412
02-01 10:53:32.285  2639  3874 D LocalDisplayAdapter: surface lcd : 96(0.075), 96(0.075), main -
02-01 10:53:32.287  1784  1824 D HeatmapThread: !@ batteryplugType : 2
02-01 10:53:32.288  1784  1824 D HeatmapThread: !@ batteryLevel : 67  batteryTemperature : 319 
02-01 10:53:32.288  1784  1824 D HeatmapThread: !@ Heatmap currtime: 29498873
02-01 10:53:32.288  1784  1824 D HeatmapThread: !@ Heatmap prevtime: 29498854
02-01 10:53:32.288  1777  1777 I SSC_DAEMON: handleSensorTestReqMsg:85, Sensor type :4, Msg type:11
02-01 10:53:32.288  1784  1824 D HeatmapThread: !@ Heatmap plugstarttime: 29498866
02-01 10:53:32.288  1784  1824 D HeatmapThread: !@ Heatmap prevv_dsoh_update_time: 29498734
02-01 10:53:32.288  1784  1824 E HeatmapThread: !@ CAM New BSOH: 100
02-01 10:53:32.288  1777  1777 I SSC_DAEMON: physicalSensorTestReqMsg:130, s:4, m:11
02-01 10:53:32.289  1709  1816 I SDM     : HWPeripheralDRM::SetPanelBrightnessWork: Setting brightness to level 971 through sysfs node. primary(1), type_id(1)
02-01 10:53:32.290  1777  4431 I SSC_DAEMON: light_event_log:172, light_msg(4/11): br 97 (lux 419,idx 0) - -1,-1,13
02-01 10:53:32.290  1709 17893 I SDM     : DisplayBuiltIn::SetPanelBrightness: Setting brightness to level 956 (7.500850 percent) primary(1) display(68)
02-01 10:53:32.291  2639  3874 D HdrSolution_HdrDisplayNitMapper: updataTargetNit--------------mLightSensorData: -1.0, scaleRatio: 1.46, target: 137.353->200
02-01 10:53:32.292  2639  3874 D LocalDisplayAdapter: surface lcd : 94(0.074), 94(0.074), main +
02-01 10:53:32.293  1795  1795 I SurfaceFlinger: setDisplayBrightness(4630946315032985731): displayBrightness: 0.073834, displayBrightnessNits: 137.613510, sdrWhitePointNits: 137.614594 , dimmingRatio: 1.000008
02-01 10:53:32.293  2639  3874 D LocalDisplayAdapter: surface lcd : 94(0.074), 94(0.074), main -
02-01 10:53:32.297  1709  1816 I SDM     : HWPeripheralDRM::SetPanelBrightnessWork: Setting brightness to level 956 through sysfs node. primary(1), type_id(1)
02-01 10:53:32.297  1777  1777 I SSC_DAEMON: handleSensorTestReqMsg:85, Sensor type :4, Msg type:11
02-01 10:53:32.297  1777  1777 I SSC_DAEMON: physicalSensorTestReqMsg:130, s:4, m:11
02-01 10:53:32.299  1709 17893 I SDM     : DisplayBuiltIn::SetPanelBrightness: Setting brightness to level 941 (7.383380 percent) primary(1) display(68)
02-01 10:53:32.300  2639  3874 D HdrSolution_HdrDisplayNitMapper: updataTargetNit--------------mLightSensorData: -1.0, scaleRatio: 1.48, target: 135.47->200
02-01 10:53:32.300  2639  3874 D LocalDisplayAdapter: surface lcd : 93(0.073), 93(0.073), main +
02-01 10:53:32.301  1795  1795 I SurfaceFlinger: setDisplayBrightness(4630946315032985731): displayBrightness: 0.072659, displayBrightnessNits: 134.794403, sdrWhitePointNits: 134.795486 , dimmingRatio: 1.000008
02-01 10:53:32.301  2639  3874 D LocalDisplayAdapter: surface lcd : 93(0.073), 93(0.073), main -
02-01 10:53:32.302  1777  4431 I SSC_DAEMON: light_event_log:172, light_msg(4/11): br 95 (lux 417,idx 0) - -1,-1,13
02-01 10:53:32.305  1777  1777 I SSC_DAEMON: handleSensorTestReqMsg:85, Sensor type :4, Msg type:11
02-01 10:53:32.305  1777  1777 I SSC_DAEMON: physicalSensorTestReqMsg:130, s:4, m:11
02-01 10:53:32.305  1709  1816 I SDM     : HWPeripheralDRM::SetPanelBrightnessWork: Setting brightness to level 941 through sysfs node. primary(1), type_id(1)
02-01 10:53:32.306  1777  4431 I SSC_DAEMON: light_event_log:172, light_msg(4/11): br 94 (lux 417,idx 0) - -1,-1,13
02-01 10:53:32.307  1709 17893 I SDM     : DisplayBuiltIn::SetPanelBrightness: Setting brightness to level 926 (7.265903 percent) primary(1) display(68)
02-01 10:53:32.310  2639  3874 D HdrSolution_HdrDisplayNitMapper: updataTargetNit--------------mLightSensorData: -1.0, scaleRatio: 1.52, target: 131.723->200
02-01 10:53:32.311  2639  3874 D LocalDisplayAdapter: surface lcd : 91(0.071), 91(0.071), main +
02-01 10:53:32.311  1795  1795 I SurfaceFlinger: setDisplayBrightness(4630946315032985731): displayBrightness: 0.071484, displayBrightnessNits: 131.988907, sdrWhitePointNits: 131.989990 , dimmingRatio: 1.000008
02-01 10:53:32.312  2639  3874 D LocalDisplayAdapter: surface lcd : 91(0.071), 91(0.071), main -
02-01 10:53:32.313  1709  1816 I SDM     : HWPeripheralDRM::SetPanelBrightnessWork: Setting brightness to level 926 through sysfs node. primary(1), type_id(1)
02-01 10:53:32.313  1777  1777 I SSC_DAEMON: handleSensorTestReqMsg:85, Sensor type :4, Msg type:11
02-01 10:53:32.314  1777  1777 I SSC_DAEMON: physicalSensorTestReqMsg:130, s:4, m:11
02-01 10:53:32.315  1777  4431 I SSC_DAEMON: light_event_log:172, light_msg(4/11): br 92 (lux 417,idx 0) - -1,-1,13
02-01 10:53:32.315  1709 17893 I SDM     : DisplayBuiltIn::SetPanelBrightness: Setting brightness to level 911 (7.148418 percent) primary(1) display(68)
02-01 10:53:32.317  2639  3874 D HdrSolution_HdrDisplayNitMapper: updataTargetNit--------------mLightSensorData: -1.0, scaleRatio: 1.54, target: 129.859->200
02-01 10:53:32.318  1795  2147 I CompositionEngine: [setDisplaySize] size=(434, 42)
02-01 10:53:32.318  2639  3874 D LocalDisplayAdapter: surface lcd : 90(0.070), 90(0.070), main +
02-01 10:53:32.319  1795  1795 I SurfaceFlinger: setDisplayBrightness(4630946315032985731): displayBrightness: 0.070309, displayBrightnessNits: 129.197128, sdrWhitePointNits: 129.198196 , dimmingRatio: 1.000008
02-01 10:53:32.319  2639  3874 D LocalDisplayAdapter: surface lcd : 90(0.070), 90(0.070), main -
02-01 10:53:32.321  1777  1777 I SSC_DAEMON: handleSensorTestReqMsg:85, Sensor type :4, Msg type:11
02-01 10:53:32.321  1777  1777 I SSC_DAEMON: physicalSensorTestReqMsg:130, s:4, m:11
02-01 10:53:32.321  1709  1816 I SDM     : HWPeripheralDRM::SetPanelBrightnessWork: Setting brightness to level 911 through sysfs node. primary(1), type_id(1)
02-01 10:53:32.323  1777  4431 I SSC_DAEMON: light_event_log:172, light_msg(4/11): br 91 (lux 417,idx 0) - -1,-1,13
02-01 10:53:32.324  1709 17893 I SDM     : DisplayBuiltIn::SetPanelBrightness: Setting brightness to level 896 (7.030929 percent) primary(1) display(68)
02-01 10:53:32.325  2639  3874 D HdrSolution_HdrDisplayNitMapper: updataTargetNit--------------mLightSensorData: -1.0, scaleRatio: 1.59, target: 126.149->200
02-01 10:53:32.326  2639  3874 D LocalDisplayAdapter: surface lcd : 88(0.069), 88(0.069), main +
02-01 10:53:32.326  1795  1795 I SurfaceFlinger: setDisplayBrightness(4630946315032985731): displayBrightness: 0.069134, displayBrightnessNits: 126.419495, sdrWhitePointNits: 126.420555 , dimmingRatio: 1.000008
02-01 10:53:32.327  2639  3874 D LocalDisplayAdapter: surface lcd : 88(0.069), 88(0.069), main -
02-01 10:53:32.329  1777  1777 I SSC_DAEMON: handleSensorTestReqMsg:85, Sensor type :4, Msg type:11
02-01 10:53:32.330  1709  1816 I SDM     : HWPeripheralDRM::SetPanelBrightnessWork: Setting brightness to level 896 through sysfs node. primary(1), type_id(1)
02-01 10:53:32.330  1777  1777 I SSC_DAEMON: physicalSensorTestReqMsg:130, s:4, m:11
02-01 10:53:32.331  1777  4431 I SSC_DAEMON: light_event_log:172, light_msg(4/11): br 89 (lux 417,idx 0) - -1,-1,13
02-01 10:53:32.332  1709 17893 I SDM     : DisplayBuiltIn::SetPanelBrightness: Setting brightness to level 881 (6.913436 percent) primary(1) display(68)
02-01 10:53:32.332  2639  3874 D HdrSolution_HdrDisplayNitMapper: updataTargetNit--------------mLightSensorData: -1.0, scaleRatio: 1.61, target: 124.303->200
02-01 10:53:32.333  2639  3874 D LocalDisplayAdapter: surface lcd : 87(0.068), 87(0.068), main +
02-01 10:53:32.333  1795  1795 I SurfaceFlinger: setDisplayBrightness(4630946315032985731): displayBrightness: 0.067959, displayBrightnessNits: 123.655426, sdrWhitePointNits: 123.656464 , dimmingRatio: 1.000008
02-01 10:53:32.333  2639  3874 D LocalDisplayAdapter: surface lcd : 87(0.068), 87(0.068), main -
02-01 10:53:32.338  1777  1777 I SSC_DAEMON: handleSensorTestReqMsg:85, Sensor type :4, Msg type:11
02-01 10:53:32.338  1709  1816 I SDM     : HWPeripheralDRM::SetPanelBrightnessWork: Setting brightness to level 881 through sysfs node. primary(1), type_id(1)
02-01 10:53:32.338  1777  1777 I SSC_DAEMON: physicalSensorTestReqMsg:130, s:4, m:11
02-01 10:53:32.340  1709 17893 I SDM     : DisplayBuiltIn::SetPanelBrightness: Setting brightness to level 866 (6.795943 percent) primary(1) display(68)
02-01 10:53:32.341  2639  3874 D HdrSolution_HdrDisplayNitMapper: updataTargetNit--------------mLightSensorData: -1.0, scaleRatio: 1.66, target: 120.631->200
02-01 10:53:32.342  2639  3874 D LocalDisplayAdapter: surface lcd : 85(0.067), 85(0.067), main +
02-01 10:53:32.342  1795  1795 I SurfaceFlinger: setDisplayBrightness(4630946315032985731): displayBrightness: 0.066784, displayBrightnessNits: 120.905930, sdrWhitePointNits: 120.906967 , dimmingRatio: 1.000009
02-01 10:53:32.342  2639  3874 D LocalDisplayAdapter: surface lcd : 85(0.067), 85(0.067), main -
02-01 10:53:32.347  1709  1816 I SDM     : HWPeripheralDRM::SetPanelBrightnessWork: Setting brightness to level 866 through sysfs node. primary(1), type_id(1)
02-01 10:53:32.349  1777  4431 I SSC_DAEMON: light_event_log:172, light_msg(4/11): br 88 (lux 417,idx 0) - -1,-1,13
02-01 10:53:32.349  1709 17893 I SDM     : DisplayBuiltIn::SetPanelBrightness: Setting brightness to level 851 (6.678447 percent) primary(1) display(68)
02-01 10:53:32.351  2639  3874 D HdrSolution_HdrDisplayNitMapper: updataTargetNit--------------mLightSensorData: -1.0, scaleRatio: 1.68, target: 118.804->200
02-01 10:53:32.351  2639  3874 D LocalDisplayAdapter: surface lcd : 84(0.066), 84(0.066), main +
02-01 10:53:32.352  1795  1795 I SurfaceFlinger: setDisplayBrightness(4630946315032985731): displayBrightness: 0.065609, displayBrightnessNits: 118.170029, sdrWhitePointNits: 118.171097 , dimmingRatio: 1.000009
02-01 10:53:32.352  2639  3874 D LocalDisplayAdapter: surface lcd : 84(0.066), 84(0.066), main -
02-01 10:53:32.355  1709  1816 I SDM     : HWPeripheralDRM::SetPanelBrightnessWork: Setting brightness to level 851 through sysfs node. primary(1), type_id(1)
02-01 10:53:32.357  1709 17893 I SDM     : DisplayBuiltIn::SetPanelBrightness: Setting brightness to level 836 (6.560949 percent) primary(1) display(68)
02-01 10:53:32.358  1777  1777 I SSC_DAEMON: handleSensorTestReqMsg:85, Sensor type :4, Msg type:11
02-01 10:53:32.358  1777  1777 I SSC_DAEMON: physicalSensorTestReqMsg:130, s:4, m:11
02-01 10:53:32.359  1777  4431 I SSC_DAEMON: light_event_log:172, light_msg(4/11): br 85 (lux 417,idx 0) - -1,-1,13
02-01 10:53:32.359  2639  3874 D HdrSolution_HdrDisplayNitMapper: updataTargetNit--------------mLightSensorData: -1.0, scaleRatio: 1.74, target: 115.171->200
02-01 10:53:32.360  2639  3874 D LocalDisplayAdapter: surface lcd : 82(0.064), 82(0.064), main +
02-01 10:53:32.360  1795  1795 I SurfaceFlinger: setDisplayBrightness(4630946315032985731): displayBrightness: 0.064435, displayBrightnessNits: 115.449867, sdrWhitePointNits: 115.450928 , dimmingRatio: 1.000009
02-01 10:53:32.361  2639  3874 D LocalDisplayAdapter: surface lcd : 82(0.064), 82(0.064), main -
02-01 10:53:32.363  1777  1777 I SSC_DAEMON: handleSensorTestReqMsg:85, Sensor type :4, Msg type:11
02-01 10:53:32.363  1709  1816 I SDM     : HWPeripheralDRM::SetPanelBrightnessWork: Setting brightness to level 836 through sysfs node. primary(1), type_id(1)
02-01 10:53:32.366  1709 17893 I SDM     : DisplayBuiltIn::SetPanelBrightness: Setting brightness to level 821 (6.443454 percent) primary(1) display(68)
02-01 10:53:32.367  2639  3874 D HdrSolution_HdrDisplayNitMapper: updataTargetNit--------------mLightSensorData: -1.0, scaleRatio: 1.76, target: 113.364->200
02-01 10:53:32.367  1777  1777 I SSC_DAEMON: physicalSensorTestReqMsg:130, s:4, m:11
02-01 10:53:32.367  2639  3874 D LocalDisplayAdapter: surface lcd : 81(0.063), 81(0.063), main +
02-01 10:53:32.367  1795  1795 I SurfaceFlinger: setDisplayBrightness(4630946315032985731): displayBrightness: 0.063260, displayBrightnessNits: 112.743980, sdrWhitePointNits: 112.745018 , dimmingRatio: 1.000009
02-01 10:53:32.368  2639  3874 D LocalDisplayAdapter: surface lcd : 81(0.063), 81(0.063), main -
02-01 10:53:32.368  1777  4431 I SSC_DAEMON: light_event_log:172, light_msg(4/11): br 83 (lux 417,idx 0) - -1,-1,13
02-01 10:53:32.371  1777  1777 I SSC_DAEMON: handleSensorTestReqMsg:85, Sensor type :4, Msg type:11
02-01 10:53:32.371  1709  1816 I SDM     : HWPeripheralDRM::SetPanelBrightnessWork: Setting brightness to level 821 through sysfs node. primary(1), type_id(1)
02-01 10:53:32.371  1777  1777 I SSC_DAEMON: physicalSensorTestReqMsg:130, s:4, m:11
02-01 10:53:32.372  1777  4431 I SSC_DAEMON: light_event_log:172, light_msg(4/11): br 82 (lux 417,idx 0) - -1,-1,13
02-01 10:53:32.374  1709 17893 I SDM     : DisplayBuiltIn::SetPanelBrightness: Setting brightness to level 806 (6.325959 percent) primary(1) display(68)
02-01 10:53:32.375  2639  3874 D HdrSolution_HdrDisplayNitMapper: updataTargetNit--------------mLightSensorData: -1.0, scaleRatio: 1.82, target: 109.771->200
02-01 10:53:32.375  2639  3874 D LocalDisplayAdapter: surface lcd : 79(0.062), 79(0.062), main +
02-01 10:53:32.376  1795  1795 I SurfaceFlinger: setDisplayBrightness(4630946315032985731): displayBrightness: 0.062085, displayBrightnessNits: 110.053787, sdrWhitePointNits: 110.054825 , dimmingRatio: 1.000009
02-01 10:53:32.376  2639  3874 D LocalDisplayAdapter: surface lcd : 79(0.062), 79(0.062), main -
02-01 10:53:32.379  1777  1777 I SSC_DAEMON: handleSensorTestReqMsg:85, Sensor type :4, Msg type:11
02-01 10:53:32.380  1709  1816 I SDM     : HWPeripheralDRM::SetPanelBrightnessWork: Setting brightness to level 806 through sysfs node. primary(1), type_id(1)
02-01 10:53:32.380  1777  1777 I SSC_DAEMON: physicalSensorTestReqMsg:130, s:4, m:11
02-01 10:53:32.382  1709 17893 I SDM     : DisplayBuiltIn::SetPanelBrightness: Setting brightness to level 791 (6.208468 percent) primary(1) display(68)
02-01 10:53:32.383  1777  4431 I SSC_DAEMON: light_event_log:172, light_msg(4/11): br 80 (lux 419,idx 0) - -1,-1,13
02-01 10:53:32.384  2639  3874 D HdrSolution_HdrDisplayNitMapper: updataTargetNit--------------mLightSensorData: -1.0, scaleRatio: 1.85, target: 107.985->200
02-01 10:53:32.384  2639  3874 D LocalDisplayAdapter: surface lcd : 78(0.061), 78(0.061), main +
02-01 10:53:32.385  1795  1795 I SurfaceFlinger: setDisplayBrightness(4630946315032985731): displayBrightness: 0.060910, displayBrightnessNits: 107.379097, sdrWhitePointNits: 107.380112 , dimmingRatio: 1.000009
02-01 10:53:32.385  2639  3874 D LocalDisplayAdapter: surface lcd : 78(0.061), 78(0.061), main -
02-01 10:53:32.388  1777  1777 I SSC_DAEMON: handleSensorTestReqMsg:85, Sensor type :4, Msg type:11
02-01 10:53:32.388  1709  1816 I SDM     : HWPeripheralDRM::SetPanelBrightnessWork: Setting brightness to level 791 through sysfs node. primary(1), type_id(1)
02-01 10:53:32.388  1777  1777 I SSC_DAEMON: physicalSensorTestReqMsg:130, s:4, m:11
02-01 10:53:32.389  1777  4431 I SSC_DAEMON: light_event_log:172, light_msg(4/11): br 79 (lux 419,idx 0) - -1,-1,13
02-01 10:53:32.390  1709 17893 I SDM     : DisplayBuiltIn::SetPanelBrightness: Setting brightness to level 776 (6.090981 percent) primary(1) display(68)
02-01 10:53:32.391  2639  3874 D HdrSolution_HdrDisplayNitMapper: updataTargetNit--------------mLightSensorData: -1.0, scaleRatio: 1.92, target: 104.432->200
02-01 10:53:32.392  2639  3874 D LocalDisplayAdapter: surface lcd : 76(0.060), 76(0.060), main +
02-01 10:53:32.392  1795  1795 I SurfaceFlinger: setDisplayBrightness(4630946315032985731): displayBrightness: 0.059735, displayBrightnessNits: 104.718842, sdrWhitePointNits: 104.719872 , dimmingRatio: 1.000010
02-01 10:53:32.393  2639  3874 D LocalDisplayAdapter: surface lcd : 76(0.060), 76(0.060), main -
02-01 10:53:32.396  1777  1777 I SSC_DAEMON: handleSensorTestReqMsg:85, Sensor type :4, Msg type:11
02-01 10:53:32.396  1709  1816 I SDM     : HWPeripheralDRM::SetPanelBrightnessWork: Setting brightness to level 776 through sysfs node. primary(1), type_id(1)
02-01 10:53:32.396  1777  1777 I SSC_DAEMON: physicalSensorTestReqMsg:130, s:4, m:11
02-01 10:53:32.398  1777  4431 I SSC_DAEMON: light_event_log:172, light_msg(4/11): br 77 (lux 419,idx 0) - -1,-1,13
02-01 10:53:32.399  1709 17893 I SDM     : DisplayBuiltIn::SetPanelBrightness: Setting brightness to level 761 (5.973496 percent) primary(1) display(68)
02-01 10:53:32.400  2639  3874 D HdrSolution_HdrDisplayNitMapper: updataTargetNit--------------mLightSensorData: -1.0, scaleRatio: 1.95, target: 102.667->200
02-01 10:53:32.401  2639  3874 D LocalDisplayAdapter: surface lcd : 75(0.059), 75(0.059), main +
02-01 10:53:32.402  1795  1795 I SurfaceFlinger: setDisplayBrightness(4630946315032985731): displayBrightness: 0.058560, displayBrightnessNits: 102.075653, sdrWhitePointNits: 102.076691 , dimmingRatio: 1.000010
02-01 10:53:32.402  2639  3874 D LocalDisplayAdapter: surface lcd : 75(0.059), 75(0.059), main -
02-01 10:53:32.405  1709  1816 I SDM     : HWPeripheralDRM::SetPanelBrightnessWork: Setting brightness to level 761 through sysfs node. primary(1), type_id(1)
02-01 10:53:32.405  1777  1777 I SSC_DAEMON: handleSensorTestReqMsg:85, Sensor type :4, Msg type:11
02-01 10:53:32.405  1777  1777 I SSC_DAEMON: physicalSensorTestReqMsg:130, s:4, m:11
02-01 10:53:32.407  1709 17893 I SDM     : DisplayBuiltIn::SetPanelBrightness: Setting brightness to level 746 (5.856018 percent) primary(1) display(68)
02-01 10:53:32.407  1777  4431 I SSC_DAEMON: light_event_log:172, light_msg(4/11): br 76 (lux 419,idx 0) - -1,-1,13
02-01 10:53:32.407  2639  3874 D HdrSolution_HdrDisplayNitMapper: updataTargetNit--------------mLightSensorData: -1.0, scaleRatio: 2.02, target: 99.156->200
02-01 10:53:32.408  2639  3874 D LocalDisplayAdapter: surface lcd : 73(0.057), 73(0.057), main +
02-01 10:53:32.408  1795  1795 I SurfaceFlinger: setDisplayBrightness(4630946315032985731): displayBrightness: 0.057385, displayBrightnessNits: 99.447128, sdrWhitePointNits: 99.448128 , dimmingRatio: 1.000010
02-01 10:53:32.409  2639  3874 D LocalDisplayAdapter: surface lcd : 73(0.057), 73(0.057), main -
02-01 10:53:32.413  1777  1777 I SSC_DAEMON: handleSensorTestReqMsg:85, Sensor type :4, Msg type:11
02-01 10:53:32.413  1709  1816 I SDM     : HWPeripheralDRM::SetPanelBrightnessWork: Setting brightness to level 746 through sysfs node. primary(1), type_id(1)
02-01 10:53:32.413  1777  1777 I SSC_DAEMON: physicalSensorTestReqMsg:130, s:4, m:11
02-01 10:53:32.414  1777  4431 I SSC_DAEMON: light_event_log:172, light_msg(4/11): br 74 (lux 419,idx 0) - -1,-1,13
02-01 10:53:32.415  1709 17893 I SDM     : DisplayBuiltIn::SetPanelBrightness: Setting brightness to level 731 (5.738547 percent) primary(1) display(68)
02-01 10:53:32.416  2639  3874 D HdrSolution_HdrDisplayNitMapper: updataTargetNit--------------mLightSensorData: -1.0, scaleRatio: 2.05, target: 97.412->200
02-01 10:53:32.417  2639  3874 D LocalDisplayAdapter: surface lcd : 72(0.056), 72(0.056), main +
02-01 10:53:32.417  1795  1795 I SurfaceFlinger: setDisplayBrightness(4630946315032985731): displayBrightness: 0.056211, displayBrightnessNits: 96.835907, sdrWhitePointNits: 96.836906 , dimmingRatio: 1.000010
02-01 10:53:32.417  2639  3874 D LocalDisplayAdapter: surface lcd : 72(0.056), 72(0.056), main -
02-01 10:53:32.418  1795  2147 I CompositionEngine: [setDisplaySize] size=(434, 42)
02-01 10:53:32.421  1777  1777 I SSC_DAEMON: handleSensorTestReqMsg:85, Sensor type :4, Msg type:11
02-01 10:53:32.421  1777  1777 I SSC_DAEMON: physicalSensorTestReqMsg:130, s:4, m:11
02-01 10:53:32.421  1709  1816 I SDM     : HWPeripheralDRM::SetPanelBrightnessWork: Setting brightness to level 731 through sysfs node. primary(1), type_id(1)
02-01 10:53:32.424  1709 17893 I SDM     : DisplayBuiltIn::SetPanelBrightness: Setting brightness to level 716 (5.621080 percent) primary(1) display(68)
02-01 10:53:32.425  2639  3874 D HdrSolution_HdrDisplayNitMapper: updataTargetNit--------------mLightSensorData: -1.0, scaleRatio: 2.13, target: 93.945->200
02-01 10:53:32.426  2639  3874 D LocalDisplayAdapter: surface lcd : 70(0.055), 70(0.055), main +
02-01 10:53:32.426  1795  1795 I SurfaceFlinger: setDisplayBrightness(4630946315032985731): displayBrightness: 0.055036, displayBrightnessNits: 94.240532, sdrWhitePointNits: 94.241524 , dimmingRatio: 1.000010
02-01 10:53:32.427  2639  3874 D LocalDisplayAdapter: surface lcd : 70(0.055), 70(0.055), main -
02-01 10:53:32.428  1777  4431 I SSC_DAEMON: light_event_log:172, light_msg(4/11): br 73 (lux 419,idx 0) - -1,-1,13
02-01 10:53:32.429  1777  1777 I SSC_DAEMON: handleSensorTestReqMsg:85, Sensor type :4, Msg type:11
02-01 10:53:32.429  1709  1816 I SDM     : HWPeripheralDRM::SetPanelBrightnessWork: Setting brightness to level 716 through sysfs node. primary(1), type_id(1)
02-01 10:53:32.430  1777  1777 I SSC_DAEMON: physicalSensorTestReqMsg:130, s:4, m:11
02-01 10:53:32.431  1777  4431 I SSC_DAEMON: light_event_log:172, light_msg(4/11): br 71 (lux 419,idx 0) - -1,-1,13
02-01 10:53:32.432  1709 17893 I SDM     : DisplayBuiltIn::SetPanelBrightness: Setting brightness to level 701 (5.503620 percent) primary(1) display(68)
02-01 10:53:32.433  2639  3874 D HdrSolution_HdrDisplayNitMapper: updataTargetNit--------------mLightSensorData: -1.0, scaleRatio: 2.17, target: 92.223->200
02-01 10:53:32.434  2639  3874 D LocalDisplayAdapter: surface lcd : 69(0.054), 69(0.054), main +
02-01 10:53:32.434  1795  1795 I SurfaceFlinger: setDisplayBrightness(4630946315032985731): displayBrightness: 0.053862, displayBrightnessNits: 91.662392, sdrWhitePointNits: 91.663399 , dimmingRatio: 1.000011
02-01 10:53:32.434  2639  3874 D LocalDisplayAdapter: surface lcd : 69(0.054), 69(0.054), main -
02-01 10:53:32.438  1777  1777 I SSC_DAEMON: handleSensorTestReqMsg:85, Sensor type :4, Msg type:11
02-01 10:53:32.438  1709  1816 I SDM     : HWPeripheralDRM::SetPanelBrightnessWork: Setting brightness to level 701 through sysfs node. primary(1), type_id(1)
02-01 10:53:32.438  1777  1777 I SSC_DAEMON: physicalSensorTestReqMsg:130, s:4, m:11
02-01 10:53:32.439  1777  4431 I SSC_DAEMON: light_event_log:172, light_msg(4/11): br 70 (lux 419,idx 0) - -1,-1,13
02-01 10:53:32.441  1709 17893 I SDM     : DisplayBuiltIn::SetPanelBrightness: Setting brightness to level 686 (5.386162 percent) primary(1) display(68)
02-01 10:53:32.442  2639  3874 D HdrSolution_HdrDisplayNitMapper: updataTargetNit--------------mLightSensorData: -1.0, scaleRatio: 2.25, target: 88.8->200
02-01 10:53:32.442  2639  3874 D LocalDisplayAdapter: surface lcd : 67(0.053), 67(0.053), main +
02-01 10:53:32.442  1795  1795 I SurfaceFlinger: setDisplayBrightness(4630946315032985731): displayBrightness: 0.052687, displayBrightnessNits: 89.100105, sdrWhitePointNits: 89.101074 , dimmingRatio: 1.000011
02-01 10:53:32.443  2639  3874 D LocalDisplayAdapter: surface lcd : 67(0.053), 67(0.053), main -
02-01 10:53:32.446  1777  1777 I SSC_DAEMON: handleSensorTestReqMsg:85, Sensor type :4, Msg type:11
02-01 10:53:32.446  1709  1816 I SDM     : HWPeripheralDRM::SetPanelBrightnessWork: Setting brightness to level 686 through sysfs node. primary(1), type_id(1)
02-01 10:53:32.447  1777  1777 I SSC_DAEMON: physicalSensorTestReqMsg:130, s:4, m:11
02-01 10:53:32.448  1709 17893 I SDM     : DisplayBuiltIn::SetPanelBrightness: Setting brightness to level 671 (5.268708 percent) primary(1) display(68)
02-01 10:53:32.449  1777  4431 I SSC_DAEMON: light_event_log:172, light_msg(4/11): br 68 (lux 419,idx 0) - -1,-1,13
02-01 10:53:32.450  2639  3874 D HdrSolution_HdrDisplayNitMapper: updataTargetNit--------------mLightSensorData: -1.0, scaleRatio: 2.3, target: 87.1->200
02-01 10:53:32.451  2639  3874 D LocalDisplayAdapter: surface lcd : 66(0.052), 66(0.052), main +
02-01 10:53:32.451  1795  1795 I SurfaceFlinger: setDisplayBrightness(4630946315032985731): displayBrightness: 0.051513, displayBrightnessNits: 86.555176, sdrWhitePointNits: 86.556137 , dimmingRatio: 1.000011
02-01 10:53:32.452  2639  3874 D LocalDisplayAdapter: surface lcd : 66(0.052), 66(0.052), main -
02-01 10:53:32.455  1777  1777 I SSC_DAEMON: handleSensorTestReqMsg:85, Sensor type :4, Msg type:11
02-01 10:53:32.455  1709  1816 I SDM     : HWPeripheralDRM::SetPanelBrightnessWork: Setting brightness to level 671 through sysfs node. primary(1), type_id(1)
02-01 10:53:32.455  1777  1777 I SSC_DAEMON: physicalSensorTestReqMsg:130, s:4, m:11
02-01 10:53:32.456  1777  4431 I SSC_DAEMON: light_event_log:172, light_msg(4/11): br 67 (lux 419,idx 0) - -1,-1,13
02-01 10:53:32.457  1709 17893 I SDM     : DisplayBuiltIn::SetPanelBrightness: Setting brightness to level 656 (5.151256 percent) primary(1) display(68)
02-01 10:53:32.458  2639  3874 D HdrSolution_HdrDisplayNitMapper: updataTargetNit--------------mLightSensorData: -1.0, scaleRatio: 2.39, target: 83.724->200
02-01 10:53:32.459  2639  3874 D LocalDisplayAdapter: surface lcd : 64(0.050), 64(0.050), main +
02-01 10:53:32.459  1795  1795 I SurfaceFlinger: setDisplayBrightness(4630946315032985731): displayBrightness: 0.050338, displayBrightnessNits: 84.028229, sdrWhitePointNits: 84.029221 , dimmingRatio: 1.000012
02-01 10:53:32.460  2639  3874 D LocalDisplayAdapter: surface lcd : 64(0.050), 64(0.050), main -
02-01 10:53:32.461  7030 25197 I IPCThreadState: oneway function results for code 2 on binder at 0xb400007586882200 will be dropped but finished with status UNKNOWN_TRANSACTION
02-01 10:53:32.463  1709  1816 I SDM     : HWPeripheralDRM::SetPanelBrightnessWork: Setting brightness to level 656 through sysfs node. primary(1), type_id(1)
02-01 10:53:32.464  1777  1777 I SSC_DAEMON: handleSensorTestReqMsg:85, Sensor type :4, Msg type:11
02-01 10:53:32.465  1777  1777 I SSC_DAEMON: physicalSensorTestReqMsg:130, s:4, m:11
02-01 10:53:32.465  1709 17893 I SDM     : DisplayBuiltIn::SetPanelBrightness: Setting brightness to level 641 (5.033804 percent) primary(1) display(68)
02-01 10:53:32.466  1777  4431 I SSC_DAEMON: light_event_log:172, light_msg(4/11): br 65 (lux 417,idx 0) - -1,-1,13
02-01 10:53:32.467  2639  3874 D HdrSolution_HdrDisplayNitMapper: updataTargetNit--------------mLightSensorData: -1.0, scaleRatio: 2.44, target: 82.048->200
02-01 10:53:32.468  2639  3874 D LocalDisplayAdapter: surface lcd : 63(0.049), 63(0.049), main +
02-01 10:53:32.468  1795  1795 I SurfaceFlinger: setDisplayBrightness(4630946315032985731): displayBrightness: 0.049164, displayBrightnessNits: 81.518929, sdrWhitePointNits: 81.519905 , dimmingRatio: 1.000012
02-01 10:53:32.469  2639  3874 D LocalDisplayAdapter: surface lcd : 63(0.049), 63(0.049), main -
02-01 10:53:32.471  1709  1816 I SDM     : HWPeripheralDRM::SetPanelBrightnessWork: Setting brightness to level 641 through sysfs node. primary(1), type_id(1)
02-01 10:53:32.471  1777  1777 I SSC_DAEMON: handleSensorTestReqMsg:85, Sensor type :4, Msg type:11
02-01 10:53:32.472  1777  1777 I SSC_DAEMON: physicalSensorTestReqMsg:130, s:4, m:11
02-01 10:53:32.473  1709 17893 I SDM     : DisplayBuiltIn::SetPanelBrightness: Setting brightness to level 626 (4.916353 percent) primary(1) display(68)
02-01 10:53:32.474  2639  3874 D HdrSolution_HdrDisplayNitMapper: updataTargetNit--------------mLightSensorData: -1.0, scaleRatio: 2.54, target: 78.719->200
02-01 10:53:32.474  2639  3874 D LocalDisplayAdapter: surface lcd : 61(0.048), 61(0.048), main +
02-01 10:53:32.475  1795  1795 I SurfaceFlinger: setDisplayBrightness(4630946315032985731): displayBrightness: 0.047989, displayBrightnessNits: 79.027138, sdrWhitePointNits: 79.028091 , dimmingRatio: 1.000012
02-01 10:53:32.475  2639  3874 D LocalDisplayAdapter: surface lcd : 61(0.048), 61(0.048), main -
02-01 10:53:32.475  1777  4431 I SSC_DAEMON: light_event_log:172, light_msg(4/11): br 64 (lux 417,idx 0) - -1,-1,13
02-01 10:53:32.476  6802  8244 I SDHMS:x : SIOP:: AP:335 BAT:319 USB:314 CHG:330 PA:341 WIFI:335 CF:325 BLK:0 SUBBAT:0 LRPTHM:321 SKIN:328 SKINF:318 SKINB:328 LRP2:328 LRF2:318 LRB2:328 AP2:327 CHG2:327 WIFI2:327 RCV2:313 SPK2:306 FCAM:314 UPSPK:326 DNSPK:315 VAP02:338 VWIFI:337 AMB2:281 AVGCUR:1018 AVGSYS:287 POWER:4144
02-01 10:53:32.480  1709  1816 I SDM     : HWPeripheralDRM::SetPanelBrightnessWork: Setting brightness to level 626 through sysfs node. primary(1), type_id(1)
02-01 10:53:32.481  1777  1777 I SSC_DAEMON: handleSensorTestReqMsg:85, Sensor type :4, Msg type:11
02-01 10:53:32.481  1777  1777 I SSC_DAEMON: physicalSensorTestReqMsg:130, s:4, m:11
02-01 10:53:32.482  1709 17893 I SDM     : DisplayBuiltIn::SetPanelBrightness: Setting brightness to level 611 (4.798902 percent) primary(1) display(68)
02-01 10:53:32.483  1777  4431 I SSC_DAEMON: light_event_log:172, light_msg(4/11): br 62 (lux 417,idx 0) - -1,-1,13
02-01 10:53:32.483  2639  3874 D HdrSolution_HdrDisplayNitMapper: updataTargetNit--------------mLightSensorData: -1.0, scaleRatio: 2.6, target: 77.067->200
02-01 10:53:32.484  2639  3874 D LocalDisplayAdapter: surface lcd : 60(0.047), 60(0.047), main +
02-01 10:53:32.484  1795  1795 I SurfaceFlinger: setDisplayBrightness(4630946315032985731): displayBrightness: 0.046814, displayBrightnessNits: 76.554008, sdrWhitePointNits: 76.554955 , dimmingRatio: 1.000012
02-01 10:53:32.484  2639  3874 D LocalDisplayAdapter: surface lcd : 60(0.047), 60(0.047), main -
02-01 10:53:32.488  1777  1777 I SSC_DAEMON: handleSensorTestReqMsg:85, Sensor type :4, Msg type:11
02-01 10:53:32.488  1709  1816 I SDM     : HWPeripheralDRM::SetPanelBrightnessWork: Setting brightness to level 611 through sysfs node. primary(1), type_id(1)
02-01 10:53:32.488  1777  1777 I SSC_DAEMON: physicalSensorTestReqMsg:130, s:4, m:11
02-01 10:53:32.489  1777  4431 I SSC_DAEMON: light_event_log:172, light_msg(4/11): br 61 (lux 417,idx 0) - -1,-1,13
02-01 10:53:32.490  1709 17893 I SDM     : DisplayBuiltIn::SetPanelBrightness: Setting brightness to level 596 (4.681450 percent) primary(1) display(68)
02-01 10:53:32.491  2639  3874 D HdrSolution_HdrDisplayNitMapper: updataTargetNit--------------mLightSensorData: -1.0, scaleRatio: 2.71, target: 73.787->200
02-01 10:53:32.492  2639  3874 D LocalDisplayAdapter: surface lcd : 58(0.046), 58(0.046), main +
02-01 10:53:32.492  1795  1795 I SurfaceFlinger: setDisplayBrightness(4630946315032985731): displayBrightness: 0.045640, displayBrightnessNits: 74.098724, sdrWhitePointNits: 74.099670 , dimmingRatio: 1.000013
02-01 10:53:32.493  2639  3874 D LocalDisplayAdapter: surface lcd : 58(0.046), 58(0.046), main -
02-01 10:53:32.496  1777  1777 I SSC_DAEMON: handleSensorTestReqMsg:85, Sensor type :4, Msg type:11
02-01 10:53:32.496  1709  1816 I SDM     : HWPeripheralDRM::SetPanelBrightnessWork: Setting brightness to level 596 through sysfs node. primary(1), type_id(1)
02-01 10:53:32.496  1777  1777 I SSC_DAEMON: physicalSensorTestReqMsg:130, s:4, m:11
02-01 10:53:32.499  1709 17893 I SDM     : DisplayBuiltIn::SetPanelBrightness: Setting brightness to level 581 (4.563997 percent) primary(1) display(68)
02-01 10:53:32.499  2639  3874 D HdrSolution_HdrDisplayNitMapper: updataTargetNit--------------mLightSensorData: -1.0, scaleRatio: 2.77, target: 72.16->200
02-01 10:53:32.500  2639  3874 D LocalDisplayAdapter: surface lcd : 57(0.044), 57(0.044), main +
02-01 10:53:32.500  1795  1795 I SurfaceFlinger: setDisplayBrightness(4630946315032985731): displayBrightness: 0.044465, displayBrightnessNits: 71.662819, sdrWhitePointNits: 71.663742 , dimmingRatio: 1.000013
02-01 10:53:32.501  2639  3874 D LocalDisplayAdapter: surface lcd : 57(0.044), 57(0.044), main -
02-01 10:53:32.501  1777  4431 I SSC_DAEMON: light_event_log:172, light_msg(4/11): br 59 (lux 417,idx 0) - -1,-1,13
02-01 10:53:32.504  1777  1777 I SSC_DAEMON: handleSensorTestReqMsg:85, Sensor type :4, Msg type:11
02-01 10:53:32.505  1777  1777 I SSC_DAEMON: physicalSensorTestReqMsg:130, s:4, m:11
02-01 10:53:32.505  1709  1816 I SDM     : HWPeripheralDRM::SetPanelBrightnessWork: Setting brightness to level 581 through sysfs node. primary(1), type_id(1)
02-01 10:53:32.507  1709 17893 I SDM     : DisplayBuiltIn::SetPanelBrightness: Setting brightness to level 566 (4.446545 percent) primary(1) display(68)
02-01 10:53:32.508  2639  3874 D HdrSolution_HdrDisplayNitMapper: updataTargetNit--------------mLightSensorData: -1.0, scaleRatio: 2.9, target: 68.931->200
02-01 10:53:32.508  1777  4431 I SSC_DAEMON: light_event_log:172, light_msg(4/11): br 58 (lux 417,idx 0) - -1,-1,13
02-01 10:53:32.508  2639  3874 D LocalDisplayAdapter: surface lcd : 55(0.043), 55(0.043), main +
02-01 10:53:32.509  1795  1795 I SurfaceFlinger: setDisplayBrightness(4630946315032985731): displayBrightness: 0.043291, displayBrightnessNits: 69.245758, sdrWhitePointNits: 69.246689 , dimmingRatio: 1.000013
02-01 10:53:32.509  2639  3874 D LocalDisplayAdapter: surface lcd : 55(0.043), 55(0.043), main -
02-01 10:53:32.513  1777  1777 I SSC_DAEMON: handleSensorTestReqMsg:85, Sensor type :4, Msg type:11
02-01 10:53:32.513  1777  1777 I SSC_DAEMON: physicalSensorTestReqMsg:130, s:4, m:11
02-01 10:53:32.513  1709  1816 I SDM     : HWPeripheralDRM::SetPanelBrightnessWork: Setting brightness to level 566 through sysfs node. primary(1), type_id(1)
02-01 10:53:32.514  1777  4431 I SSC_DAEMON: light_event_log:172, light_msg(4/11): br 56 (lux 417,idx 0) - -1,-1,13
02-01 10:53:32.515  1709 17893 I SDM     : DisplayBuiltIn::SetPanelBrightness: Setting brightness to level 551 (4.329093 percent) primary(1) display(68)
02-01 10:53:32.516  2639  3874 D HdrSolution_HdrDisplayNitMapper: updataTargetNit--------------mLightSensorData: -1.0, scaleRatio: 2.97, target: 67.33->200
02-01 10:53:32.517  2639  3874 D LocalDisplayAdapter: surface lcd : 54(0.042), 54(0.042), main +
02-01 10:53:32.517  1795  1795 I SurfaceFlinger: setDisplayBrightness(4630946315032985731): displayBrightness: 0.042116, displayBrightnessNits: 66.848984, sdrWhitePointNits: 66.849899 , dimmingRatio: 1.000014
02-01 10:53:32.518  2639  3874 D LocalDisplayAdapter: surface lcd : 54(0.042), 54(0.042), main -
02-01 10:53:32.518  1795  2147 I CompositionEngine: [setDisplaySize] size=(434, 42)
02-01 10:53:32.521  1777  1777 I SSC_DAEMON: handleSensorTestReqMsg:85, Sensor type :4, Msg type:11
02-01 10:53:32.521  1777  1777 I SSC_DAEMON: physicalSensorTestReqMsg:130, s:4, m:11
