02-01 10:53:11.975  2639  7175 D VibratorManagerService: Canceling vibration
02-01 10:53:11.975  3969  4051 D ShellBackPreview: onGestureFinished() mTriggerBack == true
02-01 10:53:11.975  3969  4051 D ShellBackPreview: Trigger back without dispatching to animator, info=BackNavigationInfo{mType=TYPE_CALLBACK (4), mOnBackNavigationDone=android.os.RemoteCallback@4c407c8, mOnBackInvokedCallback=android.window.IOnBackInvokedCallback$Stub$Proxy@e867061, mPrepareRemoteAnimation=false, mAnimationCallback=true, mCustomizeAnimationInfo=null}
02-01 10:53:11.975  3969  4051 D ShellBackPreview: dispatchOnBackInvoked, caller=com.android.wm.shell.back.BackAnimationController.invokeOrCancelBack:42 com.android.wm.shell.back.BackAnimationController$BackAnimationImpl$$ExternalSyntheticLambda2.run:520 android.os.Handler.handleCallback:995 
02-01 10:53:11.975  3969  4051 D ShellBackPreview: BackAnimationController: finishBackNavigation()
02-01 10:53:11.975  2639  7175 D CoreBackPreview: onBackNavigationDone backType=4, triggerBack=true
02-01 10:53:11.976  1681  1818 I HYPER-HAL: [RequestManager.cpp]releaseLocked(): Released ID : 3488763
02-01 10:53:11.976  1681  1818 I HYPER-HAL: [RequestManager.cpp]acquire(): Acquired ID : 3557806  [2639 / 28]    HINT : GESTURE_DETECTED_HRR    list : [TIMEOUT / 1217] 
02-01 10:53:11.976  1681  1818 I HYPER-HAL: [RequestManager.cpp]acquire(): Acquired ID : 3557806  [2639 / 28]    HINT : GESTURE_DETECTED_HRR    list : [TIMEOUT / 1400] 
02-01 10:53:11.983 25313 25313 D WindowOnBackDispatcher: onBackInvoked, callback=io.flutter.embedding.android.FlutterActivity$1@b06f7dd
02-01 10:53:11.985  2639  7175 D VibratorManagerService: converted usage = TOUCH(18)
02-01 10:53:11.985  2639  7175 D VibratorManagerService: vibrate - uid: 10049, opPkg: com.android.systemui, effect: Mono{mEffect=Composed{segments=[SemHaptic{mType=50047, mMagnitude=-1}], repeat=-1, mMagnitudeType=TYPE_TOUCH}}, attrs: VibrationAttributes{mUsage=TOUCH, mAudioUsage= USAGE_UNKNOWN, mFlags=0, tags=}, reason: null, token: android.os.BinderProxy@718dcd0
02-01 10:53:11.985  2639  7175 D SingleVibrationSession: semIndexVibrate : EFFECT_CLICK_GESTURE(23), repeat: -1, usage: TOUCH(18), magnitude: 8000
02-01 10:53:11.985  2639  7175 D VibratorManagerService: Starting vibrate for vibration 626
02-01 10:53:11.985  2639  7175 D VibratorManagerService: Check AppOp mode VIBRATE for uid 10049 and package com.android.systemui returned audio=allow, op=allow
02-01 10:53:11.985  2639  7175 D VibratorManagerService: Starting vibration 626 on thread
02-01 10:53:11.986  2639  7175 D VibratorManagerService: Start AppOp mode VIBRATE for uid 10049 and package com.android.systemui returned allow
02-01 10:53:11.987  2639  3551 D VibrationThread: Playing vibration id 626 StartSequentialEffectStep
02-01 10:53:11.987  2639  3551 D VibrationThread: StartSequentialEffectStep for effect #0
02-01 10:53:11.987  2639  3551 D SemHapticStep: sepIndex=23, intensity=8000, repeat=false, duration=120
02-01 10:53:11.987  2639  3551 D SemHapticStep: Turning on vibrator 0 for 120ms
02-01 10:53:11.988  1740  1740 E SecVibrator-HAL-AIDL-EXT: V_5_0: performPrebakedHapticPattern 23 : 8000 : 0
02-01 10:53:11.988  1740  1740 E SecVibrator-HAL-AIDL-CORE: HW_API: [setForceFeedbackAmplitude]amplitude: 8000
02-01 10:53:11.989 25313 25313 W WindowOnBackDispatcher: sendCancelIfRunning: isInProgress=false callback=io.flutter.embedding.android.FlutterActivity$1@b06f7dd
02-01 10:53:11.989  2639  7175 D CoreBackPreview: Window{fe32360 u0 com.example.voxmatrix/com.example.voxmatrix.MainActivity}: Setting back callback OnBackInvokedCallbackInfo{mCallback=android.window.IOnBackInvokedCallback$Stub$Proxy@1bd94c9, mPriority=-1, mIsAnimationCallback=false, mOverrideBehavior=0}
02-01 10:53:11.997  1740  1740 E SecVibrator-HAL-AIDL-CORE: HW_API: [uploadForceFeedbackeffect]ioctl success ,uploaded effect with ID: 0
02-01 10:53:11.997  1740  1740 E SecVibrator-HAL-AIDL-CORE: HW_API: do_on for timeoutMs: 1000
02-01 10:53:11.998  1740  1740 E SecVibrator-HAL-AIDL-CORE: HW_API: [triggerForceFeedbackVibration]on: 1
02-01 10:53:12.000  1795  2147 I CompositionEngine: [setDisplaySize] size=(434, 42)
02-01 10:53:12.000  2639  5281 D MotionRecognitionService: inject vibrator info = 1.0
02-01 10:53:12.001  1674  1674 I sensors-hal: inject_sensor_data:427, handle:11, type:33 not supported
02-01 10:53:12.001  1674  1674 I sensors-hal: inject_sensor_data:427, handle:11, type:33 not supported
02-01 10:53:12.007  1674  1674 I sensors-hal: inject_sensor_data:427, handle:11, type:33 not supported
02-01 10:53:12.104  1795  2147 I CompositionEngine: [setDisplaySize] size=(434, 42)
02-01 10:53:12.107  2639  3551 D VibrationThread: Playing vibration id 626 on vibrator 0 CompleteEffectVibratorStep
02-01 10:53:12.107  2639  3551 D VibrationThread: Running complete vibration step on vibrator 0
02-01 10:53:12.107  2639  3551 D VibrationThread: Playing vibration id 626 on vibrator 0 TurnOffVibratorStep
02-01 10:53:12.107  2639  3551 D VibrationThread: Turning off vibrator 0
02-01 10:53:12.108  1740  1740 E SecVibrator-HAL-AIDL-CORE: V_2_0: Vibrator off
02-01 10:53:12.108  1740  1740 E SecVibrator-HAL-AIDL-CORE: HW_API: do_off
02-01 10:53:12.108  1740  1740 E SecVibrator-HAL-AIDL-CORE: HW_API: [triggerForceFeedbackVibration]on: 0
02-01 10:53:12.108  2639  3551 D VibrationThread: Vibration 626 finished with EndInfo{status=FINISHED, endedBy=null}
02-01 10:53:12.108  2639  3551 D VibrationThread: Playing vibration id 626 FinishSequentialEffectStep (cleanup)
02-01 10:53:12.108  2639  3551 D VibrationThread: FinishSequentialEffectStep for effect #0
02-01 10:53:12.109  2639  3551 D VibratorManagerService: VibrationThread released vibration 626
02-01 10:53:12.109  2639  3551 D VibratorManagerService: Finish AppOp mode VIBRATE for uid 10049 and package com.android.systemui
02-01 10:53:12.109  2639  3551 D VibratorManagerService: Vibration for uid=10049 and with attrs=VibrationAttributes{mUsage=TOUCH, mAudioUsage= USAGE_UNKNOWN, mFlags=0, tags=} ended with status FINISHED
02-01 10:53:12.135  3969  3969 D BackPanelController: updateArrowState: FLUNG -> COMMITTED
02-01 10:53:12.153  2639  3815 I BatteryService_BatteryPropertiesRegistrar: [getProperty]id:6
02-01 10:53:12.153  2639  3815 I BatteryService_BatteryPropertiesRegistrar: [getProperty]prop.long:-9223372036854775808 ,prop.string:null
02-01 10:53:12.155  2639  3815 I BatteryService_BatteryPropertiesRegistrar: [getProperty]id:4
02-01 10:53:12.155  2639  3815 I BatteryService_BatteryPropertiesRegistrar: [getProperty]prop.long:-9223372036854775808 ,prop.string:null
02-01 10:53:12.157  2639  3815 I SemWifiIntelligentTrainingManager: Tr. cond. check: true / 1 (2) / true / 0 (1)
02-01 10:53:12.158  2639  3815 I BatteryService_BatteryPropertiesRegistrar: [getProperty]id:6
02-01 10:53:12.158  2639  3815 I BatteryService_BatteryPropertiesRegistrar: [getProperty]prop.long:-9223372036854775808 ,prop.string:null
02-01 10:53:12.159  2639  3815 I BatteryService_BatteryPropertiesRegistrar: [getProperty]id:4
02-01 10:53:12.159  2639  3815 I BatteryService_BatteryPropertiesRegistrar: [getProperty]prop.long:-9223372036854775808 ,prop.string:null
02-01 10:53:12.205  1795  2147 I CompositionEngine: [setDisplaySize] size=(434, 42)
02-01 10:53:12.254  3969  3969 D BackPanelController: updateArrowState: COMMITTED -> GONE
02-01 10:53:12.263  2639  7175 I WindowManager: Relayout Window{1e56e66 u0 BackPanelController}: viewVisibility=8 req=295x754 ty=2024 d0
02-01 10:53:12.263  2639  7175 E WindowManager: win=Window{1e56e66 u0 BackPanelController} destroySurfaces: appStopped=true cleanupOnResume=false win.mWindowRemovalAllowed=false win.mRemoveOnExit=false win.mViewVisibility=8 caller=com.android.server.wm.WindowManagerService.tryStartExitingAnimation:134 com.android.server.wm.WindowManagerService.relayoutWindow:1138 com.android.server.wm.Session.relayout:27 android.view.IWindowSession$Stub.onTransact:829 com.android.server.wm.Session.onTransact:1 android.os.Binder.execTransactInternal:1462 android.os.Binder.execTransact:1401 
02-01 10:53:12.264  2639  7175 D SurfaceComposerClient: setCornerRadius ## fe32360 com.example.voxmatrix/com.example.voxmatrix.MainActivity#4107 cornerRadius=0.000000
02-01 10:53:12.265  2639  7175 D SurfaceComposerClient: setCornerRadius ## fe32360 com.example.voxmatrix/com.example.voxmatrix.MainActivity#4107 cornerRadius=0.000000
02-01 10:53:12.266  2639  7175 I WindowManager: Relayout hash=1e56e66, pid=3969, syncId=-1: mAttrs={(0,1086)(295x754) gr=TOP RIGHT CENTER sim={adjust=pan} ty=NAVIGATION_BAR_PANEL fmt=TRANSLUCENT
02-01 10:53:12.266  2639  7175 I WindowManager:   fl=1000118
02-01 10:53:12.266  2639  7175 I WindowManager:   pfl=30200010
02-01 10:53:12.266  2639  7175 I WindowManager:   bhv=1
02-01 10:53:12.266  2639  7175 I WindowManager:   frameRateBoostOnTouch=true
02-01 10:53:12.266  2639  7175 I WindowManager:   dvrrWindowFrameRateHint=true naviIconColor=0}
02-01 10:53:12.268  3969  3969 I VRI[EdgeBackGestureHandler0]@5f9872e: Relayout returned: old=(785,1086,1080,1840) new=(785,1086,1080,1840) relayoutAsync=false req=(295,754)8 dur=5 res=0x2 s={false 0x0} ch=true seqId=0
02-01 10:53:12.268  3969  3969 D VRI[EdgeBackGestureHandler0]@5f9872e: Not drawing due to not visible. Reason=View.GONE
02-01 10:53:12.269  1795  1795 I SurfaceFlinger: [LayerHierarchy{RequestedLayerState{BackPanelController$_3969#4298} no children}] reparent to OffscreenRoot
02-01 10:53:12.270  1795  1795 I SurfaceFlinger: [LayerHierarchy{RequestedLayerState{BackPanelController$_3969#4298} no children}] RelativeParent to null
02-01 10:53:12.274  1795  1795 D SurfaceFlinger: Display 4630946315032985731 HWC layers:
02-01 10:53:12.274  1795  1795 D SurfaceFlinger:        DEVICE |          108718507163723 | 00000102 | RGBA_8888    |    0.0    0.0 1080.0 2340.0 |    0    0 1080 2340 | 70b609 SurfaceView[com.example.voxma[...]oxmatrix.MainActivity]@0(BLAST)#4262 (688)
02-01 10:53:12.274  1795  1795 D SurfaceFlinger:        DEVICE |          108718507163728 | 00002100 | RGBA_8888    |    0.0    0.0 1080.0 2340.0 |    0    0 1080 2340 | com.example.voxmatrix/com.example.voxmatrix.MainActivity$_25313#4258 (127)
02-01 10:53:12.274  1795  1795 D SurfaceFlinger:        DEVICE |           17046725199935 | 00002100 | RGBA_8888    |    0.0    0.0 1080.0   84.0 |    0    0 1080   84 | StatusBar$_3969#104 (7176)
02-01 10:53:12.274  1795  1795 D SurfaceFlinger:        DEVICE |           17046725199937 | 00002100 | RGBA_8888    |    0.0    0.0 1080.0  135.0 |    0 2205 1080 2340 | NavigationBar0$_3969#100 (7434)
02-01 10:53:12.274  1795  1795 D SurfaceFlinger: 
02-01 10:53:12.276  1795  1914 I SurfaceFlinger: id=4298 Removed BackPanelController$_3969#4298 (181)
02-01 10:53:12.278  1795  1795 I SurfaceFlinger: destroyed BackPanelController$_3969#4298 form LifecycleManager
02-01 10:53:12.278  1795  1795 I SurfaceFlinger: id=4298 onLayerDestroyed from LayerHierarchyBuilder(RequestedLayerState{BackPanelController$_3969#4298 !handle})
02-01 10:53:12.279  1795  1795 I Layer   : id=4298 Destroyed BackPanelController$_3969#4298
02-01 10:53:12.280  3969  4166 W qdgralloc: getInterlacedFlag: getMetaData returned 3, defaulting to interlaced_flag = 0
02-01 10:53:12.285  1784  1824 E HeatmapThread: ECT Thread time in milliseconds: 1769932392
02-01 10:53:12.289  1784  1824 D HeatmapThread: !@ batteryplugType : 2
02-01 10:53:12.290  1784  1824 D HeatmapThread: !@ batteryLevel : 67  batteryTemperature : 320 
02-01 10:53:12.290  1784  1824 D HeatmapThread: !@ Heatmap currtime: 29498873
02-01 10:53:12.290  1784  1824 D HeatmapThread: !@ Heatmap prevtime: 29498854
02-01 10:53:12.290  1784  1824 D HeatmapThread: !@ Heatmap plugstarttime: 29498866
02-01 10:53:12.290  1784  1824 D HeatmapThread: !@ Heatmap prevv_dsoh_update_time: 29498734
02-01 10:53:12.291  1784  1824 E HeatmapThread: !@ CAM New BSOH: 100
02-01 10:53:12.306  1795  2147 I CompositionEngine: [setDisplaySize] size=(434, 42)
02-01 10:53:12.361  2639  6374 D SemWifiUsabilityStatsMonitor: onWifiUsabilityStats - seqNum 1131, isSameBssidAndFreq true
02-01 10:53:12.362  2639  3816 E SemWifiLinkQualityMonitor: Too old or invalid TMI: currentTime=1769932392362 lastDateWindow=1769926059000
02-01 10:53:12.363  2639  3817 D SemInsManager: {"bssid": "98d02d565500","rssi": -55.0,"latency": 0.0,"outage_count": 3,"lq_callback_triggered": true,"outage_log": "Unreliable statistics: -55.0 / 6 / 374 / 33 / 1 || 98d02d565500: 0.000 / 0.000 / @ || N N / 3 0 / N 2.0 / Y X 0 / 7872685 0 || 2026-02-01 09:07:39  / 0: 0 0 0 0 0 0 / 0: 0 0 0 0 0 0 / 0: 0 0 0 0 0 0""Magnetic Sensor Events size": "0""Pressure Sensor Events size": "0"}
02-01 10:53:12.406  1795  2147 I CompositionEngine: [setDisplaySize] size=(434, 42)
02-01 10:53:12.420  6802  8244 I SDHMS:x : SIOP:: AP:343 BAT:320 USB:315 CHG:336 PA:346 WIFI:338 CF:326 BLK:0 SUBBAT:0 LRPTHM:322 SKIN:330 SKINF:319 SKINB:330 LRP2:330 LRF2:319 LRB2:330 AP2:329 CHG2:329 WIFI2:329 RCV2:314 SPK2:305 FCAM:315 UPSPK:327 DNSPK:315 VAP02:343 VWIFI:338 AMB2:282 AVGCUR:892 AVGSYS:417 POWER:3631
02-01 10:53:12.432  2639 27014 D WifiConnectivityMonitor.DnsThread:  [|205]
02-01 10:53:12.433  2639  3850 D WifiConnectivityMonitor.NetworkStatsAnalyzer: DNS resultType : 0, responseTime : 205
02-01 10:53:12.434  2639  3845 D OpenNetworkQos[4.00]: updateBssidLatestDnsResultType - result: 0
02-01 10:53:12.434  2639  3845 D OpenNetworkQos[4.00]: updateBssidNoInternet: mBssidNoInternet = false
02-01 10:53:12.434  2639  3845 D OpenNetworkQos[4.00]: getOpenNetworkQosNoInternetStatus: false
02-01 10:53:12.434  2639  3845 D OpenNetworkQos[4.00]: getOpenNetworkQosScores: 25 26 0 
02-01 10:53:12.434  2639  3845 D KNOX_MDM_SettingsProvider: isChangeAllowed() : name = wifi_wcm_qos_sharing_score_summary
02-01 10:53:12.435  2639  3845 I WifiProfileShare: network QoS data was changed (internet), updateQoSData networkType: true, qosData: false
02-01 10:53:12.436  2639  5148 D WifiProfileShare: nearby scanning settings stop
02-01 10:53:12.436  2639  5148 V WifiProfileShare.Caster: checkAndGetShareData - nearby scanning
02-01 10:53:12.506  1795  2147 I CompositionEngine: [setDisplaySize] size=(434, 42)
02-01 10:53:12.600  1166  1166 D io_stats: !@   8,0 r 1193229 26692412 w 497900 10260640 d 56720 8956308 f 18287 47914 iot 275696 0 th 0 0 0 pt 0 inp 0 0 7872.923
02-01 10:53:12.607  1795  2147 I CompositionEngine: [setDisplaySize] size=(434, 42)
02-01 10:53:12.702  1674  3922 I sensors-hal: handle_sns_std_sensor_event:131, [SSC_LIGHT] A: 704(704),c:169,b:109,m:13,cl:54,l:710,s:698,l0:110496,l1:416,s0:100500,s1:0,acl:1,opr:0.42,f(r):94,u(bl):100,if:0,wi:0,si:0,po:0(N:0)
02-01 10:53:12.703  2639  3101 D AutomaticBrightnessController: sendAmbientLux(692.6801)
02-01 10:53:12.703  2639  3101 D MdnieScenarioControlService: getVisionBoosterIndex() mAutoBrightnessMode : true , mReduceBrightColorsActivatedEnabled : false , lux : 692
02-01 10:53:12.703  2639  3101 D MdnieScenarioControlService: Vision Booster Index : 0
02-01 10:53:12.713  2639  3101 I SemMdnieManagerService: DDI setHighBrightnessMode id(0) lux : 692, index : 0
02-01 10:53:12.714  2639  3101 D AdaptiveBrightnessLongtermModelBuilder[0]: notifyAmbientLuxChanged(lux=692.680115)
02-01 10:53:12.715  2639  3101 W AutomaticBrightnessController: [api] updateAutoBrightness : 150(0.59)    102 <    692.7 <   1601 (adj:+0.5)
02-01 10:53:12.715  2639  3101 D SensorManager: Inject hysteresis info
02-01 10:53:12.715  2639  3039 V AdaptiveBrightnessLongtermModelBuilder[0]: Ambient Lux event 692.6801
02-01 10:53:12.716  2639  3039 D AdaptiveBrightnessLongtermModelBuilder[0]: handleAmbientLuxChanged: ambientLux: 692.6801
02-01 10:53:12.716  2639  3039 D AdaptiveBrightnessLongtermModelBuilder[0]: updateAdaptiveBrightnessStats: l:692.6801 b:166.292 u: false
02-01 10:53:12.716  1674  1674 I sensors-hal: inject_sensor_data:83, injection type:268435458, data 150.000000 102.000000 692.680115 1601.000000
02-01 10:53:12.716  2639  3039 D AdaptiveBrightnessWeightStats: log: l:205.0 b:166.292 t:39.484 u:false 
02-01 10:53:12.717  2639  3039 D AdaptiveBrightnessWeightStats: updateTransientStats: 76.8 < 205.0 < 480.0  b:166.292 t:39.484s
02-01 10:53:12.717  2639  3039 D AdaptiveBrightnessWeightStats: updateTransientStats: b: 166.292 ambientLux:205.0 currentBucketLux:192.0 mBrightnessMapper: 158.66318
02-01 10:53:12.717  1777  1777 I SSC_DAEMON: handleSensorTestReqMsg:85, Sensor type :4, Msg type:15
02-01 10:53:12.718  2639  3101 D DisplayPowerController[0]: animateScreenStateChange: target=ON, mIsEnabled=true
02-01 10:53:12.718  1777  1777 I SSC_DAEMON: physicalSensorTestReqMsg:130, s:4, m:15
02-01 10:53:12.718  2639  3101 W DisplayPowerController[0]: Animating brightness: target=150(0.59), rate=0.235, reason=automatic[150]
02-01 10:53:12.719  2639  3101 D DisplayManagerService: handleBrightnessAnimation: started=true
02-01 10:53:12.720  2639  3101 D RefreshRateModeManager: set fix=3, brightness=109, lux=704.025, mIsWirelessCharging=false
02-01 10:53:12.720  1777  4431 I SSC_DAEMON: light_event_log:202, light_msg(4/15): option - 28
02-01 10:53:12.720  2639  3101 D RefreshRateModeManager: setPassiveMode=true, brightness=109, lux=704.025, PassiveModeToken=true
02-01 10:53:12.720  2639  3101 I RefreshRateModeManager: Schedule to change HFRmode=REFRESH_RATE_MODE_PASSIVE, mDisplayToken=android.os.BinderProxy@48a5dfd
02-01 10:53:12.720  2639  3101 I RefreshRateModeManager:     -1:
02-01 10:53:12.720  2639  3101 I RefreshRateModeManager:       PRIORITY_REFRESH_RATE_MODE -> CombinedVote{ mVotes=[PhysicalVote{ RefreshRateVote{  mMinRefreshRate=10.0, mMaxRefreshRate=120.0 } }, DisableRefreshRateSwitchingVote{ mDisableRefreshRateSwitching=false }] }
02-01 10:53:12.720  2639  3101 I RefreshRateModeManager:     0:
02-01 10:53:12.720  2639  3101 I RefreshRateModeManager:       PRIORITY_USER_SETTING_PEAK_RENDER_FRAME_RATE -> RenderVote{ RefreshRateVote{  mMinRefreshRate=0.0, mMaxRefreshRate=120.0 } }
02-01 10:53:12.720  2639  3101 I RefreshRateModeManager:       PRIORITY_RESOLUTION -> SizeVote{ mWidth=1080, mHeight=2340, mMinWidth=1080, mMinHeight=2340 }
02-01 10:53:12.720  2639  3101 I RefreshRateModeManager:       PRIORITY_USER_SETTING_PEAK_REFRESH_RATE -> CombinedVote{ mVotes=[PhysicalVote{ RefreshRateVote{  mMinRefreshRate=0.0, mMaxRefreshRate=120.0 } }, DisableRefreshRateSwitchingVote{ mDisableRefreshRateSwitching=false }] }
02-01 10:53:12.720  2639  3101 I RefreshRateModeManager:       PRIORITY_USER_SETTING_DISPLAY_PREFERRED_SIZE -> SizeVote{ mWidth=1080, mHeight=2340, mMinWidth=1080, mMinHeight=2340 }
02-01 10:53:12.720  2639  3101 I RefreshRateModeManager:       PRIORITY_USER_SETTING_MIN_RENDER_FRAME_RATE -> RenderVote{ RefreshRateVote{  mMinRefreshRate=0.0, mMaxRefreshRate=Infinity } }
02-01 10:53:12.720  2639  3101 I RefreshRateModeManager: 
02-01 10:53:12.720  2639  3101 I RefreshRateModeManager:  mModeSwitchingType: SWITCHING_TYPE_WITHIN_GROUPS mAlwaysRespectAppRequest: false
02-01 10:53:12.720  2639  3101 I RefreshRateModeManager:  Current Mode mReportedRefreshRateMode(toSurfaceFlinger)=REFRESH_RATE_MODE_PASSIVE, mRefreshRateMode(fromSettings)=REFRESH_RATE_MODE_SEAMLESS
02-01 10:53:12.720  2639  3101 I RefreshRateModeManager:  BrightnessState mPassive=true, PassiveModeToken=true, mLfd=3, mBrightness=109, mAmbientLux=704.025, mIsWirelessCharing=false
02-01 10:53:12.721  2639  3000 D SurfaceControl: notifyHFRmode, displayToken=android.os.BinderProxy@48a5dfd, hfrMode=REFRESH_RATE_MODE_PASSIVE
02-01 10:53:12.721  2639  3101 I RefreshRateTokenController: Adding refreshRateToken={ RefreshRateToken[->PassiveModeToken:BrightnessAnim, acquire at 7873043 (1 ms ago)}, caller=com.android.server.display.mode.RefreshRateController.createPassiveModeToken:33 com.android.server.display.DisplayManagerService$$ExternalSyntheticLambda1.accept:365 com.android.server.display.DisplayPowerController.animateScreenBrightness:263 com.android.server.display.DisplayPowerController.updatePowerStateInternal:2573 com.android.server.display.DisplayPowerController.updatePowerState:9 
02-01 10:53:12.721  1795  2229 I SurfaceFlinger: [4630946315032985731] HFR mode : 3
02-01 10:53:12.745  2639  3101 D AdaptiveBrightnessLongtermModelBuilder[0]: notifyBrightnessChanged(brightness=251.332001, userInitiated=false)
02-01 10:53:12.746  1795  1795 I HWComposer: [4630946315032985731] ActiveConfigToHWC, ID : 7
02-01 10:53:12.746  2639  3101 D DisplayPowerController[0]: putAutoBrightnessTransitionTime: transitionTime=683
02-01 10:53:12.746  2639  3101 D KNOX_MDM_SettingsProvider: isChangeAllowed() : name = auto_brightness_transition_time
02-01 10:53:12.746  2639  3039 D AdaptiveBrightnessLongtermModelBuilder[0]: handleBrightnessChanged: brightness: 251.332 userInitiated: false
02-01 10:53:12.746  2639  3039 D AdaptiveBrightnessLongtermModelBuilder[0]: updateAdaptiveBrightnessStats: l:692.6801 b:251.332 u: false
02-01 10:53:12.746  2639  3039 D AdaptiveBrightnessWeightStats: log: l:692.6801 b:166.292 t:0.029 u:false 
02-01 10:53:12.746  2639  3039 D AdaptiveBrightnessWeightStats: updateTransientStats: 274.8 < 692.6801 < 1717.5  b:166.292 t:0.029s
02-01 10:53:12.746  2639  3039 D AdaptiveBrightnessWeightStats: updateTransientStats: b: 166.292 ambientLux:692.6801 currentBucketLux:687.0 mBrightnessMapper: 251.45221
02-01 10:53:12.746  2639  3101 D SettingsProvider: PUT_ret(/system/auto_brightness_transition_time), callingPackage:android
02-01 10:53:12.747  2639  3101 D DisplayPowerController[0]: saveBrightnessInfo: brt:0.5882353 adjBrt:0.5882353 min:0.0 max:1.0 hbm:0 tp:1.0 throttler:0 isAnimating:true
02-01 10:53:12.747  2639  3101 I DisplayPowerController[0]: BrightnessEvent: brt=0.5882353 (90.0%), nits= 251.332, lux=692.6801, reason=automatic, strat=AutomaticBrightnessStrategy, state=ON, stateReason=DEFAULT_POLICY, policy=BRIGHT, flags=, initBrt=0.42745098, rcmdBrt=0.5882353, preBrt=NaN, preLux=205.0, wasShortTermModelActive=true, autoBrightness=true (default), unclampedBrt=0.5882353, hbmMax=1.0, hbmMode=off, thrmMax=1.0, rbcStrength=-1, powerFactor=1.0, physDisp=Built-in Screen(local:4630946315032985731), logicalId=0, slowChange=true, rampSpeed=0.23529412
02-01 10:53:12.748  2639  3101 D DisplayPowerController[0]: [api] handleSettingsChange: sb: 0.588 abAdj: 0.491 sbLock: false fd: false
02-01 10:53:12.748  2639  3101 D DisplayPowerController[0]: animateScreenStateChange: target=ON, mIsEnabled=true
02-01 10:53:12.749  3969  3969 D BrightnessControllerObserver: BrightnessObserver.onChange() : auto_brightness_transition_time
02-01 10:53:12.749  2639  3101 D DisplayPowerController[0]: animateScreenStateChange: target=ON, mIsEnabled=true
02-01 10:53:12.749  3969  3969 D BrightnessControllerObserver: BrightnessObserver.onChange() : auto_brightness_transition_time
02-01 10:53:12.750  2639  3000 D BrightnessSynchronizer: onDisplayChanged() : displayId=0
02-01 10:53:12.751  2639  3874 D HdrSolution_HdrDisplayNitMapper: updataTargetNit--------------mLightSensorData: -1.0, scaleRatio: 1.19, target: 168.266->200
02-01 10:53:12.751  2639  3874 D LocalDisplayAdapter: surface lcd : 110(0.087), 110(0.087), main +
02-01 10:53:12.752  2639  3000 D BrightnessSynchronizer: updateScreenBrightness: displayId=0 type=2 mPreferredSettingValue=0.42745098(109) currentBrightnessInt=109 currentBrightnessIntFromFloat=150(0.5882353)
02-01 10:53:12.752  2639  3000 D BrightnessSynchronizer: onChange: last float changed: 0.5882353 -> 150
02-01 10:53:12.752  2639  3000 D KNOX_MDM_SettingsProvider: isChangeAllowed() : name = screen_brightness
02-01 10:53:12.753  1709 17893 I SDM     : HWDeviceDRM::SetDisplaySwitchMode: [DispConfigs] check hs_mode 3
02-01 10:53:12.753  1709 17893 W SDM     : HWDeviceDRM::GetSupportedBitClkRate: Requested rate not supported: 1362080000
02-01 10:53:12.753  2639  3000 D SettingsProvider: PUT_ret(/system/screen_brightness), callingPackage:android
02-01 10:53:12.753  1709 17893 I SDM     : HWDeviceDRM::SetDisplaySwitchMode: [DispConfigs] Mode 7 1080x2340x120xcmdHS already set
02-01 10:53:12.753  1709 17893 I SDM     : HWDeviceDRM::UpdateMixerAttributes: Mixer WxH 1080x2340-1 for Peripheral
02-01 10:53:12.753  1709 17893 I SDM     : HWCDisplay::SubmitDisplayConfig: Active configuration changed from config 7 to 7
02-01 10:53:12.753  2639  3000 D BrightnessSynchronizer: onChange : content://settings/system/screen_brightness
02-01 10:53:12.754  2639  3000 D BrightnessSynchronizer: updateScreenBrightness: displayId=0 type=1 mPreferredSettingValue=0.5882353(150) currentBrightnessInt=150 currentBrightnessIntFromFloat=150(0.5882353)
02-01 10:53:12.754  2639  3733 D MdnieScenarioControlService: settingDB update
02-01 10:53:12.755  1795  1795 I SurfaceFlinger: setDisplayBrightness(4630946315032985731): displayBrightness: 0.086620, displayBrightnessNits: 169.138306, sdrWhitePointNits: 169.138077 , dimmingRatio: 0.999999
02-01 10:53:12.755  1795  2147 I CompositionEngine: [setDisplaySize] size=(434, 42)
02-01 10:53:12.756  2639  3874 D LocalDisplayAdapter: surface lcd : 110(0.087), 110(0.087), main -
02-01 10:53:12.756  2639  3733 D MdnieScenarioControlService:  packageName : com.example.voxmatrix    className : com.example.voxmatrix.MainActivity
02-01 10:53:12.757  2639  3733 D MdnieScenarioControlService: anti_glare_state LUX_VALUE : 692
02-01 10:53:12.757  2639  3733 V MdnieScenarioControlService: setAclModeSettings() ACL mPrevAclValue (1) - mCurrentValue (1)
02-01 10:53:12.757  2639  3733 D AdaptiveDisplaySolutionService: setAutoCurrentLimitStateInt(1) , mADSEnableCondition : true
02-01 10:53:12.757  2639  3733 I AdaptiveDisplaySolutionService: updateAdaptiveControlStateInt(1)
02-01 10:53:12.757  2639  3874 D HdrSolution_HdrDisplayNitMapper: updataTargetNit--------------mLightSensorData: -1.0, scaleRatio: 1.17, target: 170.246->200
02-01 10:53:12.757  2639  3733 D AdaptiveDisplaySolutionService: [AdaptiveControl]: ACL VALUE (1)
02-01 10:53:12.758  2639  3874 D LocalDisplayAdapter: surface lcd : 111(0.087), 111(0.087), main +
02-01 10:53:12.758  3969  3969 D SecBrightnessController: updateSlider() - BrightnessDialog resetTimer()
02-01 10:53:12.758  1795  1795 I SurfaceFlinger: setDisplayBrightness(4630946315032985731): displayBrightness: 0.087012, displayBrightnessNits: 170.127365, sdrWhitePointNits: 170.127106 , dimmingRatio: 0.999998
02-01 10:53:12.759  2639  3874 D LocalDisplayAdapter: surface lcd : 111(0.087), 111(0.087), main -
02-01 10:53:12.759  3969  3969 D SecBrightnessController: updateSlider() - BrightnessDialog resetTimer()
02-01 10:53:12.759  2639  3733 V MdnieScenarioControlService: setUIMode from UI function(3)
02-01 10:53:12.761  1709 17893 I SDM     : DisplayBuiltIn::SetPanelBrightness: Setting brightness to level 1109 (8.701188 percent) primary(1) display(68)
02-01 10:53:12.761  2639  3874 D HdrSolution_HdrDisplayNitMapper: updataTargetNit--------------mLightSensorData: -1.0, scaleRatio: 1.17, target: 170.246->200
02-01 10:53:12.762  2639  3874 D LocalDisplayAdapter: surface lcd : 111(0.087), 111(0.087), main +
02-01 10:53:12.762  1795  1795 I SurfaceFlinger: setDisplayBrightness(4630946315032985731): displayBrightness: 0.087403, displayBrightnessNits: 171.117599, sdrWhitePointNits: 171.117371 , dimmingRatio: 0.999999
02-01 10:53:12.763  2639  3874 D LocalDisplayAdapter: surface lcd : 111(0.087), 111(0.087), main -
02-01 10:53:12.766  1777  1777 I SSC_DAEMON: handleSensorTestReqMsg:85, Sensor type :4, Msg type:11
02-01 10:53:12.767  1777  1777 I SSC_DAEMON: physicalSensorTestReqMsg:130, s:4, m:11
02-01 10:53:12.767  1709  1816 I SDM     : HWPeripheralDRM::SetPanelBrightnessWork: Setting brightness to level 1109 through sysfs node. primary(1), type_id(1)
02-01 10:53:12.769  1709 17893 I SDM     : DisplayBuiltIn::SetPanelBrightness: Setting brightness to level 1114 (8.740345 percent) primary(1) display(68)
02-01 10:53:12.770  2639  3874 D HdrSolution_HdrDisplayNitMapper: updataTargetNit--------------mLightSensorData: -1.0, scaleRatio: 1.16, target: 172.231->200
02-01 10:53:12.770  2639  3874 D LocalDisplayAdapter: surface lcd : 112(0.088), 112(0.088), main +
02-01 10:53:12.770  1777  4431 I SSC_DAEMON: light_event_log:172, light_msg(4/11): br 110 (lux 710,idx 0) - -1,-1,13
02-01 10:53:12.771  1795  1795 I SurfaceFlinger: setDisplayBrightness(4630946315032985731): displayBrightness: 0.087795, displayBrightnessNits: 172.108963, sdrWhitePointNits: 172.108688 , dimmingRatio: 0.999998
02-01 10:53:12.771  2639  3874 D LocalDisplayAdapter: surface lcd : 112(0.088), 112(0.088), main -
02-01 10:53:12.775  1709  1816 I SDM     : HWPeripheralDRM::SetPanelBrightnessWork: Setting brightness to level 1114 through sysfs node. primary(1), type_id(1)
02-01 10:53:12.775  1777  1777 I SSC_DAEMON: handleSensorTestReqMsg:85, Sensor type :4, Msg type:11
02-01 10:53:12.776  1777  1777 I SSC_DAEMON: physicalSensorTestReqMsg:130, s:4, m:11
02-01 10:53:12.777  1777  4431 I SSC_DAEMON: light_event_log:172, light_msg(4/11): br 111 (lux 710,idx 0) - -1,-1,13
02-01 10:53:12.778  1709 17893 I SDM     : DisplayBuiltIn::SetPanelBrightness: Setting brightness to level 1119 (8.779497 percent) primary(1) display(68)
02-01 10:53:12.778  1709  1816 I SDM     : HWPeripheralDRM::SetPanelBrightnessWork: brightness level is same as sysfs_brightness_written_ in SDR(1119, 1114), (111, 111)
02-01 10:53:12.779  2639  3874 D HdrSolution_HdrDisplayNitMapper: updataTargetNit--------------mLightSensorData: -1.0, scaleRatio: 1.16, target: 172.231->200
02-01 10:53:12.780  2639  3874 D LocalDisplayAdapter: surface lcd : 112(0.088), 112(0.088), main +
02-01 10:53:12.781  1795  1795 I SurfaceFlinger: setDisplayBrightness(4630946315032985731): displayBrightness: 0.088186, displayBrightnessNits: 173.101379, sdrWhitePointNits: 173.101166 , dimmingRatio: 0.999999
02-01 10:53:12.781  2639  3874 D LocalDisplayAdapter: surface lcd : 112(0.088), 112(0.088), main -
02-01 10:53:12.786  1709 17893 I SDM     : DisplayBuiltIn::SetPanelBrightness: Setting brightness to level 1124 (8.818642 percent) primary(1) display(68)
02-01 10:53:12.786  2639  3874 D HdrSolution_HdrDisplayNitMapper: updataTargetNit--------------mLightSensorData: -1.0, scaleRatio: 1.15, target: 174.221->200
02-01 10:53:12.787  2639  3874 D LocalDisplayAdapter: surface lcd : 113(0.089), 113(0.089), main +
02-01 10:53:12.787  1795  1795 I SurfaceFlinger: setDisplayBrightness(4630946315032985731): displayBrightness: 0.088578, displayBrightnessNits: 174.095352, sdrWhitePointNits: 174.095108 , dimmingRatio: 0.999999
02-01 10:53:12.787  2639  3874 D LocalDisplayAdapter: surface lcd : 113(0.089), 113(0.089), main -
02-01 10:53:12.791  1777  1777 I SSC_DAEMON: handleSensorTestReqMsg:85, Sensor type :4, Msg type:11
02-01 10:53:12.792  1709  1816 I SDM     : HWPeripheralDRM::SetPanelBrightnessWork: Setting brightness to level 1124 through sysfs node. primary(1), type_id(1)
02-01 10:53:12.792  1777  1777 I SSC_DAEMON: physicalSensorTestReqMsg:130, s:4, m:11
02-01 10:53:12.793  1777  4431 I SSC_DAEMON: light_event_log:172, light_msg(4/11): br 112 (lux 686,idx 0) - -1,-1,13
02-01 10:53:12.794  1709 17893 I SDM     : DisplayBuiltIn::SetPanelBrightness: Setting brightness to level 1129 (8.857799 percent) primary(1) display(68)
02-01 10:53:12.794  1709  1816 I SDM     : HWPeripheralDRM::SetPanelBrightnessWork: brightness level is same as sysfs_brightness_written_ in SDR(1129, 1124), (112, 112)
02-01 10:53:12.795  2639  3874 D HdrSolution_HdrDisplayNitMapper: updataTargetNit--------------mLightSensorData: -1.0, scaleRatio: 1.15, target: 174.221->200
02-01 10:53:12.797  2639  3874 D LocalDisplayAdapter: surface lcd : 113(0.089), 113(0.089), main +
02-01 10:53:12.797  1795  1795 I SurfaceFlinger: setDisplayBrightness(4630946315032985731): displayBrightness: 0.088970, displayBrightnessNits: 175.090546, sdrWhitePointNits: 175.090302 , dimmingRatio: 0.999999
02-01 10:53:12.797  2639  3874 D LocalDisplayAdapter: surface lcd : 113(0.089), 113(0.089), main -
02-01 10:53:12.802  1709 17893 I SDM     : DisplayBuiltIn::SetPanelBrightness: Setting brightness to level 1134 (8.896956 percent) primary(1) display(68)
02-01 10:53:12.803  2639  3874 D HdrSolution_HdrDisplayNitMapper: updataTargetNit--------------mLightSensorData: -1.0, scaleRatio: 1.13, target: 176.216->200
02-01 10:53:12.804  2639  3874 D LocalDisplayAdapter: surface lcd : 114(0.089), 114(0.089), main +
02-01 10:53:12.804  1795  1795 I SurfaceFlinger: setDisplayBrightness(4630946315032985731): displayBrightness: 0.089361, displayBrightnessNits: 176.087067, sdrWhitePointNits: 176.086823 , dimmingRatio: 0.999999
02-01 10:53:12.805  2639  3874 D LocalDisplayAdapter: surface lcd : 114(0.089), 114(0.089), main -
02-01 10:53:12.808  1777  1777 I SSC_DAEMON: handleSensorTestReqMsg:85, Sensor type :4, Msg type:11
02-01 10:53:12.808  1777  1777 I SSC_DAEMON: physicalSensorTestReqMsg:130, s:4, m:11
02-01 10:53:12.809  1709  1816 I SDM     : HWPeripheralDRM::SetPanelBrightnessWork: Setting brightness to level 1134 through sysfs node. primary(1), type_id(1)
02-01 10:53:12.810  1777  4431 I SSC_DAEMON: light_event_log:172, light_msg(4/11): br 113 (lux 686,idx 0) - -1,-1,13
02-01 10:53:12.811  1709 17893 I SDM     : DisplayBuiltIn::SetPanelBrightness: Setting brightness to level 1139 (8.936114 percent) primary(1) display(68)
02-01 10:53:12.811  1709  1816 I SDM     : HWPeripheralDRM::SetPanelBrightnessWork: brightness level is same as sysfs_brightness_written_ in SDR(1139, 1134), (113, 113)
02-01 10:53:12.813  2639  3874 D HdrSolution_HdrDisplayNitMapper: updataTargetNit--------------mLightSensorData: -1.0, scaleRatio: 1.13, target: 176.216->200
02-01 10:53:12.814  2639  3874 D LocalDisplayAdapter: surface lcd : 114(0.090), 114(0.090), main +
02-01 10:53:12.814  1795  1795 I SurfaceFlinger: setDisplayBrightness(4630946315032985731): displayBrightness: 0.089753, displayBrightnessNits: 177.085220, sdrWhitePointNits: 177.084976 , dimmingRatio: 0.999999
02-01 10:53:12.815  2639  3874 D LocalDisplayAdapter: surface lcd : 114(0.090), 114(0.090), main -
02-01 10:53:12.819  1709 17893 I SDM     : DisplayBuiltIn::SetPanelBrightness: Setting brightness to level 1144 (8.975273 percent) primary(1) display(68)
02-01 10:53:12.819  2639  3874 D HdrSolution_HdrDisplayNitMapper: updataTargetNit--------------mLightSensorData: -1.0, scaleRatio: 1.12, target: 178.217->200
02-01 10:53:12.820  2639  3874 D LocalDisplayAdapter: surface lcd : 115(0.090), 115(0.090), main +
02-01 10:53:12.821  1795  1795 I SurfaceFlinger: setDisplayBrightness(4630946315032985731): displayBrightness: 0.090144, displayBrightnessNits: 178.084839, sdrWhitePointNits: 178.084564 , dimmingRatio: 0.999998
02-01 10:53:12.821  2639  3874 D LocalDisplayAdapter: surface lcd : 115(0.090), 115(0.090), main -
02-01 10:53:12.825  1777  1777 I SSC_DAEMON: handleSensorTestReqMsg:85, Sensor type :4, Msg type:11
02-01 10:53:12.825  1709  1816 I SDM     : HWPeripheralDRM::SetPanelBrightnessWork: Setting brightness to level 1144 through sysfs node. primary(1), type_id(1)
02-01 10:53:12.825  1777  1777 I SSC_DAEMON: physicalSensorTestReqMsg:130, s:4, m:11
02-01 10:53:12.828  1709 17893 I SDM     : DisplayBuiltIn::SetPanelBrightness: Setting brightness to level 1149 (9.014434 percent) primary(1) display(68)
02-01 10:53:12.828  1709  1816 I SDM     : HWPeripheralDRM::SetPanelBrightnessWork: brightness level is same as sysfs_brightness_written_ in SDR(1149, 1144), (114, 114)
02-01 10:53:12.828  2639  3874 D HdrSolution_HdrDisplayNitMapper: updataTargetNit--------------mLightSensorData: -1.0, scaleRatio: 1.12, target: 178.217->200
02-01 10:53:12.829  2639  3874 D LocalDisplayAdapter: surface lcd : 115(0.091), 115(0.091), main +
02-01 10:53:12.829  1777  4431 I SSC_DAEMON: light_event_log:172, light_msg(4/11): br 114 (lux 686,idx 0) - -1,-1,13
02-01 10:53:12.829  1795  1795 I SurfaceFlinger: setDisplayBrightness(4630946315032985731): displayBrightness: 0.090536, displayBrightnessNits: 179.085632, sdrWhitePointNits: 179.085358 , dimmingRatio: 0.999998
02-01 10:53:12.830  2639  3874 D LocalDisplayAdapter: surface lcd : 115(0.091), 115(0.091), main -
02-01 10:53:12.836  1709 17893 I SDM     : DisplayBuiltIn::SetPanelBrightness: Setting brightness to level 1154 (9.053594 percent) primary(1) display(68)
02-01 10:53:12.837  2639  3874 D HdrSolution_HdrDisplayNitMapper: updataTargetNit--------------mLightSensorData: -1.0, scaleRatio: 1.11, target: 180.223->200
02-01 10:53:12.837  2639  3874 D LocalDisplayAdapter: surface lcd : 116(0.091), 116(0.091), main +
02-01 10:53:12.838  1795  1795 I SurfaceFlinger: setDisplayBrightness(4630946315032985731): displayBrightness: 0.090928, displayBrightnessNits: 180.087601, sdrWhitePointNits: 180.087357 , dimmingRatio: 0.999999
02-01 10:53:12.838  2639  3874 D LocalDisplayAdapter: surface lcd : 116(0.091), 116(0.091), main -
02-01 10:53:12.841  1777  1777 I SSC_DAEMON: handleSensorTestReqMsg:85, Sensor type :4, Msg type:11
02-01 10:53:12.842  1709  1816 I SDM     : HWPeripheralDRM::SetPanelBrightnessWork: Setting brightness to level 1154 through sysfs node. primary(1), type_id(1)
02-01 10:53:12.842  1777  1777 I SSC_DAEMON: physicalSensorTestReqMsg:130, s:4, m:11
02-01 10:53:12.843  1777  4431 I SSC_DAEMON: light_event_log:172, light_msg(4/11): br 115 (lux 686,idx 0) - -1,-1,13
02-01 10:53:12.844  1709 17893 I SDM     : DisplayBuiltIn::SetPanelBrightness: Setting brightness to level 1159 (9.092752 percent) primary(1) display(68)
02-01 10:53:12.844  1709  1816 I SDM     : HWPeripheralDRM::SetPanelBrightnessWork: brightness level is same as sysfs_brightness_written_ in SDR(1159, 1154), (115, 115)
02-01 10:53:12.846  2639  3874 D HdrSolution_HdrDisplayNitMapper: updataTargetNit--------------mLightSensorData: -1.0, scaleRatio: 1.11, target: 180.223->200
02-01 10:53:12.846  2639  3874 D LocalDisplayAdapter: surface lcd : 116(0.091), 116(0.091), main +
02-01 10:53:12.847  1795  1795 I SurfaceFlinger: setDisplayBrightness(4630946315032985731): displayBrightness: 0.091319, displayBrightnessNits: 181.090912, sdrWhitePointNits: 181.090668 , dimmingRatio: 0.999999
02-01 10:53:12.847  2639  3874 D LocalDisplayAdapter: surface lcd : 116(0.091), 116(0.091), main -
02-01 10:53:12.852  1709 17893 I SDM     : DisplayBuiltIn::SetPanelBrightness: Setting brightness to level 1164 (9.131913 percent) primary(1) display(68)
02-01 10:53:12.854  2639  3874 D HdrSolution_HdrDisplayNitMapper: updataTargetNit--------------mLightSensorData: -1.0, scaleRatio: 1.1, target: 182.234->200
02-01 10:53:12.854  2639  3874 D LocalDisplayAdapter: surface lcd : 117(0.092), 117(0.092), main +
02-01 10:53:12.855  1795  1795 I SurfaceFlinger: setDisplayBrightness(4630946315032985731): displayBrightness: 0.091711, displayBrightnessNits: 182.095474, sdrWhitePointNits: 182.095215 , dimmingRatio: 0.999999
02-01 10:53:12.855  2639  3874 D LocalDisplayAdapter: surface lcd : 117(0.092), 117(0.092), main -
02-01 10:53:12.855  1795  2147 I CompositionEngine: [setDisplaySize] size=(434, 42)
02-01 10:53:12.858  2639  5281 D MotionRecognitionService: inject vibrator info = 0.0
02-01 10:53:12.858  1709  1816 I SDM     : HWPeripheralDRM::SetPanelBrightnessWork: Setting brightness to level 1164 through sysfs node. primary(1), type_id(1)
02-01 10:53:12.859  1777  1777 I SSC_DAEMON: handleSensorTestReqMsg:85, Sensor type :4, Msg type:11
02-01 10:53:12.859  1674  1674 I sensors-hal: inject_sensor_data:427, handle:11, type:33 not supported
02-01 10:53:12.859  1777  1777 I SSC_DAEMON: physicalSensorTestReqMsg:130, s:4, m:11
02-01 10:53:12.861  1709 17893 I SDM     : DisplayBuiltIn::SetPanelBrightness: Setting brightness to level 1169 (9.171074 percent) primary(1) display(68)
02-01 10:53:12.861  2639  3733 V MdnieScenarioControlService: mAclOffEnabled : false
02-01 10:53:12.861  1709  1816 I SDM     : HWPeripheralDRM::SetPanelBrightnessWork: brightness level is same as sysfs_brightness_written_ in SDR(1169, 1164), (116, 116)
02-01 10:53:12.862  1674  1674 I sensors-hal: inject_sensor_data:427, handle:11, type:33 not supported
02-01 10:53:12.862  1674 26724 I sensors-hal: handle_sns_std_sensor_event:409, [SSC_LIGHT] P: 748(748),c:169,b:115,m:13,cl:57,l:810,s:708,l0:125216,l1:416,s0:102000,s1:0,acl:1,opr:0.42,f(r):94,u(bl):100,if:0,wi:0,si:0,po:0(N:0)
02-01 10:53:12.862  2639  3874 D HdrSolution_HdrDisplayNitMapper: updataTargetNit--------------mLightSensorData: -1.0, scaleRatio: 1.1, target: 182.234->200
02-01 10:53:12.862  1777  4431 I SSC_DAEMON: light_event_log:172, light_msg(4/11): br 116 (lux 810,idx 0) - -1,-1,13
02-01 10:53:12.863  1674  1674 I sensors-hal: inject_sensor_data:427, handle:11, type:33 not supported
02-01 10:53:12.864  2639  3874 D LocalDisplayAdapter: surface lcd : 117(0.092), 117(0.092), main +
02-01 10:53:12.864  1795  1795 I SurfaceFlinger: setDisplayBrightness(4630946315032985731): displayBrightness: 0.092102, displayBrightnessNits: 183.101166, sdrWhitePointNits: 183.100922 , dimmingRatio: 0.999999
02-01 10:53:12.864  2639  3874 D LocalDisplayAdapter: surface lcd : 117(0.092), 117(0.092), main -
02-01 10:53:12.869  2639  3874 D HdrSolution_HdrDisplayNitMapper: updataTargetNit--------------mLightSensorData: -1.0, scaleRatio: 1.09, target: 184.25->200
02-01 10:53:12.869  1709 17893 I SDM     : DisplayBuiltIn::SetPanelBrightness: Setting brightness to level 1174 (9.210233 percent) primary(1) display(68)
02-01 10:53:12.870  2639  3874 D LocalDisplayAdapter: surface lcd : 118(0.092), 118(0.092), main +
02-01 10:53:12.870  1795  1795 I SurfaceFlinger: setDisplayBrightness(4630946315032985731): displayBrightness: 0.092494, displayBrightnessNits: 184.108215, sdrWhitePointNits: 184.107971 , dimmingRatio: 0.999999
02-01 10:53:12.870  2639  3874 D LocalDisplayAdapter: surface lcd : 118(0.092), 118(0.092), main -
02-01 10:53:12.875  1777  1777 I SSC_DAEMON: handleSensorTestReqMsg:85, Sensor type :4, Msg type:11
02-01 10:53:12.875  1709  1816 I SDM     : HWPeripheralDRM::SetPanelBrightnessWork: Setting brightness to level 1174 through sysfs node. primary(1), type_id(1)
02-01 10:53:12.875  1777  1777 I SSC_DAEMON: physicalSensorTestReqMsg:130, s:4, m:11
02-01 10:53:12.876  1777  4431 I SSC_DAEMON: light_event_log:172, light_msg(4/11): br 117 (lux 810,idx 0) - -1,-1,13
02-01 10:53:12.877  1709 17893 I SDM     : DisplayBuiltIn::SetPanelBrightness: Setting brightness to level 1179 (9.249393 percent) primary(1) display(68)
02-01 10:53:12.877  1709  1816 I SDM     : HWPeripheralDRM::SetPanelBrightnessWork: brightness level is same as sysfs_brightness_written_ in SDR(1179, 1174), (117, 117)
02-01 10:53:12.877  2639  3874 D HdrSolution_HdrDisplayNitMapper: updataTargetNit--------------mLightSensorData: -1.0, scaleRatio: 1.09, target: 184.25->200
02-01 10:53:12.878  2639  3874 D LocalDisplayAdapter: surface lcd : 118(0.093), 118(0.093), main +
02-01 10:53:12.878  1795  1795 I SurfaceFlinger: setDisplayBrightness(4630946315032985731): displayBrightness: 0.092886, displayBrightnessNits: 185.116974, sdrWhitePointNits: 185.116730 , dimmingRatio: 0.999999
02-01 10:53:12.879  2639  3874 D LocalDisplayAdapter: surface lcd : 118(0.093), 118(0.093), main -
02-01 10:53:12.886  1709 17893 I SDM     : DisplayBuiltIn::SetPanelBrightness: Setting brightness to level 1184 (9.288555 percent) primary(1) display(68)
02-01 10:53:12.887  2639  3874 D HdrSolution_HdrDisplayNitMapper: updataTargetNit--------------mLightSensorData: -1.0, scaleRatio: 1.07, target: 186.272->200
02-01 10:53:12.888  2639  3874 D LocalDisplayAdapter: surface lcd : 119(0.093), 119(0.093), main +
02-01 10:53:12.889  1795  1795 I SurfaceFlinger: setDisplayBrightness(4630946315032985731): displayBrightness: 0.093277, displayBrightnessNits: 186.127060, sdrWhitePointNits: 186.126801 , dimmingRatio: 0.999999
02-01 10:53:12.889  2639  3874 D LocalDisplayAdapter: surface lcd : 119(0.093), 119(0.093), main -
02-01 10:53:12.892  1709  1816 I SDM     : HWPeripheralDRM::SetPanelBrightnessWork: Setting brightness to level 1184 through sysfs node. primary(1), type_id(1)
02-01 10:53:12.893  1777  1777 I SSC_DAEMON: handleSensorTestReqMsg:85, Sensor type :4, Msg type:11
02-01 10:53:12.893  1777  1777 I SSC_DAEMON: physicalSensorTestReqMsg:130, s:4, m:11
02-01 10:53:12.894  1709 17893 I SDM     : DisplayBuiltIn::SetPanelBrightness: Setting brightness to level 1189 (9.327717 percent) primary(1) display(68)
02-01 10:53:12.894  1709  1816 I SDM     : HWPeripheralDRM::SetPanelBrightnessWork: brightness level is same as sysfs_brightness_written_ in SDR(1189, 1184), (118, 118)
02-01 10:53:12.895  1777  4431 I SSC_DAEMON: light_event_log:172, light_msg(4/11): br 118 (lux 810,idx 0) - -1,-1,13
02-01 10:53:12.895  2639  3874 D HdrSolution_HdrDisplayNitMapper: updataTargetNit--------------mLightSensorData: -1.0, scaleRatio: 1.07, target: 186.272->200
02-01 10:53:12.896  2639  3874 D LocalDisplayAdapter: surface lcd : 119(0.094), 119(0.094), main +
02-01 10:53:12.896  1795  1795 I SurfaceFlinger: setDisplayBrightness(4630946315032985731): displayBrightness: 0.093669, displayBrightnessNits: 187.137878, sdrWhitePointNits: 187.137665 , dimmingRatio: 0.999999
02-01 10:53:12.897  2639  3874 D LocalDisplayAdapter: surface lcd : 119(0.094), 119(0.094), main -
02-01 10:53:12.902  1709 17893 I SDM     : DisplayBuiltIn::SetPanelBrightness: Setting brightness to level 1194 (9.366878 percent) primary(1) display(68)
02-01 10:53:12.903  2639  3874 D HdrSolution_HdrDisplayNitMapper: updataTargetNit--------------mLightSensorData: -1.0, scaleRatio: 1.06, target: 188.298->200
02-01 10:53:12.904  2639  3874 D LocalDisplayAdapter: surface lcd : 120(0.094), 120(0.094), main +
02-01 10:53:12.904  1795  1795 I SurfaceFlinger: setDisplayBrightness(4630946315032985731): displayBrightness: 0.094060, displayBrightnessNits: 188.149933, sdrWhitePointNits: 188.149673 , dimmingRatio: 0.999999
02-01 10:53:12.904  2639  3874 D LocalDisplayAdapter: surface lcd : 120(0.094), 120(0.094), main -
02-01 10:53:12.908  1777  1777 I SSC_DAEMON: handleSensorTestReqMsg:85, Sensor type :4, Msg type:11
02-01 10:53:12.908  1709  1816 I SDM     : HWPeripheralDRM::SetPanelBrightnessWork: Setting brightness to level 1194 through sysfs node. primary(1), type_id(1)
02-01 10:53:12.909  1777  1777 I SSC_DAEMON: physicalSensorTestReqMsg:130, s:4, m:11
02-01 10:53:12.911  1709 17893 I SDM     : DisplayBuiltIn::SetPanelBrightness: Setting brightness to level 1199 (9.406040 percent) primary(1) display(68)
02-01 10:53:12.911  1709  1816 I SDM     : HWPeripheralDRM::SetPanelBrightnessWork: brightness level is same as sysfs_brightness_written_ in SDR(1199, 1194), (119, 119)
02-01 10:53:12.912  2639  3874 D HdrSolution_HdrDisplayNitMapper: updataTargetNit--------------mLightSensorData: -1.0, scaleRatio: 1.06, target: 188.298->200
02-01 10:53:12.913  2639  3874 D LocalDisplayAdapter: surface lcd : 120(0.094), 120(0.094), main +
02-01 10:53:12.913  1777  4431 I SSC_DAEMON: light_event_log:172, light_msg(4/11): br 119 (lux 810,idx 0) - -1,-1,13
02-01 10:53:12.913  1795  1795 I SurfaceFlinger: setDisplayBrightness(4630946315032985731): displayBrightness: 0.094452, displayBrightnessNits: 189.163666, sdrWhitePointNits: 189.163391 , dimmingRatio: 0.999999
02-01 10:53:12.914  2639  3874 D LocalDisplayAdapter: surface lcd : 120(0.094), 120(0.094), main -
02-01 10:53:12.919  1709 17893 I SDM     : DisplayBuiltIn::SetPanelBrightness: Setting brightness to level 1204 (9.445203 percent) primary(1) display(68)
02-01 10:53:12.919  2639  3874 D HdrSolution_HdrDisplayNitMapper: updataTargetNit--------------mLightSensorData: -1.0, scaleRatio: 1.05, target: 190.33->200
02-01 10:53:12.920  2639  3874 D LocalDisplayAdapter: surface lcd : 121(0.095), 121(0.095), main +
02-01 10:53:12.921  1795  1795 I SurfaceFlinger: setDisplayBrightness(4630946315032985731): displayBrightness: 0.094844, displayBrightnessNits: 190.178787, sdrWhitePointNits: 190.178528 , dimmingRatio: 0.999999
02-01 10:53:12.921  2639  3874 D LocalDisplayAdapter: surface lcd : 121(0.095), 121(0.095), main -
02-01 10:53:12.925  1777  1777 I SSC_DAEMON: handleSensorTestReqMsg:85, Sensor type :4, Msg type:11
02-01 10:53:12.925  1709  1816 I SDM     : HWPeripheralDRM::SetPanelBrightnessWork: Setting brightness to level 1204 through sysfs node. primary(1), type_id(1)
02-01 10:53:12.925  1777  1777 I SSC_DAEMON: physicalSensorTestReqMsg:130, s:4, m:11
02-01 10:53:12.927  1777  4431 I SSC_DAEMON: light_event_log:172, light_msg(4/11): br 120 (lux 810,idx 0) - -1,-1,13
02-01 10:53:12.928  1709 17893 I SDM     : DisplayBuiltIn::SetPanelBrightness: Setting brightness to level 1209 (9.484366 percent) primary(1) display(68)
02-01 10:53:12.928  1709  1816 I SDM     : HWPeripheralDRM::SetPanelBrightnessWork: brightness level is same as sysfs_brightness_written_ in SDR(1209, 1204), (120, 120)
02-01 10:53:12.928  2639  3874 D HdrSolution_HdrDisplayNitMapper: updataTargetNit--------------mLightSensorData: -1.0, scaleRatio: 1.05, target: 190.33->200
02-01 10:53:12.929  2639  3874 D LocalDisplayAdapter: surface lcd : 121(0.095), 121(0.095), main +
02-01 10:53:12.930  1795  1795 I SurfaceFlinger: setDisplayBrightness(4630946315032985731): displayBrightness: 0.095235, displayBrightnessNits: 191.195312, sdrWhitePointNits: 191.195068 , dimmingRatio: 0.999999
02-01 10:53:12.930  2639  3874 D LocalDisplayAdapter: surface lcd : 121(0.095), 121(0.095), main -
02-01 10:53:12.936  1709 17893 I SDM     : DisplayBuiltIn::SetPanelBrightness: Setting brightness to level 1214 (9.523536 percent) primary(1) display(68)
02-01 10:53:12.937  2639  3874 D HdrSolution_HdrDisplayNitMapper: updataTargetNit--------------mLightSensorData: -1.0, scaleRatio: 1.04, target: 192.367->200
02-01 10:53:12.938  2639  3874 D LocalDisplayAdapter: surface lcd : 122(0.096), 122(0.096), main +
02-01 10:53:12.938  1795  1795 I SurfaceFlinger: setDisplayBrightness(4630946315032985731): displayBrightness: 0.095627, displayBrightnessNits: 192.213699, sdrWhitePointNits: 192.213440 , dimmingRatio: 0.999999
