02-01 10:53:45.570  2639  3845 I WifiConnectivityMonitor: determineMode : MODE_NON_SWITCHABLE_BY_POOR_NETWORK_DETECTION_DISABLED
02-01 10:53:45.570  2639  3845 D OpenNetworkQos[4.00]: updateBssidNoInternet: mBssidNoInternet = false
02-01 10:53:45.570  2639  3845 D OpenNetworkQos[4.00]: getOpenNetworkQosNoInternetStatus: false
02-01 10:53:45.570  2639  3845 D OpenNetworkQos[4.00]: getOpenNetworkQosScores: 25 26 0 
02-01 10:53:45.570  2639  3845 D KNOX_MDM_SettingsProvider: isChangeAllowed() : name = wifi_wcm_qos_sharing_score_summary
02-01 10:53:45.570  3969  4344 I WifiPickerTracker: NetworkCallback : onCapabilitiesChanged
02-01 10:53:45.570  2639  3845 I WifiProfileShare: network QoS data was changed (internet), updateQoSData networkType: true, qosData: false
02-01 10:53:45.570  3969  4344 D WifiPickerTracker: updateWifiEntries capabilities
02-01 10:53:45.571  2639  5148 D WifiProfileShare: nearby scanning settings stop
02-01 10:53:45.571  2639  5148 V WifiProfileShare.Caster: checkAndGetShareData - nearby scanning
02-01 10:53:45.572  4148  5850 I EPDG -- SIM0 [SMARTWIFI]: mWiFiValidateNetworkCallback onCapabilitiesChanged(): validated true captiveportal false
02-01 10:53:45.573  4148  5850 I EPDG -- SIM0 [NetController]: WifiNetworkCallback onCapabilitiesChanged(): validated true
02-01 10:53:45.573  3969  4344 D WifiPickerTracker: update AutoHotspot Entries() : bleAccessPoints -> 0
02-01 10:53:45.574  3969  4344 D WifiPickerTracker: handleNetworkCapabilitiesChanged
02-01 10:53:45.574  2639  6374 D SemWifiUsabilityStatsMonitor: onWifiUsabilityStats - seqNum 1142, isSameBssidAndFreq true
02-01 10:53:45.574  2639  3816 E SemWifiLinkQualityMonitor: Too old or invalid TMI: currentTime=1769932425574 lastDateWindow=1769926059000
02-01 10:53:45.575  2639  3837 D SemApeService: Deducted link capacity (M: R=503 T=453) RSSI=-61
02-01 10:53:45.576  2639  3837 D SemApeService: Deducted link capacity (M: R=503 T=453) on (wlan0) GoogleAPI(M: R=10 T=40) RSSI=-61 isDefault=false isMlo=false
02-01 10:53:45.576  2639  3817 D SemInsManager: {"bssid": "98d02d565500","rssi": -61.0,"latency": 0.0,"outage_count": 3,"lq_callback_triggered": true,"outage_log": "Unreliable statistics: -61.0 / 4 / 240 / 22 / 1 || 98d02d565500: 0.000 / 0.000 / @ || N N / 3 0 / N 2.0 / Y X 0 / 7905898 0 || 2026-02-01 09:07:39  / 0: 0 0 0 0 0 0 / 0: 0 0 0 0 0 0 / 0: 0 0 0 0 0 0""Magnetic Sensor Events size": "0""Pressure Sensor Events size": "0"}
02-01 10:53:45.579  3969  4111 D Tile.WifiTile: handleUpdateState isTransient=false transientEnabling =false cb.isTransient=false state.state = 2 mStateBeforeClick.value =false enabled =true
02-01 10:53:45.579  3969  4132 D WifiInteractor: get wifiIconGroup ePDGConnected : false
02-01 10:53:45.579  3969  4132 D WifiInteractor: get wifiIconGroup ePDGConnected : false
02-01 10:53:45.580  2639  3709 D ConnectivityService: notifyType CALLBACK_CAP_CHANGED for [106 WIFI|VPN]
02-01 10:53:45.580  4589  4709 I HoneySpace.StatusIconTracker: invokeEvent() called with: event = Wifi(visible=true, resId=2131236023, activityId=2131236043)
02-01 10:53:45.580  3969  4344 I WifiPickerTracker: DefaultNetworkCallback : onCapabilitiesChanged
02-01 10:53:45.582  4287  4615 I WfcEpdgManager: mDefaultNetworkCallback onCapabilitiesChanged(): isWifi :true,validated :true
02-01 10:53:45.582  4287  4525 I WfcEpdgManager: [Connected] processMessage WIFI_CONNECTED
02-01 10:53:45.584  4589  4709 I HoneySpace.StatusIconTracker: invokeEvent() called with: event = Wifi(visible=true, resId=2131236023, activityId=2131236043)
02-01 10:53:45.586  4753 27037 I NearbyMediums: [WifiNetworkV2] defaultNetworkCallback onCapabilitiesChanged network:106 [ WIFI VPN ] isNonBypassable:true
02-01 10:53:45.659  1795  2147 I CompositionEngine: [setDisplaySize] size=(434, 42)
02-01 10:53:45.759  1795  2147 I CompositionEngine: [setDisplaySize] size=(434, 42)
02-01 10:53:45.865  1795  2147 I CompositionEngine: [setDisplaySize] size=(434, 42)
02-01 10:53:45.966  1795  2147 I CompositionEngine: [setDisplaySize] size=(434, 42)
02-01 10:53:46.066  1795  2147 I CompositionEngine: [setDisplaySize] size=(434, 42)
02-01 10:53:46.078  4753 27037 I NearbySharing: Network state changed: NetworkState(isRestricted=false, isOnline=true, isCongested=false, isMetered=false, isWifiConnected=true)
02-01 10:53:46.286  1784  1824 E HeatmapThread: ECT Thread time in milliseconds: 1769932426
02-01 10:53:46.290  1784  1824 D HeatmapThread: !@ batteryplugType : 2
02-01 10:53:46.290  1784  1824 D HeatmapThread: !@ batteryLevel : 67  batteryTemperature : 319 
02-01 10:53:46.290  1784  1824 D HeatmapThread: !@ Heatmap currtime: 29498873
02-01 10:53:46.290  1784  1824 D HeatmapThread: !@ Heatmap prevtime: 29498854
02-01 10:53:46.290  1784  1824 D HeatmapThread: !@ Heatmap plugstarttime: 29498866
02-01 10:53:46.290  1784  1824 D HeatmapThread: !@ Heatmap prevv_dsoh_update_time: 29498734
02-01 10:53:46.290  1784  1824 E HeatmapThread: !@ CAM New BSOH: 100
02-01 10:53:46.325  2639  3571 D InputReader: Btn_touch(5): value=1 when=7906.648521
02-01 10:53:46.325  2639  3571 I InputReader: Touch event's action is 0x0 (id=6, t=0) [pCnt=1, s=0.2152 ] when=7906.648521
02-01 10:53:46.327  2639  3570 I InputDispatcher: Delivering touch to (3969): action: 0x4, f=0x0, d=0, '606f506', t=1 
02-01 10:53:46.328  2639  3570 I InputDispatcher: Delivering touch to (25313): action: 0x0, f=0x0, d=0, 'fe32360', t=1 
02-01 10:53:46.329  2639  3570 D PowerManagerService: [api] userActivityFromNative : touch displayId=0 eventTime=7906648
02-01 10:53:46.329 25313 25313 I VRI[MainActivity]@2799f58: ViewPostIme pointer 0
02-01 10:53:46.329  4589  4589 I HoneySpace.GestureInputHandler: inputConsumers = [com.honeyspace.gesture.inputconsumer.InputConsumer$Companion$NO_OP$1@e9f927c]
02-01 10:53:46.329  4589  4589 I HoneySpace.InputSession: inputConsumers = NO_OP
02-01 10:53:46.329  2639  2998 I GestureDetector: obtain mCurrentDownEvent. id: 136642065 caller: com.android.server.wm.SystemGesturesPointerEventListener.onPointerEvent:17 com.android.server.wm.PointerEventDispatcher.onInputEvent:51 android.view.InputEventReceiver.dispatchInputEvent:392 
02-01 10:53:46.329  4589  4589 I HoneySpace.InputSession: open
02-01 10:53:46.330  2639  2998 I GestureDetector: obtain mCurrentDownEvent. id: 136642065 caller: com.android.server.wm.SystemPerformancePointerEventListener.onPointerEvent:13 com.android.server.wm.PointerEventDispatcher.onInputEvent:51 android.view.InputEventReceiver.dispatchInputEvent:392 
02-01 10:53:46.331  6802  6802 I SemDvfsHyPerManager: acquire hyper - TATouchBoost/6802@30, type = -999
02-01 10:53:46.332  6802  6802 I SemDvfsHyPerManager: acquire hyper - TA_TOUCH_SHARE/6802@31, type = -999
02-01 10:53:46.333  1681  1818 I HYPER-HAL: [RequestManager.cpp]acquire(): Acquired ID : 23341558  [6802 / 30]    HINT :      list : [TABoost / 1] [TIMEOUT / 1500] 
02-01 10:53:46.333  2639  2998 I GestureDetector: obtain mCurrentMotionEventRaw. action: 2 id: 380326506
02-01 10:53:46.333  1681  1818 I HYPER-HAL: [RequestManager.cpp]acquire(): Acquired ID : 23348392  [6802 / 31]    HINT : TA_TOUCH_SHARE    list : [TIMEOUT / 1500] 
02-01 10:53:46.333  2639  2998 I GestureDetector: obtain mCurrentMotionEventRaw. action: 2 id: 380326506
02-01 10:53:46.337  1795  4506 I VSyncReactor: Current= 120, Period= 120, Distance= 1
02-01 10:53:46.345  1795  2229 I VSyncReactor: Current= 120, Period= 120, Distance= 120
02-01 10:53:46.359  2639  2639 I SemDvfsHyPerManager: acquire hyper - WM_SCROLL_DETECTED/2639@2, type = -999
02-01 10:53:46.360  1681  1818 I HYPER-HAL: [RequestManager.cpp]acquire(): Acquired ID : 3488763  [2639 / 2]    HINT :      list : [CoreNumBigMin / 3] 
02-01 10:53:46.375  1795  2147 I CompositionEngine: [setDisplaySize] size=(434, 42)
02-01 10:53:46.433  6802  6802 I SemDvfsHyPerManager: acquire hyper - TATouchBoost/6802@30, type = -999
02-01 10:53:46.433  6802  6802 I SemDvfsHyPerManager: acquire hyper - TA_TOUCH_SHARE/6802@31, type = -999
02-01 10:53:46.434  1681  1818 I HYPER-HAL: [RequestManager.cpp]acquire(): Acquired ID : 23341558  [6802 / 30]    HINT :      list : [TABoost / 1] [TIMEOUT / 1500] 
02-01 10:53:46.434  1681  1818 I HYPER-HAL: [RequestManager.cpp]acquire(): Acquired ID : 23348392  [6802 / 31]    HINT : TA_TOUCH_SHARE    list : [TIMEOUT / 1500] 
02-01 10:53:46.476  1795  2147 I CompositionEngine: [setDisplaySize] size=(434, 42)
02-01 10:53:46.543  6802  6802 I SemDvfsHyPerManager: acquire hyper - TATouchBoost/6802@30, type = -999
02-01 10:53:46.543  6802  6802 I SemDvfsHyPerManager: acquire hyper - TA_TOUCH_SHARE/6802@31, type = -999
02-01 10:53:46.543  1681  1818 I HYPER-HAL: [RequestManager.cpp]acquire(): Acquired ID : 23341558  [6802 / 30]    HINT :      list : [TABoost / 1] [TIMEOUT / 1500] 
02-01 10:53:46.543  1681  1818 I HYPER-HAL: [RequestManager.cpp]acquire(): Acquired ID : 23348392  [6802 / 31]    HINT : TA_TOUCH_SHARE    list : [TIMEOUT / 1500] 
02-01 10:53:46.581  1795  2147 I CompositionEngine: [setDisplaySize] size=(434, 42)
02-01 10:53:46.598  2639  3571 D InputReader: Btn_touch(5): value=0 when=7906.921779
02-01 10:53:46.598  2639  3571 I InputReader: Touch event's action is 0x1 (id=6, t=0) [pCnt=1, s=] when=7906.921779
02-01 10:53:46.599  2639  3570 I InputDispatcher: Delivering touch to (25313): action: 0x1, f=0x0, d=0, 'fe32360', t=1 
02-01 10:53:46.599 25313 25313 I VRI[MainActivity]@2799f58: ViewPostIme pointer 1
02-01 10:53:46.600  4589  4589 I HoneySpace.GestureInputHandler: reset
02-01 10:53:46.600  4589  4589 I HoneySpace.InputSession: close
02-01 10:53:46.602  1681  1818 I HYPER-HAL: [RequestManager.cpp]releaseLocked(): Released ID : 3488763
02-01 10:53:46.622  1674 26724 I sensors-hal: handle_sns_std_sensor_event:409, [SSC_LIGHT] P: 309(309),c:155,b:150,m:13,cl:70,l:308,s:305,l0:54752,l1:160,s0:44000,s1:0,acl:1,opr:0.90,f(r):94,u(bl):100,if:0,wi:0,si:0,po:0(N:0)
02-01 10:53:46.623  1166  1166 D io_stats: !@   8,0 r 1193566 26695264 w 498429 10271004 d 56880 8959824 f 18305 47951 iot 276036 0 th 0 0 0 pt 0 inp 0 0 7906.946
02-01 10:53:46.624  1166  1166 D io_stats: !@ Read_top(KB): .gms.persistent(6265) 864 chbox:googleapp(18340) 620 hbox:interactor(18438) 572
02-01 10:53:46.624  1166  1166 D io_stats: !@ Write_top(KB): vendor.samsung.(1728) 8
02-01 10:53:46.685  1795  2147 I CompositionEngine: [setDisplaySize] size=(434, 42)
02-01 10:53:47.007  2639  3571 D InputReader: Btn_touch(5): value=1 when=7907.330344
02-01 10:53:47.007  2639  3571 I InputReader: Touch event's action is 0x0 (id=6, t=0) [pCnt=1, s=0.2153 ] when=7907.330344
02-01 10:53:47.009  2639  3570 I InputDispatcher: Delivering touch to (3969): action: 0x4, f=0x0, d=0, '606f506', t=1 
02-01 10:53:47.009  2639  3570 I InputDispatcher: Delivering touch to (25313): action: 0x0, f=0x0, d=0, 'fe32360', t=1 
02-01 10:53:47.010  4589  4589 I HoneySpace.GestureInputHandler: inputConsumers = [com.honeyspace.gesture.inputconsumer.InputConsumer$Companion$NO_OP$1@e9f927c]
02-01 10:53:47.010  4589  4589 I HoneySpace.InputSession: inputConsumers = NO_OP
02-01 10:53:47.010 25313 25313 I VRI[MainActivity]@2799f58: ViewPostIme pointer 0
02-01 10:53:47.011  4589  4589 I HoneySpace.InputSession: open
02-01 10:53:47.010  2639  2998 I GestureDetector: obtain mCurrentDownEvent. id: 608299679 caller: com.android.server.wm.SystemGesturesPointerEventListener.onPointerEvent:17 com.android.server.wm.PointerEventDispatcher.onInputEvent:51 android.view.InputEventReceiver.dispatchInputEvent:392 
02-01 10:53:47.012  6802  6802 I SemDvfsHyPerManager: acquire hyper - TATouchBoost/6802@30, type = -999
02-01 10:53:47.012  2639  2998 I GestureDetector: obtain mCurrentDownEvent. id: 608299679 caller: com.android.server.wm.SystemPerformancePointerEventListener.onPointerEvent:13 com.android.server.wm.PointerEventDispatcher.onInputEvent:51 android.view.InputEventReceiver.dispatchInputEvent:392 
02-01 10:53:47.012  6802  6802 I SemDvfsHyPerManager: acquire hyper - TA_TOUCH_SHARE/6802@31, type = -999
02-01 10:53:47.013  1681  1818 I HYPER-HAL: [RequestManager.cpp]acquire(): Acquired ID : 23341558  [6802 / 30]    HINT :      list : [TABoost / 1] [TIMEOUT / 1500] 
02-01 10:53:47.013  1681  1818 I HYPER-HAL: [RequestManager.cpp]acquire(): Acquired ID : 23348392  [6802 / 31]    HINT : TA_TOUCH_SHARE    list : [TIMEOUT / 1500] 
02-01 10:53:47.015  2639  2998 I GestureDetector: obtain mCurrentMotionEventRaw. action: 2 id: 120043128
02-01 10:53:47.015  2639  2998 I GestureDetector: obtain mCurrentMotionEventRaw. action: 2 id: 120043128
02-01 10:53:47.019  1795  4506 I VSyncReactor: Current= 120, Period= 120, Distance= 1
02-01 10:53:47.027  1795  4506 I VSyncReactor: Current= 120, Period= 120, Distance= 120
02-01 10:53:47.031  1795  2147 I CompositionEngine: [setDisplaySize] size=(434, 42)
02-01 10:53:47.050  2639  2639 I SemDvfsHyPerManager: acquire hyper - WM_SCROLL_DETECTED/2639@2, type = -999
02-01 10:53:47.050  1681  1818 I HYPER-HAL: [RequestManager.cpp]acquire(): Acquired ID : 3488763  [2639 / 2]    HINT :      list : [CoreNumBigMin / 3] 
02-01 10:53:47.101  1674  3922 I sensors-hal: handle_sns_client_event:190, auto_rotation_debug_2 mode,255, type,1,0 acc,-2.173,-1.555,9.523, ar,0, ver,14, pedo,1,e,1,i,3
02-01 10:53:47.116  6802  6802 I SemDvfsHyPerManager: acquire hyper - TATouchBoost/6802@30, type = -999
02-01 10:53:47.116  6802  6802 I SemDvfsHyPerManager: acquire hyper - TA_TOUCH_SHARE/6802@31, type = -999
02-01 10:53:47.117  1681  1818 I HYPER-HAL: [RequestManager.cpp]acquire(): Acquired ID : 23341558  [6802 / 30]    HINT :      list : [TABoost / 1] [TIMEOUT / 1500] 
02-01 10:53:47.117  1681  1818 I HYPER-HAL: [RequestManager.cpp]acquire(): Acquired ID : 23348392  [6802 / 31]    HINT : TA_TOUCH_SHARE    list : [TIMEOUT / 1500] 
02-01 10:53:47.131  1795  2147 I CompositionEngine: [setDisplaySize] size=(434, 42)
02-01 10:53:47.224  6802  6802 I SemDvfsHyPerManager: acquire hyper - TATouchBoost/6802@30, type = -999
02-01 10:53:47.224  6802  6802 I SemDvfsHyPerManager: acquire hyper - TA_TOUCH_SHARE/6802@31, type = -999
02-01 10:53:47.224  1681  1818 I HYPER-HAL: [RequestManager.cpp]acquire(): Acquired ID : 23341558  [6802 / 30]    HINT :      list : [TABoost / 1] [TIMEOUT / 1500] 
02-01 10:53:47.224  1681  1818 I HYPER-HAL: [RequestManager.cpp]acquire(): Acquired ID : 23348392  [6802 / 31]    HINT : TA_TOUCH_SHARE    list : [TIMEOUT / 1500] 
02-01 10:53:47.232  1795  2147 I CompositionEngine: [setDisplaySize] size=(434, 42)
02-01 10:53:47.285  1784  1824 E HeatmapThread: ECT Thread time in milliseconds: 1769932427
02-01 10:53:47.288  1784  1824 D HeatmapThread: !@ batteryplugType : 2
02-01 10:53:47.288  1784  1824 D HeatmapThread: !@ batteryLevel : 67  batteryTemperature : 319 
02-01 10:53:47.289  1784  1824 D HeatmapThread: !@ Heatmap currtime: 29498873
02-01 10:53:47.289  1784  1824 D HeatmapThread: !@ Heatmap prevtime: 29498854
02-01 10:53:47.289  1784  1824 D HeatmapThread: !@ Heatmap plugstarttime: 29498866
02-01 10:53:47.289  1784  1824 D HeatmapThread: !@ Heatmap prevv_dsoh_update_time: 29498734
02-01 10:53:47.290  1784  1824 E HeatmapThread: !@ CAM New BSOH: 100
02-01 10:53:47.296  1667  5296 I vendor.qti.bluetooth@1.1-ibs_handler: ProcessIbsCmd: Received IBS_WAKE_IND: 0xFD
02-01 10:53:47.297  1667  5296 D vendor.qti.bluetooth@1.1-ibs_handler: SerialClockVote: vote for UART CLK ON
02-01 10:53:47.297  1667  5296 D vendor.qti.bluetooth@1.1-wake_lock: Acquire wakelock is acquired 
02-01 10:53:47.297  1667  5296 I vendor.qti.bluetooth@1.1-ibs_handler: ProcessIbsCmd: Writing IBS_WAKE_ACK
02-01 10:53:47.306  2639  3571 D InputReader: Btn_touch(5): value=0 when=7907.629105
02-01 10:53:47.306  2639  3571 I InputReader: Touch event's action is 0x1 (id=6, t=0) [pCnt=1, s=] when=7907.629105
02-01 10:53:47.306  2639  3570 I InputDispatcher: Delivering touch to (25313): action: 0x1, f=0x0, d=0, 'fe32360', t=1 
02-01 10:53:47.306 25313 25313 I VRI[MainActivity]@2799f58: ViewPostIme pointer 1
02-01 10:53:47.308  4589  4589 I HoneySpace.GestureInputHandler: reset
02-01 10:53:47.308  4589  4589 I HoneySpace.InputSession: close
02-01 10:53:47.311  1681  1818 I HYPER-HAL: [RequestManager.cpp]releaseLocked(): Released ID : 3488763
02-01 10:53:47.311  4195  5368 I ScanController: onScanResult to scannerId: 5- eventType=0x10, addressType=1, address=XX:XX:XX:XX:E5:E7, primaryPhy=1, secondaryPhy=0, advertisingSid=0xff, txPower=127, rssi=-99, periodicAdvInt=0x0
02-01 10:53:47.332  1795  2147 I CompositionEngine: [setDisplaySize] size=(434, 42)
02-01 10:53:47.348  1667  5296 I vendor.qti.bluetooth@1.1-ibs_handler: ProcessIbsCmd: Received IBS_SLEEP_IND: 0xFE
02-01 10:53:47.348  1667  5296 D vendor.qti.bluetooth@1.1-ibs_handler: SerialClockVote: vote for UART CLK OFF
02-01 10:53:47.499  1667  4650 D vendor.qti.bluetooth@1.1-wake_lock: Release wakelock is released 
02-01 10:53:47.742  1674  3922 I sensors-hal: handle_sns_std_sensor_event:131, [SSC_LIGHT] A: 313(313),c:155,b:150,m:13,cl:70,l:313,s:309,l0:55392,l1:160,s0:44500,s1:0,acl:1,opr:0.90,f(r):94,u(bl):100,if:0,wi:0,si:0,po:0(N:0)
02-01 10:53:47.952  1681 27060 I HYPER-HAL: [RequestManager.cpp]releaseLocked(): Released ID : 3557806
02-01 10:53:47.989  2639  3571 D InputReader: Btn_touch(5): value=1 when=7908.312121
02-01 10:53:47.989  2639  3571 I InputReader: Touch event's action is 0x0 (id=6, t=0) [pCnt=1, s=0.2154 ] when=7908.312121
02-01 10:53:47.990  2639  3570 I InputDispatcher: Delivering touch to (3969): action: 0x4, f=0x0, d=0, '606f506', t=1 
02-01 10:53:47.991  2639  3570 I InputDispatcher: Delivering touch to (25313): action: 0x0, f=0x0, d=0, 'fe32360', t=1 
02-01 10:53:47.991  2639  3570 D PowerManagerService: [api] userActivityFromNative : touch displayId=0 eventTime=7908312
02-01 10:53:47.991  4589  4589 I HoneySpace.GestureInputHandler: inputConsumers = [com.honeyspace.gesture.inputconsumer.InputConsumer$Companion$NO_OP$1@e9f927c]
02-01 10:53:47.992 25313 25313 I VRI[MainActivity]@2799f58: ViewPostIme pointer 0
02-01 10:53:47.992  2639  2998 I GestureDetector: obtain mCurrentDownEvent. id: 506405328 caller: com.android.server.wm.SystemGesturesPointerEventListener.onPointerEvent:17 com.android.server.wm.PointerEventDispatcher.onInputEvent:51 android.view.InputEventReceiver.dispatchInputEvent:392 
02-01 10:53:47.992  4589  4589 I HoneySpace.InputSession: inputConsumers = NO_OP
02-01 10:53:47.992  2639  2998 I GestureDetector: obtain mCurrentDownEvent. id: 506405328 caller: com.android.server.wm.SystemPerformancePointerEventListener.onPointerEvent:13 com.android.server.wm.PointerEventDispatcher.onInputEvent:51 android.view.InputEventReceiver.dispatchInputEvent:392 
02-01 10:53:47.992  4589  4589 I HoneySpace.InputSession: open
02-01 10:53:47.993  6802  6802 I SemDvfsHyPerManager: acquire hyper - TATouchBoost/6802@30, type = -999
02-01 10:53:47.994  6802  6802 I SemDvfsHyPerManager: acquire hyper - TA_TOUCH_SHARE/6802@31, type = -999
02-01 10:53:47.994  1681  1818 I HYPER-HAL: [RequestManager.cpp]acquire(): Acquired ID : 23341558  [6802 / 30]    HINT :      list : [TABoost / 1] [TIMEOUT / 1500] 
02-01 10:53:47.994  1681  1818 I HYPER-HAL: [RequestManager.cpp]acquire(): Acquired ID : 23348392  [6802 / 31]    HINT : TA_TOUCH_SHARE    list : [TIMEOUT / 1500] 
02-01 10:53:47.995  1714 21353 I StatsHandler: [vp9D_170] Stats: Pending(0) i/p-done(0) Works: Q: 30/Done 23|Work-Rate: Q(0.0/s Avg=0.0/s) Done(0.000/s Avg=0.024/s)| Stream: 25.00fps 129.8Kbps
02-01 10:53:47.995  1714 21353 I StatsHandler: [vp9D_170] Mem-usage:  [In-1D: 12 bufs 96.000 MB] [1D-241: 34 bufs 0.531 MB] [2D-242: 22 bufs 4.984 MB] | Total: 101.516 MB
02-01 10:53:47.995  1714 21353 I StatsHandler: [vp9D_171] Stats: Pending(0) i/p-done(0) Works: Q: 30/Done 23|Work-Rate: Q(0.0/s Avg=0.0/s) Done(0.000/s Avg=0.024/s)| Stream: 24.39fps 83.0Kbps
02-01 10:53:47.995  1714 21353 I StatsHandler: [vp9D_171] Mem-usage:  [In-1D: 13 bufs 104.000 MB] [1D-243: 35 bufs 0.547 MB] [2D-244: 22 bufs 8.078 MB] | Total: 112.625 MB
02-01 10:53:47.995  1714 21353 I StatsHandler: [vp9D_172] Stats: Pending(0) i/p-done(0) Works: Q: 30/Done 23|Work-Rate: Q(0.0/s Avg=0.0/s) Done(0.000/s Avg=0.024/s)| Stream: 30.30fps 213.0Kbps
02-01 10:53:47.995  1714 21353 I StatsHandler: [vp9D_172] Mem-usage:  [In-1D: 11 bufs 88.000 MB] [1D-245: 33 bufs 0.516 MB] [2D-246: 22 bufs 4.984 MB] | Total: 93.500 MB
02-01 10:53:47.995  1714 21353 I StatsHandler: [vp9D_173] Stats: Pending(0) i/p-done(0) Works: Q: 31/Done 24|Work-Rate: Q(0.0/s Avg=0.0/s) Done(0.000/s Avg=0.025/s)| Stream: 30.30fps 55.2Kbps
02-01 10:53:47.995  1714 21353 I StatsHandler: [vp9D_173] Mem-usage:  [In-1D: 11 bufs 88.000 MB] [1D-247: 33 bufs 0.516 MB] [2D-248: 22 bufs 8.078 MB] | Total: 96.594 MB
02-01 10:53:47.997  2639  2998 I GestureDetector: obtain mCurrentMotionEventRaw. action: 2 id: 482904867
02-01 10:53:47.997  2639  2998 I GestureDetector: obtain mCurrentMotionEventRaw. action: 2 id: 482904867
02-01 10:53:48.001  1795  4506 I VSyncReactor: Current= 120, Period= 120, Distance= 1
02-01 10:53:48.009  1795  2229 I VSyncReactor: Current= 120, Period= 120, Distance= 120
02-01 10:53:48.054  2639  3571 D InputReader: Btn_touch(5): value=0 when=7908.377998
02-01 10:53:48.055  2639  3571 I InputReader: Touch event's action is 0x1 (id=6, t=0) [pCnt=1, s=] when=7908.377998
02-01 10:53:48.055  2639  3570 I InputDispatcher: Delivering touch to (25313): action: 0x1, f=0x0, d=0, 'fe32360', t=1 
02-01 10:53:48.056 25313 25313 I VRI[MainActivity]@2799f58: ViewPostIme pointer 1
02-01 10:53:48.056  4589  4589 I HoneySpace.GestureInputHandler: reset
02-01 10:53:48.056  4589  4589 I HoneySpace.InputSession: close
02-01 10:53:48.086  1795  2147 I CompositionEngine: [setDisplaySize] size=(434, 42)
02-01 10:53:48.187  1795  2147 I CompositionEngine: [setDisplaySize] size=(434, 42)
02-01 10:53:48.285  1784  1824 E HeatmapThread: ECT Thread time in milliseconds: 1769932428
02-01 10:53:48.287  1795  2147 I CompositionEngine: [setDisplaySize] size=(434, 42)
02-01 10:53:48.289  1784  1824 D HeatmapThread: !@ batteryplugType : 2
02-01 10:53:48.289  1784  1824 D HeatmapThread: !@ batteryLevel : 67  batteryTemperature : 319 
02-01 10:53:48.289  1784  1824 D HeatmapThread: !@ Heatmap currtime: 29498873
02-01 10:53:48.290  1784  1824 D HeatmapThread: !@ Heatmap prevtime: 29498854
02-01 10:53:48.290  1784  1824 D HeatmapThread: !@ Heatmap plugstarttime: 29498866
02-01 10:53:48.290  1784  1824 D HeatmapThread: !@ Heatmap prevv_dsoh_update_time: 29498734
02-01 10:53:48.290  1784  1824 E HeatmapThread: !@ CAM New BSOH: 100
02-01 10:53:48.292  2639  2998 I GestureDetector: handleMessage TAP
02-01 10:53:48.292  2639  2639 I GestureDetector: handleMessage TAP
02-01 10:53:48.388  1795  2147 I CompositionEngine: [setDisplaySize] size=(434, 42)
02-01 10:53:48.488  1795  2147 I CompositionEngine: [setDisplaySize] size=(434, 42)
02-01 10:53:48.594  2639  3816 E SemWifiLinkQualityMonitor: Too old or invalid TMI: currentTime=1769932428594 lastDateWindow=1769926059000
02-01 10:53:48.594  1795  2147 I CompositionEngine: [setDisplaySize] size=(434, 42)
02-01 10:53:48.594  2639  3816 I SemWifiLinkQualityMonitor: Link stat: 537 / 89 / 1.22 (11) / 720 / -63.0 || 100.0 : 720.00 / 0.5 : 0.82 / 0.55 : 0.17 / G (G) || 98d02d565500: 0.097 / 82.123 / N || N N / 3 0 / N 2.0 / Y X 0 / 7908916 0 || 2026-02-01 09:07:39  / 0: 0 0 0 0 0 0 / 0: 0 0 0 0 0 0 / 0: 0 0 0 0 0 0
02-01 10:53:48.594  2639  6374 D SemWifiUsabilityStatsMonitor: onWifiUsabilityStats - seqNum 1143, isSameBssidAndFreq true
02-01 10:53:48.595  2639  3817 D SemInsManager: {"bssid": "98d02d565500","rssi": -63.0,"latency": 0.09741468253968254,"outage_count": 3,"lq_callback_triggered": true,"outage_log": "Link stat: 537 / 89 / 1.22 (11) / 720 / -63.0 || 100.0 : 720.00 / 0.5 : 0.82 / 0.55 : 0.17 / G (G) || 98d02d565500: 0.097 / 82.123 / N || N N / 3 0 / N 2.0 / Y X 0 / 7908916 0 || 2026-02-01 09:07:39  / 0: 0 0 0 0 0 0 / 0: 0 0 0 0 0 0 / 0: 0 0 0 0 0 0""Magnetic Sensor Events size": "0""Pressure Sensor Events size": "0"}
02-01 10:53:48.625  1166  1166 D io_stats: !@   8,0 r 1193568 26695276 w 498446 10272264 d 56880 8959824 f 18308 47953 iot 276056 0 th 0 0 0 pt 0 inp 0 0 7908.948
02-01 10:53:48.695  1795  2147 I CompositionEngine: [setDisplaySize] size=(434, 42)
02-01 10:53:48.795  1795  2147 I CompositionEngine: [setDisplaySize] size=(434, 42)
02-01 10:53:48.880  2639  3571 D InputReader: Btn_touch(5): value=1 when=7909.202920
02-01 10:53:48.880  2639  3571 I InputReader: Touch event's action is 0x0 (id=6, t=0) [pCnt=1, s=0.2155 ] when=7909.202920
02-01 10:53:48.881  2639  3570 I InputDispatcher: Delivering touch to (3969): action: 0x4, f=0x0, d=0, '606f506', t=1 
02-01 10:53:48.881  2639  3570 I InputDispatcher: Delivering touch to (25313): action: 0x0, f=0x0, d=0, 'fe32360', t=1 
02-01 10:53:48.882  4589  4589 I HoneySpace.GestureInputHandler: inputConsumers = [com.honeyspace.gesture.inputconsumer.InputConsumer$Companion$NO_OP$1@e9f927c]
02-01 10:53:48.882 25313 25313 I VRI[MainActivity]@2799f58: ViewPostIme pointer 0
02-01 10:53:48.882  2639  2998 I GestureDetector: obtain mCurrentDownEvent. id: 230012719 caller: com.android.server.wm.SystemGesturesPointerEventListener.onPointerEvent:17 com.android.server.wm.PointerEventDispatcher.onInputEvent:51 android.view.InputEventReceiver.dispatchInputEvent:392 
02-01 10:53:48.882  4589  4589 I HoneySpace.InputSession: inputConsumers = NO_OP
02-01 10:53:48.883  4589  4589 I HoneySpace.InputSession: open
02-01 10:53:48.883  2639  2998 I GestureDetector: obtain mCurrentDownEvent. id: 230012719 caller: com.android.server.wm.SystemPerformancePointerEventListener.onPointerEvent:13 com.android.server.wm.PointerEventDispatcher.onInputEvent:51 android.view.InputEventReceiver.dispatchInputEvent:392 
02-01 10:53:48.884  6802  6802 I SemDvfsHyPerManager: acquire hyper - TATouchBoost/6802@30, type = -999
02-01 10:53:48.884  6802  6802 I SemDvfsHyPerManager: acquire hyper - TA_TOUCH_SHARE/6802@31, type = -999
02-01 10:53:48.885  1681  1818 I HYPER-HAL: [RequestManager.cpp]acquire(): Acquired ID : 23341558  [6802 / 30]    HINT :      list : [TABoost / 1] [TIMEOUT / 1500] 
02-01 10:53:48.885  1681  1818 I HYPER-HAL: [RequestManager.cpp]acquire(): Acquired ID : 23348392  [6802 / 31]    HINT : TA_TOUCH_SHARE    list : [TIMEOUT / 1500] 
02-01 10:53:48.888  2639  2998 I GestureDetector: obtain mCurrentMotionEventRaw. action: 2 id: 313272192
02-01 10:53:48.888  2639  2998 I GestureDetector: obtain mCurrentMotionEventRaw. action: 2 id: 313272192
02-01 10:53:48.914  2639  2639 I SemDvfsHyPerManager: acquire hyper - WM_SCROLL_DETECTED/2639@2, type = -999
02-01 10:53:48.914  1681  1818 I HYPER-HAL: [RequestManager.cpp]acquire(): Acquired ID : 3488763  [2639 / 2]    HINT :      list : [CoreNumBigMin / 3] 
02-01 10:53:48.935  1795  2147 I CompositionEngine: [setDisplaySize] size=(434, 42)
02-01 10:53:48.989  6802  6802 I SemDvfsHyPerManager: acquire hyper - TATouchBoost/6802@30, type = -999
02-01 10:53:48.989  6802  6802 I SemDvfsHyPerManager: acquire hyper - TA_TOUCH_SHARE/6802@31, type = -999
02-01 10:53:48.989  1681  1818 I HYPER-HAL: [RequestManager.cpp]acquire(): Acquired ID : 23341558  [6802 / 30]    HINT :      list : [TABoost / 1] [TIMEOUT / 1500] 
02-01 10:53:48.989  1681  1818 I HYPER-HAL: [RequestManager.cpp]acquire(): Acquired ID : 23348392  [6802 / 31]    HINT : TA_TOUCH_SHARE    list : [TIMEOUT / 1500] 
02-01 10:53:49.036  1795  2147 I CompositionEngine: [setDisplaySize] size=(434, 42)
02-01 10:53:49.096  2639  3570 D PowerManagerService: [api] userActivityFromNative : touch displayId=0 eventTime=7909418
02-01 10:53:49.097  6802  6802 I SemDvfsHyPerManager: acquire hyper - TATouchBoost/6802@30, type = -999
02-01 10:53:49.097  6802  6802 I SemDvfsHyPerManager: acquire hyper - TA_TOUCH_SHARE/6802@31, type = -999
02-01 10:53:49.098  1681  1818 I HYPER-HAL: [RequestManager.cpp]acquire(): Acquired ID : 23341558  [6802 / 30]    HINT :      list : [TABoost / 1] [TIMEOUT / 1500] 
02-01 10:53:49.098  1681  1818 I HYPER-HAL: [RequestManager.cpp]acquire(): Acquired ID : 23348392  [6802 / 31]    HINT : TA_TOUCH_SHARE    list : [TIMEOUT / 1500] 
02-01 10:53:49.136  2639  3571 D InputReader: Btn_touch(5): value=0 when=7909.459754
02-01 10:53:49.136  1795  2147 I CompositionEngine: [setDisplaySize] size=(434, 42)
02-01 10:53:49.137  2639  3571 I InputReader: Touch event's action is 0x1 (id=6, t=0) [pCnt=1, s=] when=7909.459754
02-01 10:53:49.137  2639  3570 I InputDispatcher: Delivering touch to (25313): action: 0x1, f=0x0, d=0, 'fe32360', t=1 
02-01 10:53:49.137 25313 25313 I VRI[MainActivity]@2799f58: ViewPostIme pointer 1
02-01 10:53:49.138  4589  4589 I HoneySpace.GestureInputHandler: reset
02-01 10:53:49.138  4589  4589 I HoneySpace.InputSession: close
02-01 10:53:49.140  1681  1818 I HYPER-HAL: [RequestManager.cpp]releaseLocked(): Released ID : 3488763
02-01 10:53:49.237  1795  2147 I CompositionEngine: [setDisplaySize] size=(434, 42)
02-01 10:53:49.286  1784  1824 E HeatmapThread: ECT Thread time in milliseconds: 1769932429
02-01 10:53:49.287  2639  3571 D InputReader: Btn_touch(5): value=1 when=7909.609833
02-01 10:53:49.287  2639  3571 I InputReader: Touch event's action is 0x0 (id=6, t=0) [pCnt=1, s=0.2156 ] when=7909.609833
02-01 10:53:49.289  2639  3570 I InputDispatcher: Delivering touch to (3969): action: 0x4, f=0x0, d=0, '606f506', t=1 
02-01 10:53:49.289  2639  3570 I InputDispatcher: Delivering touch to (25313): action: 0x0, f=0x0, d=0, 'fe32360', t=1 
02-01 10:53:49.289  4589  4589 I HoneySpace.GestureInputHandler: inputConsumers = [com.honeyspace.gesture.inputconsumer.InputConsumer$Companion$NO_OP$1@e9f927c]
02-01 10:53:49.290 25313 25313 I VRI[MainActivity]@2799f58: ViewPostIme pointer 0
02-01 10:53:49.290  2639  2998 I GestureDetector: obtain mCurrentDownEvent. id: 822933062 caller: com.android.server.wm.SystemGesturesPointerEventListener.onPointerEvent:17 com.android.server.wm.PointerEventDispatcher.onInputEvent:51 android.view.InputEventReceiver.dispatchInputEvent:392 
02-01 10:53:49.290  4589  4589 I HoneySpace.InputSession: inputConsumers = NO_OP
02-01 10:53:49.290  4589  4589 I HoneySpace.InputSession: open
02-01 10:53:49.291  2639  2998 I GestureDetector: obtain mCurrentDownEvent. id: 822933062 caller: com.android.server.wm.SystemPerformancePointerEventListener.onPointerEvent:13 com.android.server.wm.PointerEventDispatcher.onInputEvent:51 android.view.InputEventReceiver.dispatchInputEvent:392 
02-01 10:53:49.291  1784  1824 D HeatmapThread: !@ batteryplugType : 2
02-01 10:53:49.291  1784  1824 D HeatmapThread: !@ batteryLevel : 67  batteryTemperature : 319 
02-01 10:53:49.291  1784  1824 D HeatmapThread: !@ Heatmap currtime: 29498873
02-01 10:53:49.291  1784  1824 D HeatmapThread: !@ Heatmap prevtime: 29498854
02-01 10:53:49.291  1784  1824 D HeatmapThread: !@ Heatmap plugstarttime: 29498866
02-01 10:53:49.291  1784  1824 D HeatmapThread: !@ Heatmap prevv_dsoh_update_time: 29498734
02-01 10:53:49.291  1784  1824 E HeatmapThread: !@ CAM New BSOH: 100
02-01 10:53:49.292  6802  6802 I SemDvfsHyPerManager: acquire hyper - TATouchBoost/6802@30, type = -999
02-01 10:53:49.292  6802  6802 I SemDvfsHyPerManager: acquire hyper - TA_TOUCH_SHARE/6802@31, type = -999
02-01 10:53:49.292  1681  1818 I HYPER-HAL: [RequestManager.cpp]acquire(): Acquired ID : 23341558  [6802 / 30]    HINT :      list : [TABoost / 1] [TIMEOUT / 1500] 
02-01 10:53:49.293  1681  1818 I HYPER-HAL: [RequestManager.cpp]acquire(): Acquired ID : 23348392  [6802 / 31]    HINT : TA_TOUCH_SHARE    list : [TIMEOUT / 1500] 
02-01 10:53:49.296  2639  2998 I GestureDetector: obtain mCurrentMotionEventRaw. action: 2 id: 140567842
02-01 10:53:49.296  2639  2998 I GestureDetector: obtain mCurrentMotionEventRaw. action: 2 id: 140567842
02-01 10:53:49.313  2639  2639 I SemDvfsHyPerManager: acquire hyper - WM_SCROLL_DETECTED/2639@2, type = -999
02-01 10:53:49.314  1681  1818 I HYPER-HAL: [RequestManager.cpp]acquire(): Acquired ID : 3488763  [2639 / 2]    HINT :      list : [CoreNumBigMin / 3] 
02-01 10:53:49.337  1795  2147 I CompositionEngine: [setDisplaySize] size=(434, 42)
02-01 10:53:49.369  2639  3571 D InputReader: Btn_touch(5): value=0 when=7909.693087
02-01 10:53:49.370  2639  3571 I InputReader: Touch event's action is 0x1 (id=6, t=0) [pCnt=1, s=] when=7909.693087
02-01 10:53:49.370  2639  3570 I InputDispatcher: Delivering touch to (25313): action: 0x1, f=0x0, d=0, 'fe32360', t=1 
02-01 10:53:49.370 25313 25313 I VRI[MainActivity]@2799f58: ViewPostIme pointer 1
02-01 10:53:49.371  4589  4589 I HoneySpace.GestureInputHandler: reset
02-01 10:53:49.371  4589  4589 I HoneySpace.InputSession: close
02-01 10:53:49.373  2639  2639 I SemDvfsHyPerManager: acquire hyper - SMOOTH_SCROLL/2639@23, type = -999
02-01 10:53:49.373  2639  2639 I SemDvfsHyPerManager: acquire hyper - GESTURE_DETECTED_HRR/2639@28, type = -999
02-01 10:53:49.373  1681  1818 I HYPER-HAL: [RequestManager.cpp]acquire(): Acquired ID : 3557806  [2639 / 28]    HINT : GESTURE_DETECTED_HRR    list : [TIMEOUT / 2194] 
02-01 10:53:49.373  2639  2639 I SemDvfsHyPerManager: acquire hyper - GESTURE_DETECTED_HRR/2639@28, type = -999
02-01 10:53:49.377  1681  1818 I HYPER-HAL: [RequestManager.cpp]releaseLocked(): Released ID : 3488763
02-01 10:53:49.377  1681  1818 I HYPER-HAL: [RequestManager.cpp]acquire(): Acquired ID : 3557806  [2639 / 28]    HINT : GESTURE_DETECTED_HRR    list : [TIMEOUT / 2437] 
02-01 10:53:49.403  2178  2178 I CNSS    : /sys/wifi/max_chipset_log_size doesn't exist
02-01 10:53:49.438  1795  2147 I CompositionEngine: [setDisplaySize] size=(434, 42)
02-01 10:53:49.545  1795  2147 I CompositionEngine: [setDisplaySize] size=(434, 42)
02-01 10:53:49.619  2639  3571 D InputReader: Btn_touch(5): value=1 when=7909.942513
02-01 10:53:49.619  2639  3571 I InputReader: Touch event's action is 0x0 (id=6, t=0) [pCnt=1, s=0.2157 ] when=7909.942513
02-01 10:53:49.620  2639  3570 I InputDispatcher: Delivering touch to (3969): action: 0x4, f=0x0, d=0, '606f506', t=1 
02-01 10:53:49.621  2639  3570 I InputDispatcher: Delivering touch to (25313): action: 0x0, f=0x0, d=0, 'fe32360', t=1 
02-01 10:53:49.621 25313 25313 I VRI[MainActivity]@2799f58: ViewPostIme pointer 0
02-01 10:53:49.621  4589  4589 I HoneySpace.GestureInputHandler: inputConsumers = [com.honeyspace.gesture.inputconsumer.InputConsumer$Companion$NO_OP$1@e9f927c]
02-01 10:53:49.621  2639  2998 I GestureDetector: obtain mCurrentDownEvent. id: 404456338 caller: com.android.server.wm.SystemGesturesPointerEventListener.onPointerEvent:17 com.android.server.wm.PointerEventDispatcher.onInputEvent:51 android.view.InputEventReceiver.dispatchInputEvent:392 
02-01 10:53:49.622  4589  4589 I HoneySpace.InputSession: inputConsumers = NO_OP
02-01 10:53:49.622  4589  4589 I HoneySpace.InputSession: open
02-01 10:53:49.622  2639  2998 I GestureDetector: obtain mCurrentDownEvent. id: 404456338 caller: com.android.server.wm.SystemPerformancePointerEventListener.onPointerEvent:13 com.android.server.wm.PointerEventDispatcher.onInputEvent:51 android.view.InputEventReceiver.dispatchInputEvent:392 
02-01 10:53:49.623  6802  6802 I SemDvfsHyPerManager: acquire hyper - TATouchBoost/6802@30, type = -999
02-01 10:53:49.623  6802  6802 I SemDvfsHyPerManager: acquire hyper - TA_TOUCH_SHARE/6802@31, type = -999
02-01 10:53:49.624  1681  1818 I HYPER-HAL: [RequestManager.cpp]acquire(): Acquired ID : 23341558  [6802 / 30]    HINT :      list : [TABoost / 1] [TIMEOUT / 1500] 
02-01 10:53:49.624  1681  1818 I HYPER-HAL: [RequestManager.cpp]acquire(): Acquired ID : 23348392  [6802 / 31]    HINT : TA_TOUCH_SHARE    list : [TIMEOUT / 1500] 
02-01 10:53:49.628  2639  2998 I GestureDetector: obtain mCurrentMotionEventRaw. action: 2 id: 317196569
02-01 10:53:49.629  2639  2998 I GestureDetector: obtain mCurrentMotionEventRaw. action: 2 id: 317196569
02-01 10:53:49.645  1795  2147 I CompositionEngine: [setDisplaySize] size=(434, 42)
02-01 10:53:49.662  1674 26724 I sensors-hal: handle_sns_std_sensor_event:409, [SSC_LIGHT] P: 296(296),c:190,b:150,m:13,cl:86,l:297,s:288,l0:55392,l1:160,s0:41500,s1:0,acl:1,opr:0.91,f(r):94,u(bl):100,if:0,wi:0,si:0,po:0(N:0)
02-01 10:53:49.702  2639  3571 D InputReader: Btn_touch(5): value=0 when=7910.025857
02-01 10:53:49.703  2639  3571 I InputReader: Touch event's action is 0x1 (id=6, t=0) [pCnt=1, s=] when=7910.025857
02-01 10:53:49.703  2639  3570 I InputDispatcher: Delivering touch to (25313): action: 0x1, f=0x0, d=0, 'fe32360', t=1 
02-01 10:53:49.703 25313 25313 I VRI[MainActivity]@2799f58: ViewPostIme pointer 1
02-01 10:53:49.704  4589  4589 I HoneySpace.GestureInputHandler: reset
02-01 10:53:49.704  4589  4589 I HoneySpace.InputSession: close
02-01 10:53:49.745  1795  2147 I CompositionEngine: [setDisplaySize] size=(434, 42)
02-01 10:53:49.851  1795  2147 I CompositionEngine: [setDisplaySize] size=(434, 42)
02-01 10:53:49.921  2639  2998 I GestureDetector: handleMessage TAP
02-01 10:53:49.922  2639  2639 I GestureDetector: handleMessage TAP
02-01 10:53:49.951  1795  2147 I CompositionEngine: [setDisplaySize] size=(434, 42)
02-01 10:53:50.052  1795  2147 I CompositionEngine: [setDisplaySize] size=(434, 42)
02-01 10:53:50.152  1795  2147 I CompositionEngine: [setDisplaySize] size=(434, 42)
02-01 10:53:50.244  2639  3571 D InputReader: Btn_touch(5): value=1 when=7910.567613
02-01 10:53:50.245  2639  3571 I InputReader: Touch event's action is 0x0 (id=6, t=0) [pCnt=1, s=0.2158 ] when=7910.567613
02-01 10:53:50.247  2639  3570 I InputDispatcher: Delivering touch to (3969): action: 0x4, f=0x0, d=0, '606f506', t=1 
02-01 10:53:50.247  2639  3570 I InputDispatcher: Delivering touch to (25313): action: 0x0, f=0x0, d=0, 'fe32360', t=1 
02-01 10:53:50.247 25313 25313 I VRI[MainActivity]@2799f58: ViewPostIme pointer 0
02-01 10:53:50.248  4589  4589 I HoneySpace.GestureInputHandler: inputConsumers = [com.honeyspace.gesture.inputconsumer.InputConsumer$Companion$NO_OP$1@e9f927c]
02-01 10:53:50.248  2639  3570 D PowerManagerService: [api] userActivityFromNative : touch displayId=0 eventTime=7910567
02-01 10:53:50.248  4589  4589 I HoneySpace.InputSession: inputConsumers = NO_OP
02-01 10:53:50.248  2639  2998 I GestureDetector: obtain mCurrentDownEvent. id: 423696389 caller: com.android.server.wm.SystemGesturesPointerEventListener.onPointerEvent:17 com.android.server.wm.PointerEventDispatcher.onInputEvent:51 android.view.InputEventReceiver.dispatchInputEvent:392 
02-01 10:53:50.248  4589  4589 I HoneySpace.InputSession: open
02-01 10:53:50.249  2639  2998 I GestureDetector: obtain mCurrentDownEvent. id: 423696389 caller: com.android.server.wm.SystemPerformancePointerEventListener.onPointerEvent:13 com.android.server.wm.PointerEventDispatcher.onInputEvent:51 android.view.InputEventReceiver.dispatchInputEvent:392 
02-01 10:53:50.251  6802  6802 I SemDvfsHyPerManager: acquire hyper - TATouchBoost/6802@30, type = -999
02-01 10:53:50.251  6802  6802 I SemDvfsHyPerManager: acquire hyper - TA_TOUCH_SHARE/6802@31, type = -999
02-01 10:53:50.252  1681  1818 I HYPER-HAL: [RequestManager.cpp]acquire(): Acquired ID : 23341558  [6802 / 30]    HINT :      list : [TABoost / 1] [TIMEOUT / 1500] 
02-01 10:53:50.253  1681  1818 I HYPER-HAL: [RequestManager.cpp]acquire(): Acquired ID : 23348392  [6802 / 31]    HINT : TA_TOUCH_SHARE    list : [TIMEOUT / 1500] 
02-01 10:53:50.253  1795  2147 I CompositionEngine: [setDisplaySize] size=(434, 42)
02-01 10:53:50.253  2639  2998 I GestureDetector: obtain mCurrentMotionEventRaw. action: 2 id: 203560846
02-01 10:53:50.253  2639  2998 I GestureDetector: obtain mCurrentMotionEventRaw. action: 2 id: 203560846
02-01 10:53:50.270  2639  2639 I SemDvfsHyPerManager: acquire hyper - WM_SCROLL_DETECTED/2639@2, type = -999
02-01 10:53:50.270  1681  1818 I HYPER-HAL: [RequestManager.cpp]acquire(): Acquired ID : 3488763  [2639 / 2]    HINT :      list : [CoreNumBigMin / 3] 
02-01 10:53:50.285  1784  1824 E HeatmapThread: ECT Thread time in milliseconds: 1769932430
02-01 10:53:50.288  1784  1824 D HeatmapThread: !@ batteryplugType : 2
02-01 10:53:50.289  1784  1824 D HeatmapThread: !@ batteryLevel : 67  batteryTemperature : 319 
02-01 10:53:50.289  1784  1824 D HeatmapThread: !@ Heatmap currtime: 29498873
02-01 10:53:50.290  1784  1824 D HeatmapThread: !@ Heatmap prevtime: 29498854
02-01 10:53:50.290  1784  1824 D HeatmapThread: !@ Heatmap plugstarttime: 29498866
02-01 10:53:50.290  1784  1824 D HeatmapThread: !@ Heatmap prevv_dsoh_update_time: 29498734
02-01 10:53:50.290  1784  1824 E HeatmapThread: !@ CAM New BSOH: 100
02-01 10:53:50.326  2639  3571 D InputReader: Btn_touch(5): value=0 when=7910.649763
02-01 10:53:50.326  2639  3571 I InputReader: Touch event's action is 0x1 (id=6, t=0) [pCnt=1, s=] when=7910.649763
02-01 10:53:50.327  2639  3570 I InputDispatcher: Delivering touch to (25313): action: 0x1, f=0x0, d=0, 'fe32360', t=1 
02-01 10:53:50.327 25313 25313 I VRI[MainActivity]@2799f58: ViewPostIme pointer 1
02-01 10:53:50.328  4589  4589 I HoneySpace.GestureInputHandler: reset
02-01 10:53:50.328  4589  4589 I HoneySpace.InputSession: close
02-01 10:53:50.329  2639  2639 I SemDvfsHyPerManager: acquire hyper - GESTURE_DETECTED_HRR/2639@28, type = -999
02-01 10:53:50.330  2639  2639 I SemDvfsHyPerManager: acquire hyper - SMOOTH_SCROLL/2639@23, type = -999
02-01 10:53:50.330  2639  2639 I SemDvfsHyPerManager: acquire hyper - GESTURE_DETECTED_HRR/2639@28, type = -999
02-01 10:53:50.331  1681  1818 I HYPER-HAL: [RequestManager.cpp]releaseLocked(): Released ID : 3488763
02-01 10:53:50.331  1681  1818 I HYPER-HAL: [RequestManager.cpp]acquire(): Acquired ID : 3557806  [2639 / 28]    HINT : GESTURE_DETECTED_HRR    list : [TIMEOUT / 2120] 
02-01 10:53:50.331  1681  1818 I HYPER-HAL: [RequestManager.cpp]acquire(): Acquired ID : 3557806  [2639 / 28]    HINT : GESTURE_DETECTED_HRR    list : [TIMEOUT / 2314] 
02-01 10:53:50.353  1795  2147 I CompositionEngine: [setDisplaySize] size=(434, 42)
02-01 10:53:50.626  1166  1166 D io_stats: !@ Read_top(KB): gle.android.gms(5317) 12
02-01 10:53:50.627  1166  1166 D io_stats: !@ Write_top(KB): kworker/u16:1(24683) 1236 appmanager:auth(30148) 16
02-01 10:53:50.881  4426  4426 I wpa_supplicant: Heartbeat 827
02-01 10:53:51.286  1784  1824 E HeatmapThread: ECT Thread time in milliseconds: 1769932431
02-01 10:53:51.290  1784  1824 D HeatmapThread: !@ batteryplugType : 2
02-01 10:53:51.290  1784  1824 D HeatmapThread: !@ batteryLevel : 67  batteryTemperature : 319 
02-01 10:53:51.290  1784  1824 D HeatmapThread: !@ Heatmap currtime: 29498873
02-01 10:53:51.290  1784  1824 D HeatmapThread: !@ Heatmap prevtime: 29498854
02-01 10:53:51.290  1784  1824 D HeatmapThread: !@ Heatmap plugstarttime: 29498866
02-01 10:53:51.290  1784  1824 D HeatmapThread: !@ Heatmap prevv_dsoh_update_time: 29498734
02-01 10:53:51.290  1784  1824 E HeatmapThread: !@ CAM New BSOH: 100
02-01 10:53:51.443  2639  3571 D InputReader: Btn_touch(5): value=1 when=7911.766041
02-01 10:53:51.443  2639  3571 I InputReader: Touch event's action is 0x0 (id=6, t=0) [pCnt=1, s=0.2159 ] when=7911.766041
02-01 10:53:51.445  2639  3570 I InputDispatcher: Delivering touch to (3969): action: 0x4, f=0x0, d=0, '606f506', t=1 
02-01 10:53:51.445  2639  3570 I InputDispatcher: Delivering touch to (25313): action: 0x0, f=0x0, d=0, 'fe32360', t=1 
02-01 10:53:51.446  2639  3570 D PowerManagerService: [api] userActivityFromNative : touch displayId=0 eventTime=7911766
02-01 10:53:51.446  4589  4589 I HoneySpace.GestureInputHandler: inputConsumers = [com.honeyspace.gesture.inputconsumer.InputConsumer$Companion$NO_OP$1@e9f927c]
02-01 10:53:51.446 25313 25313 I VRI[MainActivity]@2799f58: ViewPostIme pointer 0
02-01 10:53:51.446  4589  4589 I HoneySpace.InputSession: inputConsumers = NO_OP
02-01 10:53:51.446  2639  2998 I GestureDetector: obtain mCurrentDownEvent. id: 52972220 caller: com.android.server.wm.SystemGesturesPointerEventListener.onPointerEvent:17 com.android.server.wm.PointerEventDispatcher.onInputEvent:51 android.view.InputEventReceiver.dispatchInputEvent:392 
02-01 10:53:51.446  4589  4589 I HoneySpace.InputSession: open
02-01 10:53:51.448  6802  6802 I SemDvfsHyPerManager: acquire hyper - TATouchBoost/6802@30, type = -999
02-01 10:53:51.448  6802  6802 I SemDvfsHyPerManager: acquire hyper - TA_TOUCH_SHARE/6802@31, type = -999
02-01 10:53:51.448  2639  2998 I GestureDetector: obtain mCurrentDownEvent. id: 52972220 caller: com.android.server.wm.SystemPerformancePointerEventListener.onPointerEvent:13 com.android.server.wm.PointerEventDispatcher.onInputEvent:51 android.view.InputEventReceiver.dispatchInputEvent:392 
02-01 10:53:51.449  1681  1818 I HYPER-HAL: [RequestManager.cpp]acquire(): Acquired ID : 23341558  [6802 / 30]    HINT :      list : [TABoost / 1] [TIMEOUT / 1500] 
02-01 10:53:51.449  1681  1818 I HYPER-HAL: [RequestManager.cpp]acquire(): Acquired ID : 23348392  [6802 / 31]    HINT : TA_TOUCH_SHARE    list : [TIMEOUT / 1500] 
02-01 10:53:51.451  2639  2998 I GestureDetector: obtain mCurrentMotionEventRaw. action: 2 id: 620002981
02-01 10:53:51.451  2639  2998 I GestureDetector: obtain mCurrentMotionEventRaw. action: 2 id: 620002981
02-01 10:53:51.455  1795  2229 I VSyncReactor: Current= 120, Period= 120, Distance= 0
02-01 10:53:51.463  1795  2229 I VSyncReactor: Current= 120, Period= 120, Distance= 120
02-01 10:53:51.466  1795  2147 I CompositionEngine: [setDisplaySize] size=(434, 42)
02-01 10:53:51.509  2639  3571 D InputReader: Btn_touch(5): value=0 when=7911.832203
02-01 10:53:51.509  2639  3571 I InputReader: Touch event's action is 0x1 (id=6, t=0) [pCnt=1, s=] when=7911.832203
02-01 10:53:51.509  2639  3570 I InputDispatcher: Delivering touch to (25313): action: 0x1, f=0x0, d=0, 'fe32360', t=1 
02-01 10:53:51.509 25313 25313 I VRI[MainActivity]@2799f58: ViewPostIme pointer 1
02-01 10:53:51.510  4589  4589 I HoneySpace.GestureInputHandler: reset
02-01 10:53:51.510  4589  4589 I HoneySpace.InputSession: close
02-01 10:53:51.559  2639  4832 D CoreBackPreview: Window{fe32360 u0 com.example.voxmatrix/com.example.voxmatrix.MainActivity}: Setting back callback OnBackInvokedCallbackInfo{mCallback=android.window.IOnBackInvokedCallback$Stub$Proxy@2237b9b, mPriority=0, mIsAnimationCallback=true, mOverrideBehavior=0}
02-01 10:53:51.567  1795  2147 I CompositionEngine: [setDisplaySize] size=(434, 42)
02-01 10:53:51.605  2639  6374 D SemWifiUsabilityStatsMonitor: onWifiUsabilityStats - seqNum 1144, isSameBssidAndFreq true
02-01 10:53:51.606  2639  3816 E SemWifiLinkQualityMonitor: Too old or invalid TMI: currentTime=1769932431606 lastDateWindow=1769926059000
02-01 10:53:51.606  2639  3817 D SemInsManager: {"bssid": "98d02d565500","rssi": -61.0,"latency": 0.0,"outage_count": 3,"lq_callback_triggered": true,"outage_log": "Unreliable statistics: -61.0 / 4 / 196 / 34 / 1 || 98d02d565500: 0.000 / 0.000 / @ || N N / 3 0 / N 2.0 / Y X 0 / 7911929 0 || 2026-02-01 09:07:39  / 0: 0 0 0 0 0 0 / 0: 0 0 0 0 0 0 / 0: 0 0 0 0 0 0""Magnetic Sensor Events size": "0""Pressure Sensor Events size": "0"}
02-01 10:53:51.667  1795  2147 I CompositionEngine: [setDisplaySize] size=(434, 42)
02-01 10:53:51.746  2639  2639 I GestureDetector: handleMessage TAP
02-01 10:53:51.746  2639  2998 I GestureDetector: handleMessage TAP
02-01 10:53:51.768  1795  2147 I CompositionEngine: [setDisplaySize] size=(434, 42)
02-01 10:53:51.874  1795  2147 I CompositionEngine: [setDisplaySize] size=(434, 42)
02-01 10:53:51.974  1795  2147 I CompositionEngine: [setDisplaySize] size=(434, 42)
02-01 10:53:52.075  1795  2147 I CompositionEngine: [setDisplaySize] size=(434, 42)
02-01 10:53:52.175  1795  2147 I CompositionEngine: [setDisplaySize] size=(434, 42)
02-01 10:53:52.209  2639  3571 D InputReader: Btn_touch(5): value=1 when=7912.532366
02-01 10:53:52.209  2639  3571 I InputReader: Touch event's action is 0x0 (id=6, t=0) [pCnt=1, s=0.2160 ] when=7912.532366
02-01 10:53:52.211  2639  3570 I InputDispatcher: Delivering touch to (3969): action: 0x4, f=0x0, d=0, '606f506', t=1 
02-01 10:53:52.211  2639  3570 I InputDispatcher: Delivering touch to (25313): action: 0x0, f=0x0, d=0, 'fe32360', t=1 
02-01 10:53:52.213 25313 25313 I VRI[MainActivity]@2799f58: ViewPostIme pointer 0
02-01 10:53:52.213  4589  4589 I HoneySpace.GestureInputHandler: inputConsumers = [com.honeyspace.gesture.inputconsumer.InputConsumer$Companion$NO_OP$1@e9f927c]
02-01 10:53:52.213  4589  4589 I HoneySpace.InputSession: inputConsumers = NO_OP
02-01 10:53:52.213  2639  2998 I GestureDetector: obtain mCurrentDownEvent. id: 698504219 caller: com.android.server.wm.SystemGesturesPointerEventListener.onPointerEvent:17 com.android.server.wm.PointerEventDispatcher.onInputEvent:51 android.view.InputEventReceiver.dispatchInputEvent:392 
02-01 10:53:52.214  4589  4589 I HoneySpace.InputSession: open
02-01 10:53:52.214  2639  2998 I GestureDetector: obtain mCurrentDownEvent. id: 698504219 caller: com.android.server.wm.SystemPerformancePointerEventListener.onPointerEvent:13 com.android.server.wm.PointerEventDispatcher.onInputEvent:51 android.view.InputEventReceiver.dispatchInputEvent:392 
02-01 10:53:52.215  6802  6802 I SemDvfsHyPerManager: acquire hyper - TATouchBoost/6802@30, type = -999
02-01 10:53:52.216  3969  3969 D NavBarStateManager: NavBarStates(0) isBlockingGestureOnGame: false
02-01 10:53:52.216  6802  6802 I SemDvfsHyPerManager: acquire hyper - TA_TOUCH_SHARE/6802@31, type = -999
02-01 10:53:52.216  1681  1818 I HYPER-HAL: [RequestManager.cpp]acquire(): Acquired ID : 23341558  [6802 / 30]    HINT :      list : [TABoost / 1] [TIMEOUT / 1500] 
02-01 10:53:52.216  1681  1818 I HYPER-HAL: [RequestManager.cpp]acquire(): Acquired ID : 23348392  [6802 / 31]    HINT : TA_TOUCH_SHARE    list : [TIMEOUT / 1500] 
02-01 10:53:52.217  2639  2998 I GestureDetector: obtain mCurrentMotionEventRaw. action: 2 id: 601752773
02-01 10:53:52.217  2639  2998 I GestureDetector: obtain mCurrentMotionEventRaw. action: 2 id: 601752773
